
> frontend@0.0.0 test
> vitest src/test/integration/StatisticsFlow.test.tsx


[1m[44m DEV [49m[22m [34mv4.0.14 [39m[90m/Users/davidmonreal/Projects/handbol2026/frontend[39m

[90mstdout[2m | src/test/integration/StatisticsFlow.test.tsx[2m > [22m[2mStatistics Flow Integration[2m > [22m[2mrenders matches list and opens statistics modal
[22m[39mFetching matches...
Mock fetch called with: http://localhost:3000/api/matches
Mock fetch called with: http://localhost:3000/api/teams

[90mstdout[2m | src/test/integration/StatisticsFlow.test.tsx[2m > [22m[2mStatistics Flow Integration[2m > [22m[2mrenders matches list and opens statistics modal
[22m[39m[36m<body>[39m
  [36m<div>[39m
    [36m<div[39m
      [33mclass[39m=[32m"p-6 max-w-6xl mx-auto"[39m
    [36m>[39m
      [36m<div[39m
        [33mclass[39m=[32m"flex justify-between items-center mb-6"[39m
      [36m>[39m
        [36m<h1[39m
          [33mclass[39m=[32m"text-3xl font-bold text-gray-800"[39m
        [36m>[39m
          [0mMatches Management[0m
        [36m</h1>[39m
        [36m<button[39m
          [33mclass[39m=[32m"flex items-center gap-2 bg-indigo-600 text-white px-4 py-2 rounded-lg hover:bg-indigo-700 transition-colors"[39m
        [36m>[39m
          [36m<svg[39m
            [33maria-hidden[39m=[32m"true"[39m
            [33mclass[39m=[32m"lucide lucide-plus"[39m
            [33mfill[39m=[32m"none"[39m
            [33mheight[39m=[32m"20"[39m
            [33mstroke[39m=[32m"currentColor"[39m
            [33mstroke-linecap[39m=[32m"round"[39m
            [33mstroke-linejoin[39m=[32m"round"[39m
            [33mstroke-width[39m=[32m"2"[39m
            [33mviewBox[39m=[32m"0 0 24 24"[39m
            [33mwidth[39m=[32m"20"[39m
            [33mxmlns[39m=[32m"http://www.w3.org/2000/svg"[39m
          [36m>[39m
            [36m<path[39m
              [33md[39m=[32m"M5 12h14"[39m
            [36m/>[39m
            [36m<path[39m
              [33md[39m=[32m"M12 5v14"[39m
            [36m/>[39m
          [36m</svg>[39m
          [0mNew Match[0m
        [36m</button>[39m
      [36m</div>[39m
      [36m<div[39m
        [33mclass[39m=[32m"mb-6"[39m
      [36m>[39m
        [36m<div[39m
          [33mclass[39m=[32m"relative"[39m
        [36m>[39m
          [36m<svg[39m
            [33maria-hidden[39m=[32m"true"[39m
            [33mclass[39m=[32m"lucide lucide-search absolute left-3 top-1/2 transform -translate-y-1/2 text-gray-400"[39m
            [33mfill[39m=[32m"none"[39m
            [33mheight[39m=[32m"20"[39m
            [33mstroke[39m=[32m"currentColor"[39m
            [33mstroke-linecap[39m=[32m"round"[39m
            [33mstroke-linejoin[39m=[32m"round"[39m
            [33mstroke-width[39m=[32m"2"[39m
            [33mviewBox[39m=[32m"0 0 24 24"[39m
            [33mwidth[39m=[32m"20"[39m
            [33mxmlns[39m=[32m"http://www.w3.org/2000/svg"[39m
          [36m>[39m
            [36m<path[39m
              [33md[39m=[32m"m21 21-4.34-4.34"[39m
            [36m/>[39m
            [36m<circle[39m
              [33mcx[39m=[32m"11"[39m
              [33mcy[39m=[32m"11"[39m
              [33mr[39m=[32m"8"[39m
            [36m/>[39m
          [36m</svg>[39m
          [36m<input[39m
            [33mclass[39m=[32m"w-full pl-10 pr-4 py-2 border border-gray-300 rounded-lg focus:ring-2 focus:ring-indigo-500 focus:border-transparent"[39m
            [33mplaceholder[39m=[32m"Search matches by team name or date..."[39m
            [33mtype[39m=[32m"text"[39m
            [33mvalue[39m=[32m""[39m
          [36m/>[39m
        [36m</div>[39m
      [36m</div>[39m
      [36m<div[39m
        [33mclass[39m=[32m"bg-white rounded-xl shadow-lg overflow-hidden"[39m
      [36m>[39m
        [36m<table[39m
          [33mclass[39m=[32m"w-full"[39m
        [36m>[39m
          [36m<thead[39m
            [33mclass[39m=[32m"bg-gray-50 border-b border-gray-200"[39m
          [36m>[39m
            [36m<tr>[39m
              [36m<th[39m
                [33mclass[39m=[32m"px-6 py-3 text-left text-xs font-medium text-gray-500 uppercase tracking-wider"[39m
              [36m>[39m
                [0mDate[0m
              [36m</th>[39m
              [36m<th[39m
                [33mclass[39m=[32m"px-6 py-3 text-right text-xs font-medium text-gray-500 uppercase tracking-wider"[39m
              [36m>[39m
                [0mHome Team[0m
              [36m</th>[39m
              [36m<th[39m
                [33mclass[39m=[32m"px-6 py-3 text-center text-xs font-medium text-gray-500 uppercase tracking-wider"[39m
              [36m>[39m
                [0mResult[0m
              [36m</th>[39m
              [36m<th[39m
                [33mclass[39m=[32m"px-6 py-3 text-left text-xs font-medium text-gray-500 uppercase tracking-wider"[39m
              [36m>[39m
                [0mAway Team[0m
              [36m</th>[39m
              [36m<th[39m
                [33mclass[39m=[32m"px-6 py-3 text-left text-xs font-medium text-gray-500 uppercase tracking-wider"[39m
              [36m>[39m
                [0mStatus[0m
              [36m</th>[39m
              [36m<th[39m
                [33mclass[39m=[32m"px-6 py-3 text-right text-xs font-medium text-gray-500 uppercase tracking-wider"[39m
              [36m>[39m
                [0mActions[0m
              [36m</th>[39m
            [36m</tr>[39m
          [36m</thead>[39m
          [36m<tbody[39m
            [33mclass[39m=[32m"divide-y divide-gray-200"[39m
          [36m>[39m
            [36m<tr[39m
              [33mclass[39m=[32m"hover:bg-gray-50"[39m
            [36m>[39m
              [36m<td[39m
                [33mclass[39m=[32m"px-6 py-4 whitespace-nowrap text-sm text-gray-900"[39m
              [36m>[39m
                [36m<div[39m
                  [33mclass[39m=[32m"flex items-center gap-2"[39m
                [36m>[39m
                  [36m<svg[39m
                    [33maria-hidden[39m=[32m"true"[39m
                    [33mclass[39m=[32m"lucide lucide-calendar text-gray-400"[39m
                    [33mfill[39m=[32m"none"[39m
                    [33mheight[39m=[32m"16"[39m
                    [33mstroke[39m=[32m"currentColor"[39m
                    [33mstroke-linecap[39m=[32m"round"[39m
                    [33mstroke-linejoin[39m=[32m"round"[39m
                    [33mstroke-width[39m=[32m"2"[39m
                    [33mviewBox[39m=[32m"0 0 24 24"[39m
                    [33mwidth[39m=[32m"16"[39m
                    [33mxmlns[39m=[32m"http://www.w3.org/2000/svg"[39m
                  [36m>[39m
                    [36m<path[39m
                      [33md[39m=[32m"M8 2v4"[39m
                    [36m/>[39m
                    [36m<path[39m
                      [33md[39m=[32m"M16 2v4"[39m
                    [36m/>[39m
                    [36m<rect[39m
                      [33mheight[39m=[32m"18"[39m
                      [33mrx[39m=[32m"2"[39m
                      [33mwidth[39m=[32m"18"[39m
                      [33mx[39m=[32m"3"[39m
                      [33my[39m=[32m"4"[39m
                    [36m/>[39m
                    [36m<path[39m
                      [33md[39m=[32m"M3 10h18"[39m
                    [36m/>[39m
                  [36m</svg>[39m
                  [0mdv., 15 de nov. 2024, 18:00[0m
                [36m</div>[39m
              [36m</td>[39m
              [36m<td[39m
                [33mclass[39m=[32m"px-6 py-4 whitespace-nowrap text-sm font-medium text-gray-900 text-right"[39m
              [36m>[39m
                [0mHome Team[0m
              [36m</td>[39m
              [36m<td[39m
                [33mclass[39m=[32m"px-6 py-4 whitespace-nowrap text-sm font-bold text-gray-900 text-center"[39m
              [36m>[39m
                [36m<span[39m
                  [33mclass[39m=[32m"bg-gray-100 px-2 py-1 rounded"[39m
                [36m>[39m
                  [0m10[0m
                  [0m : [0m
                  [0m5[0m
                [36m</span>[39m
              [36m</td>[39m
              [36m<td[39m
                [33mclass[39m=[32m"px-6 py-4 whitespace-nowrap text-sm font-medium text-gray-900 text-left"[39m
              [36m>[39m
                [0mAway Team[0m
              [36m</td>[39m
              [36m<td[39m
                [33mclass[39m=[32m"px-6 py-4 whitespace-nowrap text-sm text-gray-500"[39m
              [36m>[39m
                [36m<span[39m
                  [33mclass[39m=[32m"inline-flex items-center px-2.5 py-0.5 rounded-full text-xs font-medium bg-green-100 text-green-800"[39m
                [36m>[39m
                  [0mFinished[0m
                [36m</span>[39m
              [36m</td>[39m
              [36m<td[39m
                [33mclass[39m=[32m"px-6 py-4 whitespace-nowrap text-right text-sm font-medium"[39m
              [36m>[39m
                [36m<button[39m
                  [33mclass[39m=[32m"text-green-600 hover:text-green-900 mr-4"[39m
                  [33mtitle[39m=[32m"View Statistics"[39m
                [36m>[39m
                  [36m<svg[39m
                    [33maria-hidden[39m=[32m"true"[39m
                    [33mclass[39m=[32m"lucide lucide-chart-column"[39m
                    [33mfill[39m=[32m"none"[39m
                    [33mheight[39m=[32m"18"[39m
                    [33mstroke[39m=[32m"currentColor"[39m
                    [33mstroke-linecap[39m=[32m"round"[39m
                    [33mstroke-linejoin[39m=[32m"round"[39m
                    [33mstroke-width[39m=[32m"2"[39m
                    [33mviewBox[39m=[32m"0 0 24 24"[39m
                    [33mwidth[39m=[32m"18"[39m
                    [33mxmlns[39m=[32m"http://www.w3.org/2000/svg"[39m
                  [36m>[39m
                    [36m<path[39m
                      [33md[39m=[32m"M3 3v16a2 2 0 0 0 2 2h16"[39m
                    [36m/>[39m
                    [36m<path[39m
                      [33md[39m=[32m"M18 17V9"[39m
                    [36m/>[39m
                    [36m<path[39m
                      [33md[39m=[32m"M13 17V5"[39m
                    [36m/>[39m
                    [36m<path[39m
                      [33md[39m=[32m"M8 17v-3"[39m
                    [36m/>[39m
                  [36m</svg>[39m
                [36m</button>[39m
                [36m<button[39m
                  [33mclass[39m=[32m"text-indigo-600 hover:text-indigo-900 mr-4"[39m
                  [33mtitle[39m=[32m"Edit Match"[39m
                [36m>[39m
                  [36m<svg[39m
                    [33maria-hidden[39m=[32m"true"[39m
                    [33mclass[39m=[32m"lucide lucide-pen"[39m
                    [33mfill[39m=[32m"none"[39m
                    [33mheight[39m=[32m"18"[39m
                    [33mstroke[39m=[32m"currentColor"[39m
                    [33mstroke-linecap[39m=[32m"round"[39m
                    [33mstroke-linejoin[39m=[32m"round"[39m
                    [33mstroke-width[39m=[32m"2"[39m
                    [33mviewBox[39m=[32m"0 0 24 24"[39m
                    [33mwidth[39m=[32m"18"[39m
                    [33mxmlns[39m=[32m"http://www.w3.org/2000/svg"[39m
                  [36m>[39m
                    [36m<path[39m
                      [33md[39m=[32m"M21.174 6.812a1 1 0 0 0-3.986-3.987L3.842 16.174a2 2 0 0 0-.5.83l-1.321 4.352a.5.5 0 0 0 .623.622l4.353-1.32a2 2 0 0 0 .83-.497z"[39m
                    [36m/>[39m
                  [36m</svg>[39m
                [36m</button>[39m
                [36m<button[39m
                  [33mclass[39m=[32m"text-red-600 hover:text-red-900"[39m
                  [33mtitle[39m=[32m"Delete Match"[39m
                [36m>[39m
                  [36m<svg[39m
                    [33maria-hidden[39m=[32m"true"[39m
                    [33mclass[39m=[32m"lucide lucide-trash2 lucide-trash-2"[39m
                    [33mfill[39m=[32m"none"[39m
                    [33mheight[39m=[32m"18"[39m
                    [33mstroke[39m=[32m"currentColor"[39m
                    [33mstroke-linecap[39m=[32m"round"[39m
                    [33mstroke-linejoin[39m=[32m"round"[39m
                    [33mstroke-width[39m=[32m"2"[39m
                    [33mviewBox[39m=[32m"0 0 24 24"[39m
                    [33mwidth[39m=[32m"18"[39m
                    [33mxmlns[39m=[32m"http://www.w3.org/2000/svg"[39m
                  [36m>[39m
                    [36m<path[39m
                      [33md[39m=[32m"M10 11v6"[39m
                    [36m/>[39m
                    [36m<path[39m
                      [33md[39m=[32m"M14 11v6"[39m
                    [36m/>[39m
                    [36m<path[39m
                      [33md[39m=[32m"M19 6v14a2 2 0 0 1-2 2H7a2 2 0 0 1-2-2V6"[39m
                    [36m/>[39m
                    [36m<path[39m
                      [33md[39m=[32m"M3 6h18"[39m
                    [36m/>[39m
                    [36m<path[39m
                      [33md[39m=[32m"M8 6V4a2 2 0 0 1 2-2h4a2 2 0 0 1 2 2v2"[39m
                    [36m/>[39m
                  [36m</svg>[39m
                [36m</button>[39m
              [36m</td>[39m
            [36m</tr>[39m
          [36m</tbody>[39m
        [36m</table>[39m
      [36m</div>[39m
    [36m</div>[39m
  [36m</div>[39m
[36m</body>[39m

 [31m❯[39m src/test/integration/StatisticsFlow.test.tsx [2m([22m[2m1 test[22m[2m | [22m[31m1 failed[39m[2m)[22m[33m 1032[2mms[22m[39m
[31m     [31m×[31m renders matches list and opens statistics modal[39m[33m 1031[2mms[22m[39m

[31m⎯⎯⎯⎯⎯⎯⎯[39m[1m[41m Failed Tests 1 [49m[22m[31m⎯⎯⎯⎯⎯⎯⎯[39m

[41m[1m FAIL [22m[49m src/test/integration/StatisticsFlow.test.tsx[2m > [22mStatistics Flow Integration[2m > [22mrenders matches list and opens statistics modal
[31m[1mTestingLibraryElementError[22m[39m: Found multiple elements with the text: Home Team

Here are the matching elements:

Ignored nodes: comments, script, style
[36m<th[39m
  [33mclass[39m=[32m"px-6 py-3 text-right text-xs font-medium text-gray-500 uppercase tracking-wider"[39m
[36m>[39m
  [0mHome Team[0m
[36m</th>[39m

Ignored nodes: comments, script, style
[36m<td[39m
  [33mclass[39m=[32m"px-6 py-4 whitespace-nowrap text-sm font-medium text-gray-900 text-right"[39m
[36m>[39m
  [0mHome Team[0m
[36m</td>[39m

(If this is intentional, then use the `*AllBy*` variant of the query (like `queryAllByText`, `getAllByText`, or `findAllByText`)).

Ignored nodes: comments, script, style
[36m<body>[39m
  [36m<div>[39m
    [36m<div[39m
      [33mclass[39m=[32m"p-6 max-w-6xl mx-auto"[39m
    [36m>[39m
      [36m<div[39m
        [33mclass[39m=[32m"flex justify-between items-center mb-6"[39m
      [36m>[39m
        [36m<h1[39m
          [33mclass[39m=[32m"text-3xl font-bold text-gray-800"[39m
        [36m>[39m
          [0mMatches Management[0m
        [36m</h1>[39m
        [36m<button[39m
          [33mclass[39m=[32m"flex items-center gap-2 bg-indigo-600 text-white px-4 py-2 rounded-lg hover:bg-indigo-700 transition-colors"[39m
        [36m>[39m
          [36m<svg[39m
            [33maria-hidden[39m=[32m"true"[39m
            [33mclass[39m=[32m"lucide lucide-plus"[39m
            [33mfill[39m=[32m"none"[39m
            [33mheight[39m=[32m"20"[39m
            [33mstroke[39m=[32m"currentColor"[39m
            [33mstroke-linecap[39m=[32m"round"[39m
            [33mstroke-linejoin[39m=[32m"round"[39m
            [33mstroke-width[39m=[32m"2"[39m
            [33mviewBox[39m=[32m"0 0 24 24"[39m
            [33mwidth[39m=[32m"20"[39m
            [33mxmlns[39m=[32m"http://www.w3.org/2000/svg"[39m
          [36m>[39m
            [36m<path[39m
              [33md[39m=[32m"M5 12h14"[39m
            [36m/>[39m
            [36m<path[39m
              [33md[39m=[32m"M12 5v14"[39m
            [36m/>[39m
          [36m</svg>[39m
          [0mNew Match[0m
        [36m</button>[39m
      [36m</div>[39m
      [36m<div[39m
        [33mclass[39m=[32m"mb-6"[39m
      [36m>[39m
        [36m<div[39m
          [33mclass[39m=[32m"relative"[39m
        [36m>[39m
          [36m<svg[39m
            [33maria-hidden[39m=[32m"true"[39m
            [33mclass[39m=[32m"lucide lucide-search absolute left-3 top-1/2 transform -translate-y-1/2 text-gray-400"[39m
            [33mfill[39m=[32m"none"[39m
            [33mheight[39m=[32m"20"[39m
            [33mstroke[39m=[32m"currentColor"[39m
            [33mstroke-linecap[39m=[32m"round"[39m
            [33mstroke-linejoin[39m=[32m"round"[39m
            [33mstroke-width[39m=[32m"2"[39m
            [33mviewBox[39m=[32m"0 0 24 24"[39m
            [33mwidth[39m=[32m"20"[39m
            [33mxmlns[39m=[32m"http://www.w3.org/2000/svg"[39m
          [36m>[39m
            [36m<path[39m
              [33md[39m=[32m"m21 21-4.34-4.34"[39m
            [36m/>[39m
            [36m<circle[39m
              [33mcx[39m=[32m"11"[39m
              [33mcy[39m=[32m"11"[39m
              [33mr[39m=[32m"8"[39m
            [36m/>[39m
          [36m</svg>[39m
          [36m<input[39m
            [33mclass[39m=[32m"w-full pl-10 pr-4 py-2 border border-gray-300 rounded-lg focus:ring-2 focus:ring-indigo-500 focus:border-transparent"[39m
            [33mplaceholder[39m=[32m"Search matches by team name or date..."[39m
            [33mtype[39m=[32m"text"[39m
            [33mvalue[39m=[32m""[39m
          [36m/>[39m
        [36m</div>[39m
      [36m</div>[39m
      [36m<div[39m
        [33mclass[39m=[32m"bg-white rounded-xl shadow-lg overflow-hidden"[39m
      [36m>[39m
        [36m<table[39m
          [33mclass[39m=[32m"w-full"[39m
        [36m>[39m
          [36m<thead[39m
            [33mclass[39m=[32m"bg-gray-50 border-b border-gray-200"[39m
          [36m>[39m
            [36m<tr>[39m
              [36m<th[39m
                [33mclass[39m=[32m"px-6 py-3 text-left text-xs font-medium text-gray-500 uppercase tracking-wider"[39m
              [36m>[39m
                [0mDate[0m
              [36m</th>[39m
              [36m<th[39m
                [33mclass[39m=[32m"px-6 py-3 text-right text-xs font-medium text-gray-500 uppercase tracking-wider"[39m
              [36m>[39m
                [0mHome Team[0m
              [36m</th>[39m
              [36m<th[39m
                [33mclass[39m=[32m"px-6 py-3 text-center text-xs font-medium text-gray-500 uppercase tracking-wider"[39m
              [36m>[39m
                [0mResult[0m
              [36m</th>[39m
              [36m<th[39m
                [33mclass[39m=[32m"px-6 py-3 text-left text-xs font-medium text-gray-500 uppercase tracking-wider"[39m
              [36m>[39m
                [0mAway Team[0m
              [36m</th>[39m
              [36m<th[39m
                [33mclass[39m=[32m"px-6 py-3 text-left text-xs font-medium text-gray-500 uppercase tracking-wider"[39m
              [36m>[39m
                [0mStatus[0m
              [36m</th>[39m
              [36m<th[39m
                [33mclass[39m=[32m"px-6 py-3 text-right text-xs font-medium text-gray-500 uppercase tracking-wider"[39m
              [36m>[39m
                [0mActions[0m
              [36m</th>[39m
            [36m</tr>[39m
          [36m</thead>[39m
          [36m<tbody[39m
            [33mclass[39m=[32m"divide-y divide-gray-200"[39m
          [36m>[39m
            [36m<tr[39m
              [33mclass[39m=[32m"hover:bg-gray-50"[39m
            [36m>[39m
              [36m<td[39m
                [33mclass[39m=[32m"px-6 py-4 whitespace-nowrap text-sm text-gray-900"[39m
              [36m>[39m
                [36m<div[39m
                  [33mclass[39m=[32m"flex items-center gap-2"[39m
                [36m>[39m
                  [36m<svg[39m
                    [33maria-hidden[39m=[32m"true"[39m
                    [33mclass[39m=[32m"lucide lucide-calendar text-gray-400"[39m
                    [33mfill[39m=[32m"none"[39m
                    [33mheight[39m=[32m"16"[39m
                    [33mstroke[39m=[32m"currentColor"[39m
                    [33mstroke-linecap[39m=[32m"round"[39m
                    [33mstroke-linejoin[39m=[32m"round"[39m
                    [33mstroke-width[39m=[32m"2"[39m
                    [33mviewBox[39m=[32m"0 0 24 24"[39m
                    [33mwidth[39m=[32m"16"[39m
                    [33mxmlns[39m=[32m"http://www.w3.org/2000/svg"[39m
                  [36m>[39m
                    [36m<path[39m
                      [33md[39m=[32m"M8 2v4"[39m
                    [36m/>[39m
                    [36m<path[39m
                      [33md[39m=[32m"M16 2v4"[39m
                    [36m/>[39m
                    [36m<rect[39m
                      [33mheight[39m=[32m"18"[39m
                      [33mrx[39m=[32m"2"[39m
                      [33mwidth[39m=[32m"18"[39m
                      [33mx[39m=[32m"3"[39m
                      [33my[39m=[32m"4"[39m
                    [36m/>[39m
                    [36m<path[39m
                      [33md[39m=[32m"M3 10h18"[39m
                    [36m/>[39m
                  [36m</svg>[39m
                  [0mdv., 15 de nov. 2024, 18:00[0m
                [36m</div>[39m
              [36m</td>[39m
              [36m<td[39m
                [33mclass[39m=[32m"px-6 py-4 whitespace-nowrap text-sm font-medium text-gray-900 text-right"[39m
              [36m>[39m
                [0mHome Team[0m
              [36m</td>[39m
              [36m<td[39m
                [33mclass[39m=[32m"px-6 py-4 whitespace-nowrap text-sm font-bold text-gray-900 text-center"[39m
              [36m>[39m
                [36m<span[39m
                  [33mclass[39m=[32m"bg-gray-100 px-2 py-1 rounded"[39m
                [36m>[39m
                  [0m10[0m
                  [0m : [0m
                  [0m5[0m
                [36m</span>[39m
              [36m</td>[39m
              [36m<td[39m
                [33mclass[39m=[32m"px-6 py-4 whitespace-nowrap text-sm font-medium text-gray-900 text-left"[39m
              [36m>[39m
                [0mAway Team[0m
              [36m</td>[39m
              [36m<td[39m
                [33mclass[39m=[32m"px-6 py-4 whitespace-nowrap text-sm text-gray-500"[39m
              [36m>[39m
                [36m<span[39m
                  [33mclass[39m=[32m"inline-flex items-center px-2.5 py-0.5 rounded-full text-xs font-medium bg-green-100 text-green-800"[39m
                [36m>[39m
                  [0mFinished[0m
                [36m</span>[39m
              [36m</td>[39m
              [36m<td[39m
                [33mclass[39m=[32m"px-6 py-4 whitespace-nowrap text-right text-sm font-medium"[39m
              [36m>[39m
                [36m<button[39m
                  [33mclass[39m=[32m"text-green-600 hover:text-green-900 mr-4"[39m
                  [33mtitle[39m=[32m"View Statistics"[39m
                [36m>[39m
                  [36m<svg[39m
                    [33maria-hidden[39m=[32m"true"[39m
                    [33mclass[39m=[32m"lucide lucide-chart-column"[39m
                    [33mfill[39m=[32m"none"[39m
                    [33mheight[39m=[32m"18"[39m
                    [33mstroke[39m=[32m"currentColor"[39m
                    [33mstroke-linecap[39m=[32m"round"[39m
                    [33mstroke-linejoin[39m=[32m"round"[39m
                    [33mstroke-width[39m=[32m"2"[39m
                    [33mviewBox[39m=[32m"0 0 24 24"[39m
                    [33mwidth[39m=[32m"18"[39m
                    [33mxmlns[39m=[32m"http://www.w3.org/2000/svg"[39m
                  [36m>[39m
                    [36m<path[39m
                      [33md[39m=[32m"M3 3v16a2 2 0 0 0 2 2h16"[39m
                    [36m/>[39m
                    [36m<path[39m
                      [33md[39m=[32m"M18 17V9"[39m
                    [36m/>[39m
                    [36m<path[39m
                      [33md[39m=[32m"M13 17V5"[39m
                    [36m/>[39m
                    [36m<path[39m
                      [33md[39m=[32m"M8 17v-3"[39m
                    [36m/>[39m
                  [36m</svg>[39m
                [36m</button>[39m
                [36m<button[39m
                  [33mclass[39m=[32m"text-indigo-600 hover:text-indigo-900 mr-4"[39m
                  [33mtitle[39m=[32m"Edit Match"[39m
                [36m>[39m
                  [36m<svg[39m
                    [33maria-hidden[39m=[32m"true"[39m
                    [33mclass[39m=[32m"lucide lucide-pen"[39m
                    [33mfill[39m=[32m"none"[39m
                    [33mheight[39m=[32m"18"[39m
                    [33mstroke[39m=[32m"currentColor"[39m
                    [33mstroke-linecap[39m=[32m"round"[39m
                    [33mstroke-linejoin[39m=[32m"round"[39m
                    [33mstroke-width[39m=[32m"2"[39m
                    [33mviewBox[39m=[32m"0 0 24 24"[39m
                    [33mwidth[39m=[32m"18"[39m
                    [33mxmlns[39m=[32m"http://www.w3.org/2000/svg"[39m
                  [36m>[39m
                    [36m<path[39m
                      [33md[39m=[32m"M21.174 6.812a1 1 0 0 0-3.986-3.987L3.842 16.174a2 2 0 0 0-.5.83l-1.321 4.352a.5.5 0 0 0 .623.622l4.353-1.32a2 2 0 0 0 .83-.497z"[39m
                    [36m/>[39m
                  [36m</svg>[39m
                [36m</button>[39m
                [36m<button[39m
                  [33mclass[39m=[32m"text-red-600 hover:text-red-900"[39m
                  [33mtitle[39m=[32m"Delete Match"[39m
                [36m>[39m
                  [36m<svg[39m
                    [33maria-hidden[39m=[32m"true"[39m
                    [33mclass[39m=[32m"lucide lucide-trash2 lucide-trash-2"[39m
                    [33mfill[39m=[32m"none"[39m
                    [33mheight[39m=[32m"18"[39m
                    [33mstroke[39m=[32m"currentColor"[39m
                    [33mstroke-linecap[39m=[32m"round"[39m
                    [33mstroke-linejoin[39m=[32m"round"[39m
                    [33mstroke-width[39m=[32m"2"[39m
                    [33mviewBox[39m=[32m"0 0 24 24"[39m
                    [33mwidth[39m=[32m"18"[39m
                    [33mxmlns[39m=[32m"http://www.w3.org/2000/svg"[39m
                  [36m>[39m
                    [36m<path[39m
                      [33md[39m=[32m"M10 11v6"[39m
                    [36m/>[39m
                    [36m<path[39m
                      [33md[39m=[32m"M14 11v6"[39m
                    [36m/>[39m
                    [36m<path[39m
                      [33md[39m=[32m"M19 6v14a2 2 0 0 1-2 2H7a2 2 0 0 1-2-2V6"[39m
                    [36m/>[39m
                    [36m<path[39m
                      [33md[39m=[32m"M3 6h18"[39m
                    [36m/>[39m
                    [36m<path[39m
                      [33md[39m=[32m"M8 6V4a2 2 0 0 1 2-2h4a2 2 0 0 1 2 2v2"[39m
                    [36m/>[39m
                  [36m</svg>[39m
                [36m</button>[39m
              [36m</td>[39m
            [36m</tr>[39m
          [36m</tbody>[39m
        [36m</table>[39m
      [36m</div>[39m
    [36m</div>[39m
  [36m</div>[39m
[36m</body>[39m

Ignored nodes: comments, script, style
[36m<html>[39m
  [36m<head />[39m
  [36m<body>[39m
    [36m<div>[39m
      [36m<div[39m
        [33mclass[39m=[32m"p-6 max-w-6xl mx-auto"[39m
      [36m>[39m
        [36m<div[39m
          [33mclass[39m=[32m"flex justify-between items-center mb-6"[39m
        [36m>[39m
          [36m<h1[39m
            [33mclass[39m=[32m"text-3xl font-bold text-gray-800"[39m
          [36m>[39m
            [0mMatches Management[0m
          [36m</h1>[39m
          [36m<button[39m
            [33mclass[39m=[32m"flex items-center gap-2 bg-indigo-600 text-white px-4 py-2 rounded-lg hover:bg-indigo-700 transition-colors"[39m
          [36m>[39m
            [36m<svg[39m
              [33maria-hidden[39m=[32m"true"[39m
              [33mclass[39m=[32m"lucide lucide-plus"[39m
              [33mfill[39m=[32m"none"[39m
              [33mheight[39m=[32m"20"[39m
              [33mstroke[39m=[32m"currentColor"[39m
              [33mstroke-linecap[39m=[32m"round"[39m
              [33mstroke-linejoin[39m=[32m"round"[39m
              [33mstroke-width[39m=[32m"2"[39m
              [33mviewBox[39m=[32m"0 0 24 24"[39m
              [33mwidth[39m=[32m"20"[39m
              [33mxmlns[39m=[32m"http://www.w3.org/2000/svg"[39m
            [36m>[39m
              [36m<path[39m
                [33md[39m=[32m"M5 12h14"[39m
              [36m/>[39m
              [36m<path[39m
                [33md[39m=[32m"M12 5v14"[39m
              [36m/>[39m
            [36m</svg>[39m
            [0mNew Match[0m
          [36m</button>[39m
        [36m</div>[39m
        [36m<div[39m
          [33mclass[39m=[32m"mb-6"[39m
        [36m>[39m
          [36m<div[39m
            [33mclass[39m=[32m"relative"[39m
          [36m>[39m
            [36m<svg[39m
              [33maria-hidden[39m=[32m"true"[39m
              [33mclass[39m=[32m"lucide lucide-search absolute left-3 top-1/2 transform -translate-y-1/2 text-gray-400"[39m
              [33mfill[39m=[32m"none"[39m
              [33mheight[39m=[32m"20"[39m
              [33mstroke[39m=[32m"currentColor"[39m
              [33mstroke-linecap[39m=[32m"round"[39m
              [33mstroke-linejoin[39m=[32m"round"[39m
              [33mstroke-width[39m=[32m"2"[39m
              [33mviewBox[39m=[32m"0 0 24 24"[39m
              [33mwidth[39m=[32m"20"[39m
              [33mxmlns[39m=[32m"http://www.w3.org/2000/svg"[39m
            [36m>[39m
              [36m<path[39m
                [33md[39m=[32m"m21 21-4.34-4.34"[39m
              [36m/>[39m
              [36m<circle[39m
                [33mcx[39m=[32m"11"[39m
                [33mcy[39m=[32m"11"[39m
                [33mr[39m=[32m"8"[39m
              [36m/>[39m
            [36m</svg>[39m
            [36m<input[39m
              [33mclass[39m=[32m"w-full pl-10 pr-4 py-2 border border-gray-300 rounded-lg focus:ring-2 focus:ring-indigo-500 focus:border-transparent"[39m
              [33mplaceholder[39m=[32m"Search matches by team name or date..."[39m
              [33mtype[39m=[32m"text"[39m
              [33mvalue[39m=[32m""[39m
            [36m/>[39m
          [36m</div>[39m
        [36m</div>[39m
        [36m<div[39m
          [33mclass[39m=[32m"bg-white rounded-xl shadow-lg overflow-hidden"[39m
        [36m>[39m
          [36m<table[39m
            [33mclass[39m=[32m"w-full"[39m
          [36m>[39m
            [36m<thead[39m
              [33mclass[39m=[32m"bg-gray-50 border-b border-gray-200"[39m
            [36m>[39m
              [36m<tr>[39m
                [36m<th[39m
                  [33mclass[39m=[32m"px-6 py-3 text-left text-xs font-medium text-gray-500 uppercase tracking-wider"[39m
                [36m>[39m
                  [0mDate[0m
                [36m</th>[39m
                [36m<th[39m
                  [33mclass[39m=[32m"px-6 py-3 text-right text-xs font-medium text-gray-500 uppercase tracking-wider"[39m
                [36m>[39m
                  [0mHome Team[0m
                [36m</th>[39m
                [36m<th[39m
                  [33mclass[39m=[32m"px-6 py-3 text-center text-xs font-medium text-gray-500 uppercase tracking-wider"[39m
                [36m>[39m
                  [0mResult[0m
                [36m</th>[39m
                [36m<th[39m
                  [33mclass[39m=[32m"px-6 py-3 text-left text-xs font-medium text-gray-500 uppercase tracking-wider"[39m
                [36m>[39m
                  [0mAway Team[0m
                [36m</th>[39m
                [36m<th[39m
                  [33mclass[39m=[32m"px-6 py-3 text-left text-xs font-medium text-gray-500 uppercase tracking-wider"[39m
                [36m>[39m
                  [0mStatus[0m
                [36m</th>[39m
                [36m<th[39m
                  [33mclass[39m=[32m"px-6 py-3 text-right text-xs font-medium text-gray-500 uppercase tracking-wider"[39m
                [36m>[39m
                  [0mActions[0m
                [36m</th>[39m
              [36m</tr>[39m
            [36m</thead>[39m
            [36m<tbody[39m
              [33mclass[39m=[32m"divide-y divide-gray-200"[39m
            [36m>[39m
              [36m<tr[39m
                [33mclass[39m=[32m"hover:bg-gray-50"[39m
              [36m>[39m
                [36m<td[39m
                  [33mclass[39m=[32m"px-6 py-4 whitespace-nowrap text-sm text-gray-900"[39m
                [36m>[39m
                  [36m<div[39m
                    [33mclass[39m=[32m"flex items-center gap-2"[39m
                  [36m>[39m
                    [36m<svg[39m
                      [33maria-hidden[39m=[32m"true"[39m
                      [33mclass[39m=[32m"lucide lucide-calendar text-gray-400"[39m
                      [33mfill[39m=[32m"none"[39m
                      [33mheight[39m=[32m"16"[39m
                      [33mstroke[39m=[32m"currentColor"[39m
                      [33mstroke-linecap[39m=[32m"round"[39m
                      [33mstroke-linejoin[39m=[32m"round"[39m
                      [33mstroke-width[39m=[32m"2"[39m
                      [33mviewBox[39m=[32m"0 0 24 24"[39m
                      [33mwidth[39m=[32m"16"[39m
                      [33mxmlns[39m=[32m"http://www.w3.org/2000/svg"[39m
                    [36m>[39m
                      [36m<path[39m
                        [33md[39m=[32m"M8 2v4"[39m
                      [36m/>[39m
                      [36m<path[39m
                        [33md[39m=[32m"M16 2v4"[39m
                      [36m/>[39m
                      [36m<rect[39m
                        [33mheight[39m=[32m"18"[39m
                        [33mrx[39m=[32m"2"[39m
                        [33mwidth[39m=[32m"18"[39m
                        [33mx[39m=[32m"3"[39m
                        [33my[39m=[32m"4"[39m
                      [36m/>[39m
                      [36m<path[39m
                        [33md[39m=[32m"M3 10h18"[39m
                      [36m/>[39m
                    [36m</svg>[39m
                    [0mdv., 15 de nov. 2024, 18:00[0m
                  [36m</div>[39m
                [36m</td>[39m
                [36m<td[39m
                  [33mclass[39m=[32m"px-6 py-4 whitespace-nowrap text-sm font-medium text-gray-900 text-right"[39m
                [36m>[39m
                  [0mHome Team[0m
                [36m</td>[39m
                [36m<td[39m
                  [33mclass[39m=[32m"px-6 py-4 whitespace-nowrap text-sm font-bold text-gray-900 text-center"[39m
                [36m>[39m
                  [36m<span[39m
                    [33mclass[39m=[32m"bg-gray-100 px-2 py-1 rounded"[39m
                  [36m>[39m
                    [0m10[0m
                    [0m : [0m
                    [0m5[0m
                  [36m</span>[39m
                [36m</td>[39m
                [36m<td[39m
                  [33mclass[39m=[32m"px-6 py-4 whitespace-nowrap text-sm font-medium text-gray-900 text-left"[39m
                [36m>[39m
                  [0mAway Team[0m
                [36m</td>[39m
                [36m<td[39m
                  [33mclass[39m=[32m"px-6 py-4 whitespace-nowrap text-sm text-gray-500"[39m
                [36m>[39m
                  [36m<span[39m
                    [33mclass[39m=[32m"inline-flex items-center px-2.5 py-0.5 rounded-full text-xs font-medium bg-green-100 text-green-800"[39m
                  [36m>[39m
                    [0mFinished[0m
                  [36m</span>[39m
                [36m</td>[39m
                [36m<td[39m
                  [33mclass[39m=[32m"px-6 py-4 whitespace-nowrap text-right text-sm font-medium"[39m
                [36m>[39m
                  [36m<button[39m
                    [33mclass[39m=[32m"text-green-600 hover:text-green-900 mr-4"[39m
                    [33mtitle[39m=[32m"View Statistics"[39m
                  [36m>[39m
                    [36m<svg[39m
                      [33maria-hidden[39m=[32m"true"[39m
                      [33mclass[39m=[32m"lucide lucide-chart-column"[39m
                      [33mfill[39m=[32m"none"[39m
                      [33mheight[39m=[32m"18"[39m
                      [33mstroke[39m=[32m"currentColor"[39m
                      [33mstroke-linecap[39m=[32m"round"[39m
                      [33mstroke-linejoin[39m=[32m"round"[39m
                      [33mstroke-width[39m=[32m"2"[39m
                      [33mviewBox[39m=[32m"0 0 24 24"[39m
                      [33mwidth[39m=[32m"18"[39m
                      [33mxmlns[39m=[32m"http://www.w3.org/2000/svg"[39m
                    [36m>[39m
                      [36m<path[39m
                        [33md[39m=[32m"M3 3v16a2 2 0 0 0 2 2h16"[39m
                      [36m/>[39m
                      [36m<path[39m
                        [33md[39m=[32m"M18 17V9"[39m
                      [36m/>[39m
                      [36m<path[39m
                        [33md[39m=[32m"M13 17V5"[39m
                      [36m/>[39m
                      [36m<path[39m
                        [33md[39m=[32m"M8 17v-3"[39m
                      [36m/>[39m
                    [36m</svg>[39m
                  [36m</button>[39m
                  [36m<button[39m
                    [33mclass[39m=[32m"text-indigo-600 hover:text-indigo-900 mr-4"[39m
                    [33mtitle[39m=[32m"Edit Match"[39m
                  [36m>[39m
                    [36m<svg[39m
                      [33maria-hidden[39m=[32m"true"[39m
                      [33mclass[39m=[32m"lucide lucide-pen"[39m
                      [33mfill[39m=[32m"none"[39m
                      [33mheight[39m=[32m"18"[39m
                      [33mstroke[39m=[32m"currentColor"[39m
                      [33mstroke-linecap[39m=[32m"round"[39m
                      [33mstroke-linejoin[39m=[32m"round"[39m
                      [33mstroke-width[39m=[32m"2"[39m
                      [33mviewBox[39m=[32m"0 0 24 24"[39m
                      [33mwidth[39m=[32m"18"[39m
                      [33mxmlns[39m=[32m"http://www.w3.org/2000/svg"[39m
                    [36m>[39m
                      [36m<path[39m
                        [33md[39m=[32m"M21.174 6.812a1 1 0 0 0-3.986-3.987L3.842 16.174a2 2 0 0 0-.5.83l-1.321 4.352a.5.5 0 0 0 .623.622l4.353-1.32a2 2 0 0 0 .83-.497z"[39m
                      [36m/>[39m
                    [36m</svg>[39m
                  [36m</button>[39m
                  [36m<button[39m
                    [33mclass[39m=[32m"text-red-600 hover:text-red-900"[39m
                    [33mtitle[39m=[32m"Delete Match"[39m
                  [36m>[39m
                    [36m<svg[39m
                      [33maria-hidden[39m=[32m"true"[39m
                      [33mclass[39m=[32m"lucide lucide-trash2 lucide-trash-2"[39m
                      [33mfill[39m=[32m"none"[39m
                      [33mheight[39m=[32m"18"[39m
                      [33mstroke[39m=[32m"currentColor"[39m
                      [33mstroke-linecap[39m=[32m"round"[39m
                      [33mstroke-linejoin[39m=[32m"round"[39m
                      [33mstroke-width[39m=[32m"2"[39m
                      [33mviewBox[39m=[32m"0 0 24 24"[39m
                      [33mwidth[39m=[32m"18"[39m
                      [33mxmlns[39m=[32m"http://www.w3.org/2000/svg"[39m
                    [36m>[39m
                      [36m<path[39m
                        [33md[39m=[32m"M10 11v6"[39m
                      [36m/>[39m
                      [36m<path[39m
                        [33md[39m=[32m"M14 11v6"[39m
                      [36m/>[39m
                      [36m<path[39m
                        [33md[39m=[32m"M19 6v14a2 2 0 0 1-2 2H7a2 2 0 0 1-2-2V6"[39m
                      [36m/>[39m
                      [36m<path[39m
                        [33md[39m=[32m"M3 6h18"[39m
                      [36m/>[39m
                      [36m<path[39m
                        [33md[39m=[32m"M8 6V4a2 2 0 0 1 2-2h4a2 2 0 0 1 2 2v2"[39m
                      [36m/>[39m
                    [36m</svg>[39m
                  [36m</button>[39m
                [36m</td>[39m
              [36m</tr>[39m
            [36m</tbody>[39m
          [36m</table>[39m
        [36m</div>[39m
      [36m</div>[39m
    [36m</div>[39m
  [36m</body>[39m
[36m</html>[39m
[90m [2m❯[22m waitForWrapper node_modules/@testing-library/dom/dist/wait-for.js:[2m163:27[22m[39m
[36m [2m❯[22m src/test/integration/StatisticsFlow.test.tsx:[2m95:11[22m[39m
    [90m 93| [39m
    [90m 94| [39m    [90m// Check if match is rendered[39m
    [90m 95| [39m    [35mawait[39m [34mwaitFor[39m(() [33m=>[39m {
    [90m   | [39m          [31m^[39m
    [90m 96| [39m      [90m// screen.debug();[39m
    [90m 97| [39m      [34mexpect[39m(screen[33m.[39m[34mgetByText[39m([32m'Home Team'[39m))[33m.[39m[34mtoBeInTheDocument[39m()[33m;[39m

[31m[2m⎯⎯⎯⎯⎯⎯⎯⎯⎯⎯⎯⎯⎯⎯⎯⎯⎯⎯⎯⎯⎯⎯⎯⎯[1/1]⎯[22m[39m


[2m Test Files [22m [1m[31m1 failed[39m[22m[90m (1)[39m
[2m      Tests [22m [1m[31m1 failed[39m[22m[90m (1)[39m
[2m   Start at [22m 16:58:33
[2m   Duration [22m 1.91s[2m (transform 105ms, setup 93ms, import 207ms, tests 1.03s, environment 477ms)[22m

[1m[41m FAIL [49m[22m [31mTests failed. Watching for file changes...[39m
       [2mpress [22m[1mh[22m[2m to show help[22m[2m, [22m[2mpress [22m[1mq[22m[2m to quit[22m
c[3J[1m[44m RERUN [49m[22m [34m[2msrc/test/setup.ts [22m[34mx1 [34m[39m
       [2m Filename pattern: [22m[34msrc/test/integration/StatisticsFlow.test.tsx[39m

[90mstdout[2m | src/test/integration/StatisticsFlow.test.tsx[2m > [22m[2mStatistics Flow Integration[2m > [22m[2mrenders matches list and opens statistics modal
[22m[39mFetching matches...
Mock fetch called with: http://localhost:3000/api/matches
Mock fetch called with: http://localhost:3000/api/teams

[90mstdout[2m | src/test/integration/StatisticsFlow.test.tsx[2m > [22m[2mStatistics Flow Integration[2m > [22m[2mrenders matches list and opens statistics modal
[22m[39m[36m<body>[39m
  [36m<div>[39m
    [36m<div[39m
      [33mclass[39m=[32m"p-6 max-w-6xl mx-auto"[39m
    [36m>[39m
      [36m<div[39m
        [33mclass[39m=[32m"flex justify-between items-center mb-6"[39m
      [36m>[39m
        [36m<h1[39m
          [33mclass[39m=[32m"text-3xl font-bold text-gray-800"[39m
        [36m>[39m
          [0mMatches Management[0m
        [36m</h1>[39m
        [36m<button[39m
          [33mclass[39m=[32m"flex items-center gap-2 bg-indigo-600 text-white px-4 py-2 rounded-lg hover:bg-indigo-700 transition-colors"[39m
        [36m>[39m
          [36m<svg[39m
            [33maria-hidden[39m=[32m"true"[39m
            [33mclass[39m=[32m"lucide lucide-plus"[39m
            [33mfill[39m=[32m"none"[39m
            [33mheight[39m=[32m"20"[39m
            [33mstroke[39m=[32m"currentColor"[39m
            [33mstroke-linecap[39m=[32m"round"[39m
            [33mstroke-linejoin[39m=[32m"round"[39m
            [33mstroke-width[39m=[32m"2"[39m
            [33mviewBox[39m=[32m"0 0 24 24"[39m
            [33mwidth[39m=[32m"20"[39m
            [33mxmlns[39m=[32m"http://www.w3.org/2000/svg"[39m
          [36m>[39m
            [36m<path[39m
              [33md[39m=[32m"M5 12h14"[39m
            [36m/>[39m
            [36m<path[39m
              [33md[39m=[32m"M12 5v14"[39m
            [36m/>[39m
          [36m</svg>[39m
          [0mNew Match[0m
        [36m</button>[39m
      [36m</div>[39m
      [36m<div[39m
        [33mclass[39m=[32m"mb-6"[39m
      [36m>[39m
        [36m<div[39m
          [33mclass[39m=[32m"relative"[39m
        [36m>[39m
          [36m<svg[39m
            [33maria-hidden[39m=[32m"true"[39m
            [33mclass[39m=[32m"lucide lucide-search absolute left-3 top-1/2 transform -translate-y-1/2 text-gray-400"[39m
            [33mfill[39m=[32m"none"[39m
            [33mheight[39m=[32m"20"[39m
            [33mstroke[39m=[32m"currentColor"[39m
            [33mstroke-linecap[39m=[32m"round"[39m
            [33mstroke-linejoin[39m=[32m"round"[39m
            [33mstroke-width[39m=[32m"2"[39m
            [33mviewBox[39m=[32m"0 0 24 24"[39m
            [33mwidth[39m=[32m"20"[39m
            [33mxmlns[39m=[32m"http://www.w3.org/2000/svg"[39m
          [36m>[39m
            [36m<path[39m
              [33md[39m=[32m"m21 21-4.34-4.34"[39m
            [36m/>[39m
            [36m<circle[39m
              [33mcx[39m=[32m"11"[39m
              [33mcy[39m=[32m"11"[39m
              [33mr[39m=[32m"8"[39m
            [36m/>[39m
          [36m</svg>[39m
          [36m<input[39m
            [33mclass[39m=[32m"w-full pl-10 pr-4 py-2 border border-gray-300 rounded-lg focus:ring-2 focus:ring-indigo-500 focus:border-transparent"[39m
            [33mplaceholder[39m=[32m"Search matches by team name or date..."[39m
            [33mtype[39m=[32m"text"[39m
            [33mvalue[39m=[32m""[39m
          [36m/>[39m
        [36m</div>[39m
      [36m</div>[39m
      [36m<div[39m
        [33mclass[39m=[32m"bg-white rounded-xl shadow-lg overflow-hidden"[39m
      [36m>[39m
        [36m<table[39m
          [33mclass[39m=[32m"w-full"[39m
        [36m>[39m
          [36m<thead[39m
            [33mclass[39m=[32m"bg-gray-50 border-b border-gray-200"[39m
          [36m>[39m
            [36m<tr>[39m
              [36m<th[39m
                [33mclass[39m=[32m"px-6 py-3 text-left text-xs font-medium text-gray-500 uppercase tracking-wider"[39m
              [36m>[39m
                [0mDate[0m
              [36m</th>[39m
              [36m<th[39m
                [33mclass[39m=[32m"px-6 py-3 text-right text-xs font-medium text-gray-500 uppercase tracking-wider"[39m
              [36m>[39m
                [0mHome Team[0m
              [36m</th>[39m
              [36m<th[39m
                [33mclass[39m=[32m"px-6 py-3 text-center text-xs font-medium text-gray-500 uppercase tracking-wider"[39m
              [36m>[39m
                [0mResult[0m
              [36m</th>[39m
              [36m<th[39m
                [33mclass[39m=[32m"px-6 py-3 text-left text-xs font-medium text-gray-500 uppercase tracking-wider"[39m
              [36m>[39m
                [0mAway Team[0m
              [36m</th>[39m
              [36m<th[39m
                [33mclass[39m=[32m"px-6 py-3 text-left text-xs font-medium text-gray-500 uppercase tracking-wider"[39m
              [36m>[39m
                [0mStatus[0m
              [36m</th>[39m
              [36m<th[39m
                [33mclass[39m=[32m"px-6 py-3 text-right text-xs font-medium text-gray-500 uppercase tracking-wider"[39m
              [36m>[39m
                [0mActions[0m
              [36m</th>[39m
            [36m</tr>[39m
          [36m</thead>[39m
          [36m<tbody[39m
            [33mclass[39m=[32m"divide-y divide-gray-200"[39m
          [36m>[39m
            [36m<tr[39m
              [33mclass[39m=[32m"hover:bg-gray-50"[39m
            [36m>[39m
              [36m<td[39m
                [33mclass[39m=[32m"px-6 py-4 whitespace-nowrap text-sm text-gray-900"[39m
              [36m>[39m
                [36m<div[39m
                  [33mclass[39m=[32m"flex items-center gap-2"[39m
                [36m>[39m
                  [36m<svg[39m
                    [33maria-hidden[39m=[32m"true"[39m
                    [33mclass[39m=[32m"lucide lucide-calendar text-gray-400"[39m
                    [33mfill[39m=[32m"none"[39m
                    [33mheight[39m=[32m"16"[39m
                    [33mstroke[39m=[32m"currentColor"[39m
                    [33mstroke-linecap[39m=[32m"round"[39m
                    [33mstroke-linejoin[39m=[32m"round"[39m
                    [33mstroke-width[39m=[32m"2"[39m
                    [33mviewBox[39m=[32m"0 0 24 24"[39m
                    [33mwidth[39m=[32m"16"[39m
                    [33mxmlns[39m=[32m"http://www.w3.org/2000/svg"[39m
                  [36m>[39m
                    [36m<path[39m
                      [33md[39m=[32m"M8 2v4"[39m
                    [36m/>[39m
                    [36m<path[39m
                      [33md[39m=[32m"M16 2v4"[39m
                    [36m/>[39m
                    [36m<rect[39m
                      [33mheight[39m=[32m"18"[39m
                      [33mrx[39m=[32m"2"[39m
                      [33mwidth[39m=[32m"18"[39m
                      [33mx[39m=[32m"3"[39m
                      [33my[39m=[32m"4"[39m
                    [36m/>[39m
                    [36m<path[39m
                      [33md[39m=[32m"M3 10h18"[39m
                    [36m/>[39m
                  [36m</svg>[39m
                  [0mdv., 15 de nov. 2024, 18:00[0m
                [36m</div>[39m
              [36m</td>[39m
              [36m<td[39m
                [33mclass[39m=[32m"px-6 py-4 whitespace-nowrap text-sm font-medium text-gray-900 text-right"[39m
              [36m>[39m
                [0mHome Team[0m
              [36m</td>[39m
              [36m<td[39m
                [33mclass[39m=[32m"px-6 py-4 whitespace-nowrap text-sm font-bold text-gray-900 text-center"[39m
              [36m>[39m
                [36m<span[39m
                  [33mclass[39m=[32m"bg-gray-100 px-2 py-1 rounded"[39m
                [36m>[39m
                  [0m10[0m
                  [0m : [0m
                  [0m5[0m
                [36m</span>[39m
              [36m</td>[39m
              [36m<td[39m
                [33mclass[39m=[32m"px-6 py-4 whitespace-nowrap text-sm font-medium text-gray-900 text-left"[39m
              [36m>[39m
                [0mAway Team[0m
              [36m</td>[39m
              [36m<td[39m
                [33mclass[39m=[32m"px-6 py-4 whitespace-nowrap text-sm text-gray-500"[39m
              [36m>[39m
                [36m<span[39m
                  [33mclass[39m=[32m"inline-flex items-center px-2.5 py-0.5 rounded-full text-xs font-medium bg-green-100 text-green-800"[39m
                [36m>[39m
                  [0mFinished[0m
                [36m</span>[39m
              [36m</td>[39m
              [36m<td[39m
                [33mclass[39m=[32m"px-6 py-4 whitespace-nowrap text-right text-sm font-medium"[39m
              [36m>[39m
                [36m<button[39m
                  [33mclass[39m=[32m"text-green-600 hover:text-green-900 mr-4"[39m
                  [33mtitle[39m=[32m"View Statistics"[39m
                [36m>[39m
                  [36m<svg[39m
                    [33maria-hidden[39m=[32m"true"[39m
                    [33mclass[39m=[32m"lucide lucide-chart-column"[39m
                    [33mfill[39m=[32m"none"[39m
                    [33mheight[39m=[32m"18"[39m
                    [33mstroke[39m=[32m"currentColor"[39m
                    [33mstroke-linecap[39m=[32m"round"[39m
                    [33mstroke-linejoin[39m=[32m"round"[39m
                    [33mstroke-width[39m=[32m"2"[39m
                    [33mviewBox[39m=[32m"0 0 24 24"[39m
                    [33mwidth[39m=[32m"18"[39m
                    [33mxmlns[39m=[32m"http://www.w3.org/2000/svg"[39m
                  [36m>[39m
                    [36m<path[39m
                      [33md[39m=[32m"M3 3v16a2 2 0 0 0 2 2h16"[39m
                    [36m/>[39m
                    [36m<path[39m
                      [33md[39m=[32m"M18 17V9"[39m
                    [36m/>[39m
                    [36m<path[39m
                      [33md[39m=[32m"M13 17V5"[39m
                    [36m/>[39m
                    [36m<path[39m
                      [33md[39m=[32m"M8 17v-3"[39m
                    [36m/>[39m
                  [36m</svg>[39m
                [36m</button>[39m
                [36m<button[39m
                  [33mclass[39m=[32m"text-indigo-600 hover:text-indigo-900 mr-4"[39m
                  [33mtitle[39m=[32m"Edit Match"[39m
                [36m>[39m
                  [36m<svg[39m
                    [33maria-hidden[39m=[32m"true"[39m
                    [33mclass[39m=[32m"lucide lucide-pen"[39m
                    [33mfill[39m=[32m"none"[39m
                    [33mheight[39m=[32m"18"[39m
                    [33mstroke[39m=[32m"currentColor"[39m
                    [33mstroke-linecap[39m=[32m"round"[39m
                    [33mstroke-linejoin[39m=[32m"round"[39m
                    [33mstroke-width[39m=[32m"2"[39m
                    [33mviewBox[39m=[32m"0 0 24 24"[39m
                    [33mwidth[39m=[32m"18"[39m
                    [33mxmlns[39m=[32m"http://www.w3.org/2000/svg"[39m
                  [36m>[39m
                    [36m<path[39m
                      [33md[39m=[32m"M21.174 6.812a1 1 0 0 0-3.986-3.987L3.842 16.174a2 2 0 0 0-.5.83l-1.321 4.352a.5.5 0 0 0 .623.622l4.353-1.32a2 2 0 0 0 .83-.497z"[39m
                    [36m/>[39m
                  [36m</svg>[39m
                [36m</button>[39m
                [36m<button[39m
                  [33mclass[39m=[32m"text-red-600 hover:text-red-900"[39m
                  [33mtitle[39m=[32m"Delete Match"[39m
                [36m>[39m
                  [36m<svg[39m
                    [33maria-hidden[39m=[32m"true"[39m
                    [33mclass[39m=[32m"lucide lucide-trash2 lucide-trash-2"[39m
                    [33mfill[39m=[32m"none"[39m
                    [33mheight[39m=[32m"18"[39m
                    [33mstroke[39m=[32m"currentColor"[39m
                    [33mstroke-linecap[39m=[32m"round"[39m
                    [33mstroke-linejoin[39m=[32m"round"[39m
                    [33mstroke-width[39m=[32m"2"[39m
                    [33mviewBox[39m=[32m"0 0 24 24"[39m
                    [33mwidth[39m=[32m"18"[39m
                    [33mxmlns[39m=[32m"http://www.w3.org/2000/svg"[39m
                  [36m>[39m
                    [36m<path[39m
                      [33md[39m=[32m"M10 11v6"[39m
                    [36m/>[39m
                    [36m<path[39m
                      [33md[39m=[32m"M14 11v6"[39m
                    [36m/>[39m
                    [36m<path[39m
                      [33md[39m=[32m"M19 6v14a2 2 0 0 1-2 2H7a2 2 0 0 1-2-2V6"[39m
                    [36m/>[39m
                    [36m<path[39m
                      [33md[39m=[32m"M3 6h18"[39m
                    [36m/>[39m
                    [36m<path[39m
                      [33md[39m=[32m"M8 6V4a2 2 0 0 1 2-2h4a2 2 0 0 1 2 2v2"[39m
                    [36m/>[39m
                  [36m</svg>[39m
                [36m</button>[39m
              [36m</td>[39m
            [36m</tr>[39m
          [36m</tbody>[39m
        [36m</table>[39m
      [36m</div>[39m
    [36m</div>[39m
  [36m</div>[39m
[36m</body>[39m

 [31m❯[39m src/test/integration/StatisticsFlow.test.tsx [2m([22m[2m1 test[22m[2m | [22m[31m1 failed[39m[2m)[22m[33m 1032[2mms[22m[39m
[31m     [31m×[31m renders matches list and opens statistics modal[39m[33m 1031[2mms[22m[39m

[31m⎯⎯⎯⎯⎯⎯⎯[39m[1m[41m Failed Tests 1 [49m[22m[31m⎯⎯⎯⎯⎯⎯⎯[39m

[41m[1m FAIL [22m[49m src/test/integration/StatisticsFlow.test.tsx[2m > [22mStatistics Flow Integration[2m > [22mrenders matches list and opens statistics modal
[31m[1mTestingLibraryElementError[22m[39m: Found multiple elements with the text: Home Team

Here are the matching elements:

Ignored nodes: comments, script, style
[36m<th[39m
  [33mclass[39m=[32m"px-6 py-3 text-right text-xs font-medium text-gray-500 uppercase tracking-wider"[39m
[36m>[39m
  [0mHome Team[0m
[36m</th>[39m

Ignored nodes: comments, script, style
[36m<td[39m
  [33mclass[39m=[32m"px-6 py-4 whitespace-nowrap text-sm font-medium text-gray-900 text-right"[39m
[36m>[39m
  [0mHome Team[0m
[36m</td>[39m

(If this is intentional, then use the `*AllBy*` variant of the query (like `queryAllByText`, `getAllByText`, or `findAllByText`)).

Ignored nodes: comments, script, style
[36m<body>[39m
  [36m<div>[39m
    [36m<div[39m
      [33mclass[39m=[32m"p-6 max-w-6xl mx-auto"[39m
    [36m>[39m
      [36m<div[39m
        [33mclass[39m=[32m"flex justify-between items-center mb-6"[39m
      [36m>[39m
        [36m<h1[39m
          [33mclass[39m=[32m"text-3xl font-bold text-gray-800"[39m
        [36m>[39m
          [0mMatches Management[0m
        [36m</h1>[39m
        [36m<button[39m
          [33mclass[39m=[32m"flex items-center gap-2 bg-indigo-600 text-white px-4 py-2 rounded-lg hover:bg-indigo-700 transition-colors"[39m
        [36m>[39m
          [36m<svg[39m
            [33maria-hidden[39m=[32m"true"[39m
            [33mclass[39m=[32m"lucide lucide-plus"[39m
            [33mfill[39m=[32m"none"[39m
            [33mheight[39m=[32m"20"[39m
            [33mstroke[39m=[32m"currentColor"[39m
            [33mstroke-linecap[39m=[32m"round"[39m
            [33mstroke-linejoin[39m=[32m"round"[39m
            [33mstroke-width[39m=[32m"2"[39m
            [33mviewBox[39m=[32m"0 0 24 24"[39m
            [33mwidth[39m=[32m"20"[39m
            [33mxmlns[39m=[32m"http://www.w3.org/2000/svg"[39m
          [36m>[39m
            [36m<path[39m
              [33md[39m=[32m"M5 12h14"[39m
            [36m/>[39m
            [36m<path[39m
              [33md[39m=[32m"M12 5v14"[39m
            [36m/>[39m
          [36m</svg>[39m
          [0mNew Match[0m
        [36m</button>[39m
      [36m</div>[39m
      [36m<div[39m
        [33mclass[39m=[32m"mb-6"[39m
      [36m>[39m
        [36m<div[39m
          [33mclass[39m=[32m"relative"[39m
        [36m>[39m
          [36m<svg[39m
            [33maria-hidden[39m=[32m"true"[39m
            [33mclass[39m=[32m"lucide lucide-search absolute left-3 top-1/2 transform -translate-y-1/2 text-gray-400"[39m
            [33mfill[39m=[32m"none"[39m
            [33mheight[39m=[32m"20"[39m
            [33mstroke[39m=[32m"currentColor"[39m
            [33mstroke-linecap[39m=[32m"round"[39m
            [33mstroke-linejoin[39m=[32m"round"[39m
            [33mstroke-width[39m=[32m"2"[39m
            [33mviewBox[39m=[32m"0 0 24 24"[39m
            [33mwidth[39m=[32m"20"[39m
            [33mxmlns[39m=[32m"http://www.w3.org/2000/svg"[39m
          [36m>[39m
            [36m<path[39m
              [33md[39m=[32m"m21 21-4.34-4.34"[39m
            [36m/>[39m
            [36m<circle[39m
              [33mcx[39m=[32m"11"[39m
              [33mcy[39m=[32m"11"[39m
              [33mr[39m=[32m"8"[39m
            [36m/>[39m
          [36m</svg>[39m
          [36m<input[39m
            [33mclass[39m=[32m"w-full pl-10 pr-4 py-2 border border-gray-300 rounded-lg focus:ring-2 focus:ring-indigo-500 focus:border-transparent"[39m
            [33mplaceholder[39m=[32m"Search matches by team name or date..."[39m
            [33mtype[39m=[32m"text"[39m
            [33mvalue[39m=[32m""[39m
          [36m/>[39m
        [36m</div>[39m
      [36m</div>[39m
      [36m<div[39m
        [33mclass[39m=[32m"bg-white rounded-xl shadow-lg overflow-hidden"[39m
      [36m>[39m
        [36m<table[39m
          [33mclass[39m=[32m"w-full"[39m
        [36m>[39m
          [36m<thead[39m
            [33mclass[39m=[32m"bg-gray-50 border-b border-gray-200"[39m
          [36m>[39m
            [36m<tr>[39m
              [36m<th[39m
                [33mclass[39m=[32m"px-6 py-3 text-left text-xs font-medium text-gray-500 uppercase tracking-wider"[39m
              [36m>[39m
                [0mDate[0m
              [36m</th>[39m
              [36m<th[39m
                [33mclass[39m=[32m"px-6 py-3 text-right text-xs font-medium text-gray-500 uppercase tracking-wider"[39m
              [36m>[39m
                [0mHome Team[0m
              [36m</th>[39m
              [36m<th[39m
                [33mclass[39m=[32m"px-6 py-3 text-center text-xs font-medium text-gray-500 uppercase tracking-wider"[39m
              [36m>[39m
                [0mResult[0m
              [36m</th>[39m
              [36m<th[39m
                [33mclass[39m=[32m"px-6 py-3 text-left text-xs font-medium text-gray-500 uppercase tracking-wider"[39m
              [36m>[39m
                [0mAway Team[0m
              [36m</th>[39m
              [36m<th[39m
                [33mclass[39m=[32m"px-6 py-3 text-left text-xs font-medium text-gray-500 uppercase tracking-wider"[39m
              [36m>[39m
                [0mStatus[0m
              [36m</th>[39m
              [36m<th[39m
                [33mclass[39m=[32m"px-6 py-3 text-right text-xs font-medium text-gray-500 uppercase tracking-wider"[39m
              [36m>[39m
                [0mActions[0m
              [36m</th>[39m
            [36m</tr>[39m
          [36m</thead>[39m
          [36m<tbody[39m
            [33mclass[39m=[32m"divide-y divide-gray-200"[39m
          [36m>[39m
            [36m<tr[39m
              [33mclass[39m=[32m"hover:bg-gray-50"[39m
            [36m>[39m
              [36m<td[39m
                [33mclass[39m=[32m"px-6 py-4 whitespace-nowrap text-sm text-gray-900"[39m
              [36m>[39m
                [36m<div[39m
                  [33mclass[39m=[32m"flex items-center gap-2"[39m
                [36m>[39m
                  [36m<svg[39m
                    [33maria-hidden[39m=[32m"true"[39m
                    [33mclass[39m=[32m"lucide lucide-calendar text-gray-400"[39m
                    [33mfill[39m=[32m"none"[39m
                    [33mheight[39m=[32m"16"[39m
                    [33mstroke[39m=[32m"currentColor"[39m
                    [33mstroke-linecap[39m=[32m"round"[39m
                    [33mstroke-linejoin[39m=[32m"round"[39m
                    [33mstroke-width[39m=[32m"2"[39m
                    [33mviewBox[39m=[32m"0 0 24 24"[39m
                    [33mwidth[39m=[32m"16"[39m
                    [33mxmlns[39m=[32m"http://www.w3.org/2000/svg"[39m
                  [36m>[39m
                    [36m<path[39m
                      [33md[39m=[32m"M8 2v4"[39m
                    [36m/>[39m
                    [36m<path[39m
                      [33md[39m=[32m"M16 2v4"[39m
                    [36m/>[39m
                    [36m<rect[39m
                      [33mheight[39m=[32m"18"[39m
                      [33mrx[39m=[32m"2"[39m
                      [33mwidth[39m=[32m"18"[39m
                      [33mx[39m=[32m"3"[39m
                      [33my[39m=[32m"4"[39m
                    [36m/>[39m
                    [36m<path[39m
                      [33md[39m=[32m"M3 10h18"[39m
                    [36m/>[39m
                  [36m</svg>[39m
                  [0mdv., 15 de nov. 2024, 18:00[0m
                [36m</div>[39m
              [36m</td>[39m
              [36m<td[39m
                [33mclass[39m=[32m"px-6 py-4 whitespace-nowrap text-sm font-medium text-gray-900 text-right"[39m
              [36m>[39m
                [0mHome Team[0m
              [36m</td>[39m
              [36m<td[39m
                [33mclass[39m=[32m"px-6 py-4 whitespace-nowrap text-sm font-bold text-gray-900 text-center"[39m
              [36m>[39m
                [36m<span[39m
                  [33mclass[39m=[32m"bg-gray-100 px-2 py-1 rounded"[39m
                [36m>[39m
                  [0m10[0m
                  [0m : [0m
                  [0m5[0m
                [36m</span>[39m
              [36m</td>[39m
              [36m<td[39m
                [33mclass[39m=[32m"px-6 py-4 whitespace-nowrap text-sm font-medium text-gray-900 text-left"[39m
              [36m>[39m
                [0mAway Team[0m
              [36m</td>[39m
              [36m<td[39m
                [33mclass[39m=[32m"px-6 py-4 whitespace-nowrap text-sm text-gray-500"[39m
              [36m>[39m
                [36m<span[39m
                  [33mclass[39m=[32m"inline-flex items-center px-2.5 py-0.5 rounded-full text-xs font-medium bg-green-100 text-green-800"[39m
                [36m>[39m
                  [0mFinished[0m
                [36m</span>[39m
              [36m</td>[39m
              [36m<td[39m
                [33mclass[39m=[32m"px-6 py-4 whitespace-nowrap text-right text-sm font-medium"[39m
              [36m>[39m
                [36m<button[39m
                  [33mclass[39m=[32m"text-green-600 hover:text-green-900 mr-4"[39m
                  [33mtitle[39m=[32m"View Statistics"[39m
                [36m>[39m
                  [36m<svg[39m
                    [33maria-hidden[39m=[32m"true"[39m
                    [33mclass[39m=[32m"lucide lucide-chart-column"[39m
                    [33mfill[39m=[32m"none"[39m
                    [33mheight[39m=[32m"18"[39m
                    [33mstroke[39m=[32m"currentColor"[39m
                    [33mstroke-linecap[39m=[32m"round"[39m
                    [33mstroke-linejoin[39m=[32m"round"[39m
                    [33mstroke-width[39m=[32m"2"[39m
                    [33mviewBox[39m=[32m"0 0 24 24"[39m
                    [33mwidth[39m=[32m"18"[39m
                    [33mxmlns[39m=[32m"http://www.w3.org/2000/svg"[39m
                  [36m>[39m
                    [36m<path[39m
                      [33md[39m=[32m"M3 3v16a2 2 0 0 0 2 2h16"[39m
                    [36m/>[39m
                    [36m<path[39m
                      [33md[39m=[32m"M18 17V9"[39m
                    [36m/>[39m
                    [36m<path[39m
                      [33md[39m=[32m"M13 17V5"[39m
                    [36m/>[39m
                    [36m<path[39m
                      [33md[39m=[32m"M8 17v-3"[39m
                    [36m/>[39m
                  [36m</svg>[39m
                [36m</button>[39m
                [36m<button[39m
                  [33mclass[39m=[32m"text-indigo-600 hover:text-indigo-900 mr-4"[39m
                  [33mtitle[39m=[32m"Edit Match"[39m
                [36m>[39m
                  [36m<svg[39m
                    [33maria-hidden[39m=[32m"true"[39m
                    [33mclass[39m=[32m"lucide lucide-pen"[39m
                    [33mfill[39m=[32m"none"[39m
                    [33mheight[39m=[32m"18"[39m
                    [33mstroke[39m=[32m"currentColor"[39m
                    [33mstroke-linecap[39m=[32m"round"[39m
                    [33mstroke-linejoin[39m=[32m"round"[39m
                    [33mstroke-width[39m=[32m"2"[39m
                    [33mviewBox[39m=[32m"0 0 24 24"[39m
                    [33mwidth[39m=[32m"18"[39m
                    [33mxmlns[39m=[32m"http://www.w3.org/2000/svg"[39m
                  [36m>[39m
                    [36m<path[39m
                      [33md[39m=[32m"M21.174 6.812a1 1 0 0 0-3.986-3.987L3.842 16.174a2 2 0 0 0-.5.83l-1.321 4.352a.5.5 0 0 0 .623.622l4.353-1.32a2 2 0 0 0 .83-.497z"[39m
                    [36m/>[39m
                  [36m</svg>[39m
                [36m</button>[39m
                [36m<button[39m
                  [33mclass[39m=[32m"text-red-600 hover:text-red-900"[39m
                  [33mtitle[39m=[32m"Delete Match"[39m
                [36m>[39m
                  [36m<svg[39m
                    [33maria-hidden[39m=[32m"true"[39m
                    [33mclass[39m=[32m"lucide lucide-trash2 lucide-trash-2"[39m
                    [33mfill[39m=[32m"none"[39m
                    [33mheight[39m=[32m"18"[39m
                    [33mstroke[39m=[32m"currentColor"[39m
                    [33mstroke-linecap[39m=[32m"round"[39m
                    [33mstroke-linejoin[39m=[32m"round"[39m
                    [33mstroke-width[39m=[32m"2"[39m
                    [33mviewBox[39m=[32m"0 0 24 24"[39m
                    [33mwidth[39m=[32m"18"[39m
                    [33mxmlns[39m=[32m"http://www.w3.org/2000/svg"[39m
                  [36m>[39m
                    [36m<path[39m
                      [33md[39m=[32m"M10 11v6"[39m
                    [36m/>[39m
                    [36m<path[39m
                      [33md[39m=[32m"M14 11v6"[39m
                    [36m/>[39m
                    [36m<path[39m
                      [33md[39m=[32m"M19 6v14a2 2 0 0 1-2 2H7a2 2 0 0 1-2-2V6"[39m
                    [36m/>[39m
                    [36m<path[39m
                      [33md[39m=[32m"M3 6h18"[39m
                    [36m/>[39m
                    [36m<path[39m
                      [33md[39m=[32m"M8 6V4a2 2 0 0 1 2-2h4a2 2 0 0 1 2 2v2"[39m
                    [36m/>[39m
                  [36m</svg>[39m
                [36m</button>[39m
              [36m</td>[39m
            [36m</tr>[39m
          [36m</tbody>[39m
        [36m</table>[39m
      [36m</div>[39m
    [36m</div>[39m
  [36m</div>[39m
[36m</body>[39m

Ignored nodes: comments, script, style
[36m<html>[39m
  [36m<head />[39m
  [36m<body>[39m
    [36m<div>[39m
      [36m<div[39m
        [33mclass[39m=[32m"p-6 max-w-6xl mx-auto"[39m
      [36m>[39m
        [36m<div[39m
          [33mclass[39m=[32m"flex justify-between items-center mb-6"[39m
        [36m>[39m
          [36m<h1[39m
            [33mclass[39m=[32m"text-3xl font-bold text-gray-800"[39m
          [36m>[39m
            [0mMatches Management[0m
          [36m</h1>[39m
          [36m<button[39m
            [33mclass[39m=[32m"flex items-center gap-2 bg-indigo-600 text-white px-4 py-2 rounded-lg hover:bg-indigo-700 transition-colors"[39m
          [36m>[39m
            [36m<svg[39m
              [33maria-hidden[39m=[32m"true"[39m
              [33mclass[39m=[32m"lucide lucide-plus"[39m
              [33mfill[39m=[32m"none"[39m
              [33mheight[39m=[32m"20"[39m
              [33mstroke[39m=[32m"currentColor"[39m
              [33mstroke-linecap[39m=[32m"round"[39m
              [33mstroke-linejoin[39m=[32m"round"[39m
              [33mstroke-width[39m=[32m"2"[39m
              [33mviewBox[39m=[32m"0 0 24 24"[39m
              [33mwidth[39m=[32m"20"[39m
              [33mxmlns[39m=[32m"http://www.w3.org/2000/svg"[39m
            [36m>[39m
              [36m<path[39m
                [33md[39m=[32m"M5 12h14"[39m
              [36m/>[39m
              [36m<path[39m
                [33md[39m=[32m"M12 5v14"[39m
              [36m/>[39m
            [36m</svg>[39m
            [0mNew Match[0m
          [36m</button>[39m
        [36m</div>[39m
        [36m<div[39m
          [33mclass[39m=[32m"mb-6"[39m
        [36m>[39m
          [36m<div[39m
            [33mclass[39m=[32m"relative"[39m
          [36m>[39m
            [36m<svg[39m
              [33maria-hidden[39m=[32m"true"[39m
              [33mclass[39m=[32m"lucide lucide-search absolute left-3 top-1/2 transform -translate-y-1/2 text-gray-400"[39m
              [33mfill[39m=[32m"none"[39m
              [33mheight[39m=[32m"20"[39m
              [33mstroke[39m=[32m"currentColor"[39m
              [33mstroke-linecap[39m=[32m"round"[39m
              [33mstroke-linejoin[39m=[32m"round"[39m
              [33mstroke-width[39m=[32m"2"[39m
              [33mviewBox[39m=[32m"0 0 24 24"[39m
              [33mwidth[39m=[32m"20"[39m
              [33mxmlns[39m=[32m"http://www.w3.org/2000/svg"[39m
            [36m>[39m
              [36m<path[39m
                [33md[39m=[32m"m21 21-4.34-4.34"[39m
              [36m/>[39m
              [36m<circle[39m
                [33mcx[39m=[32m"11"[39m
                [33mcy[39m=[32m"11"[39m
                [33mr[39m=[32m"8"[39m
              [36m/>[39m
            [36m</svg>[39m
            [36m<input[39m
              [33mclass[39m=[32m"w-full pl-10 pr-4 py-2 border border-gray-300 rounded-lg focus:ring-2 focus:ring-indigo-500 focus:border-transparent"[39m
              [33mplaceholder[39m=[32m"Search matches by team name or date..."[39m
              [33mtype[39m=[32m"text"[39m
              [33mvalue[39m=[32m""[39m
            [36m/>[39m
          [36m</div>[39m
        [36m</div>[39m
        [36m<div[39m
          [33mclass[39m=[32m"bg-white rounded-xl shadow-lg overflow-hidden"[39m
        [36m>[39m
          [36m<table[39m
            [33mclass[39m=[32m"w-full"[39m
          [36m>[39m
            [36m<thead[39m
              [33mclass[39m=[32m"bg-gray-50 border-b border-gray-200"[39m
            [36m>[39m
              [36m<tr>[39m
                [36m<th[39m
                  [33mclass[39m=[32m"px-6 py-3 text-left text-xs font-medium text-gray-500 uppercase tracking-wider"[39m
                [36m>[39m
                  [0mDate[0m
                [36m</th>[39m
                [36m<th[39m
                  [33mclass[39m=[32m"px-6 py-3 text-right text-xs font-medium text-gray-500 uppercase tracking-wider"[39m
                [36m>[39m
                  [0mHome Team[0m
                [36m</th>[39m
                [36m<th[39m
                  [33mclass[39m=[32m"px-6 py-3 text-center text-xs font-medium text-gray-500 uppercase tracking-wider"[39m
                [36m>[39m
                  [0mResult[0m
                [36m</th>[39m
                [36m<th[39m
                  [33mclass[39m=[32m"px-6 py-3 text-left text-xs font-medium text-gray-500 uppercase tracking-wider"[39m
                [36m>[39m
                  [0mAway Team[0m
                [36m</th>[39m
                [36m<th[39m
                  [33mclass[39m=[32m"px-6 py-3 text-left text-xs font-medium text-gray-500 uppercase tracking-wider"[39m
                [36m>[39m
                  [0mStatus[0m
                [36m</th>[39m
                [36m<th[39m
                  [33mclass[39m=[32m"px-6 py-3 text-right text-xs font-medium text-gray-500 uppercase tracking-wider"[39m
                [36m>[39m
                  [0mActions[0m
                [36m</th>[39m
              [36m</tr>[39m
            [36m</thead>[39m
            [36m<tbody[39m
              [33mclass[39m=[32m"divide-y divide-gray-200"[39m
            [36m>[39m
              [36m<tr[39m
                [33mclass[39m=[32m"hover:bg-gray-50"[39m
              [36m>[39m
                [36m<td[39m
                  [33mclass[39m=[32m"px-6 py-4 whitespace-nowrap text-sm text-gray-900"[39m
                [36m>[39m
                  [36m<div[39m
                    [33mclass[39m=[32m"flex items-center gap-2"[39m
                  [36m>[39m
                    [36m<svg[39m
                      [33maria-hidden[39m=[32m"true"[39m
                      [33mclass[39m=[32m"lucide lucide-calendar text-gray-400"[39m
                      [33mfill[39m=[32m"none"[39m
                      [33mheight[39m=[32m"16"[39m
                      [33mstroke[39m=[32m"currentColor"[39m
                      [33mstroke-linecap[39m=[32m"round"[39m
                      [33mstroke-linejoin[39m=[32m"round"[39m
                      [33mstroke-width[39m=[32m"2"[39m
                      [33mviewBox[39m=[32m"0 0 24 24"[39m
                      [33mwidth[39m=[32m"16"[39m
                      [33mxmlns[39m=[32m"http://www.w3.org/2000/svg"[39m
                    [36m>[39m
                      [36m<path[39m
                        [33md[39m=[32m"M8 2v4"[39m
                      [36m/>[39m
                      [36m<path[39m
                        [33md[39m=[32m"M16 2v4"[39m
                      [36m/>[39m
                      [36m<rect[39m
                        [33mheight[39m=[32m"18"[39m
                        [33mrx[39m=[32m"2"[39m
                        [33mwidth[39m=[32m"18"[39m
                        [33mx[39m=[32m"3"[39m
                        [33my[39m=[32m"4"[39m
                      [36m/>[39m
                      [36m<path[39m
                        [33md[39m=[32m"M3 10h18"[39m
                      [36m/>[39m
                    [36m</svg>[39m
                    [0mdv., 15 de nov. 2024, 18:00[0m
                  [36m</div>[39m
                [36m</td>[39m
                [36m<td[39m
                  [33mclass[39m=[32m"px-6 py-4 whitespace-nowrap text-sm font-medium text-gray-900 text-right"[39m
                [36m>[39m
                  [0mHome Team[0m
                [36m</td>[39m
                [36m<td[39m
                  [33mclass[39m=[32m"px-6 py-4 whitespace-nowrap text-sm font-bold text-gray-900 text-center"[39m
                [36m>[39m
                  [36m<span[39m
                    [33mclass[39m=[32m"bg-gray-100 px-2 py-1 rounded"[39m
                  [36m>[39m
                    [0m10[0m
                    [0m : [0m
                    [0m5[0m
                  [36m</span>[39m
                [36m</td>[39m
                [36m<td[39m
                  [33mclass[39m=[32m"px-6 py-4 whitespace-nowrap text-sm font-medium text-gray-900 text-left"[39m
                [36m>[39m
                  [0mAway Team[0m
                [36m</td>[39m
                [36m<td[39m
                  [33mclass[39m=[32m"px-6 py-4 whitespace-nowrap text-sm text-gray-500"[39m
                [36m>[39m
                  [36m<span[39m
                    [33mclass[39m=[32m"inline-flex items-center px-2.5 py-0.5 rounded-full text-xs font-medium bg-green-100 text-green-800"[39m
                  [36m>[39m
                    [0mFinished[0m
                  [36m</span>[39m
                [36m</td>[39m
                [36m<td[39m
                  [33mclass[39m=[32m"px-6 py-4 whitespace-nowrap text-right text-sm font-medium"[39m
                [36m>[39m
                  [36m<button[39m
                    [33mclass[39m=[32m"text-green-600 hover:text-green-900 mr-4"[39m
                    [33mtitle[39m=[32m"View Statistics"[39m
                  [36m>[39m
                    [36m<svg[39m
                      [33maria-hidden[39m=[32m"true"[39m
                      [33mclass[39m=[32m"lucide lucide-chart-column"[39m
                      [33mfill[39m=[32m"none"[39m
                      [33mheight[39m=[32m"18"[39m
                      [33mstroke[39m=[32m"currentColor"[39m
                      [33mstroke-linecap[39m=[32m"round"[39m
                      [33mstroke-linejoin[39m=[32m"round"[39m
                      [33mstroke-width[39m=[32m"2"[39m
                      [33mviewBox[39m=[32m"0 0 24 24"[39m
                      [33mwidth[39m=[32m"18"[39m
                      [33mxmlns[39m=[32m"http://www.w3.org/2000/svg"[39m
                    [36m>[39m
                      [36m<path[39m
                        [33md[39m=[32m"M3 3v16a2 2 0 0 0 2 2h16"[39m
                      [36m/>[39m
                      [36m<path[39m
                        [33md[39m=[32m"M18 17V9"[39m
                      [36m/>[39m
                      [36m<path[39m
                        [33md[39m=[32m"M13 17V5"[39m
                      [36m/>[39m
                      [36m<path[39m
                        [33md[39m=[32m"M8 17v-3"[39m
                      [36m/>[39m
                    [36m</svg>[39m
                  [36m</button>[39m
                  [36m<button[39m
                    [33mclass[39m=[32m"text-indigo-600 hover:text-indigo-900 mr-4"[39m
                    [33mtitle[39m=[32m"Edit Match"[39m
                  [36m>[39m
                    [36m<svg[39m
                      [33maria-hidden[39m=[32m"true"[39m
                      [33mclass[39m=[32m"lucide lucide-pen"[39m
                      [33mfill[39m=[32m"none"[39m
                      [33mheight[39m=[32m"18"[39m
                      [33mstroke[39m=[32m"currentColor"[39m
                      [33mstroke-linecap[39m=[32m"round"[39m
                      [33mstroke-linejoin[39m=[32m"round"[39m
                      [33mstroke-width[39m=[32m"2"[39m
                      [33mviewBox[39m=[32m"0 0 24 24"[39m
                      [33mwidth[39m=[32m"18"[39m
                      [33mxmlns[39m=[32m"http://www.w3.org/2000/svg"[39m
                    [36m>[39m
                      [36m<path[39m
                        [33md[39m=[32m"M21.174 6.812a1 1 0 0 0-3.986-3.987L3.842 16.174a2 2 0 0 0-.5.83l-1.321 4.352a.5.5 0 0 0 .623.622l4.353-1.32a2 2 0 0 0 .83-.497z"[39m
                      [36m/>[39m
                    [36m</svg>[39m
                  [36m</button>[39m
                  [36m<button[39m
                    [33mclass[39m=[32m"text-red-600 hover:text-red-900"[39m
                    [33mtitle[39m=[32m"Delete Match"[39m
                  [36m>[39m
                    [36m<svg[39m
                      [33maria-hidden[39m=[32m"true"[39m
                      [33mclass[39m=[32m"lucide lucide-trash2 lucide-trash-2"[39m
                      [33mfill[39m=[32m"none"[39m
                      [33mheight[39m=[32m"18"[39m
                      [33mstroke[39m=[32m"currentColor"[39m
                      [33mstroke-linecap[39m=[32m"round"[39m
                      [33mstroke-linejoin[39m=[32m"round"[39m
                      [33mstroke-width[39m=[32m"2"[39m
                      [33mviewBox[39m=[32m"0 0 24 24"[39m
                      [33mwidth[39m=[32m"18"[39m
                      [33mxmlns[39m=[32m"http://www.w3.org/2000/svg"[39m
                    [36m>[39m
                      [36m<path[39m
                        [33md[39m=[32m"M10 11v6"[39m
                      [36m/>[39m
                      [36m<path[39m
                        [33md[39m=[32m"M14 11v6"[39m
                      [36m/>[39m
                      [36m<path[39m
                        [33md[39m=[32m"M19 6v14a2 2 0 0 1-2 2H7a2 2 0 0 1-2-2V6"[39m
                      [36m/>[39m
                      [36m<path[39m
                        [33md[39m=[32m"M3 6h18"[39m
                      [36m/>[39m
                      [36m<path[39m
                        [33md[39m=[32m"M8 6V4a2 2 0 0 1 2-2h4a2 2 0 0 1 2 2v2"[39m
                      [36m/>[39m
                    [36m</svg>[39m
                  [36m</button>[39m
                [36m</td>[39m
              [36m</tr>[39m
            [36m</tbody>[39m
          [36m</table>[39m
        [36m</div>[39m
      [36m</div>[39m
    [36m</div>[39m
  [36m</body>[39m
[36m</html>[39m
[90m [2m❯[22m waitForWrapper node_modules/@testing-library/dom/dist/wait-for.js:[2m163:27[22m[39m
[36m [2m❯[22m src/test/integration/StatisticsFlow.test.tsx:[2m95:11[22m[39m
    [90m 93| [39m
    [90m 94| [39m    [90m// Check if match is rendered[39m
    [90m 95| [39m    [35mawait[39m [34mwaitFor[39m(() [33m=>[39m {
    [90m   | [39m          [31m^[39m
    [90m 96| [39m      [90m// screen.debug();[39m
    [90m 97| [39m      [34mexpect[39m(screen[33m.[39m[34mgetByText[39m([32m'Home Team'[39m))[33m.[39m[34mtoBeInTheDocument[39m()[33m;[39m

[31m[2m⎯⎯⎯⎯⎯⎯⎯⎯⎯⎯⎯⎯⎯⎯⎯⎯⎯⎯⎯⎯⎯⎯⎯⎯[1/1]⎯[22m[39m


[2m Test Files [22m [1m[31m1 failed[39m[22m[90m (1)[39m
[2m      Tests [22m [1m[31m1 failed[39m[22m[90m (1)[39m
[2m   Start at [22m 16:58:58
[2m   Duration [22m 1.23s

[1m[41m FAIL [49m[22m [31mTests failed. Watching for file changes...[39m
       [2mpress [22m[1mh[22m[2m to show help[22m[2m, [22m[2mpress [22m[1mq[22m[2m to quit[22m
c[3J[1m[44m RERUN [49m[22m [34m[2msrc/test/integration/StatisticsFlow.test.tsx [22m[34mx2 [34m[39m
       [2m Filename pattern: [22m[34msrc/test/integration/StatisticsFlow.test.tsx[39m

[90mstdout[2m | src/test/integration/StatisticsFlow.test.tsx[2m > [22m[2mStatistics Flow Integration[2m > [22m[2mrenders matches list and opens statistics modal
[22m[39mFetching matches...
Mock fetch called with: http://localhost:3000/api/matches
Mock fetch called with: http://localhost:3000/api/teams

[90mstdout[2m | src/test/integration/StatisticsFlow.test.tsx[2m > [22m[2mStatistics Flow Integration[2m > [22m[2mrenders matches list and opens statistics modal
[22m[39m[36m<body>[39m
  [36m<div>[39m
    [36m<div[39m
      [33mclass[39m=[32m"p-6 max-w-6xl mx-auto"[39m
    [36m>[39m
      [36m<div[39m
        [33mclass[39m=[32m"flex justify-between items-center mb-6"[39m
      [36m>[39m
        [36m<h1[39m
          [33mclass[39m=[32m"text-3xl font-bold text-gray-800"[39m
        [36m>[39m
          [0mMatches Management[0m
        [36m</h1>[39m
        [36m<button[39m
          [33mclass[39m=[32m"flex items-center gap-2 bg-indigo-600 text-white px-4 py-2 rounded-lg hover:bg-indigo-700 transition-colors"[39m
        [36m>[39m
          [36m<svg[39m
            [33maria-hidden[39m=[32m"true"[39m
            [33mclass[39m=[32m"lucide lucide-plus"[39m
            [33mfill[39m=[32m"none"[39m
            [33mheight[39m=[32m"20"[39m
            [33mstroke[39m=[32m"currentColor"[39m
            [33mstroke-linecap[39m=[32m"round"[39m
            [33mstroke-linejoin[39m=[32m"round"[39m
            [33mstroke-width[39m=[32m"2"[39m
            [33mviewBox[39m=[32m"0 0 24 24"[39m
            [33mwidth[39m=[32m"20"[39m
            [33mxmlns[39m=[32m"http://www.w3.org/2000/svg"[39m
          [36m>[39m
            [36m<path[39m
              [33md[39m=[32m"M5 12h14"[39m
            [36m/>[39m
            [36m<path[39m
              [33md[39m=[32m"M12 5v14"[39m
            [36m/>[39m
          [36m</svg>[39m
          [0mNew Match[0m
        [36m</button>[39m
      [36m</div>[39m
      [36m<div[39m
        [33mclass[39m=[32m"mb-6"[39m
      [36m>[39m
        [36m<div[39m
          [33mclass[39m=[32m"relative"[39m
        [36m>[39m
          [36m<svg[39m
            [33maria-hidden[39m=[32m"true"[39m
            [33mclass[39m=[32m"lucide lucide-search absolute left-3 top-1/2 transform -translate-y-1/2 text-gray-400"[39m
            [33mfill[39m=[32m"none"[39m
            [33mheight[39m=[32m"20"[39m
            [33mstroke[39m=[32m"currentColor"[39m
            [33mstroke-linecap[39m=[32m"round"[39m
            [33mstroke-linejoin[39m=[32m"round"[39m
            [33mstroke-width[39m=[32m"2"[39m
            [33mviewBox[39m=[32m"0 0 24 24"[39m
            [33mwidth[39m=[32m"20"[39m
            [33mxmlns[39m=[32m"http://www.w3.org/2000/svg"[39m
          [36m>[39m
            [36m<path[39m
              [33md[39m=[32m"m21 21-4.34-4.34"[39m
            [36m/>[39m
            [36m<circle[39m
              [33mcx[39m=[32m"11"[39m
              [33mcy[39m=[32m"11"[39m
              [33mr[39m=[32m"8"[39m
            [36m/>[39m
          [36m</svg>[39m
          [36m<input[39m
            [33mclass[39m=[32m"w-full pl-10 pr-4 py-2 border border-gray-300 rounded-lg focus:ring-2 focus:ring-indigo-500 focus:border-transparent"[39m
            [33mplaceholder[39m=[32m"Search matches by team name or date..."[39m
            [33mtype[39m=[32m"text"[39m
            [33mvalue[39m=[32m""[39m
          [36m/>[39m
        [36m</div>[39m
      [36m</div>[39m
      [36m<div[39m
        [33mclass[39m=[32m"bg-white rounded-xl shadow-lg overflow-hidden"[39m
      [36m>[39m
        [36m<table[39m
          [33mclass[39m=[32m"w-full"[39m
        [36m>[39m
          [36m<thead[39m
            [33mclass[39m=[32m"bg-gray-50 border-b border-gray-200"[39m
          [36m>[39m
            [36m<tr>[39m
              [36m<th[39m
                [33mclass[39m=[32m"px-6 py-3 text-left text-xs font-medium text-gray-500 uppercase tracking-wider"[39m
              [36m>[39m
                [0mDate[0m
              [36m</th>[39m
              [36m<th[39m
                [33mclass[39m=[32m"px-6 py-3 text-right text-xs font-medium text-gray-500 uppercase tracking-wider"[39m
              [36m>[39m
                [0mHome Team[0m
              [36m</th>[39m
              [36m<th[39m
                [33mclass[39m=[32m"px-6 py-3 text-center text-xs font-medium text-gray-500 uppercase tracking-wider"[39m
              [36m>[39m
                [0mResult[0m
              [36m</th>[39m
              [36m<th[39m
                [33mclass[39m=[32m"px-6 py-3 text-left text-xs font-medium text-gray-500 uppercase tracking-wider"[39m
              [36m>[39m
                [0mAway Team[0m
              [36m</th>[39m
              [36m<th[39m
                [33mclass[39m=[32m"px-6 py-3 text-left text-xs font-medium text-gray-500 uppercase tracking-wider"[39m
              [36m>[39m
                [0mStatus[0m
              [36m</th>[39m
              [36m<th[39m
                [33mclass[39m=[32m"px-6 py-3 text-right text-xs font-medium text-gray-500 uppercase tracking-wider"[39m
              [36m>[39m
                [0mActions[0m
              [36m</th>[39m
            [36m</tr>[39m
          [36m</thead>[39m
          [36m<tbody[39m
            [33mclass[39m=[32m"divide-y divide-gray-200"[39m
          [36m>[39m
            [36m<tr[39m
              [33mclass[39m=[32m"hover:bg-gray-50"[39m
            [36m>[39m
              [36m<td[39m
                [33mclass[39m=[32m"px-6 py-4 whitespace-nowrap text-sm text-gray-900"[39m
              [36m>[39m
                [36m<div[39m
                  [33mclass[39m=[32m"flex items-center gap-2"[39m
                [36m>[39m
                  [36m<svg[39m
                    [33maria-hidden[39m=[32m"true"[39m
                    [33mclass[39m=[32m"lucide lucide-calendar text-gray-400"[39m
                    [33mfill[39m=[32m"none"[39m
                    [33mheight[39m=[32m"16"[39m
                    [33mstroke[39m=[32m"currentColor"[39m
                    [33mstroke-linecap[39m=[32m"round"[39m
                    [33mstroke-linejoin[39m=[32m"round"[39m
                    [33mstroke-width[39m=[32m"2"[39m
                    [33mviewBox[39m=[32m"0 0 24 24"[39m
                    [33mwidth[39m=[32m"16"[39m
                    [33mxmlns[39m=[32m"http://www.w3.org/2000/svg"[39m
                  [36m>[39m
                    [36m<path[39m
                      [33md[39m=[32m"M8 2v4"[39m
                    [36m/>[39m
                    [36m<path[39m
                      [33md[39m=[32m"M16 2v4"[39m
                    [36m/>[39m
                    [36m<rect[39m
                      [33mheight[39m=[32m"18"[39m
                      [33mrx[39m=[32m"2"[39m
                      [33mwidth[39m=[32m"18"[39m
                      [33mx[39m=[32m"3"[39m
                      [33my[39m=[32m"4"[39m
                    [36m/>[39m
                    [36m<path[39m
                      [33md[39m=[32m"M3 10h18"[39m
                    [36m/>[39m
                  [36m</svg>[39m
                  [0mdv., 15 de nov. 2024, 18:00[0m
                [36m</div>[39m
              [36m</td>[39m
              [36m<td[39m
                [33mclass[39m=[32m"px-6 py-4 whitespace-nowrap text-sm font-medium text-gray-900 text-right"[39m
              [36m>[39m
                [0mHome Team[0m
              [36m</td>[39m
              [36m<td[39m
                [33mclass[39m=[32m"px-6 py-4 whitespace-nowrap text-sm font-bold text-gray-900 text-center"[39m
              [36m>[39m
                [36m<span[39m
                  [33mclass[39m=[32m"bg-gray-100 px-2 py-1 rounded"[39m
                [36m>[39m
                  [0m10[0m
                  [0m : [0m
                  [0m5[0m
                [36m</span>[39m
              [36m</td>[39m
              [36m<td[39m
                [33mclass[39m=[32m"px-6 py-4 whitespace-nowrap text-sm font-medium text-gray-900 text-left"[39m
              [36m>[39m
                [0mAway Team[0m
              [36m</td>[39m
              [36m<td[39m
                [33mclass[39m=[32m"px-6 py-4 whitespace-nowrap text-sm text-gray-500"[39m
              [36m>[39m
                [36m<span[39m
                  [33mclass[39m=[32m"inline-flex items-center px-2.5 py-0.5 rounded-full text-xs font-medium bg-green-100 text-green-800"[39m
                [36m>[39m
                  [0mFinished[0m
                [36m</span>[39m
              [36m</td>[39m
              [36m<td[39m
                [33mclass[39m=[32m"px-6 py-4 whitespace-nowrap text-right text-sm font-medium"[39m
              [36m>[39m
                [36m<button[39m
                  [33mclass[39m=[32m"text-green-600 hover:text-green-900 mr-4"[39m
                  [33mtitle[39m=[32m"View Statistics"[39m
                [36m>[39m
                  [36m<svg[39m
                    [33maria-hidden[39m=[32m"true"[39m
                    [33mclass[39m=[32m"lucide lucide-chart-column"[39m
                    [33mfill[39m=[32m"none"[39m
                    [33mheight[39m=[32m"18"[39m
                    [33mstroke[39m=[32m"currentColor"[39m
                    [33mstroke-linecap[39m=[32m"round"[39m
                    [33mstroke-linejoin[39m=[32m"round"[39m
                    [33mstroke-width[39m=[32m"2"[39m
                    [33mviewBox[39m=[32m"0 0 24 24"[39m
                    [33mwidth[39m=[32m"18"[39m
                    [33mxmlns[39m=[32m"http://www.w3.org/2000/svg"[39m
                  [36m>[39m
                    [36m<path[39m
                      [33md[39m=[32m"M3 3v16a2 2 0 0 0 2 2h16"[39m
                    [36m/>[39m
                    [36m<path[39m
                      [33md[39m=[32m"M18 17V9"[39m
                    [36m/>[39m
                    [36m<path[39m
                      [33md[39m=[32m"M13 17V5"[39m
                    [36m/>[39m
                    [36m<path[39m
                      [33md[39m=[32m"M8 17v-3"[39m
                    [36m/>[39m
                  [36m</svg>[39m
                [36m</button>[39m
                [36m<button[39m
                  [33mclass[39m=[32m"text-indigo-600 hover:text-indigo-900 mr-4"[39m
                  [33mtitle[39m=[32m"Edit Match"[39m
                [36m>[39m
                  [36m<svg[39m
                    [33maria-hidden[39m=[32m"true"[39m
                    [33mclass[39m=[32m"lucide lucide-pen"[39m
                    [33mfill[39m=[32m"none"[39m
                    [33mheight[39m=[32m"18"[39m
                    [33mstroke[39m=[32m"currentColor"[39m
                    [33mstroke-linecap[39m=[32m"round"[39m
                    [33mstroke-linejoin[39m=[32m"round"[39m
                    [33mstroke-width[39m=[32m"2"[39m
                    [33mviewBox[39m=[32m"0 0 24 24"[39m
                    [33mwidth[39m=[32m"18"[39m
                    [33mxmlns[39m=[32m"http://www.w3.org/2000/svg"[39m
                  [36m>[39m
                    [36m<path[39m
                      [33md[39m=[32m"M21.174 6.812a1 1 0 0 0-3.986-3.987L3.842 16.174a2 2 0 0 0-.5.83l-1.321 4.352a.5.5 0 0 0 .623.622l4.353-1.32a2 2 0 0 0 .83-.497z"[39m
                    [36m/>[39m
                  [36m</svg>[39m
                [36m</button>[39m
                [36m<button[39m
                  [33mclass[39m=[32m"text-red-600 hover:text-red-900"[39m
                  [33mtitle[39m=[32m"Delete Match"[39m
                [36m>[39m
                  [36m<svg[39m
                    [33maria-hidden[39m=[32m"true"[39m
                    [33mclass[39m=[32m"lucide lucide-trash2 lucide-trash-2"[39m
                    [33mfill[39m=[32m"none"[39m
                    [33mheight[39m=[32m"18"[39m
                    [33mstroke[39m=[32m"currentColor"[39m
                    [33mstroke-linecap[39m=[32m"round"[39m
                    [33mstroke-linejoin[39m=[32m"round"[39m
                    [33mstroke-width[39m=[32m"2"[39m
                    [33mviewBox[39m=[32m"0 0 24 24"[39m
                    [33mwidth[39m=[32m"18"[39m
                    [33mxmlns[39m=[32m"http://www.w3.org/2000/svg"[39m
                  [36m>[39m
                    [36m<path[39m
                      [33md[39m=[32m"M10 11v6"[39m
                    [36m/>[39m
                    [36m<path[39m
                      [33md[39m=[32m"M14 11v6"[39m
                    [36m/>[39m
                    [36m<path[39m
                      [33md[39m=[32m"M19 6v14a2 2 0 0 1-2 2H7a2 2 0 0 1-2-2V6"[39m
                    [36m/>[39m
                    [36m<path[39m
                      [33md[39m=[32m"M3 6h18"[39m
                    [36m/>[39m
                    [36m<path[39m
                      [33md[39m=[32m"M8 6V4a2 2 0 0 1 2-2h4a2 2 0 0 1 2 2v2"[39m
                    [36m/>[39m
                  [36m</svg>[39m
                [36m</button>[39m
              [36m</td>[39m
            [36m</tr>[39m
          [36m</tbody>[39m
        [36m</table>[39m
      [36m</div>[39m
    [36m</div>[39m
  [36m</div>[39m
[36m</body>[39m

 [31m❯[39m src/test/integration/StatisticsFlow.test.tsx [2m([22m[2m1 test[22m[2m | [22m[31m1 failed[39m[2m)[22m[33m 1025[2mms[22m[39m
[31m     [31m×[31m renders matches list and opens statistics modal[39m[33m 1024[2mms[22m[39m

[31m⎯⎯⎯⎯⎯⎯⎯[39m[1m[41m Failed Tests 1 [49m[22m[31m⎯⎯⎯⎯⎯⎯⎯[39m

[41m[1m FAIL [22m[49m src/test/integration/StatisticsFlow.test.tsx[2m > [22mStatistics Flow Integration[2m > [22mrenders matches list and opens statistics modal
[31m[1mTestingLibraryElementError[22m[39m: Found multiple elements with the text: Away Team

Here are the matching elements:

Ignored nodes: comments, script, style
[36m<th[39m
  [33mclass[39m=[32m"px-6 py-3 text-left text-xs font-medium text-gray-500 uppercase tracking-wider"[39m
[36m>[39m
  [0mAway Team[0m
[36m</th>[39m

Ignored nodes: comments, script, style
[36m<td[39m
  [33mclass[39m=[32m"px-6 py-4 whitespace-nowrap text-sm font-medium text-gray-900 text-left"[39m
[36m>[39m
  [0mAway Team[0m
[36m</td>[39m

(If this is intentional, then use the `*AllBy*` variant of the query (like `queryAllByText`, `getAllByText`, or `findAllByText`)).

Ignored nodes: comments, script, style
[36m<body>[39m
  [36m<div>[39m
    [36m<div[39m
      [33mclass[39m=[32m"p-6 max-w-6xl mx-auto"[39m
    [36m>[39m
      [36m<div[39m
        [33mclass[39m=[32m"flex justify-between items-center mb-6"[39m
      [36m>[39m
        [36m<h1[39m
          [33mclass[39m=[32m"text-3xl font-bold text-gray-800"[39m
        [36m>[39m
          [0mMatches Management[0m
        [36m</h1>[39m
        [36m<button[39m
          [33mclass[39m=[32m"flex items-center gap-2 bg-indigo-600 text-white px-4 py-2 rounded-lg hover:bg-indigo-700 transition-colors"[39m
        [36m>[39m
          [36m<svg[39m
            [33maria-hidden[39m=[32m"true"[39m
            [33mclass[39m=[32m"lucide lucide-plus"[39m
            [33mfill[39m=[32m"none"[39m
            [33mheight[39m=[32m"20"[39m
            [33mstroke[39m=[32m"currentColor"[39m
            [33mstroke-linecap[39m=[32m"round"[39m
            [33mstroke-linejoin[39m=[32m"round"[39m
            [33mstroke-width[39m=[32m"2"[39m
            [33mviewBox[39m=[32m"0 0 24 24"[39m
            [33mwidth[39m=[32m"20"[39m
            [33mxmlns[39m=[32m"http://www.w3.org/2000/svg"[39m
          [36m>[39m
            [36m<path[39m
              [33md[39m=[32m"M5 12h14"[39m
            [36m/>[39m
            [36m<path[39m
              [33md[39m=[32m"M12 5v14"[39m
            [36m/>[39m
          [36m</svg>[39m
          [0mNew Match[0m
        [36m</button>[39m
      [36m</div>[39m
      [36m<div[39m
        [33mclass[39m=[32m"mb-6"[39m
      [36m>[39m
        [36m<div[39m
          [33mclass[39m=[32m"relative"[39m
        [36m>[39m
          [36m<svg[39m
            [33maria-hidden[39m=[32m"true"[39m
            [33mclass[39m=[32m"lucide lucide-search absolute left-3 top-1/2 transform -translate-y-1/2 text-gray-400"[39m
            [33mfill[39m=[32m"none"[39m
            [33mheight[39m=[32m"20"[39m
            [33mstroke[39m=[32m"currentColor"[39m
            [33mstroke-linecap[39m=[32m"round"[39m
            [33mstroke-linejoin[39m=[32m"round"[39m
            [33mstroke-width[39m=[32m"2"[39m
            [33mviewBox[39m=[32m"0 0 24 24"[39m
            [33mwidth[39m=[32m"20"[39m
            [33mxmlns[39m=[32m"http://www.w3.org/2000/svg"[39m
          [36m>[39m
            [36m<path[39m
              [33md[39m=[32m"m21 21-4.34-4.34"[39m
            [36m/>[39m
            [36m<circle[39m
              [33mcx[39m=[32m"11"[39m
              [33mcy[39m=[32m"11"[39m
              [33mr[39m=[32m"8"[39m
            [36m/>[39m
          [36m</svg>[39m
          [36m<input[39m
            [33mclass[39m=[32m"w-full pl-10 pr-4 py-2 border border-gray-300 rounded-lg focus:ring-2 focus:ring-indigo-500 focus:border-transparent"[39m
            [33mplaceholder[39m=[32m"Search matches by team name or date..."[39m
            [33mtype[39m=[32m"text"[39m
            [33mvalue[39m=[32m""[39m
          [36m/>[39m
        [36m</div>[39m
      [36m</div>[39m
      [36m<div[39m
        [33mclass[39m=[32m"bg-white rounded-xl shadow-lg overflow-hidden"[39m
      [36m>[39m
        [36m<table[39m
          [33mclass[39m=[32m"w-full"[39m
        [36m>[39m
          [36m<thead[39m
            [33mclass[39m=[32m"bg-gray-50 border-b border-gray-200"[39m
          [36m>[39m
            [36m<tr>[39m
              [36m<th[39m
                [33mclass[39m=[32m"px-6 py-3 text-left text-xs font-medium text-gray-500 uppercase tracking-wider"[39m
              [36m>[39m
                [0mDate[0m
              [36m</th>[39m
              [36m<th[39m
                [33mclass[39m=[32m"px-6 py-3 text-right text-xs font-medium text-gray-500 uppercase tracking-wider"[39m
              [36m>[39m
                [0mHome Team[0m
              [36m</th>[39m
              [36m<th[39m
                [33mclass[39m=[32m"px-6 py-3 text-center text-xs font-medium text-gray-500 uppercase tracking-wider"[39m
              [36m>[39m
                [0mResult[0m
              [36m</th>[39m
              [36m<th[39m
                [33mclass[39m=[32m"px-6 py-3 text-left text-xs font-medium text-gray-500 uppercase tracking-wider"[39m
              [36m>[39m
                [0mAway Team[0m
              [36m</th>[39m
              [36m<th[39m
                [33mclass[39m=[32m"px-6 py-3 text-left text-xs font-medium text-gray-500 uppercase tracking-wider"[39m
              [36m>[39m
                [0mStatus[0m
              [36m</th>[39m
              [36m<th[39m
                [33mclass[39m=[32m"px-6 py-3 text-right text-xs font-medium text-gray-500 uppercase tracking-wider"[39m
              [36m>[39m
                [0mActions[0m
              [36m</th>[39m
            [36m</tr>[39m
          [36m</thead>[39m
          [36m<tbody[39m
            [33mclass[39m=[32m"divide-y divide-gray-200"[39m
          [36m>[39m
            [36m<tr[39m
              [33mclass[39m=[32m"hover:bg-gray-50"[39m
            [36m>[39m
              [36m<td[39m
                [33mclass[39m=[32m"px-6 py-4 whitespace-nowrap text-sm text-gray-900"[39m
              [36m>[39m
                [36m<div[39m
                  [33mclass[39m=[32m"flex items-center gap-2"[39m
                [36m>[39m
                  [36m<svg[39m
                    [33maria-hidden[39m=[32m"true"[39m
                    [33mclass[39m=[32m"lucide lucide-calendar text-gray-400"[39m
                    [33mfill[39m=[32m"none"[39m
                    [33mheight[39m=[32m"16"[39m
                    [33mstroke[39m=[32m"currentColor"[39m
                    [33mstroke-linecap[39m=[32m"round"[39m
                    [33mstroke-linejoin[39m=[32m"round"[39m
                    [33mstroke-width[39m=[32m"2"[39m
                    [33mviewBox[39m=[32m"0 0 24 24"[39m
                    [33mwidth[39m=[32m"16"[39m
                    [33mxmlns[39m=[32m"http://www.w3.org/2000/svg"[39m
                  [36m>[39m
                    [36m<path[39m
                      [33md[39m=[32m"M8 2v4"[39m
                    [36m/>[39m
                    [36m<path[39m
                      [33md[39m=[32m"M16 2v4"[39m
                    [36m/>[39m
                    [36m<rect[39m
                      [33mheight[39m=[32m"18"[39m
                      [33mrx[39m=[32m"2"[39m
                      [33mwidth[39m=[32m"18"[39m
                      [33mx[39m=[32m"3"[39m
                      [33my[39m=[32m"4"[39m
                    [36m/>[39m
                    [36m<path[39m
                      [33md[39m=[32m"M3 10h18"[39m
                    [36m/>[39m
                  [36m</svg>[39m
                  [0mdv., 15 de nov. 2024, 18:00[0m
                [36m</div>[39m
              [36m</td>[39m
              [36m<td[39m
                [33mclass[39m=[32m"px-6 py-4 whitespace-nowrap text-sm font-medium text-gray-900 text-right"[39m
              [36m>[39m
                [0mHome Team[0m
              [36m</td>[39m
              [36m<td[39m
                [33mclass[39m=[32m"px-6 py-4 whitespace-nowrap text-sm font-bold text-gray-900 text-center"[39m
              [36m>[39m
                [36m<span[39m
                  [33mclass[39m=[32m"bg-gray-100 px-2 py-1 rounded"[39m
                [36m>[39m
                  [0m10[0m
                  [0m : [0m
                  [0m5[0m
                [36m</span>[39m
              [36m</td>[39m
              [36m<td[39m
                [33mclass[39m=[32m"px-6 py-4 whitespace-nowrap text-sm font-medium text-gray-900 text-left"[39m
              [36m>[39m
                [0mAway Team[0m
              [36m</td>[39m
              [36m<td[39m
                [33mclass[39m=[32m"px-6 py-4 whitespace-nowrap text-sm text-gray-500"[39m
              [36m>[39m
                [36m<span[39m
                  [33mclass[39m=[32m"inline-flex items-center px-2.5 py-0.5 rounded-full text-xs font-medium bg-green-100 text-green-800"[39m
                [36m>[39m
                  [0mFinished[0m
                [36m</span>[39m
              [36m</td>[39m
              [36m<td[39m
                [33mclass[39m=[32m"px-6 py-4 whitespace-nowrap text-right text-sm font-medium"[39m
              [36m>[39m
                [36m<button[39m
                  [33mclass[39m=[32m"text-green-600 hover:text-green-900 mr-4"[39m
                  [33mtitle[39m=[32m"View Statistics"[39m
                [36m>[39m
                  [36m<svg[39m
                    [33maria-hidden[39m=[32m"true"[39m
                    [33mclass[39m=[32m"lucide lucide-chart-column"[39m
                    [33mfill[39m=[32m"none"[39m
                    [33mheight[39m=[32m"18"[39m
                    [33mstroke[39m=[32m"currentColor"[39m
                    [33mstroke-linecap[39m=[32m"round"[39m
                    [33mstroke-linejoin[39m=[32m"round"[39m
                    [33mstroke-width[39m=[32m"2"[39m
                    [33mviewBox[39m=[32m"0 0 24 24"[39m
                    [33mwidth[39m=[32m"18"[39m
                    [33mxmlns[39m=[32m"http://www.w3.org/2000/svg"[39m
                  [36m>[39m
                    [36m<path[39m
                      [33md[39m=[32m"M3 3v16a2 2 0 0 0 2 2h16"[39m
                    [36m/>[39m
                    [36m<path[39m
                      [33md[39m=[32m"M18 17V9"[39m
                    [36m/>[39m
                    [36m<path[39m
                      [33md[39m=[32m"M13 17V5"[39m
                    [36m/>[39m
                    [36m<path[39m
                      [33md[39m=[32m"M8 17v-3"[39m
                    [36m/>[39m
                  [36m</svg>[39m
                [36m</button>[39m
                [36m<button[39m
                  [33mclass[39m=[32m"text-indigo-600 hover:text-indigo-900 mr-4"[39m
                  [33mtitle[39m=[32m"Edit Match"[39m
                [36m>[39m
                  [36m<svg[39m
                    [33maria-hidden[39m=[32m"true"[39m
                    [33mclass[39m=[32m"lucide lucide-pen"[39m
                    [33mfill[39m=[32m"none"[39m
                    [33mheight[39m=[32m"18"[39m
                    [33mstroke[39m=[32m"currentColor"[39m
                    [33mstroke-linecap[39m=[32m"round"[39m
                    [33mstroke-linejoin[39m=[32m"round"[39m
                    [33mstroke-width[39m=[32m"2"[39m
                    [33mviewBox[39m=[32m"0 0 24 24"[39m
                    [33mwidth[39m=[32m"18"[39m
                    [33mxmlns[39m=[32m"http://www.w3.org/2000/svg"[39m
                  [36m>[39m
                    [36m<path[39m
                      [33md[39m=[32m"M21.174 6.812a1 1 0 0 0-3.986-3.987L3.842 16.174a2 2 0 0 0-.5.83l-1.321 4.352a.5.5 0 0 0 .623.622l4.353-1.32a2 2 0 0 0 .83-.497z"[39m
                    [36m/>[39m
                  [36m</svg>[39m
                [36m</button>[39m
                [36m<button[39m
                  [33mclass[39m=[32m"text-red-600 hover:text-red-900"[39m
                  [33mtitle[39m=[32m"Delete Match"[39m
                [36m>[39m
                  [36m<svg[39m
                    [33maria-hidden[39m=[32m"true"[39m
                    [33mclass[39m=[32m"lucide lucide-trash2 lucide-trash-2"[39m
                    [33mfill[39m=[32m"none"[39m
                    [33mheight[39m=[32m"18"[39m
                    [33mstroke[39m=[32m"currentColor"[39m
                    [33mstroke-linecap[39m=[32m"round"[39m
                    [33mstroke-linejoin[39m=[32m"round"[39m
                    [33mstroke-width[39m=[32m"2"[39m
                    [33mviewBox[39m=[32m"0 0 24 24"[39m
                    [33mwidth[39m=[32m"18"[39m
                    [33mxmlns[39m=[32m"http://www.w3.org/2000/svg"[39m
                  [36m>[39m
                    [36m<path[39m
                      [33md[39m=[32m"M10 11v6"[39m
                    [36m/>[39m
                    [36m<path[39m
                      [33md[39m=[32m"M14 11v6"[39m
                    [36m/>[39m
                    [36m<path[39m
                      [33md[39m=[32m"M19 6v14a2 2 0 0 1-2 2H7a2 2 0 0 1-2-2V6"[39m
                    [36m/>[39m
                    [36m<path[39m
                      [33md[39m=[32m"M3 6h18"[39m
                    [36m/>[39m
                    [36m<path[39m
                      [33md[39m=[32m"M8 6V4a2 2 0 0 1 2-2h4a2 2 0 0 1 2 2v2"[39m
                    [36m/>[39m
                  [36m</svg>[39m
                [36m</button>[39m
              [36m</td>[39m
            [36m</tr>[39m
          [36m</tbody>[39m
        [36m</table>[39m
      [36m</div>[39m
    [36m</div>[39m
  [36m</div>[39m
[36m</body>[39m

Ignored nodes: comments, script, style
[36m<html>[39m
  [36m<head />[39m
  [36m<body>[39m
    [36m<div>[39m
      [36m<div[39m
        [33mclass[39m=[32m"p-6 max-w-6xl mx-auto"[39m
      [36m>[39m
        [36m<div[39m
          [33mclass[39m=[32m"flex justify-between items-center mb-6"[39m
        [36m>[39m
          [36m<h1[39m
            [33mclass[39m=[32m"text-3xl font-bold text-gray-800"[39m
          [36m>[39m
            [0mMatches Management[0m
          [36m</h1>[39m
          [36m<button[39m
            [33mclass[39m=[32m"flex items-center gap-2 bg-indigo-600 text-white px-4 py-2 rounded-lg hover:bg-indigo-700 transition-colors"[39m
          [36m>[39m
            [36m<svg[39m
              [33maria-hidden[39m=[32m"true"[39m
              [33mclass[39m=[32m"lucide lucide-plus"[39m
              [33mfill[39m=[32m"none"[39m
              [33mheight[39m=[32m"20"[39m
              [33mstroke[39m=[32m"currentColor"[39m
              [33mstroke-linecap[39m=[32m"round"[39m
              [33mstroke-linejoin[39m=[32m"round"[39m
              [33mstroke-width[39m=[32m"2"[39m
              [33mviewBox[39m=[32m"0 0 24 24"[39m
              [33mwidth[39m=[32m"20"[39m
              [33mxmlns[39m=[32m"http://www.w3.org/2000/svg"[39m
            [36m>[39m
              [36m<path[39m
                [33md[39m=[32m"M5 12h14"[39m
              [36m/>[39m
              [36m<path[39m
                [33md[39m=[32m"M12 5v14"[39m
              [36m/>[39m
            [36m</svg>[39m
            [0mNew Match[0m
          [36m</button>[39m
        [36m</div>[39m
        [36m<div[39m
          [33mclass[39m=[32m"mb-6"[39m
        [36m>[39m
          [36m<div[39m
            [33mclass[39m=[32m"relative"[39m
          [36m>[39m
            [36m<svg[39m
              [33maria-hidden[39m=[32m"true"[39m
              [33mclass[39m=[32m"lucide lucide-search absolute left-3 top-1/2 transform -translate-y-1/2 text-gray-400"[39m
              [33mfill[39m=[32m"none"[39m
              [33mheight[39m=[32m"20"[39m
              [33mstroke[39m=[32m"currentColor"[39m
              [33mstroke-linecap[39m=[32m"round"[39m
              [33mstroke-linejoin[39m=[32m"round"[39m
              [33mstroke-width[39m=[32m"2"[39m
              [33mviewBox[39m=[32m"0 0 24 24"[39m
              [33mwidth[39m=[32m"20"[39m
              [33mxmlns[39m=[32m"http://www.w3.org/2000/svg"[39m
            [36m>[39m
              [36m<path[39m
                [33md[39m=[32m"m21 21-4.34-4.34"[39m
              [36m/>[39m
              [36m<circle[39m
                [33mcx[39m=[32m"11"[39m
                [33mcy[39m=[32m"11"[39m
                [33mr[39m=[32m"8"[39m
              [36m/>[39m
            [36m</svg>[39m
            [36m<input[39m
              [33mclass[39m=[32m"w-full pl-10 pr-4 py-2 border border-gray-300 rounded-lg focus:ring-2 focus:ring-indigo-500 focus:border-transparent"[39m
              [33mplaceholder[39m=[32m"Search matches by team name or date..."[39m
              [33mtype[39m=[32m"text"[39m
              [33mvalue[39m=[32m""[39m
            [36m/>[39m
          [36m</div>[39m
        [36m</div>[39m
        [36m<div[39m
          [33mclass[39m=[32m"bg-white rounded-xl shadow-lg overflow-hidden"[39m
        [36m>[39m
          [36m<table[39m
            [33mclass[39m=[32m"w-full"[39m
          [36m>[39m
            [36m<thead[39m
              [33mclass[39m=[32m"bg-gray-50 border-b border-gray-200"[39m
            [36m>[39m
              [36m<tr>[39m
                [36m<th[39m
                  [33mclass[39m=[32m"px-6 py-3 text-left text-xs font-medium text-gray-500 uppercase tracking-wider"[39m
                [36m>[39m
                  [0mDate[0m
                [36m</th>[39m
                [36m<th[39m
                  [33mclass[39m=[32m"px-6 py-3 text-right text-xs font-medium text-gray-500 uppercase tracking-wider"[39m
                [36m>[39m
                  [0mHome Team[0m
                [36m</th>[39m
                [36m<th[39m
                  [33mclass[39m=[32m"px-6 py-3 text-center text-xs font-medium text-gray-500 uppercase tracking-wider"[39m
                [36m>[39m
                  [0mResult[0m
                [36m</th>[39m
                [36m<th[39m
                  [33mclass[39m=[32m"px-6 py-3 text-left text-xs font-medium text-gray-500 uppercase tracking-wider"[39m
                [36m>[39m
                  [0mAway Team[0m
                [36m</th>[39m
                [36m<th[39m
                  [33mclass[39m=[32m"px-6 py-3 text-left text-xs font-medium text-gray-500 uppercase tracking-wider"[39m
                [36m>[39m
                  [0mStatus[0m
                [36m</th>[39m
                [36m<th[39m
                  [33mclass[39m=[32m"px-6 py-3 text-right text-xs font-medium text-gray-500 uppercase tracking-wider"[39m
                [36m>[39m
                  [0mActions[0m
                [36m</th>[39m
              [36m</tr>[39m
            [36m</thead>[39m
            [36m<tbody[39m
              [33mclass[39m=[32m"divide-y divide-gray-200"[39m
            [36m>[39m
              [36m<tr[39m
                [33mclass[39m=[32m"hover:bg-gray-50"[39m
              [36m>[39m
                [36m<td[39m
                  [33mclass[39m=[32m"px-6 py-4 whitespace-nowrap text-sm text-gray-900"[39m
                [36m>[39m
                  [36m<div[39m
                    [33mclass[39m=[32m"flex items-center gap-2"[39m
                  [36m>[39m
                    [36m<svg[39m
                      [33maria-hidden[39m=[32m"true"[39m
                      [33mclass[39m=[32m"lucide lucide-calendar text-gray-400"[39m
                      [33mfill[39m=[32m"none"[39m
                      [33mheight[39m=[32m"16"[39m
                      [33mstroke[39m=[32m"currentColor"[39m
                      [33mstroke-linecap[39m=[32m"round"[39m
                      [33mstroke-linejoin[39m=[32m"round"[39m
                      [33mstroke-width[39m=[32m"2"[39m
                      [33mviewBox[39m=[32m"0 0 24 24"[39m
                      [33mwidth[39m=[32m"16"[39m
                      [33mxmlns[39m=[32m"http://www.w3.org/2000/svg"[39m
                    [36m>[39m
                      [36m<path[39m
                        [33md[39m=[32m"M8 2v4"[39m
                      [36m/>[39m
                      [36m<path[39m
                        [33md[39m=[32m"M16 2v4"[39m
                      [36m/>[39m
                      [36m<rect[39m
                        [33mheight[39m=[32m"18"[39m
                        [33mrx[39m=[32m"2"[39m
                        [33mwidth[39m=[32m"18"[39m
                        [33mx[39m=[32m"3"[39m
                        [33my[39m=[32m"4"[39m
                      [36m/>[39m
                      [36m<path[39m
                        [33md[39m=[32m"M3 10h18"[39m
                      [36m/>[39m
                    [36m</svg>[39m
                    [0mdv., 15 de nov. 2024, 18:00[0m
                  [36m</div>[39m
                [36m</td>[39m
                [36m<td[39m
                  [33mclass[39m=[32m"px-6 py-4 whitespace-nowrap text-sm font-medium text-gray-900 text-right"[39m
                [36m>[39m
                  [0mHome Team[0m
                [36m</td>[39m
                [36m<td[39m
                  [33mclass[39m=[32m"px-6 py-4 whitespace-nowrap text-sm font-bold text-gray-900 text-center"[39m
                [36m>[39m
                  [36m<span[39m
                    [33mclass[39m=[32m"bg-gray-100 px-2 py-1 rounded"[39m
                  [36m>[39m
                    [0m10[0m
                    [0m : [0m
                    [0m5[0m
                  [36m</span>[39m
                [36m</td>[39m
                [36m<td[39m
                  [33mclass[39m=[32m"px-6 py-4 whitespace-nowrap text-sm font-medium text-gray-900 text-left"[39m
                [36m>[39m
                  [0mAway Team[0m
                [36m</td>[39m
                [36m<td[39m
                  [33mclass[39m=[32m"px-6 py-4 whitespace-nowrap text-sm text-gray-500"[39m
                [36m>[39m
                  [36m<span[39m
                    [33mclass[39m=[32m"inline-flex items-center px-2.5 py-0.5 rounded-full text-xs font-medium bg-green-100 text-green-800"[39m
                  [36m>[39m
                    [0mFinished[0m
                  [36m</span>[39m
                [36m</td>[39m
                [36m<td[39m
                  [33mclass[39m=[32m"px-6 py-4 whitespace-nowrap text-right text-sm font-medium"[39m
                [36m>[39m
                  [36m<button[39m
                    [33mclass[39m=[32m"text-green-600 hover:text-green-900 mr-4"[39m
                    [33mtitle[39m=[32m"View Statistics"[39m
                  [36m>[39m
                    [36m<svg[39m
                      [33maria-hidden[39m=[32m"true"[39m
                      [33mclass[39m=[32m"lucide lucide-chart-column"[39m
                      [33mfill[39m=[32m"none"[39m
                      [33mheight[39m=[32m"18"[39m
                      [33mstroke[39m=[32m"currentColor"[39m
                      [33mstroke-linecap[39m=[32m"round"[39m
                      [33mstroke-linejoin[39m=[32m"round"[39m
                      [33mstroke-width[39m=[32m"2"[39m
                      [33mviewBox[39m=[32m"0 0 24 24"[39m
                      [33mwidth[39m=[32m"18"[39m
                      [33mxmlns[39m=[32m"http://www.w3.org/2000/svg"[39m
                    [36m>[39m
                      [36m<path[39m
                        [33md[39m=[32m"M3 3v16a2 2 0 0 0 2 2h16"[39m
                      [36m/>[39m
                      [36m<path[39m
                        [33md[39m=[32m"M18 17V9"[39m
                      [36m/>[39m
                      [36m<path[39m
                        [33md[39m=[32m"M13 17V5"[39m
                      [36m/>[39m
                      [36m<path[39m
                        [33md[39m=[32m"M8 17v-3"[39m
                      [36m/>[39m
                    [36m</svg>[39m
                  [36m</button>[39m
                  [36m<button[39m
                    [33mclass[39m=[32m"text-indigo-600 hover:text-indigo-900 mr-4"[39m
                    [33mtitle[39m=[32m"Edit Match"[39m
                  [36m>[39m
                    [36m<svg[39m
                      [33maria-hidden[39m=[32m"true"[39m
                      [33mclass[39m=[32m"lucide lucide-pen"[39m
                      [33mfill[39m=[32m"none"[39m
                      [33mheight[39m=[32m"18"[39m
                      [33mstroke[39m=[32m"currentColor"[39m
                      [33mstroke-linecap[39m=[32m"round"[39m
                      [33mstroke-linejoin[39m=[32m"round"[39m
                      [33mstroke-width[39m=[32m"2"[39m
                      [33mviewBox[39m=[32m"0 0 24 24"[39m
                      [33mwidth[39m=[32m"18"[39m
                      [33mxmlns[39m=[32m"http://www.w3.org/2000/svg"[39m
                    [36m>[39m
                      [36m<path[39m
                        [33md[39m=[32m"M21.174 6.812a1 1 0 0 0-3.986-3.987L3.842 16.174a2 2 0 0 0-.5.83l-1.321 4.352a.5.5 0 0 0 .623.622l4.353-1.32a2 2 0 0 0 .83-.497z"[39m
                      [36m/>[39m
                    [36m</svg>[39m
                  [36m</button>[39m
                  [36m<button[39m
                    [33mclass[39m=[32m"text-red-600 hover:text-red-900"[39m
                    [33mtitle[39m=[32m"Delete Match"[39m
                  [36m>[39m
                    [36m<svg[39m
                      [33maria-hidden[39m=[32m"true"[39m
                      [33mclass[39m=[32m"lucide lucide-trash2 lucide-trash-2"[39m
                      [33mfill[39m=[32m"none"[39m
                      [33mheight[39m=[32m"18"[39m
                      [33mstroke[39m=[32m"currentColor"[39m
                      [33mstroke-linecap[39m=[32m"round"[39m
                      [33mstroke-linejoin[39m=[32m"round"[39m
                      [33mstroke-width[39m=[32m"2"[39m
                      [33mviewBox[39m=[32m"0 0 24 24"[39m
                      [33mwidth[39m=[32m"18"[39m
                      [33mxmlns[39m=[32m"http://www.w3.org/2000/svg"[39m
                    [36m>[39m
                      [36m<path[39m
                        [33md[39m=[32m"M10 11v6"[39m
                      [36m/>[39m
                      [36m<path[39m
                        [33md[39m=[32m"M14 11v6"[39m
                      [36m/>[39m
                      [36m<path[39m
                        [33md[39m=[32m"M19 6v14a2 2 0 0 1-2 2H7a2 2 0 0 1-2-2V6"[39m
                      [36m/>[39m
                      [36m<path[39m
                        [33md[39m=[32m"M3 6h18"[39m
                      [36m/>[39m
                      [36m<path[39m
                        [33md[39m=[32m"M8 6V4a2 2 0 0 1 2-2h4a2 2 0 0 1 2 2v2"[39m
                      [36m/>[39m
                    [36m</svg>[39m
                  [36m</button>[39m
                [36m</td>[39m
              [36m</tr>[39m
            [36m</tbody>[39m
          [36m</table>[39m
        [36m</div>[39m
      [36m</div>[39m
    [36m</div>[39m
  [36m</body>[39m
[36m</html>[39m
[90m [2m❯[22m waitForWrapper node_modules/@testing-library/dom/dist/wait-for.js:[2m163:27[22m[39m
[90m [2m❯[22m src/test/integration/StatisticsFlow.test.tsx:[2m95:11[22m[39m

[31m[2m⎯⎯⎯⎯⎯⎯⎯⎯⎯⎯⎯⎯⎯⎯⎯⎯⎯⎯⎯⎯⎯⎯⎯⎯[1/1]⎯[22m[39m


[2m Test Files [22m [1m[31m1 failed[39m[22m[90m (1)[39m
[2m      Tests [22m [1m[31m1 failed[39m[22m[90m (1)[39m
[2m   Start at [22m 16:59:03
[2m   Duration [22m 1.22s

[1m[41m FAIL [49m[22m [31mTests failed. Watching for file changes...[39m
       [2mpress [22m[1mh[22m[2m to show help[22m[2m, [22m[2mpress [22m[1mq[22m[2m to quit[22m
c[3J[1m[44m RERUN [49m[22m [34m[2msrc/components/admin/MatchesManagement.tsx [22m[34mx3 [34m[39m
       [2m Filename pattern: [22m[34msrc/test/integration/StatisticsFlow.test.tsx[39m

[90mstdout[2m | src/test/integration/StatisticsFlow.test.tsx[2m > [22m[2mStatistics Flow Integration[2m > [22m[2mrenders matches list and opens statistics modal
[22m[39mMock fetch called with: http://localhost:3000/api/matches
Mock fetch called with: http://localhost:3000/api/teams

[90mstdout[2m | src/test/integration/StatisticsFlow.test.tsx[2m > [22m[2mStatistics Flow Integration[2m > [22m[2mrenders matches list and opens statistics modal
[22m[39m[36m<body>[39m
  [36m<div>[39m
    [36m<div[39m
      [33mclass[39m=[32m"p-6 max-w-6xl mx-auto"[39m
    [36m>[39m
      [36m<div[39m
        [33mclass[39m=[32m"flex justify-between items-center mb-6"[39m
      [36m>[39m
        [36m<h1[39m
          [33mclass[39m=[32m"text-3xl font-bold text-gray-800"[39m
        [36m>[39m
          [0mMatches Management[0m
        [36m</h1>[39m
        [36m<button[39m
          [33mclass[39m=[32m"flex items-center gap-2 bg-indigo-600 text-white px-4 py-2 rounded-lg hover:bg-indigo-700 transition-colors"[39m
        [36m>[39m
          [36m<svg[39m
            [33maria-hidden[39m=[32m"true"[39m
            [33mclass[39m=[32m"lucide lucide-plus"[39m
            [33mfill[39m=[32m"none"[39m
            [33mheight[39m=[32m"20"[39m
            [33mstroke[39m=[32m"currentColor"[39m
            [33mstroke-linecap[39m=[32m"round"[39m
            [33mstroke-linejoin[39m=[32m"round"[39m
            [33mstroke-width[39m=[32m"2"[39m
            [33mviewBox[39m=[32m"0 0 24 24"[39m
            [33mwidth[39m=[32m"20"[39m
            [33mxmlns[39m=[32m"http://www.w3.org/2000/svg"[39m
          [36m>[39m
            [36m<path[39m
              [33md[39m=[32m"M5 12h14"[39m
            [36m/>[39m
            [36m<path[39m
              [33md[39m=[32m"M12 5v14"[39m
            [36m/>[39m
          [36m</svg>[39m
          [0mNew Match[0m
        [36m</button>[39m
      [36m</div>[39m
      [36m<div[39m
        [33mclass[39m=[32m"mb-6"[39m
      [36m>[39m
        [36m<div[39m
          [33mclass[39m=[32m"relative"[39m
        [36m>[39m
          [36m<svg[39m
            [33maria-hidden[39m=[32m"true"[39m
            [33mclass[39m=[32m"lucide lucide-search absolute left-3 top-1/2 transform -translate-y-1/2 text-gray-400"[39m
            [33mfill[39m=[32m"none"[39m
            [33mheight[39m=[32m"20"[39m
            [33mstroke[39m=[32m"currentColor"[39m
            [33mstroke-linecap[39m=[32m"round"[39m
            [33mstroke-linejoin[39m=[32m"round"[39m
            [33mstroke-width[39m=[32m"2"[39m
            [33mviewBox[39m=[32m"0 0 24 24"[39m
            [33mwidth[39m=[32m"20"[39m
            [33mxmlns[39m=[32m"http://www.w3.org/2000/svg"[39m
          [36m>[39m
            [36m<path[39m
              [33md[39m=[32m"m21 21-4.34-4.34"[39m
            [36m/>[39m
            [36m<circle[39m
              [33mcx[39m=[32m"11"[39m
              [33mcy[39m=[32m"11"[39m
              [33mr[39m=[32m"8"[39m
            [36m/>[39m
          [36m</svg>[39m
          [36m<input[39m
            [33mclass[39m=[32m"w-full pl-10 pr-4 py-2 border border-gray-300 rounded-lg focus:ring-2 focus:ring-indigo-500 focus:border-transparent"[39m
            [33mplaceholder[39m=[32m"Search matches by team name or date..."[39m
            [33mtype[39m=[32m"text"[39m
            [33mvalue[39m=[32m""[39m
          [36m/>[39m
        [36m</div>[39m
      [36m</div>[39m
      [36m<div[39m
        [33mclass[39m=[32m"bg-white rounded-xl shadow-lg overflow-hidden"[39m
      [36m>[39m
        [36m<table[39m
          [33mclass[39m=[32m"w-full"[39m
        [36m>[39m
          [36m<thead[39m
            [33mclass[39m=[32m"bg-gray-50 border-b border-gray-200"[39m
          [36m>[39m
            [36m<tr>[39m
              [36m<th[39m
                [33mclass[39m=[32m"px-6 py-3 text-left text-xs font-medium text-gray-500 uppercase tracking-wider"[39m
              [36m>[39m
                [0mDate[0m
              [36m</th>[39m
              [36m<th[39m
                [33mclass[39m=[32m"px-6 py-3 text-right text-xs font-medium text-gray-500 uppercase tracking-wider"[39m
              [36m>[39m
                [0mHome Team[0m
              [36m</th>[39m
              [36m<th[39m
                [33mclass[39m=[32m"px-6 py-3 text-center text-xs font-medium text-gray-500 uppercase tracking-wider"[39m
              [36m>[39m
                [0mResult[0m
              [36m</th>[39m
              [36m<th[39m
                [33mclass[39m=[32m"px-6 py-3 text-left text-xs font-medium text-gray-500 uppercase tracking-wider"[39m
              [36m>[39m
                [0mAway Team[0m
              [36m</th>[39m
              [36m<th[39m
                [33mclass[39m=[32m"px-6 py-3 text-left text-xs font-medium text-gray-500 uppercase tracking-wider"[39m
              [36m>[39m
                [0mStatus[0m
              [36m</th>[39m
              [36m<th[39m
                [33mclass[39m=[32m"px-6 py-3 text-right text-xs font-medium text-gray-500 uppercase tracking-wider"[39m
              [36m>[39m
                [0mActions[0m
              [36m</th>[39m
            [36m</tr>[39m
          [36m</thead>[39m
          [36m<tbody[39m
            [33mclass[39m=[32m"divide-y divide-gray-200"[39m
          [36m>[39m
            [36m<tr[39m
              [33mclass[39m=[32m"hover:bg-gray-50"[39m
            [36m>[39m
              [36m<td[39m
                [33mclass[39m=[32m"px-6 py-4 whitespace-nowrap text-sm text-gray-900"[39m
              [36m>[39m
                [36m<div[39m
                  [33mclass[39m=[32m"flex items-center gap-2"[39m
                [36m>[39m
                  [36m<svg[39m
                    [33maria-hidden[39m=[32m"true"[39m
                    [33mclass[39m=[32m"lucide lucide-calendar text-gray-400"[39m
                    [33mfill[39m=[32m"none"[39m
                    [33mheight[39m=[32m"16"[39m
                    [33mstroke[39m=[32m"currentColor"[39m
                    [33mstroke-linecap[39m=[32m"round"[39m
                    [33mstroke-linejoin[39m=[32m"round"[39m
                    [33mstroke-width[39m=[32m"2"[39m
                    [33mviewBox[39m=[32m"0 0 24 24"[39m
                    [33mwidth[39m=[32m"16"[39m
                    [33mxmlns[39m=[32m"http://www.w3.org/2000/svg"[39m
                  [36m>[39m
                    [36m<path[39m
                      [33md[39m=[32m"M8 2v4"[39m
                    [36m/>[39m
                    [36m<path[39m
                      [33md[39m=[32m"M16 2v4"[39m
                    [36m/>[39m
                    [36m<rect[39m
                      [33mheight[39m=[32m"18"[39m
                      [33mrx[39m=[32m"2"[39m
                      [33mwidth[39m=[32m"18"[39m
                      [33mx[39m=[32m"3"[39m
                      [33my[39m=[32m"4"[39m
                    [36m/>[39m
                    [36m<path[39m
                      [33md[39m=[32m"M3 10h18"[39m
                    [36m/>[39m
                  [36m</svg>[39m
                  [0mdv., 15 de nov. 2024, 18:00[0m
                [36m</div>[39m
              [36m</td>[39m
              [36m<td[39m
                [33mclass[39m=[32m"px-6 py-4 whitespace-nowrap text-sm font-medium text-gray-900 text-right"[39m
              [36m>[39m
                [0mHome Team[0m
              [36m</td>[39m
              [36m<td[39m
                [33mclass[39m=[32m"px-6 py-4 whitespace-nowrap text-sm font-bold text-gray-900 text-center"[39m
              [36m>[39m
                [36m<span[39m
                  [33mclass[39m=[32m"bg-gray-100 px-2 py-1 rounded"[39m
                [36m>[39m
                  [0m10[0m
                  [0m : [0m
                  [0m5[0m
                [36m</span>[39m
              [36m</td>[39m
              [36m<td[39m
                [33mclass[39m=[32m"px-6 py-4 whitespace-nowrap text-sm font-medium text-gray-900 text-left"[39m
              [36m>[39m
                [0mAway Team[0m
              [36m</td>[39m
              [36m<td[39m
                [33mclass[39m=[32m"px-6 py-4 whitespace-nowrap text-sm text-gray-500"[39m
              [36m>[39m
                [36m<span[39m
                  [33mclass[39m=[32m"inline-flex items-center px-2.5 py-0.5 rounded-full text-xs font-medium bg-green-100 text-green-800"[39m
                [36m>[39m
                  [0mFinished[0m
                [36m</span>[39m
              [36m</td>[39m
              [36m<td[39m
                [33mclass[39m=[32m"px-6 py-4 whitespace-nowrap text-right text-sm font-medium"[39m
              [36m>[39m
                [36m<button[39m
                  [33mclass[39m=[32m"text-green-600 hover:text-green-900 mr-4"[39m
                  [33mtitle[39m=[32m"View Statistics"[39m
                [36m>[39m
                  [36m<svg[39m
                    [33maria-hidden[39m=[32m"true"[39m
                    [33mclass[39m=[32m"lucide lucide-chart-column"[39m
                    [33mfill[39m=[32m"none"[39m
                    [33mheight[39m=[32m"18"[39m
                    [33mstroke[39m=[32m"currentColor"[39m
                    [33mstroke-linecap[39m=[32m"round"[39m
                    [33mstroke-linejoin[39m=[32m"round"[39m
                    [33mstroke-width[39m=[32m"2"[39m
                    [33mviewBox[39m=[32m"0 0 24 24"[39m
                    [33mwidth[39m=[32m"18"[39m
                    [33mxmlns[39m=[32m"http://www.w3.org/2000/svg"[39m
                  [36m>[39m
                    [36m<path[39m
                      [33md[39m=[32m"M3 3v16a2 2 0 0 0 2 2h16"[39m
                    [36m/>[39m
                    [36m<path[39m
                      [33md[39m=[32m"M18 17V9"[39m
                    [36m/>[39m
                    [36m<path[39m
                      [33md[39m=[32m"M13 17V5"[39m
                    [36m/>[39m
                    [36m<path[39m
                      [33md[39m=[32m"M8 17v-3"[39m
                    [36m/>[39m
                  [36m</svg>[39m
                [36m</button>[39m
                [36m<button[39m
                  [33mclass[39m=[32m"text-indigo-600 hover:text-indigo-900 mr-4"[39m
                  [33mtitle[39m=[32m"Edit Match"[39m
                [36m>[39m
                  [36m<svg[39m
                    [33maria-hidden[39m=[32m"true"[39m
                    [33mclass[39m=[32m"lucide lucide-pen"[39m
                    [33mfill[39m=[32m"none"[39m
                    [33mheight[39m=[32m"18"[39m
                    [33mstroke[39m=[32m"currentColor"[39m
                    [33mstroke-linecap[39m=[32m"round"[39m
                    [33mstroke-linejoin[39m=[32m"round"[39m
                    [33mstroke-width[39m=[32m"2"[39m
                    [33mviewBox[39m=[32m"0 0 24 24"[39m
                    [33mwidth[39m=[32m"18"[39m
                    [33mxmlns[39m=[32m"http://www.w3.org/2000/svg"[39m
                  [36m>[39m
                    [36m<path[39m
                      [33md[39m=[32m"M21.174 6.812a1 1 0 0 0-3.986-3.987L3.842 16.174a2 2 0 0 0-.5.83l-1.321 4.352a.5.5 0 0 0 .623.622l4.353-1.32a2 2 0 0 0 .83-.497z"[39m
                    [36m/>[39m
                  [36m</svg>[39m
                [36m</button>[39m
                [36m<button[39m
                  [33mclass[39m=[32m"text-red-600 hover:text-red-900"[39m
                  [33mtitle[39m=[32m"Delete Match"[39m
                [36m>[39m
                  [36m<svg[39m
                    [33maria-hidden[39m=[32m"true"[39m
                    [33mclass[39m=[32m"lucide lucide-trash2 lucide-trash-2"[39m
                    [33mfill[39m=[32m"none"[39m
                    [33mheight[39m=[32m"18"[39m
                    [33mstroke[39m=[32m"currentColor"[39m
                    [33mstroke-linecap[39m=[32m"round"[39m
                    [33mstroke-linejoin[39m=[32m"round"[39m
                    [33mstroke-width[39m=[32m"2"[39m
                    [33mviewBox[39m=[32m"0 0 24 24"[39m
                    [33mwidth[39m=[32m"18"[39m
                    [33mxmlns[39m=[32m"http://www.w3.org/2000/svg"[39m
                  [36m>[39m
                    [36m<path[39m
                      [33md[39m=[32m"M10 11v6"[39m
                    [36m/>[39m
                    [36m<path[39m
                      [33md[39m=[32m"M14 11v6"[39m
                    [36m/>[39m
                    [36m<path[39m
                      [33md[39m=[32m"M19 6v14a2 2 0 0 1-2 2H7a2 2 0 0 1-2-2V6"[39m
                    [36m/>[39m
                    [36m<path[39m
                      [33md[39m=[32m"M3 6h18"[39m
                    [36m/>[39m
                    [36m<path[39m
                      [33md[39m=[32m"M8 6V4a2 2 0 0 1 2-2h4a2 2 0 0 1 2 2v2"[39m
                    [36m/>[39m
                  [36m</svg>[39m
                [36m</button>[39m
              [36m</td>[39m
            [36m</tr>[39m
          [36m</tbody>[39m
        [36m</table>[39m
      [36m</div>[39m
    [36m</div>[39m
  [36m</div>[39m
[36m</body>[39m

 [31m❯[39m src/test/integration/StatisticsFlow.test.tsx [2m([22m[2m1 test[22m[2m | [22m[31m1 failed[39m[2m)[22m[33m 1025[2mms[22m[39m
[31m     [31m×[31m renders matches list and opens statistics modal[39m[33m 1024[2mms[22m[39m

[31m⎯⎯⎯⎯⎯⎯⎯[39m[1m[41m Failed Tests 1 [49m[22m[31m⎯⎯⎯⎯⎯⎯⎯[39m

[41m[1m FAIL [22m[49m src/test/integration/StatisticsFlow.test.tsx[2m > [22mStatistics Flow Integration[2m > [22mrenders matches list and opens statistics modal
[31m[1mTestingLibraryElementError[22m[39m: Found multiple elements with the text: Away Team

Here are the matching elements:

Ignored nodes: comments, script, style
[36m<th[39m
  [33mclass[39m=[32m"px-6 py-3 text-left text-xs font-medium text-gray-500 uppercase tracking-wider"[39m
[36m>[39m
  [0mAway Team[0m
[36m</th>[39m

Ignored nodes: comments, script, style
[36m<td[39m
  [33mclass[39m=[32m"px-6 py-4 whitespace-nowrap text-sm font-medium text-gray-900 text-left"[39m
[36m>[39m
  [0mAway Team[0m
[36m</td>[39m

(If this is intentional, then use the `*AllBy*` variant of the query (like `queryAllByText`, `getAllByText`, or `findAllByText`)).

Ignored nodes: comments, script, style
[36m<body>[39m
  [36m<div>[39m
    [36m<div[39m
      [33mclass[39m=[32m"p-6 max-w-6xl mx-auto"[39m
    [36m>[39m
      [36m<div[39m
        [33mclass[39m=[32m"flex justify-between items-center mb-6"[39m
      [36m>[39m
        [36m<h1[39m
          [33mclass[39m=[32m"text-3xl font-bold text-gray-800"[39m
        [36m>[39m
          [0mMatches Management[0m
        [36m</h1>[39m
        [36m<button[39m
          [33mclass[39m=[32m"flex items-center gap-2 bg-indigo-600 text-white px-4 py-2 rounded-lg hover:bg-indigo-700 transition-colors"[39m
        [36m>[39m
          [36m<svg[39m
            [33maria-hidden[39m=[32m"true"[39m
            [33mclass[39m=[32m"lucide lucide-plus"[39m
            [33mfill[39m=[32m"none"[39m
            [33mheight[39m=[32m"20"[39m
            [33mstroke[39m=[32m"currentColor"[39m
            [33mstroke-linecap[39m=[32m"round"[39m
            [33mstroke-linejoin[39m=[32m"round"[39m
            [33mstroke-width[39m=[32m"2"[39m
            [33mviewBox[39m=[32m"0 0 24 24"[39m
            [33mwidth[39m=[32m"20"[39m
            [33mxmlns[39m=[32m"http://www.w3.org/2000/svg"[39m
          [36m>[39m
            [36m<path[39m
              [33md[39m=[32m"M5 12h14"[39m
            [36m/>[39m
            [36m<path[39m
              [33md[39m=[32m"M12 5v14"[39m
            [36m/>[39m
          [36m</svg>[39m
          [0mNew Match[0m
        [36m</button>[39m
      [36m</div>[39m
      [36m<div[39m
        [33mclass[39m=[32m"mb-6"[39m
      [36m>[39m
        [36m<div[39m
          [33mclass[39m=[32m"relative"[39m
        [36m>[39m
          [36m<svg[39m
            [33maria-hidden[39m=[32m"true"[39m
            [33mclass[39m=[32m"lucide lucide-search absolute left-3 top-1/2 transform -translate-y-1/2 text-gray-400"[39m
            [33mfill[39m=[32m"none"[39m
            [33mheight[39m=[32m"20"[39m
            [33mstroke[39m=[32m"currentColor"[39m
            [33mstroke-linecap[39m=[32m"round"[39m
            [33mstroke-linejoin[39m=[32m"round"[39m
            [33mstroke-width[39m=[32m"2"[39m
            [33mviewBox[39m=[32m"0 0 24 24"[39m
            [33mwidth[39m=[32m"20"[39m
            [33mxmlns[39m=[32m"http://www.w3.org/2000/svg"[39m
          [36m>[39m
            [36m<path[39m
              [33md[39m=[32m"m21 21-4.34-4.34"[39m
            [36m/>[39m
            [36m<circle[39m
              [33mcx[39m=[32m"11"[39m
              [33mcy[39m=[32m"11"[39m
              [33mr[39m=[32m"8"[39m
            [36m/>[39m
          [36m</svg>[39m
          [36m<input[39m
            [33mclass[39m=[32m"w-full pl-10 pr-4 py-2 border border-gray-300 rounded-lg focus:ring-2 focus:ring-indigo-500 focus:border-transparent"[39m
            [33mplaceholder[39m=[32m"Search matches by team name or date..."[39m
            [33mtype[39m=[32m"text"[39m
            [33mvalue[39m=[32m""[39m
          [36m/>[39m
        [36m</div>[39m
      [36m</div>[39m
      [36m<div[39m
        [33mclass[39m=[32m"bg-white rounded-xl shadow-lg overflow-hidden"[39m
      [36m>[39m
        [36m<table[39m
          [33mclass[39m=[32m"w-full"[39m
        [36m>[39m
          [36m<thead[39m
            [33mclass[39m=[32m"bg-gray-50 border-b border-gray-200"[39m
          [36m>[39m
            [36m<tr>[39m
              [36m<th[39m
                [33mclass[39m=[32m"px-6 py-3 text-left text-xs font-medium text-gray-500 uppercase tracking-wider"[39m
              [36m>[39m
                [0mDate[0m
              [36m</th>[39m
              [36m<th[39m
                [33mclass[39m=[32m"px-6 py-3 text-right text-xs font-medium text-gray-500 uppercase tracking-wider"[39m
              [36m>[39m
                [0mHome Team[0m
              [36m</th>[39m
              [36m<th[39m
                [33mclass[39m=[32m"px-6 py-3 text-center text-xs font-medium text-gray-500 uppercase tracking-wider"[39m
              [36m>[39m
                [0mResult[0m
              [36m</th>[39m
              [36m<th[39m
                [33mclass[39m=[32m"px-6 py-3 text-left text-xs font-medium text-gray-500 uppercase tracking-wider"[39m
              [36m>[39m
                [0mAway Team[0m
              [36m</th>[39m
              [36m<th[39m
                [33mclass[39m=[32m"px-6 py-3 text-left text-xs font-medium text-gray-500 uppercase tracking-wider"[39m
              [36m>[39m
                [0mStatus[0m
              [36m</th>[39m
              [36m<th[39m
                [33mclass[39m=[32m"px-6 py-3 text-right text-xs font-medium text-gray-500 uppercase tracking-wider"[39m
              [36m>[39m
                [0mActions[0m
              [36m</th>[39m
            [36m</tr>[39m
          [36m</thead>[39m
          [36m<tbody[39m
            [33mclass[39m=[32m"divide-y divide-gray-200"[39m
          [36m>[39m
            [36m<tr[39m
              [33mclass[39m=[32m"hover:bg-gray-50"[39m
            [36m>[39m
              [36m<td[39m
                [33mclass[39m=[32m"px-6 py-4 whitespace-nowrap text-sm text-gray-900"[39m
              [36m>[39m
                [36m<div[39m
                  [33mclass[39m=[32m"flex items-center gap-2"[39m
                [36m>[39m
                  [36m<svg[39m
                    [33maria-hidden[39m=[32m"true"[39m
                    [33mclass[39m=[32m"lucide lucide-calendar text-gray-400"[39m
                    [33mfill[39m=[32m"none"[39m
                    [33mheight[39m=[32m"16"[39m
                    [33mstroke[39m=[32m"currentColor"[39m
                    [33mstroke-linecap[39m=[32m"round"[39m
                    [33mstroke-linejoin[39m=[32m"round"[39m
                    [33mstroke-width[39m=[32m"2"[39m
                    [33mviewBox[39m=[32m"0 0 24 24"[39m
                    [33mwidth[39m=[32m"16"[39m
                    [33mxmlns[39m=[32m"http://www.w3.org/2000/svg"[39m
                  [36m>[39m
                    [36m<path[39m
                      [33md[39m=[32m"M8 2v4"[39m
                    [36m/>[39m
                    [36m<path[39m
                      [33md[39m=[32m"M16 2v4"[39m
                    [36m/>[39m
                    [36m<rect[39m
                      [33mheight[39m=[32m"18"[39m
                      [33mrx[39m=[32m"2"[39m
                      [33mwidth[39m=[32m"18"[39m
                      [33mx[39m=[32m"3"[39m
                      [33my[39m=[32m"4"[39m
                    [36m/>[39m
                    [36m<path[39m
                      [33md[39m=[32m"M3 10h18"[39m
                    [36m/>[39m
                  [36m</svg>[39m
                  [0mdv., 15 de nov. 2024, 18:00[0m
                [36m</div>[39m
              [36m</td>[39m
              [36m<td[39m
                [33mclass[39m=[32m"px-6 py-4 whitespace-nowrap text-sm font-medium text-gray-900 text-right"[39m
              [36m>[39m
                [0mHome Team[0m
              [36m</td>[39m
              [36m<td[39m
                [33mclass[39m=[32m"px-6 py-4 whitespace-nowrap text-sm font-bold text-gray-900 text-center"[39m
              [36m>[39m
                [36m<span[39m
                  [33mclass[39m=[32m"bg-gray-100 px-2 py-1 rounded"[39m
                [36m>[39m
                  [0m10[0m
                  [0m : [0m
                  [0m5[0m
                [36m</span>[39m
              [36m</td>[39m
              [36m<td[39m
                [33mclass[39m=[32m"px-6 py-4 whitespace-nowrap text-sm font-medium text-gray-900 text-left"[39m
              [36m>[39m
                [0mAway Team[0m
              [36m</td>[39m
              [36m<td[39m
                [33mclass[39m=[32m"px-6 py-4 whitespace-nowrap text-sm text-gray-500"[39m
              [36m>[39m
                [36m<span[39m
                  [33mclass[39m=[32m"inline-flex items-center px-2.5 py-0.5 rounded-full text-xs font-medium bg-green-100 text-green-800"[39m
                [36m>[39m
                  [0mFinished[0m
                [36m</span>[39m
              [36m</td>[39m
              [36m<td[39m
                [33mclass[39m=[32m"px-6 py-4 whitespace-nowrap text-right text-sm font-medium"[39m
              [36m>[39m
                [36m<button[39m
                  [33mclass[39m=[32m"text-green-600 hover:text-green-900 mr-4"[39m
                  [33mtitle[39m=[32m"View Statistics"[39m
                [36m>[39m
                  [36m<svg[39m
                    [33maria-hidden[39m=[32m"true"[39m
                    [33mclass[39m=[32m"lucide lucide-chart-column"[39m
                    [33mfill[39m=[32m"none"[39m
                    [33mheight[39m=[32m"18"[39m
                    [33mstroke[39m=[32m"currentColor"[39m
                    [33mstroke-linecap[39m=[32m"round"[39m
                    [33mstroke-linejoin[39m=[32m"round"[39m
                    [33mstroke-width[39m=[32m"2"[39m
                    [33mviewBox[39m=[32m"0 0 24 24"[39m
                    [33mwidth[39m=[32m"18"[39m
                    [33mxmlns[39m=[32m"http://www.w3.org/2000/svg"[39m
                  [36m>[39m
                    [36m<path[39m
                      [33md[39m=[32m"M3 3v16a2 2 0 0 0 2 2h16"[39m
                    [36m/>[39m
                    [36m<path[39m
                      [33md[39m=[32m"M18 17V9"[39m
                    [36m/>[39m
                    [36m<path[39m
                      [33md[39m=[32m"M13 17V5"[39m
                    [36m/>[39m
                    [36m<path[39m
                      [33md[39m=[32m"M8 17v-3"[39m
                    [36m/>[39m
                  [36m</svg>[39m
                [36m</button>[39m
                [36m<button[39m
                  [33mclass[39m=[32m"text-indigo-600 hover:text-indigo-900 mr-4"[39m
                  [33mtitle[39m=[32m"Edit Match"[39m
                [36m>[39m
                  [36m<svg[39m
                    [33maria-hidden[39m=[32m"true"[39m
                    [33mclass[39m=[32m"lucide lucide-pen"[39m
                    [33mfill[39m=[32m"none"[39m
                    [33mheight[39m=[32m"18"[39m
                    [33mstroke[39m=[32m"currentColor"[39m
                    [33mstroke-linecap[39m=[32m"round"[39m
                    [33mstroke-linejoin[39m=[32m"round"[39m
                    [33mstroke-width[39m=[32m"2"[39m
                    [33mviewBox[39m=[32m"0 0 24 24"[39m
                    [33mwidth[39m=[32m"18"[39m
                    [33mxmlns[39m=[32m"http://www.w3.org/2000/svg"[39m
                  [36m>[39m
                    [36m<path[39m
                      [33md[39m=[32m"M21.174 6.812a1 1 0 0 0-3.986-3.987L3.842 16.174a2 2 0 0 0-.5.83l-1.321 4.352a.5.5 0 0 0 .623.622l4.353-1.32a2 2 0 0 0 .83-.497z"[39m
                    [36m/>[39m
                  [36m</svg>[39m
                [36m</button>[39m
                [36m<button[39m
                  [33mclass[39m=[32m"text-red-600 hover:text-red-900"[39m
                  [33mtitle[39m=[32m"Delete Match"[39m
                [36m>[39m
                  [36m<svg[39m
                    [33maria-hidden[39m=[32m"true"[39m
                    [33mclass[39m=[32m"lucide lucide-trash2 lucide-trash-2"[39m
                    [33mfill[39m=[32m"none"[39m
                    [33mheight[39m=[32m"18"[39m
                    [33mstroke[39m=[32m"currentColor"[39m
                    [33mstroke-linecap[39m=[32m"round"[39m
                    [33mstroke-linejoin[39m=[32m"round"[39m
                    [33mstroke-width[39m=[32m"2"[39m
                    [33mviewBox[39m=[32m"0 0 24 24"[39m
                    [33mwidth[39m=[32m"18"[39m
                    [33mxmlns[39m=[32m"http://www.w3.org/2000/svg"[39m
                  [36m>[39m
                    [36m<path[39m
                      [33md[39m=[32m"M10 11v6"[39m
                    [36m/>[39m
                    [36m<path[39m
                      [33md[39m=[32m"M14 11v6"[39m
                    [36m/>[39m
                    [36m<path[39m
                      [33md[39m=[32m"M19 6v14a2 2 0 0 1-2 2H7a2 2 0 0 1-2-2V6"[39m
                    [36m/>[39m
                    [36m<path[39m
                      [33md[39m=[32m"M3 6h18"[39m
                    [36m/>[39m
                    [36m<path[39m
                      [33md[39m=[32m"M8 6V4a2 2 0 0 1 2-2h4a2 2 0 0 1 2 2v2"[39m
                    [36m/>[39m
                  [36m</svg>[39m
                [36m</button>[39m
              [36m</td>[39m
            [36m</tr>[39m
          [36m</tbody>[39m
        [36m</table>[39m
      [36m</div>[39m
    [36m</div>[39m
  [36m</div>[39m
[36m</body>[39m

Ignored nodes: comments, script, style
[36m<html>[39m
  [36m<head />[39m
  [36m<body>[39m
    [36m<div>[39m
      [36m<div[39m
        [33mclass[39m=[32m"p-6 max-w-6xl mx-auto"[39m
      [36m>[39m
        [36m<div[39m
          [33mclass[39m=[32m"flex justify-between items-center mb-6"[39m
        [36m>[39m
          [36m<h1[39m
            [33mclass[39m=[32m"text-3xl font-bold text-gray-800"[39m
          [36m>[39m
            [0mMatches Management[0m
          [36m</h1>[39m
          [36m<button[39m
            [33mclass[39m=[32m"flex items-center gap-2 bg-indigo-600 text-white px-4 py-2 rounded-lg hover:bg-indigo-700 transition-colors"[39m
          [36m>[39m
            [36m<svg[39m
              [33maria-hidden[39m=[32m"true"[39m
              [33mclass[39m=[32m"lucide lucide-plus"[39m
              [33mfill[39m=[32m"none"[39m
              [33mheight[39m=[32m"20"[39m
              [33mstroke[39m=[32m"currentColor"[39m
              [33mstroke-linecap[39m=[32m"round"[39m
              [33mstroke-linejoin[39m=[32m"round"[39m
              [33mstroke-width[39m=[32m"2"[39m
              [33mviewBox[39m=[32m"0 0 24 24"[39m
              [33mwidth[39m=[32m"20"[39m
              [33mxmlns[39m=[32m"http://www.w3.org/2000/svg"[39m
            [36m>[39m
              [36m<path[39m
                [33md[39m=[32m"M5 12h14"[39m
              [36m/>[39m
              [36m<path[39m
                [33md[39m=[32m"M12 5v14"[39m
              [36m/>[39m
            [36m</svg>[39m
            [0mNew Match[0m
          [36m</button>[39m
        [36m</div>[39m
        [36m<div[39m
          [33mclass[39m=[32m"mb-6"[39m
        [36m>[39m
          [36m<div[39m
            [33mclass[39m=[32m"relative"[39m
          [36m>[39m
            [36m<svg[39m
              [33maria-hidden[39m=[32m"true"[39m
              [33mclass[39m=[32m"lucide lucide-search absolute left-3 top-1/2 transform -translate-y-1/2 text-gray-400"[39m
              [33mfill[39m=[32m"none"[39m
              [33mheight[39m=[32m"20"[39m
              [33mstroke[39m=[32m"currentColor"[39m
              [33mstroke-linecap[39m=[32m"round"[39m
              [33mstroke-linejoin[39m=[32m"round"[39m
              [33mstroke-width[39m=[32m"2"[39m
              [33mviewBox[39m=[32m"0 0 24 24"[39m
              [33mwidth[39m=[32m"20"[39m
              [33mxmlns[39m=[32m"http://www.w3.org/2000/svg"[39m
            [36m>[39m
              [36m<path[39m
                [33md[39m=[32m"m21 21-4.34-4.34"[39m
              [36m/>[39m
              [36m<circle[39m
                [33mcx[39m=[32m"11"[39m
                [33mcy[39m=[32m"11"[39m
                [33mr[39m=[32m"8"[39m
              [36m/>[39m
            [36m</svg>[39m
            [36m<input[39m
              [33mclass[39m=[32m"w-full pl-10 pr-4 py-2 border border-gray-300 rounded-lg focus:ring-2 focus:ring-indigo-500 focus:border-transparent"[39m
              [33mplaceholder[39m=[32m"Search matches by team name or date..."[39m
              [33mtype[39m=[32m"text"[39m
              [33mvalue[39m=[32m""[39m
            [36m/>[39m
          [36m</div>[39m
        [36m</div>[39m
        [36m<div[39m
          [33mclass[39m=[32m"bg-white rounded-xl shadow-lg overflow-hidden"[39m
        [36m>[39m
          [36m<table[39m
            [33mclass[39m=[32m"w-full"[39m
          [36m>[39m
            [36m<thead[39m
              [33mclass[39m=[32m"bg-gray-50 border-b border-gray-200"[39m
            [36m>[39m
              [36m<tr>[39m
                [36m<th[39m
                  [33mclass[39m=[32m"px-6 py-3 text-left text-xs font-medium text-gray-500 uppercase tracking-wider"[39m
                [36m>[39m
                  [0mDate[0m
                [36m</th>[39m
                [36m<th[39m
                  [33mclass[39m=[32m"px-6 py-3 text-right text-xs font-medium text-gray-500 uppercase tracking-wider"[39m
                [36m>[39m
                  [0mHome Team[0m
                [36m</th>[39m
                [36m<th[39m
                  [33mclass[39m=[32m"px-6 py-3 text-center text-xs font-medium text-gray-500 uppercase tracking-wider"[39m
                [36m>[39m
                  [0mResult[0m
                [36m</th>[39m
                [36m<th[39m
                  [33mclass[39m=[32m"px-6 py-3 text-left text-xs font-medium text-gray-500 uppercase tracking-wider"[39m
                [36m>[39m
                  [0mAway Team[0m
                [36m</th>[39m
                [36m<th[39m
                  [33mclass[39m=[32m"px-6 py-3 text-left text-xs font-medium text-gray-500 uppercase tracking-wider"[39m
                [36m>[39m
                  [0mStatus[0m
                [36m</th>[39m
                [36m<th[39m
                  [33mclass[39m=[32m"px-6 py-3 text-right text-xs font-medium text-gray-500 uppercase tracking-wider"[39m
                [36m>[39m
                  [0mActions[0m
                [36m</th>[39m
              [36m</tr>[39m
            [36m</thead>[39m
            [36m<tbody[39m
              [33mclass[39m=[32m"divide-y divide-gray-200"[39m
            [36m>[39m
              [36m<tr[39m
                [33mclass[39m=[32m"hover:bg-gray-50"[39m
              [36m>[39m
                [36m<td[39m
                  [33mclass[39m=[32m"px-6 py-4 whitespace-nowrap text-sm text-gray-900"[39m
                [36m>[39m
                  [36m<div[39m
                    [33mclass[39m=[32m"flex items-center gap-2"[39m
                  [36m>[39m
                    [36m<svg[39m
                      [33maria-hidden[39m=[32m"true"[39m
                      [33mclass[39m=[32m"lucide lucide-calendar text-gray-400"[39m
                      [33mfill[39m=[32m"none"[39m
                      [33mheight[39m=[32m"16"[39m
                      [33mstroke[39m=[32m"currentColor"[39m
                      [33mstroke-linecap[39m=[32m"round"[39m
                      [33mstroke-linejoin[39m=[32m"round"[39m
                      [33mstroke-width[39m=[32m"2"[39m
                      [33mviewBox[39m=[32m"0 0 24 24"[39m
                      [33mwidth[39m=[32m"16"[39m
                      [33mxmlns[39m=[32m"http://www.w3.org/2000/svg"[39m
                    [36m>[39m
                      [36m<path[39m
                        [33md[39m=[32m"M8 2v4"[39m
                      [36m/>[39m
                      [36m<path[39m
                        [33md[39m=[32m"M16 2v4"[39m
                      [36m/>[39m
                      [36m<rect[39m
                        [33mheight[39m=[32m"18"[39m
                        [33mrx[39m=[32m"2"[39m
                        [33mwidth[39m=[32m"18"[39m
                        [33mx[39m=[32m"3"[39m
                        [33my[39m=[32m"4"[39m
                      [36m/>[39m
                      [36m<path[39m
                        [33md[39m=[32m"M3 10h18"[39m
                      [36m/>[39m
                    [36m</svg>[39m
                    [0mdv., 15 de nov. 2024, 18:00[0m
                  [36m</div>[39m
                [36m</td>[39m
                [36m<td[39m
                  [33mclass[39m=[32m"px-6 py-4 whitespace-nowrap text-sm font-medium text-gray-900 text-right"[39m
                [36m>[39m
                  [0mHome Team[0m
                [36m</td>[39m
                [36m<td[39m
                  [33mclass[39m=[32m"px-6 py-4 whitespace-nowrap text-sm font-bold text-gray-900 text-center"[39m
                [36m>[39m
                  [36m<span[39m
                    [33mclass[39m=[32m"bg-gray-100 px-2 py-1 rounded"[39m
                  [36m>[39m
                    [0m10[0m
                    [0m : [0m
                    [0m5[0m
                  [36m</span>[39m
                [36m</td>[39m
                [36m<td[39m
                  [33mclass[39m=[32m"px-6 py-4 whitespace-nowrap text-sm font-medium text-gray-900 text-left"[39m
                [36m>[39m
                  [0mAway Team[0m
                [36m</td>[39m
                [36m<td[39m
                  [33mclass[39m=[32m"px-6 py-4 whitespace-nowrap text-sm text-gray-500"[39m
                [36m>[39m
                  [36m<span[39m
                    [33mclass[39m=[32m"inline-flex items-center px-2.5 py-0.5 rounded-full text-xs font-medium bg-green-100 text-green-800"[39m
                  [36m>[39m
                    [0mFinished[0m
                  [36m</span>[39m
                [36m</td>[39m
                [36m<td[39m
                  [33mclass[39m=[32m"px-6 py-4 whitespace-nowrap text-right text-sm font-medium"[39m
                [36m>[39m
                  [36m<button[39m
                    [33mclass[39m=[32m"text-green-600 hover:text-green-900 mr-4"[39m
                    [33mtitle[39m=[32m"View Statistics"[39m
                  [36m>[39m
                    [36m<svg[39m
                      [33maria-hidden[39m=[32m"true"[39m
                      [33mclass[39m=[32m"lucide lucide-chart-column"[39m
                      [33mfill[39m=[32m"none"[39m
                      [33mheight[39m=[32m"18"[39m
                      [33mstroke[39m=[32m"currentColor"[39m
                      [33mstroke-linecap[39m=[32m"round"[39m
                      [33mstroke-linejoin[39m=[32m"round"[39m
                      [33mstroke-width[39m=[32m"2"[39m
                      [33mviewBox[39m=[32m"0 0 24 24"[39m
                      [33mwidth[39m=[32m"18"[39m
                      [33mxmlns[39m=[32m"http://www.w3.org/2000/svg"[39m
                    [36m>[39m
                      [36m<path[39m
                        [33md[39m=[32m"M3 3v16a2 2 0 0 0 2 2h16"[39m
                      [36m/>[39m
                      [36m<path[39m
                        [33md[39m=[32m"M18 17V9"[39m
                      [36m/>[39m
                      [36m<path[39m
                        [33md[39m=[32m"M13 17V5"[39m
                      [36m/>[39m
                      [36m<path[39m
                        [33md[39m=[32m"M8 17v-3"[39m
                      [36m/>[39m
                    [36m</svg>[39m
                  [36m</button>[39m
                  [36m<button[39m
                    [33mclass[39m=[32m"text-indigo-600 hover:text-indigo-900 mr-4"[39m
                    [33mtitle[39m=[32m"Edit Match"[39m
                  [36m>[39m
                    [36m<svg[39m
                      [33maria-hidden[39m=[32m"true"[39m
                      [33mclass[39m=[32m"lucide lucide-pen"[39m
                      [33mfill[39m=[32m"none"[39m
                      [33mheight[39m=[32m"18"[39m
                      [33mstroke[39m=[32m"currentColor"[39m
                      [33mstroke-linecap[39m=[32m"round"[39m
                      [33mstroke-linejoin[39m=[32m"round"[39m
                      [33mstroke-width[39m=[32m"2"[39m
                      [33mviewBox[39m=[32m"0 0 24 24"[39m
                      [33mwidth[39m=[32m"18"[39m
                      [33mxmlns[39m=[32m"http://www.w3.org/2000/svg"[39m
                    [36m>[39m
                      [36m<path[39m
                        [33md[39m=[32m"M21.174 6.812a1 1 0 0 0-3.986-3.987L3.842 16.174a2 2 0 0 0-.5.83l-1.321 4.352a.5.5 0 0 0 .623.622l4.353-1.32a2 2 0 0 0 .83-.497z"[39m
                      [36m/>[39m
                    [36m</svg>[39m
                  [36m</button>[39m
                  [36m<button[39m
                    [33mclass[39m=[32m"text-red-600 hover:text-red-900"[39m
                    [33mtitle[39m=[32m"Delete Match"[39m
                  [36m>[39m
                    [36m<svg[39m
                      [33maria-hidden[39m=[32m"true"[39m
                      [33mclass[39m=[32m"lucide lucide-trash2 lucide-trash-2"[39m
                      [33mfill[39m=[32m"none"[39m
                      [33mheight[39m=[32m"18"[39m
                      [33mstroke[39m=[32m"currentColor"[39m
                      [33mstroke-linecap[39m=[32m"round"[39m
                      [33mstroke-linejoin[39m=[32m"round"[39m
                      [33mstroke-width[39m=[32m"2"[39m
                      [33mviewBox[39m=[32m"0 0 24 24"[39m
                      [33mwidth[39m=[32m"18"[39m
                      [33mxmlns[39m=[32m"http://www.w3.org/2000/svg"[39m
                    [36m>[39m
                      [36m<path[39m
                        [33md[39m=[32m"M10 11v6"[39m
                      [36m/>[39m
                      [36m<path[39m
                        [33md[39m=[32m"M14 11v6"[39m
                      [36m/>[39m
                      [36m<path[39m
                        [33md[39m=[32m"M19 6v14a2 2 0 0 1-2 2H7a2 2 0 0 1-2-2V6"[39m
                      [36m/>[39m
                      [36m<path[39m
                        [33md[39m=[32m"M3 6h18"[39m
                      [36m/>[39m
                      [36m<path[39m
                        [33md[39m=[32m"M8 6V4a2 2 0 0 1 2-2h4a2 2 0 0 1 2 2v2"[39m
                      [36m/>[39m
                    [36m</svg>[39m
                  [36m</button>[39m
                [36m</td>[39m
              [36m</tr>[39m
            [36m</tbody>[39m
          [36m</table>[39m
        [36m</div>[39m
      [36m</div>[39m
    [36m</div>[39m
  [36m</body>[39m
[36m</html>[39m
[90m [2m❯[22m waitForWrapper node_modules/@testing-library/dom/dist/wait-for.js:[2m163:27[22m[39m
[36m [2m❯[22m src/test/integration/StatisticsFlow.test.tsx:[2m95:11[22m[39m
    [90m 93| [39m
    [90m 94| [39m    [90m// Check if match is rendered[39m
    [90m 95| [39m    [35mawait[39m [34mwaitFor[39m(() [33m=>[39m {
    [90m   | [39m          [31m^[39m
    [90m 96| [39m      [90m// screen.debug();[39m
    [90m 97| [39m      [35mconst[39m homeTeams [33m=[39m screen[33m.[39m[34mgetAllByText[39m([32m'Home Team'[39m)[33m;[39m

[31m[2m⎯⎯⎯⎯⎯⎯⎯⎯⎯⎯⎯⎯⎯⎯⎯⎯⎯⎯⎯⎯⎯⎯⎯⎯[1/1]⎯[22m[39m


[2m Test Files [22m [1m[31m1 failed[39m[22m[90m (1)[39m
[2m      Tests [22m [1m[31m1 failed[39m[22m[90m (1)[39m
[2m   Start at [22m 16:59:05
[2m   Duration [22m 1.15s

[1m[41m FAIL [49m[22m [31mTests failed. Watching for file changes...[39m
       [2mpress [22m[1mh[22m[2m to show help[22m[2m, [22m[2mpress [22m[1mq[22m[2m to quit[22m
c[3J[1m[44m RERUN [49m[22m [34m[2msrc/test/integration/StatisticsFlow.test.tsx [22m[34mx4 [34m[39m
       [2m Filename pattern: [22m[34msrc/test/integration/StatisticsFlow.test.tsx[39m

[90mstdout[2m | src/test/integration/StatisticsFlow.test.tsx[2m > [22m[2mStatistics Flow Integration[2m > [22m[2mrenders matches list and opens statistics modal
[22m[39mMock fetch called with: http://localhost:3000/api/matches
Mock fetch called with: http://localhost:3000/api/teams

[90mstdout[2m | src/test/integration/StatisticsFlow.test.tsx[2m > [22m[2mStatistics Flow Integration[2m > [22m[2mrenders matches list and opens statistics modal
[22m[39mMock fetch called with: http://localhost:3000/api/game-events?matchId=match-1
Mock fetch called with: http://localhost:3000/api/matches/match-1

[90mstderr[2m | src/test/integration/StatisticsFlow.test.tsx[2m > [22m[2mStatistics Flow Integration[2m > [22m[2mrenders matches list and opens statistics modal
[22m[39mAn error occurred in the <PlayerStatisticsTable> component.

Consider adding an error boundary to your tree to customize error handling behavior.
Visit https://react.dev/link/error-boundaries to learn more about error boundaries.


[90mstdout[2m | src/test/integration/StatisticsFlow.test.tsx[2m > [22m[2mStatistics Flow Integration[2m > [22m[2mrenders matches list and opens statistics modal
[22m[39m[StatisticsView] Filtering events: {
  totalEvents: [33m2[39m,
  context: [32m'match'[39m,
  selectedTeamId: [32m'home-1'[39m,
  sampleEvent: {
    id: [32m'event-1'[39m,
    timestamp: [33m100[39m,
    playerId: [32m'p1'[39m,
    playerName: [90mundefined[39m,
    playerNumber: [90mundefined[39m,
    teamId: [32m'home-1'[39m,
    category: [32m'Shot'[39m,
    action: [32m'Goal'[39m,
    zone: [32m'6m-LW'[39m,
    goalTarget: [33m1[39m,
    context: {
      isCollective: [90mundefined[39m,
      hasOpposition: [90mundefined[39m,
      isCounterAttack: [90mundefined[39m
    },
    defenseFormation: [90mundefined[39m
  }
}
[StatisticsView] Filtered result: { filteredCount: [33m1[39m }
[StatisticsPanel] Received data: {
  eventsCount: [33m1[39m,
  eventCategories: { Shot: [33m1[39m },
  sampleEvents: [
    {
      id: [32m'event-1'[39m,
      timestamp: [33m100[39m,
      playerId: [32m'p1'[39m,
      playerName: [90mundefined[39m,
      playerNumber: [90mundefined[39m,
      teamId: [32m'home-1'[39m,
      category: [32m'Shot'[39m,
      action: [32m'Goal'[39m,
      zone: [32m'6m-LW'[39m,
      goalTarget: [33m1[39m,
      context: [36m[Object][39m,
      defenseFormation: [90mundefined[39m
    }
  ]
}
[StatisticsPanel] Stats comparison: {
  unfilteredStats: { totalShots: [33m1[39m, totalGoals: [33m1[39m, efficiency: [33m100[39m },
  filteredStats: { totalShots: [33m1[39m, totalGoals: [33m1[39m, efficiency: [33m100[39m }
}
[StatisticsView] Filtering events: {
  totalEvents: [33m2[39m,
  context: [32m'match'[39m,
  selectedTeamId: [32m'home-1'[39m,
  sampleEvent: {
    id: [32m'event-1'[39m,
    timestamp: [33m100[39m,
    playerId: [32m'p1'[39m,
    playerName: [90mundefined[39m,
    playerNumber: [90mundefined[39m,
    teamId: [32m'home-1'[39m,
    category: [32m'Shot'[39m,
    action: [32m'Goal'[39m,
    zone: [32m'6m-LW'[39m,
    goalTarget: [33m1[39m,
    context: {
      isCollective: [90mundefined[39m,
      hasOpposition: [90mundefined[39m,
      isCounterAttack: [90mundefined[39m
    },
    defenseFormation: [90mundefined[39m
  }
}
[StatisticsView] Filtered result: { filteredCount: [33m1[39m }
[StatisticsPanel] Received data: {
  eventsCount: [33m1[39m,
  eventCategories: { Shot: [33m1[39m },
  sampleEvents: [
    {
      id: [32m'event-1'[39m,
      timestamp: [33m100[39m,
      playerId: [32m'p1'[39m,
      playerName: [90mundefined[39m,
      playerNumber: [90mundefined[39m,
      teamId: [32m'home-1'[39m,
      category: [32m'Shot'[39m,
      action: [32m'Goal'[39m,
      zone: [32m'6m-LW'[39m,
      goalTarget: [33m1[39m,
      context: [36m[Object][39m,
      defenseFormation: [90mundefined[39m
    }
  ]
}
[StatisticsPanel] Stats comparison: {
  unfilteredStats: { totalShots: [33m1[39m, totalGoals: [33m1[39m, efficiency: [33m100[39m },
  filteredStats: { totalShots: [33m1[39m, totalGoals: [33m1[39m, efficiency: [33m100[39m }
}

 [31m❯[39m src/test/integration/StatisticsFlow.test.tsx [2m([22m[2m1 test[22m[2m | [22m[31m1 failed[39m[2m)[22m[33m 1057[2mms[22m[39m
[31m     [31m×[31m renders matches list and opens statistics modal[39m[33m 1055[2mms[22m[39m

[31m⎯⎯⎯⎯⎯⎯⎯[39m[1m[41m Failed Tests 1 [49m[22m[31m⎯⎯⎯⎯⎯⎯⎯[39m

[41m[1m FAIL [22m[49m src/test/integration/StatisticsFlow.test.tsx[2m > [22mStatistics Flow Integration[2m > [22mrenders matches list and opens statistics modal
[31m[1mTestingLibraryElementError[22m: Unable to find an element with the text: Match Statistics. This could be because the text is broken up by multiple elements. In this case, you can provide a function for your text matcher to make your matcher more flexible.

Ignored nodes: comments, script, style
[36m<body>[31m
  [36m<div />[31m
[36m</body>[31m

Ignored nodes: comments, script, style
[36m<html>[31m
  [36m<head />[31m
  [36m<body>[31m
    [36m<div />[31m
  [36m</body>[31m
[36m</html>[31m[39m
[90m [2m❯[22m waitForWrapper node_modules/@testing-library/dom/dist/wait-for.js:[2m163:27[22m[39m
[36m [2m❯[22m src/test/integration/StatisticsFlow.test.tsx:[2m112:11[22m[39m
    [90m110| [39m
    [90m111| [39m    [90m// Check if modal opens and displays stats[39m
    [90m112| [39m    [35mawait[39m [34mwaitFor[39m(() [33m=>[39m {
    [90m   | [39m          [31m^[39m
    [90m113| [39m      [34mexpect[39m(screen[33m.[39m[34mgetByText[39m([32m'Match Statistics'[39m))[33m.[39m[34mtoBeInTheDocument[39m()[33m;[39m
    [90m114| [39m      // Check for event data (this depends on StatisticsView implemen…

[31m[2m⎯⎯⎯⎯⎯⎯⎯⎯⎯⎯⎯⎯⎯⎯⎯⎯⎯⎯⎯⎯⎯⎯⎯⎯[1/1]⎯[22m[39m

[31m⎯⎯⎯⎯⎯⎯[39m[1m[41m Unhandled Errors [49m[22m[31m⎯⎯⎯⎯⎯⎯[39m
[31m[1m
Vitest caught 1 unhandled error during the test run.
This might cause false positive tests. Resolve unhandled errors to make sure your tests are not affected.[22m[39m

[31m⎯⎯⎯⎯⎯[39m[1m[41m Uncaught Exception [49m[22m[31m⎯⎯⎯⎯⎯[39m
[31m[1mTypeError[22m: Cannot read properties of undefined (reading 'find')[39m
[36m [2m❯[22m getPlayerInfo src/components/stats/StatisticsView.tsx:[2m71:53[22m[39m
    [90m 69| [39m    [35mif[39m (matchData) {
    [90m 70| [39m      [90m// Look in home team[39m
    [90m 71| [39m      const homePlayer = matchData.homeTeam.players.find((p: any) => p…
    [90m   | [39m                                                    [31m^[39m
    [90m 72| [39m      if (homePlayer) return { name: homePlayer.player.name, number: h…
    [90m 73| [39m      
[90m [2m❯[22m src/components/stats/PlayerStatisticsTable.tsx:[2m57:13[22m[39m
[90m [2m❯[22m src/components/stats/PlayerStatisticsTable.tsx:[2m51:12[22m[39m
[90m [2m❯[22m mountMemo node_modules/react-dom/cjs/react-dom-client.development.js:[2m8777:23[22m[39m
[90m [2m❯[22m Object.useMemo node_modules/react-dom/cjs/react-dom-client.development.js:[2m26216:18[22m[39m
[90m [2m❯[22m process.env.NODE_ENV.exports.useMemo node_modules/react/cjs/react.development.js:[2m1251:34[22m[39m
[90m [2m❯[22m PlayerStatisticsTable src/components/stats/PlayerStatisticsTable.tsx:[2m48:23[22m[39m
[90m [2m❯[22m Object.react_stack_bottom_frame node_modules/react-dom/cjs/react-dom-client.development.js:[2m25904:20[22m[39m
[90m [2m❯[22m renderWithHooks node_modules/react-dom/cjs/react-dom-client.development.js:[2m7662:22[22m[39m

[31mThis error originated in "[1msrc/test/integration/StatisticsFlow.test.tsx[22m" test file. It doesn't mean the error was thrown inside the file itself, but while it was running.[39m
[31mThe latest test that might've caused the error is "[1mrenders matches list and opens statistics modal[22m". It might mean one of the following:
- The error was thrown, while Vitest was running this test.
- If the error occurred after the test had been completed, this was the last documented test before it was thrown.[39m
[31m⎯⎯⎯⎯⎯⎯⎯⎯⎯⎯⎯⎯⎯⎯⎯⎯⎯⎯⎯⎯⎯⎯⎯⎯⎯⎯⎯⎯⎯⎯[39m


[2m Test Files [22m [1m[31m1 failed[39m[22m[90m (1)[39m
[2m      Tests [22m [1m[31m1 failed[39m[22m[90m (1)[39m
[2m     Errors [22m [1m[31m1 error[39m[22m
[2m   Start at [22m 16:59:32
[2m   Duration [22m 1.18s

[1m[41m FAIL [49m[22m [31mTests failed. Watching for file changes...[39m
       [2mpress [22m[1mh[22m[2m to show help[22m[2m, [22m[2mpress [22m[1mq[22m[2m to quit[22m
c[3J[1m[44m RERUN [49m[22m [34m[2msrc/test/integration/StatisticsFlow.test.tsx [22m[34mx5 [34m[39m
       [2m Filename pattern: [22m[34msrc/test/integration/StatisticsFlow.test.tsx[39m

[90mstdout[2m | src/test/integration/StatisticsFlow.test.tsx[2m > [22m[2mStatistics Flow Integration[2m > [22m[2mrenders matches list and opens statistics modal
[22m[39mMock fetch called with: http://localhost:3000/api/matches
Mock fetch called with: http://localhost:3000/api/teams

[90mstdout[2m | src/test/integration/StatisticsFlow.test.tsx[2m > [22m[2mStatistics Flow Integration[2m > [22m[2mrenders matches list and opens statistics modal
[22m[39mMock fetch called with: http://localhost:3000/api/game-events?matchId=match-1
Mock fetch called with: http://localhost:3000/api/matches/match-1

[90mstdout[2m | src/test/integration/StatisticsFlow.test.tsx[2m > [22m[2mStatistics Flow Integration[2m > [22m[2mrenders matches list and opens statistics modal
[22m[39m[StatisticsView] Filtering events: {
  totalEvents: [33m2[39m,
  context: [32m'match'[39m,
  selectedTeamId: [32m'home-1'[39m,
  sampleEvent: {
    id: [32m'event-1'[39m,
    timestamp: [33m100[39m,
    playerId: [32m'p1'[39m,
    playerName: [90mundefined[39m,
    playerNumber: [90mundefined[39m,
    teamId: [32m'home-1'[39m,
    category: [32m'Shot'[39m,
    action: [32m'Goal'[39m,
    zone: [32m'6m-LW'[39m,
    goalTarget: [33m1[39m,
    context: {
      isCollective: [90mundefined[39m,
      hasOpposition: [90mundefined[39m,
      isCounterAttack: [90mundefined[39m
    },
    defenseFormation: [90mundefined[39m
  }
}
[StatisticsView] Filtered result: { filteredCount: [33m1[39m }
[StatisticsPanel] Received data: {
  eventsCount: [33m1[39m,
  eventCategories: { Shot: [33m1[39m },
  sampleEvents: [
    {
      id: [32m'event-1'[39m,
      timestamp: [33m100[39m,
      playerId: [32m'p1'[39m,
      playerName: [90mundefined[39m,
      playerNumber: [90mundefined[39m,
      teamId: [32m'home-1'[39m,
      category: [32m'Shot'[39m,
      action: [32m'Goal'[39m,
      zone: [32m'6m-LW'[39m,
      goalTarget: [33m1[39m,
      context: [36m[Object][39m,
      defenseFormation: [90mundefined[39m
    }
  ]
}
[StatisticsPanel] Stats comparison: {
  unfilteredStats: { totalShots: [33m1[39m, totalGoals: [33m1[39m, efficiency: [33m100[39m },
  filteredStats: { totalShots: [33m1[39m, totalGoals: [33m1[39m, efficiency: [33m100[39m }
}

 [31m❯[39m src/test/integration/StatisticsFlow.test.tsx [2m([22m[2m1 test[22m[2m | [22m[31m1 failed[39m[2m)[22m[33m 1075[2mms[22m[39m
[31m     [31m×[31m renders matches list and opens statistics modal[39m[33m 1074[2mms[22m[39m

[31m⎯⎯⎯⎯⎯⎯⎯[39m[1m[41m Failed Tests 1 [49m[22m[31m⎯⎯⎯⎯⎯⎯⎯[39m

[41m[1m FAIL [22m[49m src/test/integration/StatisticsFlow.test.tsx[2m > [22mStatistics Flow Integration[2m > [22mrenders matches list and opens statistics modal
[31m[1mTestingLibraryElementError[22m[39m: Unable to find an element with the text: Match Statistics. This could be because the text is broken up by multiple elements. In this case, you can provide a function for your text matcher to make your matcher more flexible.

Ignored nodes: comments, script, style
[36m<body>[39m
  [36m<div>[39m
    [36m<div[39m
      [33mclass[39m=[32m"p-6 max-w-6xl mx-auto"[39m
    [36m>[39m
      [36m<div[39m
        [33mclass[39m=[32m"flex justify-between items-center mb-6"[39m
      [36m>[39m
        [36m<h1[39m
          [33mclass[39m=[32m"text-3xl font-bold text-gray-800"[39m
        [36m>[39m
          [0mMatches Management[0m
        [36m</h1>[39m
        [36m<button[39m
          [33mclass[39m=[32m"flex items-center gap-2 bg-indigo-600 text-white px-4 py-2 rounded-lg hover:bg-indigo-700 transition-colors"[39m
        [36m>[39m
          [36m<svg[39m
            [33maria-hidden[39m=[32m"true"[39m
            [33mclass[39m=[32m"lucide lucide-plus"[39m
            [33mfill[39m=[32m"none"[39m
            [33mheight[39m=[32m"20"[39m
            [33mstroke[39m=[32m"currentColor"[39m
            [33mstroke-linecap[39m=[32m"round"[39m
            [33mstroke-linejoin[39m=[32m"round"[39m
            [33mstroke-width[39m=[32m"2"[39m
            [33mviewBox[39m=[32m"0 0 24 24"[39m
            [33mwidth[39m=[32m"20"[39m
            [33mxmlns[39m=[32m"http://www.w3.org/2000/svg"[39m
          [36m>[39m
            [36m<path[39m
              [33md[39m=[32m"M5 12h14"[39m
            [36m/>[39m
            [36m<path[39m
              [33md[39m=[32m"M12 5v14"[39m
            [36m/>[39m
          [36m</svg>[39m
          [0mNew Match[0m
        [36m</button>[39m
      [36m</div>[39m
      [36m<div[39m
        [33mclass[39m=[32m"mb-6"[39m
      [36m>[39m
        [36m<div[39m
          [33mclass[39m=[32m"relative"[39m
        [36m>[39m
          [36m<svg[39m
            [33maria-hidden[39m=[32m"true"[39m
            [33mclass[39m=[32m"lucide lucide-search absolute left-3 top-1/2 transform -translate-y-1/2 text-gray-400"[39m
            [33mfill[39m=[32m"none"[39m
            [33mheight[39m=[32m"20"[39m
            [33mstroke[39m=[32m"currentColor"[39m
            [33mstroke-linecap[39m=[32m"round"[39m
            [33mstroke-linejoin[39m=[32m"round"[39m
            [33mstroke-width[39m=[32m"2"[39m
            [33mviewBox[39m=[32m"0 0 24 24"[39m
            [33mwidth[39m=[32m"20"[39m
            [33mxmlns[39m=[32m"http://www.w3.org/2000/svg"[39m
          [36m>[39m
            [36m<path[39m
              [33md[39m=[32m"m21 21-4.34-4.34"[39m
            [36m/>[39m
            [36m<circle[39m
              [33mcx[39m=[32m"11"[39m
              [33mcy[39m=[32m"11"[39m
              [33mr[39m=[32m"8"[39m
            [36m/>[39m
          [36m</svg>[39m
          [36m<input[39m
            [33mclass[39m=[32m"w-full pl-10 pr-4 py-2 border border-gray-300 rounded-lg focus:ring-2 focus:ring-indigo-500 focus:border-transparent"[39m
            [33mplaceholder[39m=[32m"Search matches by team name or date..."[39m
            [33mtype[39m=[32m"text"[39m
            [33mvalue[39m=[32m""[39m
          [36m/>[39m
        [36m</div>[39m
      [36m</div>[39m
      [36m<div[39m
        [33mclass[39m=[32m"bg-white rounded-xl shadow-lg overflow-hidden"[39m
      [36m>[39m
        [36m<table[39m
          [33mclass[39m=[32m"w-full"[39m
        [36m>[39m
          [36m<thead[39m
            [33mclass[39m=[32m"bg-gray-50 border-b border-gray-200"[39m
          [36m>[39m
            [36m<tr>[39m
              [36m<th[39m
                [33mclass[39m=[32m"px-6 py-3 text-left text-xs font-medium text-gray-500 uppercase tracking-wider"[39m
              [36m>[39m
                [0mDate[0m
              [36m</th>[39m
              [36m<th[39m
                [33mclass[39m=[32m"px-6 py-3 text-right text-xs font-medium text-gray-500 uppercase tracking-wider"[39m
              [36m>[39m
                [0mHome Team[0m
              [36m</th>[39m
              [36m<th[39m
                [33mclass[39m=[32m"px-6 py-3 text-center text-xs font-medium text-gray-500 uppercase tracking-wider"[39m
              [36m>[39m
                [0mResult[0m
              [36m</th>[39m
              [36m<th[39m
                [33mclass[39m=[32m"px-6 py-3 text-left text-xs font-medium text-gray-500 uppercase tracking-wider"[39m
              [36m>[39m
                [0mAway Team[0m
              [36m</th>[39m
              [36m<th[39m
                [33mclass[39m=[32m"px-6 py-3 text-left text-xs font-medium text-gray-500 uppercase tracking-wider"[39m
              [36m>[39m
                [0mStatus[0m
              [36m</th>[39m
              [36m<th[39m
                [33mclass[39m=[32m"px-6 py-3 text-right text-xs font-medium text-gray-500 uppercase tracking-wider"[39m
              [36m>[39m
                [0mActions[0m
              [36m</th>[39m
            [36m</tr>[39m
          [36m</thead>[39m
          [36m<tbody[39m
            [33mclass[39m=[32m"divide-y divide-gray-200"[39m
          [36m>[39m
            [36m<tr[39m
              [33mclass[39m=[32m"hover:bg-gray-50"[39m
            [36m>[39m
              [36m<td[39m
                [33mclass[39m=[32m"px-6 py-4 whitespace-nowrap text-sm text-gray-900"[39m
              [36m>[39m
                [36m<div[39m
                  [33mclass[39m=[32m"flex items-center gap-2"[39m
                [36m>[39m
                  [36m<svg[39m
                    [33maria-hidden[39m=[32m"true"[39m
                    [33mclass[39m=[32m"lucide lucide-calendar text-gray-400"[39m
                    [33mfill[39m=[32m"none"[39m
                    [33mheight[39m=[32m"16"[39m
                    [33mstroke[39m=[32m"currentColor"[39m
                    [33mstroke-linecap[39m=[32m"round"[39m
                    [33mstroke-linejoin[39m=[32m"round"[39m
                    [33mstroke-width[39m=[32m"2"[39m
                    [33mviewBox[39m=[32m"0 0 24 24"[39m
                    [33mwidth[39m=[32m"16"[39m
                    [33mxmlns[39m=[32m"http://www.w3.org/2000/svg"[39m
                  [36m>[39m
                    [36m<path[39m
                      [33md[39m=[32m"M8 2v4"[39m
                    [36m/>[39m
                    [36m<path[39m
                      [33md[39m=[32m"M16 2v4"[39m
                    [36m/>[39m
                    [36m<rect[39m
                      [33mheight[39m=[32m"18"[39m
                      [33mrx[39m=[32m"2"[39m
                      [33mwidth[39m=[32m"18"[39m
                      [33mx[39m=[32m"3"[39m
                      [33my[39m=[32m"4"[39m
                    [36m/>[39m
                    [36m<path[39m
                      [33md[39m=[32m"M3 10h18"[39m
                    [36m/>[39m
                  [36m</svg>[39m
                  [0mdv., 15 de nov. 2024, 1...

Ignored nodes: comments, script, style
[36m<html>[39m
  [36m<head />[39m
  [36m<body>[39m
    [36m<div>[39m
      [36m<div[39m
        [33mclass[39m=[32m"p-6 max-w-6xl mx-auto"[39m
      [36m>[39m
        [36m<div[39m
          [33mclass[39m=[32m"flex justify-between items-center mb-6"[39m
        [36m>[39m
          [36m<h1[39m
            [33mclass[39m=[32m"text-3xl font-bold text-gray-800"[39m
          [36m>[39m
            [0mMatches Management[0m
          [36m</h1>[39m
          [36m<button[39m
            [33mclass[39m=[32m"flex items-center gap-2 bg-indigo-600 text-white px-4 py-2 rounded-lg hover:bg-indigo-700 transition-colors"[39m
          [36m>[39m
            [36m<svg[39m
              [33maria-hidden[39m=[32m"true"[39m
              [33mclass[39m=[32m"lucide lucide-plus"[39m
              [33mfill[39m=[32m"none"[39m
              [33mheight[39m=[32m"20"[39m
              [33mstroke[39m=[32m"currentColor"[39m
              [33mstroke-linecap[39m=[32m"round"[39m
              [33mstroke-linejoin[39m=[32m"round"[39m
              [33mstroke-width[39m=[32m"2"[39m
              [33mviewBox[39m=[32m"0 0 24 24"[39m
              [33mwidth[39m=[32m"20"[39m
              [33mxmlns[39m=[32m"http://www.w3.org/2000/svg"[39m
            [36m>[39m
              [36m<path[39m
                [33md[39m=[32m"M5 12h14"[39m
              [36m/>[39m
              [36m<path[39m
                [33md[39m=[32m"M12 5v14"[39m
              [36m/>[39m
            [36m</svg>[39m
            [0mNew Match[0m
          [36m</button>[39m
        [36m</div>[39m
        [36m<div[39m
          [33mclass[39m=[32m"mb-6"[39m
        [36m>[39m
          [36m<div[39m
            [33mclass[39m=[32m"relative"[39m
          [36m>[39m
            [36m<svg[39m
              [33maria-hidden[39m=[32m"true"[39m
              [33mclass[39m=[32m"lucide lucide-search absolute left-3 top-1/2 transform -translate-y-1/2 text-gray-400"[39m
              [33mfill[39m=[32m"none"[39m
              [33mheight[39m=[32m"20"[39m
              [33mstroke[39m=[32m"currentColor"[39m
              [33mstroke-linecap[39m=[32m"round"[39m
              [33mstroke-linejoin[39m=[32m"round"[39m
              [33mstroke-width[39m=[32m"2"[39m
              [33mviewBox[39m=[32m"0 0 24 24"[39m
              [33mwidth[39m=[32m"20"[39m
              [33mxmlns[39m=[32m"http://www.w3.org/2000/svg"[39m
            [36m>[39m
              [36m<path[39m
                [33md[39m=[32m"m21 21-4.34-4.34"[39m
              [36m/>[39m
              [36m<circle[39m
                [33mcx[39m=[32m"11"[39m
                [33mcy[39m=[32m"11"[39m
                [33mr[39m=[32m"8"[39m
              [36m/>[39m
            [36m</svg>[39m
            [36m<input[39m
              [33mclass[39m=[32m"w-full pl-10 pr-4 py-2 border border-gray-300 rounded-lg focus:ring-2 focus:ring-indigo-500 focus:border-transparent"[39m
              [33mplaceholder[39m=[32m"Search matches by team name or date..."[39m
              [33mtype[39m=[32m"text"[39m
              [33mvalue[39m=[32m""[39m
            [36m/>[39m
          [36m</div>[39m
        [36m</div>[39m
        [36m<div[39m
          [33mclass[39m=[32m"bg-white rounded-xl shadow-lg overflow-hidden"[39m
        [36m>[39m
          [36m<table[39m
            [33mclass[39m=[32m"w-full"[39m
          [36m>[39m
            [36m<thead[39m
              [33mclass[39m=[32m"bg-gray-50 border-b border-gray-200"[39m
            [36m>[39m
              [36m<tr>[39m
                [36m<th[39m
                  [33mclass[39m=[32m"px-6 py-3 text-left text-xs font-medium text-gray-500 uppercase tracking-wider"[39m
                [36m>[39m
                  [0mDate[0m
                [36m</th>[39m
                [36m<th[39m
                  [33mclass[39m=[32m"px-6 py-3 text-right text-xs font-medium text-gray-500 uppercase tracking-wider"[39m
                [36m>[39m
                  [0mHome Team[0m
                [36m</th>[39m
                [36m<th[39m
                  [33mclass[39m=[32m"px-6 py-3 text-center text-xs font-medium text-gray-500 uppercase tracking-wider"[39m
                [36m>[39m
                  [0mResult[0m
                [36m</th>[39m
                [36m<th[39m
                  [33mclass[39m=[32m"px-6 py-3 text-left text-xs font-medium text-gray-500 uppercase tracking-wider"[39m
                [36m>[39m
                  [0mAway Team[0m
                [36m</th>[39m
                [36m<th[39m
                  [33mclass[39m=[32m"px-6 py-3 text-left text-xs font-medium text-gray-500 uppercase tracking-wider"[39m
                [36m>[39m
                  [0mStatus[0m
                [36m</th>[39m
                [36m<th[39m
                  [33mclass[39m=[32m"px-6 py-3 text-right text-xs font-medium text-gray-500 uppercase tracking-wider"[39m
                [36m>[39m
                  [0mActions[0m
                [36m</th>[39m
              [36m</tr>[39m
            [36m</thead>[39m
            [36m<tbody[39m
              [33mclass[39m=[32m"divide-y divide-gray-200"[39m
            [36m>[39m
              [36m<tr[39m
                [33mclass[39m=[32m"hover:bg-gray-50"[39m
              [36m>[39m
                [36m<td[39m
                  [33mclass[39m=[32m"px-6 py-4 whitespace-nowrap text-sm text-gray-900"[39m
                [36m>[39m
                  [36m<div[39m
                    [33mclass[39m=[32m"flex items-center gap-2"[39m
                  [36m>[39m
                    [36m<svg[39m
                      [33maria-hidden[39m=[32m"true"[39m
                      [33mclass[39m=[32m"lucide lucide-calendar text-gray-400"[39m
                      [33mfill[39m=[32m"none"[39m
                      [33mheight[39m=[32m"16"[39m
                      [33mstroke[39m=[32m"currentColor"[39m
                      [33mstroke-linecap[39m=[32m"round"[39m
                      [33mstroke-linejoin[39m=[32m"round"[39m
                      [33mstroke-width[39m=[32m"2"[39m
                      [33mviewBox[39m=[32m"0 0 24 24"[39m
                      [33mwidth[39m=[32m"16"[39m
                      [33mxmlns[39m=[32m"http://www.w3.org/2000/svg"[39m
                    [36m>[39m
                      [36m<path[39m
                        [33md[39m=[32m"M8 2v4"[39m
                      [36m/>[39m
                      [36m<path[39m
                        [33md[39m=[32m"M16 2v4"[39m
                      [36m/>[39m
                      [36m<rect[39m
                        [33mheight[39m=[32m"18"[39m
                        [33mrx[39m=[32m"2"[39m
                        [33mwidth[39m=[32m"...
[90m [2m❯[22m waitForWrapper node_modules/@testing-library/dom/dist/wait-for.js:[2m163:27[22m[39m
[36m [2m❯[22m src/test/integration/StatisticsFlow.test.tsx:[2m112:11[22m[39m
    [90m110| [39m
    [90m111| [39m    [90m// Check if modal opens and displays stats[39m
    [90m112| [39m    [35mawait[39m [34mwaitFor[39m(() [33m=>[39m {
    [90m   | [39m          [31m^[39m
    [90m113| [39m      [34mexpect[39m(screen[33m.[39m[34mgetByText[39m([32m'Match Statistics'[39m))[33m.[39m[34mtoBeInTheDocument[39m()[33m;[39m
    [90m114| [39m      // Check for event data (this depends on StatisticsView implemen…

[31m[2m⎯⎯⎯⎯⎯⎯⎯⎯⎯⎯⎯⎯⎯⎯⎯⎯⎯⎯⎯⎯⎯⎯⎯⎯[1/1]⎯[22m[39m


[2m Test Files [22m [1m[31m1 failed[39m[22m[90m (1)[39m
[2m      Tests [22m [1m[31m1 failed[39m[22m[90m (1)[39m
[2m   Start at [22m 17:00:05
[2m   Duration [22m 1.30s

[1m[41m FAIL [49m[22m [31mTests failed. Watching for file changes...[39m
       [2mpress [22m[1mh[22m[2m to show help[22m[2m, [22m[2mpress [22m[1mq[22m[2m to quit[22m
c[3J[1m[44m RERUN [49m[22m [34m[2msrc/test/integration/StatisticsFlow.test.tsx [22m[34mx6 [34m[39m
       [2m Filename pattern: [22m[34msrc/test/integration/StatisticsFlow.test.tsx[39m

[90mstdout[2m | src/test/integration/StatisticsFlow.test.tsx[2m > [22m[2mStatistics Flow Integration[2m > [22m[2mrenders matches list and opens statistics modal
[22m[39mMock fetch called with: http://localhost:3000/api/matches
Mock fetch called with: http://localhost:3000/api/teams

[90mstdout[2m | src/test/integration/StatisticsFlow.test.tsx[2m > [22m[2mStatistics Flow Integration[2m > [22m[2mrenders matches list and opens statistics modal
[22m[39mMock fetch called with: http://localhost:3000/api/game-events?matchId=match-1
Mock fetch called with: http://localhost:3000/api/matches/match-1

[90mstdout[2m | src/test/integration/StatisticsFlow.test.tsx[2m > [22m[2mStatistics Flow Integration[2m > [22m[2mrenders matches list and opens statistics modal
[22m[39m[StatisticsView] Filtering events: {
  totalEvents: [33m2[39m,
  context: [32m'match'[39m,
  selectedTeamId: [32m'home-1'[39m,
  sampleEvent: {
    id: [32m'event-1'[39m,
    timestamp: [33m100[39m,
    playerId: [32m'p1'[39m,
    playerName: [90mundefined[39m,
    playerNumber: [90mundefined[39m,
    teamId: [32m'home-1'[39m,
    category: [32m'Shot'[39m,
    action: [32m'Goal'[39m,
    zone: [32m'6m-LW'[39m,
    goalTarget: [33m1[39m,
    context: {
      isCollective: [90mundefined[39m,
      hasOpposition: [90mundefined[39m,
      isCounterAttack: [90mundefined[39m
    },
    defenseFormation: [90mundefined[39m
  }
}
[StatisticsView] Filtered result: { filteredCount: [33m1[39m }
[StatisticsPanel] Received data: {
  eventsCount: [33m1[39m,
  eventCategories: { Shot: [33m1[39m },
  sampleEvents: [
    {
      id: [32m'event-1'[39m,
      timestamp: [33m100[39m,
      playerId: [32m'p1'[39m,
      playerName: [90mundefined[39m,
      playerNumber: [90mundefined[39m,
      teamId: [32m'home-1'[39m,
      category: [32m'Shot'[39m,
      action: [32m'Goal'[39m,
      zone: [32m'6m-LW'[39m,
      goalTarget: [33m1[39m,
      context: [36m[Object][39m,
      defenseFormation: [90mundefined[39m
    }
  ]
}
[StatisticsPanel] Stats comparison: {
  unfilteredStats: { totalShots: [33m1[39m, totalGoals: [33m1[39m, efficiency: [33m100[39m },
  filteredStats: { totalShots: [33m1[39m, totalGoals: [33m1[39m, efficiency: [33m100[39m }
}

 [32m✓[39m src/test/integration/StatisticsFlow.test.tsx [2m([22m[2m1 test[22m[2m)[22m[32m 95[2mms[22m[39m

[2m Test Files [22m [1m[32m1 passed[39m[22m[90m (1)[39m
[2m      Tests [22m [1m[32m1 passed[39m[22m[90m (1)[39m
[2m   Start at [22m 17:00:27
[2m   Duration [22m 351ms

[1m[42m PASS [49m[22m [32mWaiting for file changes...[39m
       [2mpress [22m[1mh[22m[2m to show help[22m[2m, [22m[2mpress [22m[1mq[22m[2m to quit[22m
c[3J[1m[44m RERUN [49m[22m [34m[2msrc/test/integration/StatisticsFlow.test.tsx [22m[34mx7 [34m[39m
       [2m Filename pattern: [22m[34msrc/test/integration/StatisticsFlow.test.tsx[39m

[90mstdout[2m | src/test/integration/StatisticsFlow.test.tsx[2m > [22m[2mStatistics Flow Integration[2m > [22m[2mrenders matches list and opens statistics modal
[22m[39mMock fetch called with: http://localhost:3000/api/matches
Mock fetch called with: http://localhost:3000/api/teams

[90mstdout[2m | src/test/integration/StatisticsFlow.test.tsx[2m > [22m[2mStatistics Flow Integration[2m > [22m[2mrenders matches list and opens statistics modal
[22m[39mMock fetch called with: http://localhost:3000/api/game-events?matchId=match-1
Mock fetch called with: http://localhost:3000/api/matches/match-1

[90mstdout[2m | src/test/integration/StatisticsFlow.test.tsx[2m > [22m[2mStatistics Flow Integration[2m > [22m[2mrenders matches list and opens statistics modal
[22m[39m[StatisticsView] Filtering events: {
  totalEvents: [33m2[39m,
  context: [32m'match'[39m,
  selectedTeamId: [32m'home-1'[39m,
  sampleEvent: {
    id: [32m'event-1'[39m,
    timestamp: [33m100[39m,
    playerId: [32m'p1'[39m,
    playerName: [90mundefined[39m,
    playerNumber: [90mundefined[39m,
    teamId: [32m'home-1'[39m,
    category: [32m'Shot'[39m,
    action: [32m'Goal'[39m,
    zone: [32m'6m-LW'[39m,
    goalTarget: [33m1[39m,
    context: {
      isCollective: [90mundefined[39m,
      hasOpposition: [90mundefined[39m,
      isCounterAttack: [90mundefined[39m
    },
    defenseFormation: [90mundefined[39m
  }
}
[StatisticsView] Filtered result: { filteredCount: [33m1[39m }
[StatisticsPanel] Received data: {
  eventsCount: [33m1[39m,
  eventCategories: { Shot: [33m1[39m },
  sampleEvents: [
    {
      id: [32m'event-1'[39m,
      timestamp: [33m100[39m,
      playerId: [32m'p1'[39m,
      playerName: [90mundefined[39m,
      playerNumber: [90mundefined[39m,
      teamId: [32m'home-1'[39m,
      category: [32m'Shot'[39m,
      action: [32m'Goal'[39m,
      zone: [32m'6m-LW'[39m,
      goalTarget: [33m1[39m,
      context: [36m[Object][39m,
      defenseFormation: [90mundefined[39m
    }
  ]
}
[StatisticsPanel] Stats comparison: {
  unfilteredStats: { totalShots: [33m1[39m, totalGoals: [33m1[39m, efficiency: [33m100[39m },
  filteredStats: { totalShots: [33m1[39m, totalGoals: [33m1[39m, efficiency: [33m100[39m }
}

 [32m✓[39m src/test/integration/StatisticsFlow.test.tsx [2m([22m[2m1 test[22m[2m)[22m[32m 108[2mms[22m[39m

[2m Test Files [22m [1m[32m1 passed[39m[22m[90m (1)[39m
[2m      Tests [22m [1m[32m1 passed[39m[22m[90m (1)[39m
[2m   Start at [22m 17:00:58
[2m   Duration [22m 358ms

[1m[42m PASS [49m[22m [32mWaiting for file changes...[39m
       [2mpress [22m[1mh[22m[2m to show help[22m[2m, [22m[2mpress [22m[1mq[22m[2m to quit[22m
c[3J[1m[44m RERUN [49m[22m [34m[2msrc/components/stats/PlayerStatisticsTable.tsx [22m[34mx8 [34m[39m
       [2m Filename pattern: [22m[34msrc/test/integration/StatisticsFlow.test.tsx[39m


[31m⎯⎯⎯⎯⎯⎯[39m[1m[41m Failed Suites 1 [49m[22m[31m⎯⎯⎯⎯⎯⎯⎯[39m

[41m[1m FAIL [22m[49m src/test/integration/StatisticsFlow.test.tsx[2m [ src/test/integration/StatisticsFlow.test.tsx ][22m
[31m[1mError[22m: Transform failed with 1 error:
/Users/davidmonreal/Projects/handbol2026/frontend/src/components/stats/PlayerStatisticsTable.tsx:88:27: ERROR: Expected "}" but found ";"[39m
  Plugin: [35mvite:esbuild[39m
  File: [36m/Users/davidmonreal/Projects/handbol2026/frontend/src/components/stats/PlayerStatisticsTable.tsx[39m:88:27
[33m  
  Expected "}" but found ";"
  86 |            shotsStatic: 0,
  87 |            goalsStatic: 0,
  88 |            turnovers: number;
     |                             ^
  89 |            yellowCards: 0,
  90 |            twoMinutes: 0,
  [39m
[90m [2m❯[22m failureErrorWithLog node_modules/esbuild/lib/main.js:[2m1467:15[22m[39m
[90m [2m❯[22m node_modules/esbuild/lib/main.js:[2m736:50[22m[39m
[90m [2m❯[22m responseCallbacks.<computed> node_modules/esbuild/lib/main.js:[2m603:9[22m[39m
[90m [2m❯[22m handleIncomingPacket node_modules/esbuild/lib/main.js:[2m658:12[22m[39m
[90m [2m❯[22m Socket.readFromStdout node_modules/esbuild/lib/main.js:[2m581:7[22m[39m

[31m[2m⎯⎯⎯⎯⎯⎯⎯⎯⎯⎯⎯⎯⎯⎯⎯⎯⎯⎯⎯⎯⎯⎯⎯⎯[1/1]⎯[22m[39m


[2m Test Files [22m [1m[31m1 failed[39m[22m[90m (1)[39m
[2m      Tests [22m [2mno tests[22m
[2m   Start at [22m 17:01:47
[2m   Duration [22m 83ms

[1m[41m FAIL [49m[22m [31mTests failed. Watching for file changes...[39m
       [2mpress [22m[1mh[22m[2m to show help[22m[2m, [22m[2mpress [22m[1mq[22m[2m to quit[22m
c[3J[1m[44m RERUN [49m[22m [34m[2msrc/test/integration/StatisticsFlow.test.tsx [22m[34mx9 [34m[39m
       [2m Filename pattern: [22m[34msrc/test/integration/StatisticsFlow.test.tsx[39m


[31m⎯⎯⎯⎯⎯⎯[39m[1m[41m Failed Suites 1 [49m[22m[31m⎯⎯⎯⎯⎯⎯⎯[39m

[41m[1m FAIL [22m[49m src/test/integration/StatisticsFlow.test.tsx[2m [ src/test/integration/StatisticsFlow.test.tsx ][22m
[31m[1mError[22m: Transform failed with 1 error:
/Users/davidmonreal/Projects/handbol2026/frontend/src/components/stats/PlayerStatisticsTable.tsx:88:27: ERROR: Expected "}" but found ";"[39m
  Plugin: [35mvite:esbuild[39m
  File: [36m/Users/davidmonreal/Projects/handbol2026/frontend/src/components/stats/PlayerStatisticsTable.tsx[39m:88:27
[33m  
  Expected "}" but found ";"
  86 |            shotsStatic: 0,
  87 |            goalsStatic: 0,
  88 |            turnovers: number;
     |                             ^
  89 |            yellowCards: 0,
  90 |            twoMinutes: 0,
  [39m
[90m [2m❯[22m failureErrorWithLog node_modules/esbuild/lib/main.js:[2m1467:15[22m[39m
[90m [2m❯[22m node_modules/esbuild/lib/main.js:[2m736:50[22m[39m
[90m [2m❯[22m responseCallbacks.<computed> node_modules/esbuild/lib/main.js:[2m603:9[22m[39m
[90m [2m❯[22m handleIncomingPacket node_modules/esbuild/lib/main.js:[2m658:12[22m[39m
[90m [2m❯[22m Socket.readFromStdout node_modules/esbuild/lib/main.js:[2m581:7[22m[39m

[31m[2m⎯⎯⎯⎯⎯⎯⎯⎯⎯⎯⎯⎯⎯⎯⎯⎯⎯⎯⎯⎯⎯⎯⎯⎯[1/1]⎯[22m[39m


[2m Test Files [22m [1m[31m1 failed[39m[22m[90m (1)[39m
[2m      Tests [22m [2mno tests[22m
[2m   Start at [22m 17:01:48
[2m   Duration [22m 33ms

[1m[41m FAIL [49m[22m [31mTests failed. Watching for file changes...[39m
       [2mpress [22m[1mh[22m[2m to show help[22m[2m, [22m[2mpress [22m[1mq[22m[2m to quit[22m
c[3J[1m[44m RERUN [49m[22m [34m[2msrc/components/stats/PlayerStatisticsTable.tsx [22m[34mx10 [34m[39m
       [2m Filename pattern: [22m[34msrc/test/integration/StatisticsFlow.test.tsx[39m

[90mstdout[2m | src/test/integration/StatisticsFlow.test.tsx[2m > [22m[2mStatistics Flow Integration[2m > [22m[2mrenders matches list and opens statistics modal
[22m[39mMock fetch called with: http://localhost:3000/api/matches
Mock fetch called with: http://localhost:3000/api/teams

[90mstdout[2m | src/test/integration/StatisticsFlow.test.tsx[2m > [22m[2mStatistics Flow Integration[2m > [22m[2mrenders matches list and opens statistics modal
[22m[39mMock fetch called with: http://localhost:3000/api/game-events?matchId=match-1
Mock fetch called with: http://localhost:3000/api/matches/match-1

[90mstdout[2m | src/test/integration/StatisticsFlow.test.tsx[2m > [22m[2mStatistics Flow Integration[2m > [22m[2mrenders matches list and opens statistics modal
[22m[39m[StatisticsView] Filtering events: {
  totalEvents: [33m2[39m,
  context: [32m'match'[39m,
  selectedTeamId: [32m'home-1'[39m,
  sampleEvent: {
    id: [32m'event-1'[39m,
    timestamp: [33m100[39m,
    playerId: [32m'p1'[39m,
    playerName: [90mundefined[39m,
    playerNumber: [90mundefined[39m,
    teamId: [32m'home-1'[39m,
    category: [32m'Shot'[39m,
    action: [32m'Goal'[39m,
    zone: [32m'6m-LW'[39m,
    goalTarget: [33m1[39m,
    context: {
      isCollective: [90mundefined[39m,
      hasOpposition: [90mundefined[39m,
      isCounterAttack: [90mundefined[39m
    },
    defenseFormation: [90mundefined[39m
  }
}
[StatisticsView] Filtered result: { filteredCount: [33m1[39m }
[StatisticsPanel] Received data: {
  eventsCount: [33m1[39m,
  eventCategories: { Shot: [33m1[39m },
  sampleEvents: [
    {
      id: [32m'event-1'[39m,
      timestamp: [33m100[39m,
      playerId: [32m'p1'[39m,
      playerName: [90mundefined[39m,
      playerNumber: [90mundefined[39m,
      teamId: [32m'home-1'[39m,
      category: [32m'Shot'[39m,
      action: [32m'Goal'[39m,
      zone: [32m'6m-LW'[39m,
      goalTarget: [33m1[39m,
      context: [36m[Object][39m,
      defenseFormation: [90mundefined[39m
    }
  ]
}
[StatisticsPanel] Stats comparison: {
  unfilteredStats: { totalShots: [33m1[39m, totalGoals: [33m1[39m, efficiency: [33m100[39m },
  filteredStats: { totalShots: [33m1[39m, totalGoals: [33m1[39m, efficiency: [33m100[39m }
}

 [32m✓[39m src/test/integration/StatisticsFlow.test.tsx [2m([22m[2m1 test[22m[2m)[22m[32m 104[2mms[22m[39m

[2m Test Files [22m [1m[32m1 passed[39m[22m[90m (1)[39m
[2m      Tests [22m [1m[32m1 passed[39m[22m[90m (1)[39m
[2m   Start at [22m 17:01:59
[2m   Duration [22m 351ms

[1m[42m PASS [49m[22m [32mWaiting for file changes...[39m
       [2mpress [22m[1mh[22m[2m to show help[22m[2m, [22m[2mpress [22m[1mq[22m[2m to quit[22m
c[3J[1m[44m RERUN [49m[22m [34m[2msrc/components/stats/PlayerStatisticsTable.tsx [22m[34mx11 [34m[39m
       [2m Filename pattern: [22m[34msrc/test/integration/StatisticsFlow.test.tsx[39m

[90mstdout[2m | src/test/integration/StatisticsFlow.test.tsx[2m > [22m[2mStatistics Flow Integration[2m > [22m[2mrenders matches list and opens statistics modal
[22m[39mMock fetch called with: http://localhost:3000/api/matches
Mock fetch called with: http://localhost:3000/api/teams

[90mstdout[2m | src/test/integration/StatisticsFlow.test.tsx[2m > [22m[2mStatistics Flow Integration[2m > [22m[2mrenders matches list and opens statistics modal
[22m[39mMock fetch called with: http://localhost:3000/api/game-events?matchId=match-1
Mock fetch called with: http://localhost:3000/api/matches/match-1

[90mstdout[2m | src/test/integration/StatisticsFlow.test.tsx[2m > [22m[2mStatistics Flow Integration[2m > [22m[2mrenders matches list and opens statistics modal
[22m[39m[StatisticsView] Filtering events: {
  totalEvents: [33m2[39m,
  context: [32m'match'[39m,
  selectedTeamId: [32m'home-1'[39m,
  sampleEvent: {
    id: [32m'event-1'[39m,
    timestamp: [33m100[39m,
    playerId: [32m'p1'[39m,
    playerName: [90mundefined[39m,
    playerNumber: [90mundefined[39m,
    teamId: [32m'home-1'[39m,
    category: [32m'Shot'[39m,
    action: [32m'Goal'[39m,
    zone: [32m'6m-LW'[39m,
    goalTarget: [33m1[39m,
    context: {
      isCollective: [90mundefined[39m,
      hasOpposition: [90mundefined[39m,
      isCounterAttack: [90mundefined[39m
    },
    defenseFormation: [90mundefined[39m
  }
}
[StatisticsView] Filtered result: { filteredCount: [33m1[39m }
[StatisticsPanel] Received data: {
  eventsCount: [33m1[39m,
  eventCategories: { Shot: [33m1[39m },
  sampleEvents: [
    {
      id: [32m'event-1'[39m,
      timestamp: [33m100[39m,
      playerId: [32m'p1'[39m,
      playerName: [90mundefined[39m,
      playerNumber: [90mundefined[39m,
      teamId: [32m'home-1'[39m,
      category: [32m'Shot'[39m,
      action: [32m'Goal'[39m,
      zone: [32m'6m-LW'[39m,
      goalTarget: [33m1[39m,
      context: [36m[Object][39m,
      defenseFormation: [90mundefined[39m
    }
  ]
}
[StatisticsPanel] Stats comparison: {
  unfilteredStats: { totalShots: [33m1[39m, totalGoals: [33m1[39m, efficiency: [33m100[39m },
  filteredStats: { totalShots: [33m1[39m, totalGoals: [33m1[39m, efficiency: [33m100[39m }
}

 [32m✓[39m src/test/integration/StatisticsFlow.test.tsx [2m([22m[2m1 test[22m[2m)[22m[32m 106[2mms[22m[39m

[2m Test Files [22m [1m[32m1 passed[39m[22m[90m (1)[39m
[2m      Tests [22m [1m[32m1 passed[39m[22m[90m (1)[39m
[2m   Start at [22m 17:02:17
[2m   Duration [22m 353ms

[1m[42m PASS [49m[22m [32mWaiting for file changes...[39m
       [2mpress [22m[1mh[22m[2m to show help[22m[2m, [22m[2mpress [22m[1mq[22m[2m to quit[22m
c[3J[1m[44m RERUN [49m[22m [34m[2msrc/test/integration/StatisticsFlow.test.tsx [22m[34mx12 [34m[39m
       [2m Filename pattern: [22m[34msrc/test/integration/StatisticsFlow.test.tsx[39m

[90mstdout[2m | src/test/integration/StatisticsFlow.test.tsx[2m > [22m[2mStatistics Flow Integration[2m > [22m[2mrenders matches list and opens statistics modal
[22m[39mMock fetch called with: http://localhost:3000/api/matches
Mock fetch called with: http://localhost:3000/api/teams

[90mstdout[2m | src/test/integration/StatisticsFlow.test.tsx[2m > [22m[2mStatistics Flow Integration[2m > [22m[2mrenders matches list and opens statistics modal
[22m[39mMock fetch called with: http://localhost:3000/api/game-events?matchId=match-1
Mock fetch called with: http://localhost:3000/api/matches/match-1

[90mstdout[2m | src/test/integration/StatisticsFlow.test.tsx[2m > [22m[2mStatistics Flow Integration[2m > [22m[2mrenders matches list and opens statistics modal
[22m[39m[StatisticsView] Filtering events: {
  totalEvents: [33m2[39m,
  context: [32m'match'[39m,
  selectedTeamId: [32m'home-1'[39m,
  sampleEvent: {
    id: [32m'event-1'[39m,
    timestamp: [33m100[39m,
    playerId: [32m'p1'[39m,
    playerName: [90mundefined[39m,
    playerNumber: [90mundefined[39m,
    teamId: [32m'home-1'[39m,
    category: [32m'Shot'[39m,
    action: [32m'Goal'[39m,
    zone: [32m'6m-LW'[39m,
    goalTarget: [33m1[39m,
    context: {
      isCollective: [90mundefined[39m,
      hasOpposition: [90mundefined[39m,
      isCounterAttack: [90mundefined[39m
    },
    defenseFormation: [90mundefined[39m
  }
}
[StatisticsView] Filtered result: { filteredCount: [33m1[39m }
[StatisticsPanel] Received data: {
  eventsCount: [33m1[39m,
  eventCategories: { Shot: [33m1[39m },
  sampleEvents: [
    {
      id: [32m'event-1'[39m,
      timestamp: [33m100[39m,
      playerId: [32m'p1'[39m,
      playerName: [90mundefined[39m,
      playerNumber: [90mundefined[39m,
      teamId: [32m'home-1'[39m,
      category: [32m'Shot'[39m,
      action: [32m'Goal'[39m,
      zone: [32m'6m-LW'[39m,
      goalTarget: [33m1[39m,
      context: [36m[Object][39m,
      defenseFormation: [90mundefined[39m
    }
  ]
}
[StatisticsPanel] Stats comparison: {
  unfilteredStats: { totalShots: [33m1[39m, totalGoals: [33m1[39m, efficiency: [33m100[39m },
  filteredStats: { totalShots: [33m1[39m, totalGoals: [33m1[39m, efficiency: [33m100[39m }
}

 [31m❯[39m src/test/integration/StatisticsFlow.test.tsx [2m([22m[2m1 test[22m[2m | [22m[31m1 failed[39m[2m)[22m[33m 1072[2mms[22m[39m
[31m     [31m×[31m renders matches list and opens statistics modal[39m[33m 1071[2mms[22m[39m

[31m⎯⎯⎯⎯⎯⎯⎯[39m[1m[41m Failed Tests 1 [49m[22m[31m⎯⎯⎯⎯⎯⎯⎯[39m

[41m[1m FAIL [22m[49m src/test/integration/StatisticsFlow.test.tsx[2m > [22mStatistics Flow Integration[2m > [22mrenders matches list and opens statistics modal
[31m[1mTestingLibraryElementError[22m[39m: Unable to find an element with the text: Player 2. This could be because the text is broken up by multiple elements. In this case, you can provide a function for your text matcher to make your matcher more flexible.

Ignored nodes: comments, script, style
[36m<body>[39m
  [36m<div>[39m
    [36m<div[39m
      [33mclass[39m=[32m"p-6 max-w-6xl mx-auto"[39m
    [36m>[39m
      [36m<div[39m
        [33mclass[39m=[32m"flex justify-between items-center mb-6"[39m
      [36m>[39m
        [36m<h1[39m
          [33mclass[39m=[32m"text-3xl font-bold text-gray-800"[39m
        [36m>[39m
          [0mMatches Management[0m
        [36m</h1>[39m
        [36m<button[39m
          [33mclass[39m=[32m"flex items-center gap-2 bg-indigo-600 text-white px-4 py-2 rounded-lg hover:bg-indigo-700 transition-colors"[39m
        [36m>[39m
          [36m<svg[39m
            [33maria-hidden[39m=[32m"true"[39m
            [33mclass[39m=[32m"lucide lucide-plus"[39m
            [33mfill[39m=[32m"none"[39m
            [33mheight[39m=[32m"20"[39m
            [33mstroke[39m=[32m"currentColor"[39m
            [33mstroke-linecap[39m=[32m"round"[39m
            [33mstroke-linejoin[39m=[32m"round"[39m
            [33mstroke-width[39m=[32m"2"[39m
            [33mviewBox[39m=[32m"0 0 24 24"[39m
            [33mwidth[39m=[32m"20"[39m
            [33mxmlns[39m=[32m"http://www.w3.org/2000/svg"[39m
          [36m>[39m
            [36m<path[39m
              [33md[39m=[32m"M5 12h14"[39m
            [36m/>[39m
            [36m<path[39m
              [33md[39m=[32m"M12 5v14"[39m
            [36m/>[39m
          [36m</svg>[39m
          [0mNew Match[0m
        [36m</button>[39m
      [36m</div>[39m
      [36m<div[39m
        [33mclass[39m=[32m"mb-6"[39m
      [36m>[39m
        [36m<div[39m
          [33mclass[39m=[32m"relative"[39m
        [36m>[39m
          [36m<svg[39m
            [33maria-hidden[39m=[32m"true"[39m
            [33mclass[39m=[32m"lucide lucide-search absolute left-3 top-1/2 transform -translate-y-1/2 text-gray-400"[39m
            [33mfill[39m=[32m"none"[39m
            [33mheight[39m=[32m"20"[39m
            [33mstroke[39m=[32m"currentColor"[39m
            [33mstroke-linecap[39m=[32m"round"[39m
            [33mstroke-linejoin[39m=[32m"round"[39m
            [33mstroke-width[39m=[32m"2"[39m
            [33mviewBox[39m=[32m"0 0 24 24"[39m
            [33mwidth[39m=[32m"20"[39m
            [33mxmlns[39m=[32m"http://www.w3.org/2000/svg"[39m
          [36m>[39m
            [36m<path[39m
              [33md[39m=[32m"m21 21-4.34-4.34"[39m
            [36m/>[39m
            [36m<circle[39m
              [33mcx[39m=[32m"11"[39m
              [33mcy[39m=[32m"11"[39m
              [33mr[39m=[32m"8"[39m
            [36m/>[39m
          [36m</svg>[39m
          [36m<input[39m
            [33mclass[39m=[32m"w-full pl-10 pr-4 py-2 border border-gray-300 rounded-lg focus:ring-2 focus:ring-indigo-500 focus:border-transparent"[39m
            [33mplaceholder[39m=[32m"Search matches by team name or date..."[39m
            [33mtype[39m=[32m"text"[39m
            [33mvalue[39m=[32m""[39m
          [36m/>[39m
        [36m</div>[39m
      [36m</div>[39m
      [36m<div[39m
        [33mclass[39m=[32m"bg-white rounded-xl shadow-lg overflow-hidden"[39m
      [36m>[39m
        [36m<table[39m
          [33mclass[39m=[32m"w-full"[39m
        [36m>[39m
          [36m<thead[39m
            [33mclass[39m=[32m"bg-gray-50 border-b border-gray-200"[39m
          [36m>[39m
            [36m<tr>[39m
              [36m<th[39m
                [33mclass[39m=[32m"px-6 py-3 text-left text-xs font-medium text-gray-500 uppercase tracking-wider"[39m
              [36m>[39m
                [0mDate[0m
              [36m</th>[39m
              [36m<th[39m
                [33mclass[39m=[32m"px-6 py-3 text-right text-xs font-medium text-gray-500 uppercase tracking-wider"[39m
              [36m>[39m
                [0mHome Team[0m
              [36m</th>[39m
              [36m<th[39m
                [33mclass[39m=[32m"px-6 py-3 text-center text-xs font-medium text-gray-500 uppercase tracking-wider"[39m
              [36m>[39m
                [0mResult[0m
              [36m</th>[39m
              [36m<th[39m
                [33mclass[39m=[32m"px-6 py-3 text-left text-xs font-medium text-gray-500 uppercase tracking-wider"[39m
              [36m>[39m
                [0mAway Team[0m
              [36m</th>[39m
              [36m<th[39m
                [33mclass[39m=[32m"px-6 py-3 text-left text-xs font-medium text-gray-500 uppercase tracking-wider"[39m
              [36m>[39m
                [0mStatus[0m
              [36m</th>[39m
              [36m<th[39m
                [33mclass[39m=[32m"px-6 py-3 text-right text-xs font-medium text-gray-500 uppercase tracking-wider"[39m
              [36m>[39m
                [0mActions[0m
              [36m</th>[39m
            [36m</tr>[39m
          [36m</thead>[39m
          [36m<tbody[39m
            [33mclass[39m=[32m"divide-y divide-gray-200"[39m
          [36m>[39m
            [36m<tr[39m
              [33mclass[39m=[32m"hover:bg-gray-50"[39m
            [36m>[39m
              [36m<td[39m
                [33mclass[39m=[32m"px-6 py-4 whitespace-nowrap text-sm text-gray-900"[39m
              [36m>[39m
                [36m<div[39m
                  [33mclass[39m=[32m"flex items-center gap-2"[39m
                [36m>[39m
                  [36m<svg[39m
                    [33maria-hidden[39m=[32m"true"[39m
                    [33mclass[39m=[32m"lucide lucide-calendar text-gray-400"[39m
                    [33mfill[39m=[32m"none"[39m
                    [33mheight[39m=[32m"16"[39m
                    [33mstroke[39m=[32m"currentColor"[39m
                    [33mstroke-linecap[39m=[32m"round"[39m
                    [33mstroke-linejoin[39m=[32m"round"[39m
                    [33mstroke-width[39m=[32m"2"[39m
                    [33mviewBox[39m=[32m"0 0 24 24"[39m
                    [33mwidth[39m=[32m"16"[39m
                    [33mxmlns[39m=[32m"http://www.w3.org/2000/svg"[39m
                  [36m>[39m
                    [36m<path[39m
                      [33md[39m=[32m"M8 2v4"[39m
                    [36m/>[39m
                    [36m<path[39m
                      [33md[39m=[32m"M16 2v4"[39m
                    [36m/>[39m
                    [36m<rect[39m
                      [33mheight[39m=[32m"18"[39m
                      [33mrx[39m=[32m"2"[39m
                      [33mwidth[39m=[32m"18"[39m
                      [33mx[39m=[32m"3"[39m
                      [33my[39m=[32m"4"[39m
                    [36m/>[39m
                    [36m<path[39m
                      [33md[39m=[32m"M3 10h18"[39m
                    [36m/>[39m
                  [36m</svg>[39m
                  [0mdv., 15 de nov. 2024, 1...

Ignored nodes: comments, script, style
[36m<html>[39m
  [36m<head />[39m
  [36m<body>[39m
    [36m<div>[39m
      [36m<div[39m
        [33mclass[39m=[32m"p-6 max-w-6xl mx-auto"[39m
      [36m>[39m
        [36m<div[39m
          [33mclass[39m=[32m"flex justify-between items-center mb-6"[39m
        [36m>[39m
          [36m<h1[39m
            [33mclass[39m=[32m"text-3xl font-bold text-gray-800"[39m
          [36m>[39m
            [0mMatches Management[0m
          [36m</h1>[39m
          [36m<button[39m
            [33mclass[39m=[32m"flex items-center gap-2 bg-indigo-600 text-white px-4 py-2 rounded-lg hover:bg-indigo-700 transition-colors"[39m
          [36m>[39m
            [36m<svg[39m
              [33maria-hidden[39m=[32m"true"[39m
              [33mclass[39m=[32m"lucide lucide-plus"[39m
              [33mfill[39m=[32m"none"[39m
              [33mheight[39m=[32m"20"[39m
              [33mstroke[39m=[32m"currentColor"[39m
              [33mstroke-linecap[39m=[32m"round"[39m
              [33mstroke-linejoin[39m=[32m"round"[39m
              [33mstroke-width[39m=[32m"2"[39m
              [33mviewBox[39m=[32m"0 0 24 24"[39m
              [33mwidth[39m=[32m"20"[39m
              [33mxmlns[39m=[32m"http://www.w3.org/2000/svg"[39m
            [36m>[39m
              [36m<path[39m
                [33md[39m=[32m"M5 12h14"[39m
              [36m/>[39m
              [36m<path[39m
                [33md[39m=[32m"M12 5v14"[39m
              [36m/>[39m
            [36m</svg>[39m
            [0mNew Match[0m
          [36m</button>[39m
        [36m</div>[39m
        [36m<div[39m
          [33mclass[39m=[32m"mb-6"[39m
        [36m>[39m
          [36m<div[39m
            [33mclass[39m=[32m"relative"[39m
          [36m>[39m
            [36m<svg[39m
              [33maria-hidden[39m=[32m"true"[39m
              [33mclass[39m=[32m"lucide lucide-search absolute left-3 top-1/2 transform -translate-y-1/2 text-gray-400"[39m
              [33mfill[39m=[32m"none"[39m
              [33mheight[39m=[32m"20"[39m
              [33mstroke[39m=[32m"currentColor"[39m
              [33mstroke-linecap[39m=[32m"round"[39m
              [33mstroke-linejoin[39m=[32m"round"[39m
              [33mstroke-width[39m=[32m"2"[39m
              [33mviewBox[39m=[32m"0 0 24 24"[39m
              [33mwidth[39m=[32m"20"[39m
              [33mxmlns[39m=[32m"http://www.w3.org/2000/svg"[39m
            [36m>[39m
              [36m<path[39m
                [33md[39m=[32m"m21 21-4.34-4.34"[39m
              [36m/>[39m
              [36m<circle[39m
                [33mcx[39m=[32m"11"[39m
                [33mcy[39m=[32m"11"[39m
                [33mr[39m=[32m"8"[39m
              [36m/>[39m
            [36m</svg>[39m
            [36m<input[39m
              [33mclass[39m=[32m"w-full pl-10 pr-4 py-2 border border-gray-300 rounded-lg focus:ring-2 focus:ring-indigo-500 focus:border-transparent"[39m
              [33mplaceholder[39m=[32m"Search matches by team name or date..."[39m
              [33mtype[39m=[32m"text"[39m
              [33mvalue[39m=[32m""[39m
            [36m/>[39m
          [36m</div>[39m
        [36m</div>[39m
        [36m<div[39m
          [33mclass[39m=[32m"bg-white rounded-xl shadow-lg overflow-hidden"[39m
        [36m>[39m
          [36m<table[39m
            [33mclass[39m=[32m"w-full"[39m
          [36m>[39m
            [36m<thead[39m
              [33mclass[39m=[32m"bg-gray-50 border-b border-gray-200"[39m
            [36m>[39m
              [36m<tr>[39m
                [36m<th[39m
                  [33mclass[39m=[32m"px-6 py-3 text-left text-xs font-medium text-gray-500 uppercase tracking-wider"[39m
                [36m>[39m
                  [0mDate[0m
                [36m</th>[39m
                [36m<th[39m
                  [33mclass[39m=[32m"px-6 py-3 text-right text-xs font-medium text-gray-500 uppercase tracking-wider"[39m
                [36m>[39m
                  [0mHome Team[0m
                [36m</th>[39m
                [36m<th[39m
                  [33mclass[39m=[32m"px-6 py-3 text-center text-xs font-medium text-gray-500 uppercase tracking-wider"[39m
                [36m>[39m
                  [0mResult[0m
                [36m</th>[39m
                [36m<th[39m
                  [33mclass[39m=[32m"px-6 py-3 text-left text-xs font-medium text-gray-500 uppercase tracking-wider"[39m
                [36m>[39m
                  [0mAway Team[0m
                [36m</th>[39m
                [36m<th[39m
                  [33mclass[39m=[32m"px-6 py-3 text-left text-xs font-medium text-gray-500 uppercase tracking-wider"[39m
                [36m>[39m
                  [0mStatus[0m
                [36m</th>[39m
                [36m<th[39m
                  [33mclass[39m=[32m"px-6 py-3 text-right text-xs font-medium text-gray-500 uppercase tracking-wider"[39m
                [36m>[39m
                  [0mActions[0m
                [36m</th>[39m
              [36m</tr>[39m
            [36m</thead>[39m
            [36m<tbody[39m
              [33mclass[39m=[32m"divide-y divide-gray-200"[39m
            [36m>[39m
              [36m<tr[39m
                [33mclass[39m=[32m"hover:bg-gray-50"[39m
              [36m>[39m
                [36m<td[39m
                  [33mclass[39m=[32m"px-6 py-4 whitespace-nowrap text-sm text-gray-900"[39m
                [36m>[39m
                  [36m<div[39m
                    [33mclass[39m=[32m"flex items-center gap-2"[39m
                  [36m>[39m
                    [36m<svg[39m
                      [33maria-hidden[39m=[32m"true"[39m
                      [33mclass[39m=[32m"lucide lucide-calendar text-gray-400"[39m
                      [33mfill[39m=[32m"none"[39m
                      [33mheight[39m=[32m"16"[39m
                      [33mstroke[39m=[32m"currentColor"[39m
                      [33mstroke-linecap[39m=[32m"round"[39m
                      [33mstroke-linejoin[39m=[32m"round"[39m
                      [33mstroke-width[39m=[32m"2"[39m
                      [33mviewBox[39m=[32m"0 0 24 24"[39m
                      [33mwidth[39m=[32m"16"[39m
                      [33mxmlns[39m=[32m"http://www.w3.org/2000/svg"[39m
                    [36m>[39m
                      [36m<path[39m
                        [33md[39m=[32m"M8 2v4"[39m
                      [36m/>[39m
                      [36m<path[39m
                        [33md[39m=[32m"M16 2v4"[39m
                      [36m/>[39m
                      [36m<rect[39m
                        [33mheight[39m=[32m"18"[39m
                        [33mrx[39m=[32m"2"[39m
                        [33mwidth[39m=[32m"...
[90m [2m❯[22m waitForWrapper node_modules/@testing-library/dom/dist/wait-for.js:[2m163:27[22m[39m
[36m [2m❯[22m src/test/integration/StatisticsFlow.test.tsx:[2m112:11[22m[39m
    [90m110| [39m
    [90m111| [39m    [90m// Check if modal opens and displays stats[39m
    [90m112| [39m    [35mawait[39m [34mwaitFor[39m(() [33m=>[39m {
    [90m   | [39m          [31m^[39m
    [90m113| [39m      [34mexpect[39m(screen[33m.[39m[34mgetByText[39m([36m/Match Statistics/[39m))[33m.[39m[34mtoBeInTheDocument[39m()[33m;[39m
    [90m114| [39m      [34mexpect[39m(screen[33m.[39m[34mgetByText[39m([32m'Player 1'[39m))[33m.[39m[34mtoBeInTheDocument[39m()[33m;[39m

[31m[2m⎯⎯⎯⎯⎯⎯⎯⎯⎯⎯⎯⎯⎯⎯⎯⎯⎯⎯⎯⎯⎯⎯⎯⎯[1/1]⎯[22m[39m


[2m Test Files [22m [1m[31m1 failed[39m[22m[90m (1)[39m
[2m      Tests [22m [1m[31m1 failed[39m[22m[90m (1)[39m
[2m   Start at [22m 17:02:38
[2m   Duration [22m 1.37s

[1m[41m FAIL [49m[22m [31mTests failed. Watching for file changes...[39m
       [2mpress [22m[1mh[22m[2m to show help[22m[2m, [22m[2mpress [22m[1mq[22m[2m to quit[22m
c[3J[1m[44m RERUN [49m[22m [34m[2msrc/test/integration/StatisticsFlow.test.tsx [22m[34mx13 [34m[39m
       [2m Filename pattern: [22m[34msrc/test/integration/StatisticsFlow.test.tsx[39m

[90mstdout[2m | src/test/integration/StatisticsFlow.test.tsx[2m > [22m[2mStatistics Flow Integration[2m > [22m[2mrenders matches list and opens statistics modal
[22m[39mMock fetch called with: http://localhost:3000/api/matches
Mock fetch called with: http://localhost:3000/api/teams

[90mstdout[2m | src/test/integration/StatisticsFlow.test.tsx[2m > [22m[2mStatistics Flow Integration[2m > [22m[2mrenders matches list and opens statistics modal
[22m[39mMock fetch called with: http://localhost:3000/api/game-events?matchId=match-1
Mock fetch called with: http://localhost:3000/api/matches/match-1

[90mstdout[2m | src/test/integration/StatisticsFlow.test.tsx[2m > [22m[2mStatistics Flow Integration[2m > [22m[2mrenders matches list and opens statistics modal
[22m[39m[StatisticsView] Filtering events: {
  totalEvents: [33m2[39m,
  context: [32m'match'[39m,
  selectedTeamId: [32m'home-1'[39m,
  sampleEvent: {
    id: [32m'event-1'[39m,
    timestamp: [33m100[39m,
    playerId: [32m'p1'[39m,
    playerName: [90mundefined[39m,
    playerNumber: [90mundefined[39m,
    teamId: [32m'home-1'[39m,
    category: [32m'Shot'[39m,
    action: [32m'Goal'[39m,
    zone: [32m'6m-LW'[39m,
    goalTarget: [33m1[39m,
    context: {
      isCollective: [90mundefined[39m,
      hasOpposition: [90mundefined[39m,
      isCounterAttack: [90mundefined[39m
    },
    defenseFormation: [90mundefined[39m
  }
}
[StatisticsView] Filtered result: { filteredCount: [33m2[39m }
[StatisticsPanel] Received data: {
  eventsCount: [33m2[39m,
  eventCategories: { Shot: [33m1[39m, Sanction: [33m1[39m },
  sampleEvents: [
    {
      id: [32m'event-1'[39m,
      timestamp: [33m100[39m,
      playerId: [32m'p1'[39m,
      playerName: [90mundefined[39m,
      playerNumber: [90mundefined[39m,
      teamId: [32m'home-1'[39m,
      category: [32m'Shot'[39m,
      action: [32m'Goal'[39m,
      zone: [32m'6m-LW'[39m,
      goalTarget: [33m1[39m,
      context: [36m[Object][39m,
      defenseFormation: [90mundefined[39m
    },
    {
      id: [32m'event-2'[39m,
      timestamp: [33m200[39m,
      playerId: [32m'p1'[39m,
      playerName: [90mundefined[39m,
      playerNumber: [90mundefined[39m,
      teamId: [32m'home-1'[39m,
      category: [32m'Sanction'[39m,
      action: [32m'Sanction'[39m,
      zone: [90mundefined[39m,
      goalTarget: [90mundefined[39m,
      context: [36m[Object][39m,
      defenseFormation: [90mundefined[39m
    }
  ]
}
[StatisticsPanel] Stats comparison: {
  unfilteredStats: { totalShots: [33m1[39m, totalGoals: [33m1[39m, efficiency: [33m100[39m },
  filteredStats: { totalShots: [33m1[39m, totalGoals: [33m1[39m, efficiency: [33m100[39m }
}

 [31m❯[39m src/test/integration/StatisticsFlow.test.tsx [2m([22m[2m1 test[22m[2m | [22m[31m1 failed[39m[2m)[22m[33m 1103[2mms[22m[39m
[31m     [31m×[31m renders matches list and opens statistics modal[39m[33m 1102[2mms[22m[39m

[31m⎯⎯⎯⎯⎯⎯⎯[39m[1m[41m Failed Tests 1 [49m[22m[31m⎯⎯⎯⎯⎯⎯⎯[39m

[41m[1m FAIL [22m[49m src/test/integration/StatisticsFlow.test.tsx[2m > [22mStatistics Flow Integration[2m > [22mrenders matches list and opens statistics modal
[31m[1mTestingLibraryElementError[22m[39m: Unable to find an element with the text: Player 2. This could be because the text is broken up by multiple elements. In this case, you can provide a function for your text matcher to make your matcher more flexible.

Ignored nodes: comments, script, style
[36m<body>[39m
  [36m<div>[39m
    [36m<div[39m
      [33mclass[39m=[32m"p-6 max-w-6xl mx-auto"[39m
    [36m>[39m
      [36m<div[39m
        [33mclass[39m=[32m"flex justify-between items-center mb-6"[39m
      [36m>[39m
        [36m<h1[39m
          [33mclass[39m=[32m"text-3xl font-bold text-gray-800"[39m
        [36m>[39m
          [0mMatches Management[0m
        [36m</h1>[39m
        [36m<button[39m
          [33mclass[39m=[32m"flex items-center gap-2 bg-indigo-600 text-white px-4 py-2 rounded-lg hover:bg-indigo-700 transition-colors"[39m
        [36m>[39m
          [36m<svg[39m
            [33maria-hidden[39m=[32m"true"[39m
            [33mclass[39m=[32m"lucide lucide-plus"[39m
            [33mfill[39m=[32m"none"[39m
            [33mheight[39m=[32m"20"[39m
            [33mstroke[39m=[32m"currentColor"[39m
            [33mstroke-linecap[39m=[32m"round"[39m
            [33mstroke-linejoin[39m=[32m"round"[39m
            [33mstroke-width[39m=[32m"2"[39m
            [33mviewBox[39m=[32m"0 0 24 24"[39m
            [33mwidth[39m=[32m"20"[39m
            [33mxmlns[39m=[32m"http://www.w3.org/2000/svg"[39m
          [36m>[39m
            [36m<path[39m
              [33md[39m=[32m"M5 12h14"[39m
            [36m/>[39m
            [36m<path[39m
              [33md[39m=[32m"M12 5v14"[39m
            [36m/>[39m
          [36m</svg>[39m
          [0mNew Match[0m
        [36m</button>[39m
      [36m</div>[39m
      [36m<div[39m
        [33mclass[39m=[32m"mb-6"[39m
      [36m>[39m
        [36m<div[39m
          [33mclass[39m=[32m"relative"[39m
        [36m>[39m
          [36m<svg[39m
            [33maria-hidden[39m=[32m"true"[39m
            [33mclass[39m=[32m"lucide lucide-search absolute left-3 top-1/2 transform -translate-y-1/2 text-gray-400"[39m
            [33mfill[39m=[32m"none"[39m
            [33mheight[39m=[32m"20"[39m
            [33mstroke[39m=[32m"currentColor"[39m
            [33mstroke-linecap[39m=[32m"round"[39m
            [33mstroke-linejoin[39m=[32m"round"[39m
            [33mstroke-width[39m=[32m"2"[39m
            [33mviewBox[39m=[32m"0 0 24 24"[39m
            [33mwidth[39m=[32m"20"[39m
            [33mxmlns[39m=[32m"http://www.w3.org/2000/svg"[39m
          [36m>[39m
            [36m<path[39m
              [33md[39m=[32m"m21 21-4.34-4.34"[39m
            [36m/>[39m
            [36m<circle[39m
              [33mcx[39m=[32m"11"[39m
              [33mcy[39m=[32m"11"[39m
              [33mr[39m=[32m"8"[39m
            [36m/>[39m
          [36m</svg>[39m
          [36m<input[39m
            [33mclass[39m=[32m"w-full pl-10 pr-4 py-2 border border-gray-300 rounded-lg focus:ring-2 focus:ring-indigo-500 focus:border-transparent"[39m
            [33mplaceholder[39m=[32m"Search matches by team name or date..."[39m
            [33mtype[39m=[32m"text"[39m
            [33mvalue[39m=[32m""[39m
          [36m/>[39m
        [36m</div>[39m
      [36m</div>[39m
      [36m<div[39m
        [33mclass[39m=[32m"bg-white rounded-xl shadow-lg overflow-hidden"[39m
      [36m>[39m
        [36m<table[39m
          [33mclass[39m=[32m"w-full"[39m
        [36m>[39m
          [36m<thead[39m
            [33mclass[39m=[32m"bg-gray-50 border-b border-gray-200"[39m
          [36m>[39m
            [36m<tr>[39m
              [36m<th[39m
                [33mclass[39m=[32m"px-6 py-3 text-left text-xs font-medium text-gray-500 uppercase tracking-wider"[39m
              [36m>[39m
                [0mDate[0m
              [36m</th>[39m
              [36m<th[39m
                [33mclass[39m=[32m"px-6 py-3 text-right text-xs font-medium text-gray-500 uppercase tracking-wider"[39m
              [36m>[39m
                [0mHome Team[0m
              [36m</th>[39m
              [36m<th[39m
                [33mclass[39m=[32m"px-6 py-3 text-center text-xs font-medium text-gray-500 uppercase tracking-wider"[39m
              [36m>[39m
                [0mResult[0m
              [36m</th>[39m
              [36m<th[39m
                [33mclass[39m=[32m"px-6 py-3 text-left text-xs font-medium text-gray-500 uppercase tracking-wider"[39m
              [36m>[39m
                [0mAway Team[0m
              [36m</th>[39m
              [36m<th[39m
                [33mclass[39m=[32m"px-6 py-3 text-left text-xs font-medium text-gray-500 uppercase tracking-wider"[39m
              [36m>[39m
                [0mStatus[0m
              [36m</th>[39m
              [36m<th[39m
                [33mclass[39m=[32m"px-6 py-3 text-right text-xs font-medium text-gray-500 uppercase tracking-wider"[39m
              [36m>[39m
                [0mActions[0m
              [36m</th>[39m
            [36m</tr>[39m
          [36m</thead>[39m
          [36m<tbody[39m
            [33mclass[39m=[32m"divide-y divide-gray-200"[39m
          [36m>[39m
            [36m<tr[39m
              [33mclass[39m=[32m"hover:bg-gray-50"[39m
            [36m>[39m
              [36m<td[39m
                [33mclass[39m=[32m"px-6 py-4 whitespace-nowrap text-sm text-gray-900"[39m
              [36m>[39m
                [36m<div[39m
                  [33mclass[39m=[32m"flex items-center gap-2"[39m
                [36m>[39m
                  [36m<svg[39m
                    [33maria-hidden[39m=[32m"true"[39m
                    [33mclass[39m=[32m"lucide lucide-calendar text-gray-400"[39m
                    [33mfill[39m=[32m"none"[39m
                    [33mheight[39m=[32m"16"[39m
                    [33mstroke[39m=[32m"currentColor"[39m
                    [33mstroke-linecap[39m=[32m"round"[39m
                    [33mstroke-linejoin[39m=[32m"round"[39m
                    [33mstroke-width[39m=[32m"2"[39m
                    [33mviewBox[39m=[32m"0 0 24 24"[39m
                    [33mwidth[39m=[32m"16"[39m
                    [33mxmlns[39m=[32m"http://www.w3.org/2000/svg"[39m
                  [36m>[39m
                    [36m<path[39m
                      [33md[39m=[32m"M8 2v4"[39m
                    [36m/>[39m
                    [36m<path[39m
                      [33md[39m=[32m"M16 2v4"[39m
                    [36m/>[39m
                    [36m<rect[39m
                      [33mheight[39m=[32m"18"[39m
                      [33mrx[39m=[32m"2"[39m
                      [33mwidth[39m=[32m"18"[39m
                      [33mx[39m=[32m"3"[39m
                      [33my[39m=[32m"4"[39m
                    [36m/>[39m
                    [36m<path[39m
                      [33md[39m=[32m"M3 10h18"[39m
                    [36m/>[39m
                  [36m</svg>[39m
                  [0mdv., 15 de nov. 2024, 1...

Ignored nodes: comments, script, style
[36m<html>[39m
  [36m<head />[39m
  [36m<body>[39m
    [36m<div>[39m
      [36m<div[39m
        [33mclass[39m=[32m"p-6 max-w-6xl mx-auto"[39m
      [36m>[39m
        [36m<div[39m
          [33mclass[39m=[32m"flex justify-between items-center mb-6"[39m
        [36m>[39m
          [36m<h1[39m
            [33mclass[39m=[32m"text-3xl font-bold text-gray-800"[39m
          [36m>[39m
            [0mMatches Management[0m
          [36m</h1>[39m
          [36m<button[39m
            [33mclass[39m=[32m"flex items-center gap-2 bg-indigo-600 text-white px-4 py-2 rounded-lg hover:bg-indigo-700 transition-colors"[39m
          [36m>[39m
            [36m<svg[39m
              [33maria-hidden[39m=[32m"true"[39m
              [33mclass[39m=[32m"lucide lucide-plus"[39m
              [33mfill[39m=[32m"none"[39m
              [33mheight[39m=[32m"20"[39m
              [33mstroke[39m=[32m"currentColor"[39m
              [33mstroke-linecap[39m=[32m"round"[39m
              [33mstroke-linejoin[39m=[32m"round"[39m
              [33mstroke-width[39m=[32m"2"[39m
              [33mviewBox[39m=[32m"0 0 24 24"[39m
              [33mwidth[39m=[32m"20"[39m
              [33mxmlns[39m=[32m"http://www.w3.org/2000/svg"[39m
            [36m>[39m
              [36m<path[39m
                [33md[39m=[32m"M5 12h14"[39m
              [36m/>[39m
              [36m<path[39m
                [33md[39m=[32m"M12 5v14"[39m
              [36m/>[39m
            [36m</svg>[39m
            [0mNew Match[0m
          [36m</button>[39m
        [36m</div>[39m
        [36m<div[39m
          [33mclass[39m=[32m"mb-6"[39m
        [36m>[39m
          [36m<div[39m
            [33mclass[39m=[32m"relative"[39m
          [36m>[39m
            [36m<svg[39m
              [33maria-hidden[39m=[32m"true"[39m
              [33mclass[39m=[32m"lucide lucide-search absolute left-3 top-1/2 transform -translate-y-1/2 text-gray-400"[39m
              [33mfill[39m=[32m"none"[39m
              [33mheight[39m=[32m"20"[39m
              [33mstroke[39m=[32m"currentColor"[39m
              [33mstroke-linecap[39m=[32m"round"[39m
              [33mstroke-linejoin[39m=[32m"round"[39m
              [33mstroke-width[39m=[32m"2"[39m
              [33mviewBox[39m=[32m"0 0 24 24"[39m
              [33mwidth[39m=[32m"20"[39m
              [33mxmlns[39m=[32m"http://www.w3.org/2000/svg"[39m
            [36m>[39m
              [36m<path[39m
                [33md[39m=[32m"m21 21-4.34-4.34"[39m
              [36m/>[39m
              [36m<circle[39m
                [33mcx[39m=[32m"11"[39m
                [33mcy[39m=[32m"11"[39m
                [33mr[39m=[32m"8"[39m
              [36m/>[39m
            [36m</svg>[39m
            [36m<input[39m
              [33mclass[39m=[32m"w-full pl-10 pr-4 py-2 border border-gray-300 rounded-lg focus:ring-2 focus:ring-indigo-500 focus:border-transparent"[39m
              [33mplaceholder[39m=[32m"Search matches by team name or date..."[39m
              [33mtype[39m=[32m"text"[39m
              [33mvalue[39m=[32m""[39m
            [36m/>[39m
          [36m</div>[39m
        [36m</div>[39m
        [36m<div[39m
          [33mclass[39m=[32m"bg-white rounded-xl shadow-lg overflow-hidden"[39m
        [36m>[39m
          [36m<table[39m
            [33mclass[39m=[32m"w-full"[39m
          [36m>[39m
            [36m<thead[39m
              [33mclass[39m=[32m"bg-gray-50 border-b border-gray-200"[39m
            [36m>[39m
              [36m<tr>[39m
                [36m<th[39m
                  [33mclass[39m=[32m"px-6 py-3 text-left text-xs font-medium text-gray-500 uppercase tracking-wider"[39m
                [36m>[39m
                  [0mDate[0m
                [36m</th>[39m
                [36m<th[39m
                  [33mclass[39m=[32m"px-6 py-3 text-right text-xs font-medium text-gray-500 uppercase tracking-wider"[39m
                [36m>[39m
                  [0mHome Team[0m
                [36m</th>[39m
                [36m<th[39m
                  [33mclass[39m=[32m"px-6 py-3 text-center text-xs font-medium text-gray-500 uppercase tracking-wider"[39m
                [36m>[39m
                  [0mResult[0m
                [36m</th>[39m
                [36m<th[39m
                  [33mclass[39m=[32m"px-6 py-3 text-left text-xs font-medium text-gray-500 uppercase tracking-wider"[39m
                [36m>[39m
                  [0mAway Team[0m
                [36m</th>[39m
                [36m<th[39m
                  [33mclass[39m=[32m"px-6 py-3 text-left text-xs font-medium text-gray-500 uppercase tracking-wider"[39m
                [36m>[39m
                  [0mStatus[0m
                [36m</th>[39m
                [36m<th[39m
                  [33mclass[39m=[32m"px-6 py-3 text-right text-xs font-medium text-gray-500 uppercase tracking-wider"[39m
                [36m>[39m
                  [0mActions[0m
                [36m</th>[39m
              [36m</tr>[39m
            [36m</thead>[39m
            [36m<tbody[39m
              [33mclass[39m=[32m"divide-y divide-gray-200"[39m
            [36m>[39m
              [36m<tr[39m
                [33mclass[39m=[32m"hover:bg-gray-50"[39m
              [36m>[39m
                [36m<td[39m
                  [33mclass[39m=[32m"px-6 py-4 whitespace-nowrap text-sm text-gray-900"[39m
                [36m>[39m
                  [36m<div[39m
                    [33mclass[39m=[32m"flex items-center gap-2"[39m
                  [36m>[39m
                    [36m<svg[39m
                      [33maria-hidden[39m=[32m"true"[39m
                      [33mclass[39m=[32m"lucide lucide-calendar text-gray-400"[39m
                      [33mfill[39m=[32m"none"[39m
                      [33mheight[39m=[32m"16"[39m
                      [33mstroke[39m=[32m"currentColor"[39m
                      [33mstroke-linecap[39m=[32m"round"[39m
                      [33mstroke-linejoin[39m=[32m"round"[39m
                      [33mstroke-width[39m=[32m"2"[39m
                      [33mviewBox[39m=[32m"0 0 24 24"[39m
                      [33mwidth[39m=[32m"16"[39m
                      [33mxmlns[39m=[32m"http://www.w3.org/2000/svg"[39m
                    [36m>[39m
                      [36m<path[39m
                        [33md[39m=[32m"M8 2v4"[39m
                      [36m/>[39m
                      [36m<path[39m
                        [33md[39m=[32m"M16 2v4"[39m
                      [36m/>[39m
                      [36m<rect[39m
                        [33mheight[39m=[32m"18"[39m
                        [33mrx[39m=[32m"2"[39m
                        [33mwidth[39m=[32m"...
[90m [2m❯[22m waitForWrapper node_modules/@testing-library/dom/dist/wait-for.js:[2m163:27[22m[39m
[90m [2m❯[22m src/test/integration/StatisticsFlow.test.tsx:[2m112:11[22m[39m

[31m[2m⎯⎯⎯⎯⎯⎯⎯⎯⎯⎯⎯⎯⎯⎯⎯⎯⎯⎯⎯⎯⎯⎯⎯⎯[1/1]⎯[22m[39m


[2m Test Files [22m [1m[31m1 failed[39m[22m[90m (1)[39m
[2m      Tests [22m [1m[31m1 failed[39m[22m[90m (1)[39m
[2m   Start at [22m 17:03:05
[2m   Duration [22m 1.46s

[1m[41m FAIL [49m[22m [31mTests failed. Watching for file changes...[39m
       [2mpress [22m[1mh[22m[2m to show help[22m[2m, [22m[2mpress [22m[1mq[22m[2m to quit[22m
c[3J[1m[44m RERUN [49m[22m [34m[2msrc/test/integration/StatisticsFlow.test.tsx [22m[34mx14 [34m[39m
       [2m Filename pattern: [22m[34msrc/test/integration/StatisticsFlow.test.tsx[39m

[90mstdout[2m | src/test/integration/StatisticsFlow.test.tsx[2m > [22m[2mStatistics Flow Integration[2m > [22m[2mrenders matches list and opens statistics modal
[22m[39mMock fetch called with: http://localhost:3000/api/matches
Mock fetch called with: http://localhost:3000/api/teams

[90mstdout[2m | src/test/integration/StatisticsFlow.test.tsx[2m > [22m[2mStatistics Flow Integration[2m > [22m[2mrenders matches list and opens statistics modal
[22m[39mMock fetch called with: http://localhost:3000/api/game-events?matchId=match-1
Mock fetch called with: http://localhost:3000/api/matches/match-1

[90mstdout[2m | src/test/integration/StatisticsFlow.test.tsx[2m > [22m[2mStatistics Flow Integration[2m > [22m[2mrenders matches list and opens statistics modal
[22m[39m[StatisticsView] Filtering events: {
  totalEvents: [33m2[39m,
  context: [32m'match'[39m,
  selectedTeamId: [32m'home-1'[39m,
  sampleEvent: {
    id: [32m'event-1'[39m,
    timestamp: [33m100[39m,
    playerId: [32m'p1'[39m,
    playerName: [90mundefined[39m,
    playerNumber: [90mundefined[39m,
    teamId: [32m'home-1'[39m,
    category: [32m'Shot'[39m,
    action: [32m'Goal'[39m,
    zone: [32m'6m-LW'[39m,
    goalTarget: [33m1[39m,
    context: {
      isCollective: [90mundefined[39m,
      hasOpposition: [90mundefined[39m,
      isCounterAttack: [90mundefined[39m
    },
    defenseFormation: [90mundefined[39m
  }
}
[StatisticsView] Filtered result: { filteredCount: [33m2[39m }
[StatisticsPanel] Received data: {
  eventsCount: [33m2[39m,
  eventCategories: { Shot: [33m1[39m, Sanction: [33m1[39m },
  sampleEvents: [
    {
      id: [32m'event-1'[39m,
      timestamp: [33m100[39m,
      playerId: [32m'p1'[39m,
      playerName: [90mundefined[39m,
      playerNumber: [90mundefined[39m,
      teamId: [32m'home-1'[39m,
      category: [32m'Shot'[39m,
      action: [32m'Goal'[39m,
      zone: [32m'6m-LW'[39m,
      goalTarget: [33m1[39m,
      context: [36m[Object][39m,
      defenseFormation: [90mundefined[39m
    },
    {
      id: [32m'event-2'[39m,
      timestamp: [33m200[39m,
      playerId: [32m'p1'[39m,
      playerName: [90mundefined[39m,
      playerNumber: [90mundefined[39m,
      teamId: [32m'home-1'[39m,
      category: [32m'Sanction'[39m,
      action: [32m'Sanction'[39m,
      zone: [90mundefined[39m,
      goalTarget: [90mundefined[39m,
      context: [36m[Object][39m,
      defenseFormation: [90mundefined[39m
    }
  ]
}
[StatisticsPanel] Stats comparison: {
  unfilteredStats: { totalShots: [33m1[39m, totalGoals: [33m1[39m, efficiency: [33m100[39m },
  filteredStats: { totalShots: [33m1[39m, totalGoals: [33m1[39m, efficiency: [33m100[39m }
}

 [32m✓[39m src/test/integration/StatisticsFlow.test.tsx [2m([22m[2m1 test[22m[2m)[22m[32m 134[2mms[22m[39m

[2m Test Files [22m [1m[32m1 passed[39m[22m[90m (1)[39m
[2m      Tests [22m [1m[32m1 passed[39m[22m[90m (1)[39m
[2m   Start at [22m 17:03:07
[2m   Duration [22m 395ms

[1m[42m PASS [49m[22m [32mWaiting for file changes...[39m
       [2mpress [22m[1mh[22m[2m to show help[22m[2m, [22m[2mpress [22m[1mq[22m[2m to quit[22m
c[3J[1m[44m RERUN [49m[22m [34m[2msrc/test/integration/StatisticsFlow.test.tsx [22m[34mx15 [34m[39m
       [2m Filename pattern: [22m[34msrc/test/integration/StatisticsFlow.test.tsx[39m


[31m⎯⎯⎯⎯⎯⎯[39m[1m[41m Failed Suites 1 [49m[22m[31m⎯⎯⎯⎯⎯⎯⎯[39m

[41m[1m FAIL [22m[49m src/test/integration/StatisticsFlow.test.tsx[2m [ src/test/integration/StatisticsFlow.test.tsx ][22m
[31m[1mError[22m: Transform failed with 1 error:
/Users/davidmonreal/Projects/handbol2026/frontend/src/test/integration/StatisticsFlow.test.tsx:197:0: ERROR: Unexpected end of file[39m
  Plugin: [35mvite:esbuild[39m
  File: [36m/Users/davidmonreal/Projects/handbol2026/frontend/src/test/integration/StatisticsFlow.test.tsx[39m:197:0
[33m  
  Unexpected end of file
  195 |      });
  196 |    });
  197 |  
      |  ^
  [39m
[90m [2m❯[22m failureErrorWithLog node_modules/esbuild/lib/main.js:[2m1467:15[22m[39m
[90m [2m❯[22m node_modules/esbuild/lib/main.js:[2m736:50[22m[39m
[90m [2m❯[22m responseCallbacks.<computed> node_modules/esbuild/lib/main.js:[2m603:9[22m[39m
[90m [2m❯[22m handleIncomingPacket node_modules/esbuild/lib/main.js:[2m658:12[22m[39m
[90m [2m❯[22m Socket.readFromStdout node_modules/esbuild/lib/main.js:[2m581:7[22m[39m

[31m[2m⎯⎯⎯⎯⎯⎯⎯⎯⎯⎯⎯⎯⎯⎯⎯⎯⎯⎯⎯⎯⎯⎯⎯⎯[1/1]⎯[22m[39m


[2m Test Files [22m [1m[31m1 failed[39m[22m[90m (1)[39m
[2m      Tests [22m [2mno tests[22m
[2m   Start at [22m 17:08:30
[2m   Duration [22m 97ms

[1m[41m FAIL [49m[22m [31mTests failed. Watching for file changes...[39m
       [2mpress [22m[1mh[22m[2m to show help[22m[2m, [22m[2mpress [22m[1mq[22m[2m to quit[22m
c[3J[1m[44m RERUN [49m[22m [34m[2msrc/test/integration/StatisticsFlow.test.tsx [22m[34mx16 [34m[39m
       [2m Filename pattern: [22m[34msrc/test/integration/StatisticsFlow.test.tsx[39m

[90mstdout[2m | src/test/integration/StatisticsFlow.test.tsx[2m > [22m[2mStatistics Flow Integration[2m > [22m[2mrenders matches list and opens statistics modal
[22m[39mMock fetch called with: http://localhost:3000/api/matches
Mock fetch called with: http://localhost:3000/api/teams

[90mstdout[2m | src/test/integration/StatisticsFlow.test.tsx[2m > [22m[2mStatistics Flow Integration[2m > [22m[2mrenders matches list and opens statistics modal
[22m[39mMock fetch called with: http://localhost:3000/api/game-events?matchId=match-1
Mock fetch called with: http://localhost:3000/api/matches/match-1

[90mstdout[2m | src/test/integration/StatisticsFlow.test.tsx[2m > [22m[2mStatistics Flow Integration[2m > [22m[2mrenders matches list and opens statistics modal
[22m[39m[StatisticsView] Filtering events: {
  totalEvents: [33m2[39m,
  context: [32m'match'[39m,
  selectedTeamId: [32m'home-1'[39m,
  sampleEvent: {
    id: [32m'event-1'[39m,
    timestamp: [33m100[39m,
    playerId: [32m'p1'[39m,
    playerName: [90mundefined[39m,
    playerNumber: [90mundefined[39m,
    teamId: [32m'home-1'[39m,
    category: [32m'Shot'[39m,
    action: [32m'Goal'[39m,
    zone: [32m'6m-LW'[39m,
    goalTarget: [33m1[39m,
    context: {
      isCollective: [90mundefined[39m,
      hasOpposition: [90mundefined[39m,
      isCounterAttack: [90mundefined[39m
    },
    defenseFormation: [90mundefined[39m
  }
}
[StatisticsView] Filtered result: { filteredCount: [33m2[39m }
[StatisticsPanel] Received data: {
  eventsCount: [33m2[39m,
  eventCategories: { Shot: [33m1[39m, Sanction: [33m1[39m },
  sampleEvents: [
    {
      id: [32m'event-1'[39m,
      timestamp: [33m100[39m,
      playerId: [32m'p1'[39m,
      playerName: [90mundefined[39m,
      playerNumber: [90mundefined[39m,
      teamId: [32m'home-1'[39m,
      category: [32m'Shot'[39m,
      action: [32m'Goal'[39m,
      zone: [32m'6m-LW'[39m,
      goalTarget: [33m1[39m,
      context: [36m[Object][39m,
      defenseFormation: [90mundefined[39m
    },
    {
      id: [32m'event-2'[39m,
      timestamp: [33m200[39m,
      playerId: [32m'p1'[39m,
      playerName: [90mundefined[39m,
      playerNumber: [90mundefined[39m,
      teamId: [32m'home-1'[39m,
      category: [32m'Sanction'[39m,
      action: [32m'Sanction'[39m,
      zone: [90mundefined[39m,
      goalTarget: [90mundefined[39m,
      context: [36m[Object][39m,
      defenseFormation: [90mundefined[39m
    }
  ]
}
[StatisticsPanel] Stats comparison: {
  unfilteredStats: { totalShots: [33m1[39m, totalGoals: [33m1[39m, efficiency: [33m100[39m },
  filteredStats: { totalShots: [33m1[39m, totalGoals: [33m1[39m, efficiency: [33m100[39m }
}

[90mstdout[2m | src/test/integration/StatisticsFlow.test.tsx[2m > [22m[2mStatistics Flow Integration[2m > [22m[2mcalculates zone statistics correctly
[22m[39m[StatisticsView] Filtering events: {
  totalEvents: [33m3[39m,
  context: [32m'match'[39m,
  selectedTeamId: [32m'home-1'[39m,
  sampleEvent: {
    id: [32m'event-1'[39m,
    timestamp: [33m100[39m,
    playerId: [32m'p1'[39m,
    playerName: [90mundefined[39m,
    playerNumber: [90mundefined[39m,
    teamId: [32m'home-1'[39m,
    category: [32m'Shot'[39m,
    action: [32m'Goal'[39m,
    zone: [32m'6m-LW'[39m,
    goalTarget: [33m1[39m,
    context: {
      isCollective: [90mundefined[39m,
      hasOpposition: [90mundefined[39m,
      isCounterAttack: [90mundefined[39m
    },
    defenseFormation: [90mundefined[39m
  }
}
[StatisticsView] Filtered result: { filteredCount: [33m3[39m }
[StatisticsPanel] Received data: {
  eventsCount: [33m3[39m,
  eventCategories: { Shot: [33m2[39m, Sanction: [33m1[39m },
  sampleEvents: [
    {
      id: [32m'event-1'[39m,
      timestamp: [33m100[39m,
      playerId: [32m'p1'[39m,
      playerName: [90mundefined[39m,
      playerNumber: [90mundefined[39m,
      teamId: [32m'home-1'[39m,
      category: [32m'Shot'[39m,
      action: [32m'Goal'[39m,
      zone: [32m'6m-LW'[39m,
      goalTarget: [33m1[39m,
      context: [36m[Object][39m,
      defenseFormation: [90mundefined[39m
    },
    {
      id: [32m'event-2'[39m,
      timestamp: [33m200[39m,
      playerId: [32m'p1'[39m,
      playerName: [90mundefined[39m,
      playerNumber: [90mundefined[39m,
      teamId: [32m'home-1'[39m,
      category: [32m'Sanction'[39m,
      action: [32m'Sanction'[39m,
      zone: [90mundefined[39m,
      goalTarget: [90mundefined[39m,
      context: [36m[Object][39m,
      defenseFormation: [90mundefined[39m
    },
    {
      id: [32m'event-3'[39m,
      timestamp: [33m300[39m,
      playerId: [32m'p1'[39m,
      playerName: [90mundefined[39m,
      playerNumber: [90mundefined[39m,
      teamId: [32m'home-1'[39m,
      category: [32m'Shot'[39m,
      action: [32m'Goal'[39m,
      zone: [32m'9m-CB'[39m,
      goalTarget: [33m3[39m,
      context: [36m[Object][39m,
      defenseFormation: [90mundefined[39m
    }
  ]
}
[StatisticsPanel] Stats comparison: {
  unfilteredStats: { totalShots: [33m2[39m, totalGoals: [33m2[39m, efficiency: [33m100[39m },
  filteredStats: { totalShots: [33m2[39m, totalGoals: [33m2[39m, efficiency: [33m100[39m }
}

 [32m✓[39m src/test/integration/StatisticsFlow.test.tsx [2m([22m[2m2 tests[22m[2m)[22m[33m 373[2mms[22m[39m
     [33m[2m✓[22m[39m renders matches list and opens statistics modal [33m 301[2mms[22m[39m

[2m Test Files [22m [1m[32m1 passed[39m[22m[90m (1)[39m
[2m      Tests [22m [1m[32m2 passed[39m[22m[90m (2)[39m
[2m   Start at [22m 17:09:05
[2m   Duration [22m 1.02s

[1m[42m PASS [49m[22m [32mWaiting for file changes...[39m
       [2mpress [22m[1mh[22m[2m to show help[22m[2m, [22m[2mpress [22m[1mq[22m[2m to quit[22m
c[3J[1m[44m RERUN [49m[22m [34m[2msrc/test/integration/StatisticsFlow.test.tsx [22m[34mx17 [34m[39m
       [2m Filename pattern: [22m[34msrc/test/integration/StatisticsFlow.test.tsx[39m


[31m⎯⎯⎯⎯⎯⎯[39m[1m[41m Failed Suites 1 [49m[22m[31m⎯⎯⎯⎯⎯⎯⎯[39m

[41m[1m FAIL [22m[49m src/test/integration/StatisticsFlow.test.tsx[2m [ src/test/integration/StatisticsFlow.test.tsx ][22m
[31m[1mError[22m: Transform failed with 1 error:
/Users/davidmonreal/Projects/handbol2026/frontend/src/test/integration/StatisticsFlow.test.tsx:199:0: ERROR: Unexpected "}"[39m
  Plugin: [35mvite:esbuild[39m
  File: [36m/Users/davidmonreal/Projects/handbol2026/frontend/src/test/integration/StatisticsFlow.test.tsx[39m:199:0
[33m  
  Unexpected "}"
  197 |    });
  198 |  });
  199 |  });
      |  ^
  200 |  
  [39m
[90m [2m❯[22m failureErrorWithLog node_modules/esbuild/lib/main.js:[2m1467:15[22m[39m
[90m [2m❯[22m node_modules/esbuild/lib/main.js:[2m736:50[22m[39m
[90m [2m❯[22m responseCallbacks.<computed> node_modules/esbuild/lib/main.js:[2m603:9[22m[39m
[90m [2m❯[22m handleIncomingPacket node_modules/esbuild/lib/main.js:[2m658:12[22m[39m
[90m [2m❯[22m Socket.readFromStdout node_modules/esbuild/lib/main.js:[2m581:7[22m[39m

[31m[2m⎯⎯⎯⎯⎯⎯⎯⎯⎯⎯⎯⎯⎯⎯⎯⎯⎯⎯⎯⎯⎯⎯⎯⎯[1/1]⎯[22m[39m


[2m Test Files [22m [1m[31m1 failed[39m[22m[90m (1)[39m
[2m      Tests [22m [2mno tests[22m
[2m   Start at [22m 17:09:07
[2m   Duration [22m 41ms

[1m[41m FAIL [49m[22m [31mTests failed. Watching for file changes...[39m
       [2mpress [22m[1mh[22m[2m to show help[22m[2m, [22m[2mpress [22m[1mq[22m[2m to quit[22m
c[3J[1m[44m RERUN [49m[22m [34m[2msrc/test/integration/StatisticsFlow.test.tsx [22m[34mx18 [34m[39m
       [2m Filename pattern: [22m[34msrc/test/integration/StatisticsFlow.test.tsx[39m

[90mstdout[2m | src/test/integration/StatisticsFlow.test.tsx[2m > [22m[2mStatistics Flow Integration[2m > [22m[2mrenders matches list and opens statistics modal
[22m[39mMock fetch called with: http://localhost:3000/api/matches
Mock fetch called with: http://localhost:3000/api/teams

[90mstdout[2m | src/test/integration/StatisticsFlow.test.tsx[2m > [22m[2mStatistics Flow Integration[2m > [22m[2mrenders matches list and opens statistics modal
[22m[39mMock fetch called with: http://localhost:3000/api/game-events?matchId=match-1
Mock fetch called with: http://localhost:3000/api/matches/match-1

[90mstdout[2m | src/test/integration/StatisticsFlow.test.tsx[2m > [22m[2mStatistics Flow Integration[2m > [22m[2mrenders matches list and opens statistics modal
[22m[39m[StatisticsView] Filtering events: {
  totalEvents: [33m2[39m,
  context: [32m'match'[39m,
  selectedTeamId: [32m'home-1'[39m,
  sampleEvent: {
    id: [32m'event-1'[39m,
    timestamp: [33m100[39m,
    playerId: [32m'p1'[39m,
    playerName: [90mundefined[39m,
    playerNumber: [90mundefined[39m,
    teamId: [32m'home-1'[39m,
    category: [32m'Shot'[39m,
    action: [32m'Goal'[39m,
    zone: [32m'6m-LW'[39m,
    goalTarget: [33m1[39m,
    context: {
      isCollective: [90mundefined[39m,
      hasOpposition: [90mundefined[39m,
      isCounterAttack: [90mundefined[39m
    },
    defenseFormation: [90mundefined[39m
  }
}
[StatisticsView] Filtered result: { filteredCount: [33m2[39m }
[StatisticsPanel] Received data: {
  eventsCount: [33m2[39m,
  eventCategories: { Shot: [33m1[39m, Sanction: [33m1[39m },
  sampleEvents: [
    {
      id: [32m'event-1'[39m,
      timestamp: [33m100[39m,
      playerId: [32m'p1'[39m,
      playerName: [90mundefined[39m,
      playerNumber: [90mundefined[39m,
      teamId: [32m'home-1'[39m,
      category: [32m'Shot'[39m,
      action: [32m'Goal'[39m,
      zone: [32m'6m-LW'[39m,
      goalTarget: [33m1[39m,
      context: [36m[Object][39m,
      defenseFormation: [90mundefined[39m
    },
    {
      id: [32m'event-2'[39m,
      timestamp: [33m200[39m,
      playerId: [32m'p1'[39m,
      playerName: [90mundefined[39m,
      playerNumber: [90mundefined[39m,
      teamId: [32m'home-1'[39m,
      category: [32m'Sanction'[39m,
      action: [32m'Sanction'[39m,
      zone: [90mundefined[39m,
      goalTarget: [90mundefined[39m,
      context: [36m[Object][39m,
      defenseFormation: [90mundefined[39m
    }
  ]
}
[StatisticsPanel] Stats comparison: {
  unfilteredStats: { totalShots: [33m1[39m, totalGoals: [33m1[39m, efficiency: [33m100[39m },
  filteredStats: { totalShots: [33m1[39m, totalGoals: [33m1[39m, efficiency: [33m100[39m }
}

[90mstdout[2m | src/test/integration/StatisticsFlow.test.tsx[2m > [22m[2mStatistics Flow Integration[2m > [22m[2mcalculates zone statistics correctly
[22m[39m[StatisticsView] Filtering events: {
  totalEvents: [33m3[39m,
  context: [32m'match'[39m,
  selectedTeamId: [32m'home-1'[39m,
  sampleEvent: {
    id: [32m'event-1'[39m,
    timestamp: [33m100[39m,
    playerId: [32m'p1'[39m,
    playerName: [90mundefined[39m,
    playerNumber: [90mundefined[39m,
    teamId: [32m'home-1'[39m,
    category: [32m'Shot'[39m,
    action: [32m'Goal'[39m,
    zone: [32m'6m-LW'[39m,
    goalTarget: [33m1[39m,
    context: {
      isCollective: [90mundefined[39m,
      hasOpposition: [90mundefined[39m,
      isCounterAttack: [90mundefined[39m
    },
    defenseFormation: [90mundefined[39m
  }
}
[StatisticsView] Filtered result: { filteredCount: [33m3[39m }
[StatisticsPanel] Received data: {
  eventsCount: [33m3[39m,
  eventCategories: { Shot: [33m2[39m, Sanction: [33m1[39m },
  sampleEvents: [
    {
      id: [32m'event-1'[39m,
      timestamp: [33m100[39m,
      playerId: [32m'p1'[39m,
      playerName: [90mundefined[39m,
      playerNumber: [90mundefined[39m,
      teamId: [32m'home-1'[39m,
      category: [32m'Shot'[39m,
      action: [32m'Goal'[39m,
      zone: [32m'6m-LW'[39m,
      goalTarget: [33m1[39m,
      context: [36m[Object][39m,
      defenseFormation: [90mundefined[39m
    },
    {
      id: [32m'event-2'[39m,
      timestamp: [33m200[39m,
      playerId: [32m'p1'[39m,
      playerName: [90mundefined[39m,
      playerNumber: [90mundefined[39m,
      teamId: [32m'home-1'[39m,
      category: [32m'Sanction'[39m,
      action: [32m'Sanction'[39m,
      zone: [90mundefined[39m,
      goalTarget: [90mundefined[39m,
      context: [36m[Object][39m,
      defenseFormation: [90mundefined[39m
    },
    {
      id: [32m'event-3'[39m,
      timestamp: [33m300[39m,
      playerId: [32m'p1'[39m,
      playerName: [90mundefined[39m,
      playerNumber: [90mundefined[39m,
      teamId: [32m'home-1'[39m,
      category: [32m'Shot'[39m,
      action: [32m'Goal'[39m,
      zone: [32m'9m-CB'[39m,
      goalTarget: [33m3[39m,
      context: [36m[Object][39m,
      defenseFormation: [90mundefined[39m
    }
  ]
}
[StatisticsPanel] Stats comparison: {
  unfilteredStats: { totalShots: [33m2[39m, totalGoals: [33m2[39m, efficiency: [33m100[39m },
  filteredStats: { totalShots: [33m2[39m, totalGoals: [33m2[39m, efficiency: [33m100[39m }
}

 [32m✓[39m src/test/integration/StatisticsFlow.test.tsx [2m([22m[2m2 tests[22m[2m)[22m[33m 648[2mms[22m[39m
     [33m[2m✓[22m[39m renders matches list and opens statistics modal [33m 570[2mms[22m[39m

[2m Test Files [22m [1m[32m1 passed[39m[22m[90m (1)[39m
[2m      Tests [22m [1m[32m2 passed[39m[22m[90m (2)[39m
[2m   Start at [22m 17:10:10
[2m   Duration [22m 1.84s

[1m[42m PASS [49m[22m [32mWaiting for file changes...[39m
       [2mpress [22m[1mh[22m[2m to show help[22m[2m, [22m[2mpress [22m[1mq[22m[2m to quit[22m
c[3J[1m[44m RERUN [49m[22m [34m[2msrc/test/integration/StatisticsFlow.test.tsx [22m[34mx19 [34m[39m
       [2m Filename pattern: [22m[34msrc/test/integration/StatisticsFlow.test.tsx[39m

[90mstdout[2m | src/test/integration/StatisticsFlow.test.tsx[2m > [22m[2mStatistics Flow Integration[2m > [22m[2mrenders matches list and opens statistics modal
[22m[39mMock fetch called with: http://localhost:3000/api/matches
Mock fetch called with: http://localhost:3000/api/teams

[90mstdout[2m | src/test/integration/StatisticsFlow.test.tsx[2m > [22m[2mStatistics Flow Integration[2m > [22m[2mrenders matches list and opens statistics modal
[22m[39mMock fetch called with: http://localhost:3000/api/game-events?matchId=match-1
Mock fetch called with: http://localhost:3000/api/matches/match-1

[90mstdout[2m | src/test/integration/StatisticsFlow.test.tsx[2m > [22m[2mStatistics Flow Integration[2m > [22m[2mrenders matches list and opens statistics modal
[22m[39m[StatisticsView] Filtering events: {
  totalEvents: [33m2[39m,
  context: [32m'match'[39m,
  selectedTeamId: [32m'home-1'[39m,
  sampleEvent: {
    id: [32m'event-1'[39m,
    timestamp: [33m100[39m,
    playerId: [32m'p1'[39m,
    playerName: [90mundefined[39m,
    playerNumber: [90mundefined[39m,
    teamId: [32m'home-1'[39m,
    category: [32m'Shot'[39m,
    action: [32m'Goal'[39m,
    zone: [32m'6m-LW'[39m,
    goalTarget: [33m1[39m,
    context: {
      isCollective: [90mundefined[39m,
      hasOpposition: [90mundefined[39m,
      isCounterAttack: [90mundefined[39m
    },
    defenseFormation: [90mundefined[39m
  }
}
[StatisticsView] Filtered result: { filteredCount: [33m2[39m }
[StatisticsPanel] Received data: {
  eventsCount: [33m2[39m,
  eventCategories: { Shot: [33m1[39m, Sanction: [33m1[39m },
  sampleEvents: [
    {
      id: [32m'event-1'[39m,
      timestamp: [33m100[39m,
      playerId: [32m'p1'[39m,
      playerName: [90mundefined[39m,
      playerNumber: [90mundefined[39m,
      teamId: [32m'home-1'[39m,
      category: [32m'Shot'[39m,
      action: [32m'Goal'[39m,
      zone: [32m'6m-LW'[39m,
      goalTarget: [33m1[39m,
      context: [36m[Object][39m,
      defenseFormation: [90mundefined[39m
    },
    {
      id: [32m'event-2'[39m,
      timestamp: [33m200[39m,
      playerId: [32m'p1'[39m,
      playerName: [90mundefined[39m,
      playerNumber: [90mundefined[39m,
      teamId: [32m'home-1'[39m,
      category: [32m'Sanction'[39m,
      action: [32m'Sanction'[39m,
      zone: [90mundefined[39m,
      goalTarget: [90mundefined[39m,
      context: [36m[Object][39m,
      defenseFormation: [90mundefined[39m
    }
  ]
}
[StatisticsPanel] Stats comparison: {
  unfilteredStats: { totalShots: [33m1[39m, totalGoals: [33m1[39m, efficiency: [33m100[39m },
  filteredStats: { totalShots: [33m1[39m, totalGoals: [33m1[39m, efficiency: [33m100[39m }
}

[90mstdout[2m | src/test/integration/StatisticsFlow.test.tsx[2m > [22m[2mStatistics Flow Integration[2m > [22m[2mcalculates zone statistics correctly
[22m[39m[StatisticsView] Filtering events: {
  totalEvents: [33m3[39m,
  context: [32m'match'[39m,
  selectedTeamId: [32m'home-1'[39m,
  sampleEvent: {
    id: [32m'event-1'[39m,
    timestamp: [33m100[39m,
    playerId: [32m'p1'[39m,
    playerName: [90mundefined[39m,
    playerNumber: [90mundefined[39m,
    teamId: [32m'home-1'[39m,
    category: [32m'Shot'[39m,
    action: [32m'Goal'[39m,
    zone: [32m'6m-LW'[39m,
    goalTarget: [33m1[39m,
    context: {
      isCollective: [90mundefined[39m,
      hasOpposition: [90mundefined[39m,
      isCounterAttack: [90mundefined[39m
    },
    defenseFormation: [90mundefined[39m
  }
}
[StatisticsView] Filtered result: { filteredCount: [33m3[39m }
[StatisticsPanel] Received data: {
  eventsCount: [33m3[39m,
  eventCategories: { Shot: [33m2[39m, Sanction: [33m1[39m },
  sampleEvents: [
    {
      id: [32m'event-1'[39m,
      timestamp: [33m100[39m,
      playerId: [32m'p1'[39m,
      playerName: [90mundefined[39m,
      playerNumber: [90mundefined[39m,
      teamId: [32m'home-1'[39m,
      category: [32m'Shot'[39m,
      action: [32m'Goal'[39m,
      zone: [32m'6m-LW'[39m,
      goalTarget: [33m1[39m,
      context: [36m[Object][39m,
      defenseFormation: [90mundefined[39m
    },
    {
      id: [32m'event-2'[39m,
      timestamp: [33m200[39m,
      playerId: [32m'p1'[39m,
      playerName: [90mundefined[39m,
      playerNumber: [90mundefined[39m,
      teamId: [32m'home-1'[39m,
      category: [32m'Sanction'[39m,
      action: [32m'Sanction'[39m,
      zone: [90mundefined[39m,
      goalTarget: [90mundefined[39m,
      context: [36m[Object][39m,
      defenseFormation: [90mundefined[39m
    },
    {
      id: [32m'event-3'[39m,
      timestamp: [33m300[39m,
      playerId: [32m'p1'[39m,
      playerName: [90mundefined[39m,
      playerNumber: [90mundefined[39m,
      teamId: [32m'home-1'[39m,
      category: [32m'Shot'[39m,
      action: [32m'Goal'[39m,
      zone: [32m'9m-cb'[39m,
      goalTarget: [33m3[39m,
      context: [36m[Object][39m,
      defenseFormation: [90mundefined[39m
    }
  ]
}
[StatisticsPanel] Stats comparison: {
  unfilteredStats: { totalShots: [33m2[39m, totalGoals: [33m2[39m, efficiency: [33m100[39m },
  filteredStats: { totalShots: [33m2[39m, totalGoals: [33m2[39m, efficiency: [33m100[39m }
}

 [31m❯[39m src/test/integration/StatisticsFlow.test.tsx [2m([22m[2m2 tests[22m[2m | [22m[31m1 failed[39m[2m)[22m[33m 983[2mms[22m[39m
     [33m[2m✓[22m[39m renders matches list and opens statistics modal [33m 683[2mms[22m[39m
[31m     [31m×[31m calculates zone statistics correctly[39m[32m 297[2mms[22m[39m

[31m⎯⎯⎯⎯⎯⎯⎯[39m[1m[41m Failed Tests 1 [49m[22m[31m⎯⎯⎯⎯⎯⎯⎯[39m

[41m[1m FAIL [22m[49m src/test/integration/StatisticsFlow.test.tsx[2m > [22mStatistics Flow Integration[2m > [22mcalculates zone statistics correctly
[31m[1mError[22m: [2mexpect([22m[31melement[31m[2m).toHaveTextContent()[22m

Expected element to have text content:
[32m  100%[31m
Received:
[31m  CB 9m0%(0)[31m[39m
[36m [2m❯[22m src/test/integration/StatisticsFlow.test.tsx:[2m195:24[22m[39m
    [90m193| [39m
    [90m194| [39m    [90m// Check if it contains "100%" and "(1)"[39m
    [90m195| [39m    [34mexpect[39m(cb9mButton)[33m.[39m[34mtoHaveTextContent[39m([32m'100%'[39m)[33m;[39m
    [90m   | [39m                       [31m^[39m
    [90m196| [39m    [34mexpect[39m(cb9mButton)[33m.[39m[34mtoHaveTextContent[39m([32m'(1)'[39m)[33m;[39m
    [90m197| [39m  })[33m;[39m

[31m[2m⎯⎯⎯⎯⎯⎯⎯⎯⎯⎯⎯⎯⎯⎯⎯⎯⎯⎯⎯⎯⎯⎯⎯⎯[1/1]⎯[22m[39m


[2m Test Files [22m [1m[31m1 failed[39m[22m[90m (1)[39m
[2m      Tests [22m [1m[31m1 failed[39m[22m[2m | [22m[1m[32m1 passed[39m[22m[90m (2)[39m
[2m   Start at [22m 17:10:42
[2m   Duration [22m 1.73s

[1m[41m FAIL [49m[22m [31mTests failed. Watching for file changes...[39m
       [2mpress [22m[1mh[22m[2m to show help[22m[2m, [22m[2mpress [22m[1mq[22m[2m to quit[22m
c[3J[1m[44m RERUN [49m[22m [34m[2msrc/utils/eventTransformers.ts [22m[34mx20 [34m[39m
       [2m Filename pattern: [22m[34msrc/test/integration/StatisticsFlow.test.tsx[39m

[90mstdout[2m | src/test/integration/StatisticsFlow.test.tsx[2m > [22m[2mStatistics Flow Integration[2m > [22m[2mrenders matches list and opens statistics modal
[22m[39mMock fetch called with: http://localhost:3000/api/matches
Mock fetch called with: http://localhost:3000/api/teams

[90mstdout[2m | src/test/integration/StatisticsFlow.test.tsx[2m > [22m[2mStatistics Flow Integration[2m > [22m[2mrenders matches list and opens statistics modal
[22m[39mMock fetch called with: http://localhost:3000/api/game-events?matchId=match-1
Mock fetch called with: http://localhost:3000/api/matches/match-1

[90mstdout[2m | src/test/integration/StatisticsFlow.test.tsx[2m > [22m[2mStatistics Flow Integration[2m > [22m[2mrenders matches list and opens statistics modal
[22m[39m[StatisticsView] Filtering events: {
  totalEvents: [33m2[39m,
  context: [32m'match'[39m,
  selectedTeamId: [32m'home-1'[39m,
  sampleEvent: {
    id: [32m'event-1'[39m,
    timestamp: [33m100[39m,
    playerId: [32m'p1'[39m,
    playerName: [90mundefined[39m,
    playerNumber: [90mundefined[39m,
    teamId: [32m'home-1'[39m,
    category: [32m'Shot'[39m,
    action: [32m'Goal'[39m,
    zone: [32m'6m-LW'[39m,
    goalTarget: [33m1[39m,
    context: {
      isCollective: [90mundefined[39m,
      hasOpposition: [90mundefined[39m,
      isCounterAttack: [90mundefined[39m
    },
    defenseFormation: [90mundefined[39m
  }
}
[StatisticsView] Filtered result: { filteredCount: [33m2[39m }
[StatisticsPanel] Received data: {
  eventsCount: [33m2[39m,
  eventCategories: { Shot: [33m1[39m, Sanction: [33m1[39m },
  sampleEvents: [
    {
      id: [32m'event-1'[39m,
      timestamp: [33m100[39m,
      playerId: [32m'p1'[39m,
      playerName: [90mundefined[39m,
      playerNumber: [90mundefined[39m,
      teamId: [32m'home-1'[39m,
      category: [32m'Shot'[39m,
      action: [32m'Goal'[39m,
      zone: [32m'6m-LW'[39m,
      goalTarget: [33m1[39m,
      context: [36m[Object][39m,
      defenseFormation: [90mundefined[39m
    },
    {
      id: [32m'event-2'[39m,
      timestamp: [33m200[39m,
      playerId: [32m'p1'[39m,
      playerName: [90mundefined[39m,
      playerNumber: [90mundefined[39m,
      teamId: [32m'home-1'[39m,
      category: [32m'Sanction'[39m,
      action: [32m'Sanction'[39m,
      zone: [90mundefined[39m,
      goalTarget: [90mundefined[39m,
      context: [36m[Object][39m,
      defenseFormation: [90mundefined[39m
    }
  ]
}
[StatisticsPanel] Stats comparison: {
  unfilteredStats: { totalShots: [33m1[39m, totalGoals: [33m1[39m, efficiency: [33m100[39m },
  filteredStats: { totalShots: [33m1[39m, totalGoals: [33m1[39m, efficiency: [33m100[39m }
}

[90mstdout[2m | src/test/integration/StatisticsFlow.test.tsx[2m > [22m[2mStatistics Flow Integration[2m > [22m[2mcalculates zone statistics correctly
[22m[39m[StatisticsView] Filtering events: {
  totalEvents: [33m3[39m,
  context: [32m'match'[39m,
  selectedTeamId: [32m'home-1'[39m,
  sampleEvent: {
    id: [32m'event-1'[39m,
    timestamp: [33m100[39m,
    playerId: [32m'p1'[39m,
    playerName: [90mundefined[39m,
    playerNumber: [90mundefined[39m,
    teamId: [32m'home-1'[39m,
    category: [32m'Shot'[39m,
    action: [32m'Goal'[39m,
    zone: [32m'6m-LW'[39m,
    goalTarget: [33m1[39m,
    context: {
      isCollective: [90mundefined[39m,
      hasOpposition: [90mundefined[39m,
      isCounterAttack: [90mundefined[39m
    },
    defenseFormation: [90mundefined[39m
  }
}
[StatisticsView] Filtered result: { filteredCount: [33m3[39m }
[StatisticsPanel] Received data: {
  eventsCount: [33m3[39m,
  eventCategories: { Shot: [33m2[39m, Sanction: [33m1[39m },
  sampleEvents: [
    {
      id: [32m'event-1'[39m,
      timestamp: [33m100[39m,
      playerId: [32m'p1'[39m,
      playerName: [90mundefined[39m,
      playerNumber: [90mundefined[39m,
      teamId: [32m'home-1'[39m,
      category: [32m'Shot'[39m,
      action: [32m'Goal'[39m,
      zone: [32m'6m-LW'[39m,
      goalTarget: [33m1[39m,
      context: [36m[Object][39m,
      defenseFormation: [90mundefined[39m
    },
    {
      id: [32m'event-2'[39m,
      timestamp: [33m200[39m,
      playerId: [32m'p1'[39m,
      playerName: [90mundefined[39m,
      playerNumber: [90mundefined[39m,
      teamId: [32m'home-1'[39m,
      category: [32m'Sanction'[39m,
      action: [32m'Sanction'[39m,
      zone: [90mundefined[39m,
      goalTarget: [90mundefined[39m,
      context: [36m[Object][39m,
      defenseFormation: [90mundefined[39m
    },
    {
      id: [32m'event-3'[39m,
      timestamp: [33m300[39m,
      playerId: [32m'p1'[39m,
      playerName: [90mundefined[39m,
      playerNumber: [90mundefined[39m,
      teamId: [32m'home-1'[39m,
      category: [32m'Shot'[39m,
      action: [32m'Goal'[39m,
      zone: [32m'9m-CB'[39m,
      goalTarget: [33m3[39m,
      context: [36m[Object][39m,
      defenseFormation: [90mundefined[39m
    }
  ]
}
[StatisticsPanel] Stats comparison: {
  unfilteredStats: { totalShots: [33m2[39m, totalGoals: [33m2[39m, efficiency: [33m100[39m },
  filteredStats: { totalShots: [33m2[39m, totalGoals: [33m2[39m, efficiency: [33m100[39m }
}

 [32m✓[39m src/test/integration/StatisticsFlow.test.tsx [2m([22m[2m2 tests[22m[2m)[22m[33m 1020[2mms[22m[39m
     [33m[2m✓[22m[39m renders matches list and opens statistics modal [33m 852[2mms[22m[39m

[2m Test Files [22m [1m[32m1 passed[39m[22m[90m (1)[39m
[2m      Tests [22m [1m[32m2 passed[39m[22m[90m (2)[39m
[2m   Start at [22m 17:11:03
[2m   Duration [22m 1.86s

[1m[42m PASS [49m[22m [32mWaiting for file changes...[39m
       [2mpress [22m[1mh[22m[2m to show help[22m[2m, [22m[2mpress [22m[1mq[22m[2m to quit[22m
c[3J[1m[44m RERUN [49m[22m [34m[2msrc/components/stats/PlayerStatisticsTable.tsx [22m[34mx21 [34m[39m
       [2m Filename pattern: [22m[34msrc/test/integration/StatisticsFlow.test.tsx[39m

[90mstdout[2m | src/test/integration/StatisticsFlow.test.tsx[2m > [22m[2mStatistics Flow Integration[2m > [22m[2mrenders matches list and opens statistics modal
[22m[39mMock fetch called with: http://localhost:3000/api/matches
Mock fetch called with: http://localhost:3000/api/teams

[90mstdout[2m | src/test/integration/StatisticsFlow.test.tsx[2m > [22m[2mStatistics Flow Integration[2m > [22m[2mrenders matches list and opens statistics modal
[22m[39mMock fetch called with: http://localhost:3000/api/game-events?matchId=match-1
Mock fetch called with: http://localhost:3000/api/matches/match-1

[90mstdout[2m | src/test/integration/StatisticsFlow.test.tsx[2m > [22m[2mStatistics Flow Integration[2m > [22m[2mrenders matches list and opens statistics modal
[22m[39m[StatisticsView] Filtering events: {
  totalEvents: [33m2[39m,
  context: [32m'match'[39m,
  selectedTeamId: [32m'home-1'[39m,
  sampleEvent: {
    id: [32m'event-1'[39m,
    timestamp: [33m100[39m,
    playerId: [32m'p1'[39m,
    playerName: [90mundefined[39m,
    playerNumber: [90mundefined[39m,
    teamId: [32m'home-1'[39m,
    category: [32m'Shot'[39m,
    action: [32m'Goal'[39m,
    zone: [32m'6m-LW'[39m,
    goalTarget: [33m1[39m,
    context: {
      isCollective: [90mundefined[39m,
      hasOpposition: [90mundefined[39m,
      isCounterAttack: [90mundefined[39m
    },
    defenseFormation: [90mundefined[39m
  }
}
[StatisticsView] Filtered result: { filteredCount: [33m2[39m }
[StatisticsPanel] Received data: {
  eventsCount: [33m2[39m,
  eventCategories: { Shot: [33m1[39m, Sanction: [33m1[39m },
  sampleEvents: [
    {
      id: [32m'event-1'[39m,
      timestamp: [33m100[39m,
      playerId: [32m'p1'[39m,
      playerName: [90mundefined[39m,
      playerNumber: [90mundefined[39m,
      teamId: [32m'home-1'[39m,
      category: [32m'Shot'[39m,
      action: [32m'Goal'[39m,
      zone: [32m'6m-LW'[39m,
      goalTarget: [33m1[39m,
      context: [36m[Object][39m,
      defenseFormation: [90mundefined[39m
    },
    {
      id: [32m'event-2'[39m,
      timestamp: [33m200[39m,
      playerId: [32m'p1'[39m,
      playerName: [90mundefined[39m,
      playerNumber: [90mundefined[39m,
      teamId: [32m'home-1'[39m,
      category: [32m'Sanction'[39m,
      action: [32m'Sanction'[39m,
      zone: [90mundefined[39m,
      goalTarget: [90mundefined[39m,
      context: [36m[Object][39m,
      defenseFormation: [90mundefined[39m
    }
  ]
}
[StatisticsPanel] Stats comparison: {
  unfilteredStats: { totalShots: [33m1[39m, totalGoals: [33m1[39m, efficiency: [33m100[39m },
  filteredStats: { totalShots: [33m1[39m, totalGoals: [33m1[39m, efficiency: [33m100[39m }
}

[90mstdout[2m | src/test/integration/StatisticsFlow.test.tsx[2m > [22m[2mStatistics Flow Integration[2m > [22m[2mcalculates zone statistics correctly
[22m[39m[StatisticsView] Filtering events: {
  totalEvents: [33m3[39m,
  context: [32m'match'[39m,
  selectedTeamId: [32m'home-1'[39m,
  sampleEvent: {
    id: [32m'event-1'[39m,
    timestamp: [33m100[39m,
    playerId: [32m'p1'[39m,
    playerName: [90mundefined[39m,
    playerNumber: [90mundefined[39m,
    teamId: [32m'home-1'[39m,
    category: [32m'Shot'[39m,
    action: [32m'Goal'[39m,
    zone: [32m'6m-LW'[39m,
    goalTarget: [33m1[39m,
    context: {
      isCollective: [90mundefined[39m,
      hasOpposition: [90mundefined[39m,
      isCounterAttack: [90mundefined[39m
    },
    defenseFormation: [90mundefined[39m
  }
}
[StatisticsView] Filtered result: { filteredCount: [33m3[39m }
[StatisticsPanel] Received data: {
  eventsCount: [33m3[39m,
  eventCategories: { Shot: [33m2[39m, Sanction: [33m1[39m },
  sampleEvents: [
    {
      id: [32m'event-1'[39m,
      timestamp: [33m100[39m,
      playerId: [32m'p1'[39m,
      playerName: [90mundefined[39m,
      playerNumber: [90mundefined[39m,
      teamId: [32m'home-1'[39m,
      category: [32m'Shot'[39m,
      action: [32m'Goal'[39m,
      zone: [32m'6m-LW'[39m,
      goalTarget: [33m1[39m,
      context: [36m[Object][39m,
      defenseFormation: [90mundefined[39m
    },
    {
      id: [32m'event-2'[39m,
      timestamp: [33m200[39m,
      playerId: [32m'p1'[39m,
      playerName: [90mundefined[39m,
      playerNumber: [90mundefined[39m,
      teamId: [32m'home-1'[39m,
      category: [32m'Sanction'[39m,
      action: [32m'Sanction'[39m,
      zone: [90mundefined[39m,
      goalTarget: [90mundefined[39m,
      context: [36m[Object][39m,
      defenseFormation: [90mundefined[39m
    },
    {
      id: [32m'event-3'[39m,
      timestamp: [33m300[39m,
      playerId: [32m'p1'[39m,
      playerName: [90mundefined[39m,
      playerNumber: [90mundefined[39m,
      teamId: [32m'home-1'[39m,
      category: [32m'Shot'[39m,
      action: [32m'Goal'[39m,
      zone: [32m'9m-CB'[39m,
      goalTarget: [33m3[39m,
      context: [36m[Object][39m,
      defenseFormation: [90mundefined[39m
    }
  ]
}
[StatisticsPanel] Stats comparison: {
  unfilteredStats: { totalShots: [33m2[39m, totalGoals: [33m2[39m, efficiency: [33m100[39m },
  filteredStats: { totalShots: [33m2[39m, totalGoals: [33m2[39m, efficiency: [33m100[39m }
}

 [32m✓[39m src/test/integration/StatisticsFlow.test.tsx [2m([22m[2m2 tests[22m[2m)[22m[33m 751[2mms[22m[39m
     [33m[2m✓[22m[39m renders matches list and opens statistics modal [33m 516[2mms[22m[39m

[2m Test Files [22m [1m[32m1 passed[39m[22m[90m (1)[39m
[2m      Tests [22m [1m[32m2 passed[39m[22m[90m (2)[39m
[2m   Start at [22m 17:11:51
[2m   Duration [22m 1.63s

[1m[42m PASS [49m[22m [32mWaiting for file changes...[39m
       [2mpress [22m[1mh[22m[2m to show help[22m[2m, [22m[2mpress [22m[1mq[22m[2m to quit[22m
c[3J[1m[44m RERUN [49m[22m [34m[2msrc/components/admin/MatchesManagement.tsx [22m[34mx22 [34m[39m
       [2m Filename pattern: [22m[34msrc/test/integration/StatisticsFlow.test.tsx[39m

[90mstdout[2m | src/test/integration/StatisticsFlow.test.tsx[2m > [22m[2mStatistics Flow Integration[2m > [22m[2mrenders matches list and opens statistics modal
[22m[39mMock fetch called with: http://localhost:3000/api/matches
Mock fetch called with: http://localhost:3000/api/teams

 [31m❯[39m src/test/integration/StatisticsFlow.test.tsx [2m([22m[2m2 tests[22m[2m | [22m[31m2 failed[39m[2m)[22m[33m 2347[2mms[22m[39m
[31m     [31m×[31m renders matches list and opens statistics modal[39m[33m 1325[2mms[22m[39m
[31m     [31m×[31m calculates zone statistics correctly[39m[33m 1020[2mms[22m[39m

[31m⎯⎯⎯⎯⎯⎯⎯[39m[1m[41m Failed Tests 2 [49m[22m[31m⎯⎯⎯⎯⎯⎯⎯[39m

[41m[1m FAIL [22m[49m src/test/integration/StatisticsFlow.test.tsx[2m > [22mStatistics Flow Integration[2m > [22mrenders matches list and opens statistics modal
[31m[1mTestingLibraryElementError[22m[39m: Unable to find an element with the text: /Match Statistics/. This could be because the text is broken up by multiple elements. In this case, you can provide a function for your text matcher to make your matcher more flexible.

Ignored nodes: comments, script, style
[36m<body>[39m
  [36m<div>[39m
    [36m<div[39m
      [33mclass[39m=[32m"p-6 max-w-6xl mx-auto"[39m
    [36m>[39m
      [36m<div[39m
        [33mclass[39m=[32m"flex justify-between items-center mb-6"[39m
      [36m>[39m
        [36m<h1[39m
          [33mclass[39m=[32m"text-3xl font-bold text-gray-800"[39m
        [36m>[39m
          [0mMatches Management[0m
        [36m</h1>[39m
        [36m<button[39m
          [33mclass[39m=[32m"flex items-center gap-2 bg-indigo-600 text-white px-4 py-2 rounded-lg hover:bg-indigo-700 transition-colors"[39m
        [36m>[39m
          [36m<svg[39m
            [33maria-hidden[39m=[32m"true"[39m
            [33mclass[39m=[32m"lucide lucide-plus"[39m
            [33mfill[39m=[32m"none"[39m
            [33mheight[39m=[32m"20"[39m
            [33mstroke[39m=[32m"currentColor"[39m
            [33mstroke-linecap[39m=[32m"round"[39m
            [33mstroke-linejoin[39m=[32m"round"[39m
            [33mstroke-width[39m=[32m"2"[39m
            [33mviewBox[39m=[32m"0 0 24 24"[39m
            [33mwidth[39m=[32m"20"[39m
            [33mxmlns[39m=[32m"http://www.w3.org/2000/svg"[39m
          [36m>[39m
            [36m<path[39m
              [33md[39m=[32m"M5 12h14"[39m
            [36m/>[39m
            [36m<path[39m
              [33md[39m=[32m"M12 5v14"[39m
            [36m/>[39m
          [36m</svg>[39m
          [0mNew Match[0m
        [36m</button>[39m
      [36m</div>[39m
      [36m<div[39m
        [33mclass[39m=[32m"mb-6"[39m
      [36m>[39m
        [36m<div[39m
          [33mclass[39m=[32m"relative"[39m
        [36m>[39m
          [36m<svg[39m
            [33maria-hidden[39m=[32m"true"[39m
            [33mclass[39m=[32m"lucide lucide-search absolute left-3 top-1/2 transform -translate-y-1/2 text-gray-400"[39m
            [33mfill[39m=[32m"none"[39m
            [33mheight[39m=[32m"20"[39m
            [33mstroke[39m=[32m"currentColor"[39m
            [33mstroke-linecap[39m=[32m"round"[39m
            [33mstroke-linejoin[39m=[32m"round"[39m
            [33mstroke-width[39m=[32m"2"[39m
            [33mviewBox[39m=[32m"0 0 24 24"[39m
            [33mwidth[39m=[32m"20"[39m
            [33mxmlns[39m=[32m"http://www.w3.org/2000/svg"[39m
          [36m>[39m
            [36m<path[39m
              [33md[39m=[32m"m21 21-4.34-4.34"[39m
            [36m/>[39m
            [36m<circle[39m
              [33mcx[39m=[32m"11"[39m
              [33mcy[39m=[32m"11"[39m
              [33mr[39m=[32m"8"[39m
            [36m/>[39m
          [36m</svg>[39m
          [36m<input[39m
            [33mclass[39m=[32m"w-full pl-10 pr-4 py-2 border border-gray-300 rounded-lg focus:ring-2 focus:ring-indigo-500 focus:border-transparent"[39m
            [33mplaceholder[39m=[32m"Search matches by team name or date..."[39m
            [33mtype[39m=[32m"text"[39m
            [33mvalue[39m=[32m""[39m
          [36m/>[39m
        [36m</div>[39m
      [36m</div>[39m
      [36m<div[39m
        [33mclass[39m=[32m"bg-white rounded-xl shadow-lg overflow-hidden"[39m
      [36m>[39m
        [36m<table[39m
          [33mclass[39m=[32m"w-full"[39m
        [36m>[39m
          [36m<thead[39m
            [33mclass[39m=[32m"bg-gray-50 border-b border-gray-200"[39m
          [36m>[39m
            [36m<tr>[39m
              [36m<th[39m
                [33mclass[39m=[32m"px-6 py-3 text-left text-xs font-medium text-gray-500 uppercase tracking-wider"[39m
              [36m>[39m
                [0mDate[0m
              [36m</th>[39m
              [36m<th[39m
                [33mclass[39m=[32m"px-6 py-3 text-right text-xs font-medium text-gray-500 uppercase tracking-wider"[39m
              [36m>[39m
                [0mHome Team[0m
              [36m</th>[39m
              [36m<th[39m
                [33mclass[39m=[32m"px-6 py-3 text-center text-xs font-medium text-gray-500 uppercase tracking-wider"[39m
              [36m>[39m
                [0mResult[0m
              [36m</th>[39m
              [36m<th[39m
                [33mclass[39m=[32m"px-6 py-3 text-left text-xs font-medium text-gray-500 uppercase tracking-wider"[39m
              [36m>[39m
                [0mAway Team[0m
              [36m</th>[39m
              [36m<th[39m
                [33mclass[39m=[32m"px-6 py-3 text-left text-xs font-medium text-gray-500 uppercase tracking-wider"[39m
              [36m>[39m
                [0mStatus[0m
              [36m</th>[39m
              [36m<th[39m
                [33mclass[39m=[32m"px-6 py-3 text-right text-xs font-medium text-gray-500 uppercase tracking-wider"[39m
              [36m>[39m
                [0mActions[0m
              [36m</th>[39m
            [36m</tr>[39m
          [36m</thead>[39m
          [36m<tbody[39m
            [33mclass[39m=[32m"divide-y divide-gray-200"[39m
          [36m>[39m
            [36m<tr[39m
              [33mclass[39m=[32m"hover:bg-gray-50"[39m
            [36m>[39m
              [36m<td[39m
                [33mclass[39m=[32m"px-6 py-4 whitespace-nowrap text-sm text-gray-900"[39m
              [36m>[39m
                [36m<div[39m
                  [33mclass[39m=[32m"flex items-center gap-2"[39m
                [36m>[39m
                  [36m<svg[39m
                    [33maria-hidden[39m=[32m"true"[39m
                    [33mclass[39m=[32m"lucide lucide-calendar text-gray-400"[39m
                    [33mfill[39m=[32m"none"[39m
                    [33mheight[39m=[32m"16"[39m
                    [33mstroke[39m=[32m"currentColor"[39m
                    [33mstroke-linecap[39m=[32m"round"[39m
                    [33mstroke-linejoin[39m=[32m"round"[39m
                    [33mstroke-width[39m=[32m"2"[39m
                    [33mviewBox[39m=[32m"0 0 24 24"[39m
                    [33mwidth[39m=[32m"16"[39m
                    [33mxmlns[39m=[32m"http://www.w3.org/2000/svg"[39m
                  [36m>[39m
                    [36m<path[39m
                      [33md[39m=[32m"M8 2v4"[39m
                    [36m/>[39m
                    [36m<path[39m
                      [33md[39m=[32m"M16 2v4"[39m
                    [36m/>[39m
                    [36m<rect[39m
                      [33mheight[39m=[32m"18"[39m
                      [33mrx[39m=[32m"2"[39m
                      [33mwidth[39m=[32m"18"[39m
                      [33mx[39m=[32m"3"[39m
                      [33my[39m=[32m"4"[39m
                    [36m/>[39m
                    [36m<path[39m
                      [33md[39m=[32m"M3 10h18"[39m
                    [36m/>[39m
                  [36m</svg>[39m
                  [0mdv., 15 de nov. 2024, 18:00[0m
                [36m</div>[39m
              [36m</td>[39m
              [36m<td[39m
                [33mclass[39m=[32m"px-6 py-4 whitespace-nowrap text-sm font-medium text-gray-900 text-right"[39m
              [36m>[39m
                [0mHome Team[0m
              [36m</td>[39m
              [36m<td[39m
                [33mclass[39m=[32m"px-6 py-4 whitespace-nowrap text-sm font-bold text-gray-900 text-center"[39m
              [36m>[39m
                [36m<span[39m
                  [33mclass[39m=[32m"bg-gray-100 px-2 py-1 rounded"[39m
                [36m>[39m
                  [0m10[0m
                  [0m : [0m
                  [0m5[0m
                [36m</span>[39m
              [36m</td>[39m
              [36m<td[39m
                [33mclass[39m=[32m"px-6 py-4 whitespace-nowrap text-sm font-medium text-gray-900 text-left"[39m
              [36m>[39m
                [0mAway Team[0m
              [36m</td>[39m
              [36m<td[39m
                [33mclass[39m=[32m"px-6 py-4 whitespace-nowrap text-sm text-gray-500"[39m
              [36m>[39m
                [36m<span[39m
                  [33mclass[39m=[32m"inline-flex items-center px-2.5 py-0.5 rounded-full text-xs font-medium bg-green-100 text-green-800"[39m
                [36m>[39m
                  [0mFinished[0m
                [36m</span>[39m
              [36m</td>[39m
              [36m<td[39m
                [33mclass[39m=[32m"px-6 py-4 whitespace-nowrap text-right text-sm font-medium"[39m
              [36m>[39m
                [36m<button[39m
                  [33mclass[39m=[32m"text-green-600 hover:text-green-900 mr-4"[39m
                  [33mtitle[39m=[32m"View Statistics"[39m
                [36m>[39m
                  [36m<svg[39m
                    [33maria-hidden[39m=[32m"true"[39m
                    [33mclass[39m=[32m"lucide lucide-chart-column"[39m
                    [33mfill[39m=[32m"none"[39m
                    [33mheight[39m=[32m"18"[39m
                    [33mstroke[39m=[32m"currentColor"[39m
                    [33mstroke-linecap[39m=[32m"round"[39m
                    [33mstroke-linejoin[39m=[32m"round"[39m
                    [33mstroke-width[39m=[32m"2"[39m
                    [33mviewBox[39m=[32m"0 0 24 24"[39m
                    [33mwidth[39m=[32m"18"[39m
                    [33mxmlns[39m=[32m"http://www.w3.org/2000/svg"[39m
                  [36m>[39m
                    [36m<path[39m
                      [33md[39m=[32m"M3 3v16a2 2 0 0 0 2 2h16"[39m
                    [36m/>[39m
                    [36m<path[39m
                      [33md[39m=[32m"M18 17V9"[39m
                    [36m/>[39m
                    [36m<path[39m
                      [33md[39m=[32m"M13 17V5"[39m
                    [36m/>[39m
                    [36m<path[39m
                      [33md[39m=[32m"M8 17v-3"[39m
                    [36m/>[39m
                  [36m</svg>[39m
                [36m</button>[39m
                [36m<button[39m
                  [33mclass[39m=[32m"text-indigo-600 hover:text-indigo-900 mr-4"[39m
                  [33mtitle[39m=[32m"Edit Match"[39m
                [36m>[39m
                  [36m<svg[39m
                    [33maria-hidden[39m=[32m"true"[39m
                    [33mclass[39m=[32m"lucide lucide-pen"[39m
                    [33mfill[39m=[32m"none"[39m
                    [33mheight[39m=[32m"18"[39m
                    [33mstroke[39m=[32m"currentColor"[39m
                    [33mstroke-linecap[39m=[32m"round"[39m
                    [33mstroke-linejoin[39m=[32m"round"[39m
                    [33mstroke-width[39m=[32m"2"[39m
                    [33mviewBox[39m=[32m"0 0 24 24"[39m
                    [33mwidth[39m=[32m"18"[39m
                    [33mxmlns[39m=[32m"http://www.w3.org/2000/svg"[39m
                  [36m>[39m
                    [36m<path[39m
                      [33md[39m=[32m"M21.174 6.812a1 1 0 0 0-3.986-3.987L3.842 16.174a2 2 0 0 0-.5.83l-1.321 4.352a.5.5 0 0 0 .623.622l4.353-1.32a2 2 0 0 0 .83-.497z"[39m
                    [36m/>[39m
                  [36m</svg>[39m
                [36m</button>[39m
                [36m<button[39m
                  [33mclass[39m=[32m"text-red-600 hover:text-red-900"[39m
                  [33mtitle[39m=[32m"Delete Match"[39m
                [36m>[39m
                  [36m<svg[39m
                    [33maria-hidden[39m=[32m"true"[39m
                    [33mclass[39m=[32m"lucide lucide-trash2 lucide-trash-2"[39m
                    [33mfill[39m=[32m"none"[39m
                    [33mheight[39m=[32m"18"[39m
                    [33mstroke[39m=[32m"currentColor"[39m
                    [33mstroke-linecap[39m=[32m"round"[39m
                    [33mstroke-linejoin[39m=[32m"round"[39m
                    [33mstroke-width[39m=[32m"2"[39m
                    [33mviewBox[39m=[32m"0 0 24 24"[39m
                    [33mwidth[39m=[32m"18"[39m
                    [33mxmlns[39m=[32m"http://www.w3.org/2000/svg"[39m
                  [36m>[39m
                    [36m<path[39m
                      [33md[39m=[32m"M10 11v6"[39m
                    [36m/>[39m
                    [36m<path[39m
                      [33md[39m=[32m"M14 11v6"[39m
                    [36m/>[39m
                    [36m<path[39m
                      [33md[39m=[32m"M19 6v14a2 2 0 0 1-2 2H7a2 2 0 0 1-2-2V6"[39m
                    [36m/>[39m
                    [36m<path[39m
                      [33md[39m=[32m"M3 6h18"[39m
                    [36m/>[39m
                    [36m<path[39m
                      [33md[39m=[32m"M8 6V4a2 2 0 0 1 2-2h4a2 2 0 0 1 2 2v2"[39m
                    [36m/>[39m
                  [36m</svg>[39m
                [36m</button>[39m
              [36m</td>[39m
            [36m</tr>[39m
          [36m</tbody>[39m
        [36m</table>[39m
      [36m</div>[39m
    [36m</div>[39m
  [36m</div>[39m
[36m</body>[39m

Ignored nodes: comments, script, style
[36m<html>[39m
  [36m<head />[39m
  [36m<body>[39m
    [36m<div>[39m
      [36m<div[39m
        [33mclass[39m=[32m"p-6 max-w-6xl mx-auto"[39m
      [36m>[39m
        [36m<div[39m
          [33mclass[39m=[32m"flex justify-between items-center mb-6"[39m
        [36m>[39m
          [36m<h1[39m
            [33mclass[39m=[32m"text-3xl font-bold text-gray-800"[39m
          [36m>[39m
            [0mMatches Management[0m
          [36m</h1>[39m
          [36m<button[39m
            [33mclass[39m=[32m"flex items-center gap-2 bg-indigo-600 text-white px-4 py-2 rounded-lg hover:bg-indigo-700 transition-colors"[39m
          [36m>[39m
            [36m<svg[39m
              [33maria-hidden[39m=[32m"true"[39m
              [33mclass[39m=[32m"lucide lucide-plus"[39m
              [33mfill[39m=[32m"none"[39m
              [33mheight[39m=[32m"20"[39m
              [33mstroke[39m=[32m"currentColor"[39m
              [33mstroke-linecap[39m=[32m"round"[39m
              [33mstroke-linejoin[39m=[32m"round"[39m
              [33mstroke-width[39m=[32m"2"[39m
              [33mviewBox[39m=[32m"0 0 24 24"[39m
              [33mwidth[39m=[32m"20"[39m
              [33mxmlns[39m=[32m"http://www.w3.org/2000/svg"[39m
            [36m>[39m
              [36m<path[39m
                [33md[39m=[32m"M5 12h14"[39m
              [36m/>[39m
              [36m<path[39m
                [33md[39m=[32m"M12 5v14"[39m
              [36m/>[39m
            [36m</svg>[39m
            [0mNew Match[0m
          [36m</button>[39m
        [36m</div>[39m
        [36m<div[39m
          [33mclass[39m=[32m"mb-6"[39m
        [36m>[39m
          [36m<div[39m
            [33mclass[39m=[32m"relative"[39m
          [36m>[39m
            [36m<svg[39m
              [33maria-hidden[39m=[32m"true"[39m
              [33mclass[39m=[32m"lucide lucide-search absolute left-3 top-1/2 transform -translate-y-1/2 text-gray-400"[39m
              [33mfill[39m=[32m"none"[39m
              [33mheight[39m=[32m"20"[39m
              [33mstroke[39m=[32m"currentColor"[39m
              [33mstroke-linecap[39m=[32m"round"[39m
              [33mstroke-linejoin[39m=[32m"round"[39m
              [33mstroke-width[39m=[32m"2"[39m
              [33mviewBox[39m=[32m"0 0 24 24"[39m
              [33mwidth[39m=[32m"20"[39m
              [33mxmlns[39m=[32m"http://www.w3.org/2000/svg"[39m
            [36m>[39m
              [36m<path[39m
                [33md[39m=[32m"m21 21-4.34-4.34"[39m
              [36m/>[39m
              [36m<circle[39m
                [33mcx[39m=[32m"11"[39m
                [33mcy[39m=[32m"11"[39m
                [33mr[39m=[32m"8"[39m
              [36m/>[39m
            [36m</svg>[39m
            [36m<input[39m
              [33mclass[39m=[32m"w-full pl-10 pr-4 py-2 border border-gray-300 rounded-lg focus:ring-2 focus:ring-indigo-500 focus:border-transparent"[39m
              [33mplaceholder[39m=[32m"Search matches by team name or date..."[39m
              [33mtype[39m=[32m"text"[39m
              [33mvalue[39m=[32m""[39m
            [36m/>[39m
          [36m</div>[39m
        [36m</div>[39m
        [36m<div[39m
          [33mclass[39m=[32m"bg-white rounded-xl shadow-lg overflow-hidden"[39m
        [36m>[39m
          [36m<table[39m
            [33mclass[39m=[32m"w-full"[39m
          [36m>[39m
            [36m<thead[39m
              [33mclass[39m=[32m"bg-gray-50 border-b border-gray-200"[39m
            [36m>[39m
              [36m<tr>[39m
                [36m<th[39m
                  [33mclass[39m=[32m"px-6 py-3 text-left text-xs font-medium text-gray-500 uppercase tracking-wider"[39m
                [36m>[39m
                  [0mDate[0m
                [36m</th>[39m
                [36m<th[39m
                  [33mclass[39m=[32m"px-6 py-3 text-right text-xs font-medium text-gray-500 uppercase tracking-wider"[39m
                [36m>[39m
                  [0mHome Team[0m
                [36m</th>[39m
                [36m<th[39m
                  [33mclass[39m=[32m"px-6 py-3 text-center text-xs font-medium text-gray-500 uppercase tracking-wider"[39m
                [36m>[39m
                  [0mResult[0m
                [36m</th>[39m
                [36m<th[39m
                  [33mclass[39m=[32m"px-6 py-3 text-left text-xs font-medium text-gray-500 uppercase tracking-wider"[39m
                [36m>[39m
                  [0mAway Team[0m
                [36m</th>[39m
                [36m<th[39m
                  [33mclass[39m=[32m"px-6 py-3 text-left text-xs font-medium text-gray-500 uppercase tracking-wider"[39m
                [36m>[39m
                  [0mStatus[0m
                [36m</th>[39m
                [36m<th[39m
                  [33mclass[39m=[32m"px-6 py-3 text-right text-xs font-medium text-gray-500 uppercase tracking-wider"[39m
                [36m>[39m
                  [0mActions[0m
                [36m</th>[39m
              [36m</tr>[39m
            [36m</thead>[39m
            [36m<tbody[39m
              [33mclass[39m=[32m"divide-y divide-gray-200"[39m
            [36m>[39m
              [36m<tr[39m
                [33mclass[39m=[32m"hover:bg-gray-50"[39m
              [36m>[39m
                [36m<td[39m
                  [33mclass[39m=[32m"px-6 py-4 whitespace-nowrap text-sm text-gray-900"[39m
                [36m>[39m
                  [36m<div[39m
                    [33mclass[39m=[32m"flex items-center gap-2"[39m
                  [36m>[39m
                    [36m<svg[39m
                      [33maria-hidden[39m=[32m"true"[39m
                      [33mclass[39m=[32m"lucide lucide-calendar text-gray-400"[39m
                      [33mfill[39m=[32m"none"[39m
                      [33mheight[39m=[32m"16"[39m
                      [33mstroke[39m=[32m"currentColor"[39m
                      [33mstroke-linecap[39m=[32m"round"[39m
                      [33mstroke-linejoin[39m=[32m"round"[39m
                      [33mstroke-width[39m=[32m"2"[39m
                      [33mviewBox[39m=[32m"0 0 24 24"[39m
                      [33mwidth[39m=[32m"16"[39m
                      [33mxmlns[39m=[32m"http://www.w3.org/2000/svg"[39m
                    [36m>[39m
                      [36m<path[39m
                        [33md[39m=[32m"M8 2v4"[39m
                      [36m/>[39m
                      [36m<path[39m
                        [33md[39m=[32m"M16 2v4"[39m
                      [36m/>[39m
                      [36m<rect[39m
                        [33mheight[39m=[32m"18"[39m
                        [33mrx[39m=[32m"2"[39m
                        [33mwidth[39m=[32m"18"[39m
                        [33mx[39m=[32m"3"[39m
                        [33my[39m=[32m"4"[39m
                      [36m/>[39m
                      [36m<path[39m
                        [33md[39m=[32m"M3 10h18"[39m
                      [36m/>[39m
                    [36m</svg>[39m
                    [0mdv., 15 de nov. 2024, 18:00[0m
                  [36m</div>[39m
                [36m</td>[39m
                [36m<td[39m
                  [33mclass[39m=[32m"px-6 py-4 whitespace-nowrap text-sm font-medium text-gray-900 text-right"[39m
                [36m>[39m
                  [0mHome Team[0m
                [36m</td>[39m
                [36m<td[39m
                  [33mclass[39m=[32m"px-6 py-4 whitespace-nowrap text-sm font-bold text-gray-900 text-center"[39m
                [36m>[39m
                  [36m<span[39m
                    [33mclass[39m=[32m"bg-gray-100 px-2 py-1 rounded"[39m
                  [36m>[39m
                    [0m10[0m
                    [0m : [0m
                    [0m5[0m
                  [36m</span>[39m
                [36m</td>[39m
                [36m<td[39m
                  [33mclass[39m=[32m"px-6 py-4 whitespace-nowrap text-sm font-medium text-gray-900 text-left"[39m
                [36m>[39m
                  [0mAway Team[0m
                [36m</td>[39m
                [36m<td[39m
                  [33mclass[39m=[32m"px-6 py-4 whitespace-nowrap text-sm text-gray-500"[39m
                [36m>[39m
                  [36m<span[39m
                    [33mclass[39m=[32m"inline-flex items-center px-2.5 py-0.5 rounded-full text-xs font-medium bg-green-100 text-green-800"[39m
                  [36m>[39m
                    [0mFinished[0m
                  [36m</span>[39m
                [36m</td>[39m
                [36m<td[39m
                  [33mclass[39m=[32m"px-6 py-4 whitespace-nowrap text-right text-sm font-medium"[39m
                [36m>[39m
                  [36m<button[39m
                    [33mclass[39m=[32m"text-green-600 hover:text-green-900 mr-4"[39m
                    [33mtitle[39m=[32m"View Statistics"[39m
                  [36m>[39m
                    [36m<svg[39m
                      [33maria-hidden[39m=[32m"true"[39m
                      [33mclass[39m=[32m"lucide lucide-chart-column"[39m
                      [33mfill[39m=[32m"none"[39m
                      [33mheight[39m=[32m"18"[39m
                      [33mstroke[39m=[32m"currentColor"[39m
                      [33mstroke-linecap[39m=[32m"round"[39m
                      [33mstroke-linejoin[39m=[32m"round"[39m
                      [33mstroke-width[39m=[32m"2"[39m
                      [33mviewBox[39m=[32m"0 0 24 24"[39m
                      [33mwidth[39m=[32m"18"[39m
                      [33mxmlns[39m=[32m"http://www.w3.org/2000/svg"[39m
                    [36m>[39m
                      [36m<path[39m
                        [33md[39m=[32m"M3 3v16a2 2 0 0 0 2 2h16"[39m
                      [36m/>[39m
                      [36m<path[39m
                        [33md[39m=[32m"M18 17V9"[39m
                      [36m/>[39m
                      [36m<path[39m
                        [33md[39m=[32m"M13 17V5"[39m
                      [36m/>[39m
                      [36m<path[39m
                        [33md[39m=[32m"M8 17v-3"[39m
                      [36m/>[39m
                    [36m</svg>[39m
                  [36m</button>[39m
                  [36m<button[39m
                    [33mclass[39m=[32m"text-indigo-600 hover:text-indigo-900 mr-4"[39m
                    [33mtitle[39m=[32m"Edit Match"[39m
                  [36m>[39m
                    [36m<svg[39m
                      [33maria-hidden[39m=[32m"true"[39m
                      [33mclass[39m=[32m"lucide lucide-pen"[39m
                      [33mfill[39m=[32m"none"[39m
                      [33mheight[39m=[32m"18"[39m
                      [33mstroke[39m=[32m"currentColor"[39m
                      [33mstroke-linecap[39m=[32m"round"[39m
                      [33mstroke-linejoin[39m=[32m"round"[39m
                      [33mstroke-width[39m=[32m"2"[39m
                      [33mviewBox[39m=[32m"0 0 24 24"[39m
                      [33mwidth[39m=[32m"18"[39m
                      [33mxmlns[39m=[32m"http://www.w3.org/2000/svg"[39m
                    [36m>[39m
                      [36m<path[39m
                        [33md[39m=[32m"M21.174 6.812a1 1 0 0 0-3.986-3.987L3.842 16.174a2 2 0 0 0-.5.83l-1.321 4.352a.5.5 0 0 0 .623.622l4.353-1.32a2 2 0 0 0 .83-.497z"[39m
                      [36m/>[39m
                    [36m</svg>[39m
                  [36m</button>[39m
                  [36m<button[39m
                    [33mclass[39m=[32m"text-red-600 hover:text-red-900"[39m
                    [33mtitle[39m=[32m"Delete Match"[39m
                  [36m>[39m
                    [36m<svg[39m
                      [33maria-hidden[39m=[32m"true"[39m
                      [33mclass[39m=[32m"lucide lucide-trash2 lucide-trash-2"[39m
                      [33mfill[39m=[32m"none"[39m
                      [33mheight[39m=[32m"18"[39m
                      [33mstroke[39m=[32m"currentColor"[39m
                      [33mstroke-linecap[39m=[32m"round"[39m
                      [33mstroke-linejoin[39m=[32m"round"[39m
                      [33mstroke-width[39m=[32m"2"[39m
                      [33mviewBox[39m=[32m"0 0 24 24"[39m
                      [33mwidth[39m=[32m"18"[39m
                      [33mxmlns[39m=[32m"http://www.w3.org/2000/svg"[39m
                    [36m>[39m
                      [36m<path[39m
                        [33md[39m=[32m"M10 11v6"[39m
                      [36m/>[39m
                      [36m<path[39m
                        [33md[39m=[32m"M14 11v6"[39m
                      [36m/>[39m
                      [36m<path[39m
                        [33md[39m=[32m"M19 6v14a2 2 0 0 1-2 2H7a2 2 0 0 1-2-2V6"[39m
                      [36m/>[39m
                      [36m<path[39m
                        [33md[39m=[32m"M3 6h18"[39m
                      [36m/>[39m
                      [36m<path[39m
                        [33md[39m=[32m"M8 6V4a2 2 0 0 1 2-2h4a2 2 0 0 1 2 2v2"[39m
                      [36m/>[39m
                    [36m</svg>[39m
                  [36m</button>[39m
                [36m</td>[39m
              [36m</tr>[39m
            [36m</tbody>[39m
          [36m</table>[39m
        [36m</div>[39m
      [36m</div>[39m
    [36m</div>[39m
  [36m</body>[39m
[36m</html>[39m
[90m [2m❯[22m waitForWrapper node_modules/@testing-library/dom/dist/wait-for.js:[2m163:27[22m[39m
[36m [2m❯[22m src/test/integration/StatisticsFlow.test.tsx:[2m112:11[22m[39m
    [90m110| [39m
    [90m111| [39m    [90m// Check if modal opens and displays stats[39m
    [90m112| [39m    [35mawait[39m [34mwaitFor[39m(() [33m=>[39m {
    [90m   | [39m          [31m^[39m
    [90m113| [39m      [34mexpect[39m(screen[33m.[39m[34mgetByText[39m([36m/Match Statistics/[39m))[33m.[39m[34mtoBeInTheDocument[39m()[33m;[39m
    [90m114| [39m      [34mexpect[39m(screen[33m.[39m[34mgetByText[39m([32m'Player 1'[39m))[33m.[39m[34mtoBeInTheDocument[39m()[33m;[39m

[31m[2m⎯⎯⎯⎯⎯⎯⎯⎯⎯⎯⎯⎯⎯⎯⎯⎯⎯⎯⎯⎯⎯⎯⎯⎯[1/2]⎯[22m[39m

[41m[1m FAIL [22m[49m src/test/integration/StatisticsFlow.test.tsx[2m > [22mStatistics Flow Integration[2m > [22mcalculates zone statistics correctly
[31m[1mTestingLibraryElementError[22m[39m: Unable to find an element with the text: /Match Statistics/. This could be because the text is broken up by multiple elements. In this case, you can provide a function for your text matcher to make your matcher more flexible.

Ignored nodes: comments, script, style
[36m<body>[39m
  [36m<div>[39m
    [36m<div[39m
      [33mclass[39m=[32m"p-6 max-w-6xl mx-auto"[39m
    [36m>[39m
      [36m<div[39m
        [33mclass[39m=[32m"flex justify-between items-center mb-6"[39m
      [36m>[39m
        [36m<h1[39m
          [33mclass[39m=[32m"text-3xl font-bold text-gray-800"[39m
        [36m>[39m
          [0mMatches Management[0m
        [36m</h1>[39m
        [36m<button[39m
          [33mclass[39m=[32m"flex items-center gap-2 bg-indigo-600 text-white px-4 py-2 rounded-lg hover:bg-indigo-700 transition-colors"[39m
        [36m>[39m
          [36m<svg[39m
            [33maria-hidden[39m=[32m"true"[39m
            [33mclass[39m=[32m"lucide lucide-plus"[39m
            [33mfill[39m=[32m"none"[39m
            [33mheight[39m=[32m"20"[39m
            [33mstroke[39m=[32m"currentColor"[39m
            [33mstroke-linecap[39m=[32m"round"[39m
            [33mstroke-linejoin[39m=[32m"round"[39m
            [33mstroke-width[39m=[32m"2"[39m
            [33mviewBox[39m=[32m"0 0 24 24"[39m
            [33mwidth[39m=[32m"20"[39m
            [33mxmlns[39m=[32m"http://www.w3.org/2000/svg"[39m
          [36m>[39m
            [36m<path[39m
              [33md[39m=[32m"M5 12h14"[39m
            [36m/>[39m
            [36m<path[39m
              [33md[39m=[32m"M12 5v14"[39m
            [36m/>[39m
          [36m</svg>[39m
          [0mNew Match[0m
        [36m</button>[39m
      [36m</div>[39m
      [36m<div[39m
        [33mclass[39m=[32m"mb-6"[39m
      [36m>[39m
        [36m<div[39m
          [33mclass[39m=[32m"relative"[39m
        [36m>[39m
          [36m<svg[39m
            [33maria-hidden[39m=[32m"true"[39m
            [33mclass[39m=[32m"lucide lucide-search absolute left-3 top-1/2 transform -translate-y-1/2 text-gray-400"[39m
            [33mfill[39m=[32m"none"[39m
            [33mheight[39m=[32m"20"[39m
            [33mstroke[39m=[32m"currentColor"[39m
            [33mstroke-linecap[39m=[32m"round"[39m
            [33mstroke-linejoin[39m=[32m"round"[39m
            [33mstroke-width[39m=[32m"2"[39m
            [33mviewBox[39m=[32m"0 0 24 24"[39m
            [33mwidth[39m=[32m"20"[39m
            [33mxmlns[39m=[32m"http://www.w3.org/2000/svg"[39m
          [36m>[39m
            [36m<path[39m
              [33md[39m=[32m"m21 21-4.34-4.34"[39m
            [36m/>[39m
            [36m<circle[39m
              [33mcx[39m=[32m"11"[39m
              [33mcy[39m=[32m"11"[39m
              [33mr[39m=[32m"8"[39m
            [36m/>[39m
          [36m</svg>[39m
          [36m<input[39m
            [33mclass[39m=[32m"w-full pl-10 pr-4 py-2 border border-gray-300 rounded-lg focus:ring-2 focus:ring-indigo-500 focus:border-transparent"[39m
            [33mplaceholder[39m=[32m"Search matches by team name or date..."[39m
            [33mtype[39m=[32m"text"[39m
            [33mvalue[39m=[32m""[39m
          [36m/>[39m
        [36m</div>[39m
      [36m</div>[39m
      [36m<div[39m
        [33mclass[39m=[32m"bg-white rounded-xl shadow-lg overflow-hidden"[39m
      [36m>[39m
        [36m<table[39m
          [33mclass[39m=[32m"w-full"[39m
        [36m>[39m
          [36m<thead[39m
            [33mclass[39m=[32m"bg-gray-50 border-b border-gray-200"[39m
          [36m>[39m
            [36m<tr>[39m
              [36m<th[39m
                [33mclass[39m=[32m"px-6 py-3 text-left text-xs font-medium text-gray-500 uppercase tracking-wider"[39m
              [36m>[39m
                [0mDate[0m
              [36m</th>[39m
              [36m<th[39m
                [33mclass[39m=[32m"px-6 py-3 text-right text-xs font-medium text-gray-500 uppercase tracking-wider"[39m
              [36m>[39m
                [0mHome Team[0m
              [36m</th>[39m
              [36m<th[39m
                [33mclass[39m=[32m"px-6 py-3 text-center text-xs font-medium text-gray-500 uppercase tracking-wider"[39m
              [36m>[39m
                [0mResult[0m
              [36m</th>[39m
              [36m<th[39m
                [33mclass[39m=[32m"px-6 py-3 text-left text-xs font-medium text-gray-500 uppercase tracking-wider"[39m
              [36m>[39m
                [0mAway Team[0m
              [36m</th>[39m
              [36m<th[39m
                [33mclass[39m=[32m"px-6 py-3 text-left text-xs font-medium text-gray-500 uppercase tracking-wider"[39m
              [36m>[39m
                [0mStatus[0m
              [36m</th>[39m
              [36m<th[39m
                [33mclass[39m=[32m"px-6 py-3 text-right text-xs font-medium text-gray-500 uppercase tracking-wider"[39m
              [36m>[39m
                [0mActions[0m
              [36m</th>[39m
            [36m</tr>[39m
          [36m</thead>[39m
          [36m<tbody[39m
            [33mclass[39m=[32m"divide-y divide-gray-200"[39m
          [36m>[39m
            [36m<tr[39m
              [33mclass[39m=[32m"hover:bg-gray-50"[39m
            [36m>[39m
              [36m<td[39m
                [33mclass[39m=[32m"px-6 py-4 whitespace-nowrap text-sm text-gray-900"[39m
              [36m>[39m
                [36m<div[39m
                  [33mclass[39m=[32m"flex items-center gap-2"[39m
                [36m>[39m
                  [36m<svg[39m
                    [33maria-hidden[39m=[32m"true"[39m
                    [33mclass[39m=[32m"lucide lucide-calendar text-gray-400"[39m
                    [33mfill[39m=[32m"none"[39m
                    [33mheight[39m=[32m"16"[39m
                    [33mstroke[39m=[32m"currentColor"[39m
                    [33mstroke-linecap[39m=[32m"round"[39m
                    [33mstroke-linejoin[39m=[32m"round"[39m
                    [33mstroke-width[39m=[32m"2"[39m
                    [33mviewBox[39m=[32m"0 0 24 24"[39m
                    [33mwidth[39m=[32m"16"[39m
                    [33mxmlns[39m=[32m"http://www.w3.org/2000/svg"[39m
                  [36m>[39m
                    [36m<path[39m
                      [33md[39m=[32m"M8 2v4"[39m
                    [36m/>[39m
                    [36m<path[39m
                      [33md[39m=[32m"M16 2v4"[39m
                    [36m/>[39m
                    [36m<rect[39m
                      [33mheight[39m=[32m"18"[39m
                      [33mrx[39m=[32m"2"[39m
                      [33mwidth[39m=[32m"18"[39m
                      [33mx[39m=[32m"3"[39m
                      [33my[39m=[32m"4"[39m
                    [36m/>[39m
                    [36m<path[39m
                      [33md[39m=[32m"M3 10h18"[39m
                    [36m/>[39m
                  [36m</svg>[39m
                  [0mdv., 15 de nov. 2024, 18:00[0m
                [36m</div>[39m
              [36m</td>[39m
              [36m<td[39m
                [33mclass[39m=[32m"px-6 py-4 whitespace-nowrap text-sm font-medium text-gray-900 text-right"[39m
              [36m>[39m
                [0mHome Team[0m
              [36m</td>[39m
              [36m<td[39m
                [33mclass[39m=[32m"px-6 py-4 whitespace-nowrap text-sm font-bold text-gray-900 text-center"[39m
              [36m>[39m
                [36m<span[39m
                  [33mclass[39m=[32m"bg-gray-100 px-2 py-1 rounded"[39m
                [36m>[39m
                  [0m10[0m
                  [0m : [0m
                  [0m5[0m
                [36m</span>[39m
              [36m</td>[39m
              [36m<td[39m
                [33mclass[39m=[32m"px-6 py-4 whitespace-nowrap text-sm font-medium text-gray-900 text-left"[39m
              [36m>[39m
                [0mAway Team[0m
              [36m</td>[39m
              [36m<td[39m
                [33mclass[39m=[32m"px-6 py-4 whitespace-nowrap text-sm text-gray-500"[39m
              [36m>[39m
                [36m<span[39m
                  [33mclass[39m=[32m"inline-flex items-center px-2.5 py-0.5 rounded-full text-xs font-medium bg-green-100 text-green-800"[39m
                [36m>[39m
                  [0mFinished[0m
                [36m</span>[39m
              [36m</td>[39m
              [36m<td[39m
                [33mclass[39m=[32m"px-6 py-4 whitespace-nowrap text-right text-sm font-medium"[39m
              [36m>[39m
                [36m<button[39m
                  [33mclass[39m=[32m"text-green-600 hover:text-green-900 mr-4"[39m
                  [33mtitle[39m=[32m"View Statistics"[39m
                [36m>[39m
                  [36m<svg[39m
                    [33maria-hidden[39m=[32m"true"[39m
                    [33mclass[39m=[32m"lucide lucide-chart-column"[39m
                    [33mfill[39m=[32m"none"[39m
                    [33mheight[39m=[32m"18"[39m
                    [33mstroke[39m=[32m"currentColor"[39m
                    [33mstroke-linecap[39m=[32m"round"[39m
                    [33mstroke-linejoin[39m=[32m"round"[39m
                    [33mstroke-width[39m=[32m"2"[39m
                    [33mviewBox[39m=[32m"0 0 24 24"[39m
                    [33mwidth[39m=[32m"18"[39m
                    [33mxmlns[39m=[32m"http://www.w3.org/2000/svg"[39m
                  [36m>[39m
                    [36m<path[39m
                      [33md[39m=[32m"M3 3v16a2 2 0 0 0 2 2h16"[39m
                    [36m/>[39m
                    [36m<path[39m
                      [33md[39m=[32m"M18 17V9"[39m
                    [36m/>[39m
                    [36m<path[39m
                      [33md[39m=[32m"M13 17V5"[39m
                    [36m/>[39m
                    [36m<path[39m
                      [33md[39m=[32m"M8 17v-3"[39m
                    [36m/>[39m
                  [36m</svg>[39m
                [36m</button>[39m
                [36m<button[39m
                  [33mclass[39m=[32m"text-indigo-600 hover:text-indigo-900 mr-4"[39m
                  [33mtitle[39m=[32m"Edit Match"[39m
                [36m>[39m
                  [36m<svg[39m
                    [33maria-hidden[39m=[32m"true"[39m
                    [33mclass[39m=[32m"lucide lucide-pen"[39m
                    [33mfill[39m=[32m"none"[39m
                    [33mheight[39m=[32m"18"[39m
                    [33mstroke[39m=[32m"currentColor"[39m
                    [33mstroke-linecap[39m=[32m"round"[39m
                    [33mstroke-linejoin[39m=[32m"round"[39m
                    [33mstroke-width[39m=[32m"2"[39m
                    [33mviewBox[39m=[32m"0 0 24 24"[39m
                    [33mwidth[39m=[32m"18"[39m
                    [33mxmlns[39m=[32m"http://www.w3.org/2000/svg"[39m
                  [36m>[39m
                    [36m<path[39m
                      [33md[39m=[32m"M21.174 6.812a1 1 0 0 0-3.986-3.987L3.842 16.174a2 2 0 0 0-.5.83l-1.321 4.352a.5.5 0 0 0 .623.622l4.353-1.32a2 2 0 0 0 .83-.497z"[39m
                    [36m/>[39m
                  [36m</svg>[39m
                [36m</button>[39m
                [36m<button[39m
                  [33mclass[39m=[32m"text-red-600 hover:text-red-900"[39m
                  [33mtitle[39m=[32m"Delete Match"[39m
                [36m>[39m
                  [36m<svg[39m
                    [33maria-hidden[39m=[32m"true"[39m
                    [33mclass[39m=[32m"lucide lucide-trash2 lucide-trash-2"[39m
                    [33mfill[39m=[32m"none"[39m
                    [33mheight[39m=[32m"18"[39m
                    [33mstroke[39m=[32m"currentColor"[39m
                    [33mstroke-linecap[39m=[32m"round"[39m
                    [33mstroke-linejoin[39m=[32m"round"[39m
                    [33mstroke-width[39m=[32m"2"[39m
                    [33mviewBox[39m=[32m"0 0 24 24"[39m
                    [33mwidth[39m=[32m"18"[39m
                    [33mxmlns[39m=[32m"http://www.w3.org/2000/svg"[39m
                  [36m>[39m
                    [36m<path[39m
                      [33md[39m=[32m"M10 11v6"[39m
                    [36m/>[39m
                    [36m<path[39m
                      [33md[39m=[32m"M14 11v6"[39m
                    [36m/>[39m
                    [36m<path[39m
                      [33md[39m=[32m"M19 6v14a2 2 0 0 1-2 2H7a2 2 0 0 1-2-2V6"[39m
                    [36m/>[39m
                    [36m<path[39m
                      [33md[39m=[32m"M3 6h18"[39m
                    [36m/>[39m
                    [36m<path[39m
                      [33md[39m=[32m"M8 6V4a2 2 0 0 1 2-2h4a2 2 0 0 1 2 2v2"[39m
                    [36m/>[39m
                  [36m</svg>[39m
                [36m</button>[39m
              [36m</td>[39m
            [36m</tr>[39m
          [36m</tbody>[39m
        [36m</table>[39m
      [36m</div>[39m
    [36m</div>[39m
  [36m</div>[39m
[36m</body>[39m

Ignored nodes: comments, script, style
[36m<html>[39m
  [36m<head />[39m
  [36m<body>[39m
    [36m<div>[39m
      [36m<div[39m
        [33mclass[39m=[32m"p-6 max-w-6xl mx-auto"[39m
      [36m>[39m
        [36m<div[39m
          [33mclass[39m=[32m"flex justify-between items-center mb-6"[39m
        [36m>[39m
          [36m<h1[39m
            [33mclass[39m=[32m"text-3xl font-bold text-gray-800"[39m
          [36m>[39m
            [0mMatches Management[0m
          [36m</h1>[39m
          [36m<button[39m
            [33mclass[39m=[32m"flex items-center gap-2 bg-indigo-600 text-white px-4 py-2 rounded-lg hover:bg-indigo-700 transition-colors"[39m
          [36m>[39m
            [36m<svg[39m
              [33maria-hidden[39m=[32m"true"[39m
              [33mclass[39m=[32m"lucide lucide-plus"[39m
              [33mfill[39m=[32m"none"[39m
              [33mheight[39m=[32m"20"[39m
              [33mstroke[39m=[32m"currentColor"[39m
              [33mstroke-linecap[39m=[32m"round"[39m
              [33mstroke-linejoin[39m=[32m"round"[39m
              [33mstroke-width[39m=[32m"2"[39m
              [33mviewBox[39m=[32m"0 0 24 24"[39m
              [33mwidth[39m=[32m"20"[39m
              [33mxmlns[39m=[32m"http://www.w3.org/2000/svg"[39m
            [36m>[39m
              [36m<path[39m
                [33md[39m=[32m"M5 12h14"[39m
              [36m/>[39m
              [36m<path[39m
                [33md[39m=[32m"M12 5v14"[39m
              [36m/>[39m
            [36m</svg>[39m
            [0mNew Match[0m
          [36m</button>[39m
        [36m</div>[39m
        [36m<div[39m
          [33mclass[39m=[32m"mb-6"[39m
        [36m>[39m
          [36m<div[39m
            [33mclass[39m=[32m"relative"[39m
          [36m>[39m
            [36m<svg[39m
              [33maria-hidden[39m=[32m"true"[39m
              [33mclass[39m=[32m"lucide lucide-search absolute left-3 top-1/2 transform -translate-y-1/2 text-gray-400"[39m
              [33mfill[39m=[32m"none"[39m
              [33mheight[39m=[32m"20"[39m
              [33mstroke[39m=[32m"currentColor"[39m
              [33mstroke-linecap[39m=[32m"round"[39m
              [33mstroke-linejoin[39m=[32m"round"[39m
              [33mstroke-width[39m=[32m"2"[39m
              [33mviewBox[39m=[32m"0 0 24 24"[39m
              [33mwidth[39m=[32m"20"[39m
              [33mxmlns[39m=[32m"http://www.w3.org/2000/svg"[39m
            [36m>[39m
              [36m<path[39m
                [33md[39m=[32m"m21 21-4.34-4.34"[39m
              [36m/>[39m
              [36m<circle[39m
                [33mcx[39m=[32m"11"[39m
                [33mcy[39m=[32m"11"[39m
                [33mr[39m=[32m"8"[39m
              [36m/>[39m
            [36m</svg>[39m
            [36m<input[39m
              [33mclass[39m=[32m"w-full pl-10 pr-4 py-2 border border-gray-300 rounded-lg focus:ring-2 focus:ring-indigo-500 focus:border-transparent"[39m
              [33mplaceholder[39m=[32m"Search matches by team name or date..."[39m
              [33mtype[39m=[32m"text"[39m
              [33mvalue[39m=[32m""[39m
            [36m/>[39m
          [36m</div>[39m
        [36m</div>[39m
        [36m<div[39m
          [33mclass[39m=[32m"bg-white rounded-xl shadow-lg overflow-hidden"[39m
        [36m>[39m
          [36m<table[39m
            [33mclass[39m=[32m"w-full"[39m
          [36m>[39m
            [36m<thead[39m
              [33mclass[39m=[32m"bg-gray-50 border-b border-gray-200"[39m
            [36m>[39m
              [36m<tr>[39m
                [36m<th[39m
                  [33mclass[39m=[32m"px-6 py-3 text-left text-xs font-medium text-gray-500 uppercase tracking-wider"[39m
                [36m>[39m
                  [0mDate[0m
                [36m</th>[39m
                [36m<th[39m
                  [33mclass[39m=[32m"px-6 py-3 text-right text-xs font-medium text-gray-500 uppercase tracking-wider"[39m
                [36m>[39m
                  [0mHome Team[0m
                [36m</th>[39m
                [36m<th[39m
                  [33mclass[39m=[32m"px-6 py-3 text-center text-xs font-medium text-gray-500 uppercase tracking-wider"[39m
                [36m>[39m
                  [0mResult[0m
                [36m</th>[39m
                [36m<th[39m
                  [33mclass[39m=[32m"px-6 py-3 text-left text-xs font-medium text-gray-500 uppercase tracking-wider"[39m
                [36m>[39m
                  [0mAway Team[0m
                [36m</th>[39m
                [36m<th[39m
                  [33mclass[39m=[32m"px-6 py-3 text-left text-xs font-medium text-gray-500 uppercase tracking-wider"[39m
                [36m>[39m
                  [0mStatus[0m
                [36m</th>[39m
                [36m<th[39m
                  [33mclass[39m=[32m"px-6 py-3 text-right text-xs font-medium text-gray-500 uppercase tracking-wider"[39m
                [36m>[39m
                  [0mActions[0m
                [36m</th>[39m
              [36m</tr>[39m
            [36m</thead>[39m
            [36m<tbody[39m
              [33mclass[39m=[32m"divide-y divide-gray-200"[39m
            [36m>[39m
              [36m<tr[39m
                [33mclass[39m=[32m"hover:bg-gray-50"[39m
              [36m>[39m
                [36m<td[39m
                  [33mclass[39m=[32m"px-6 py-4 whitespace-nowrap text-sm text-gray-900"[39m
                [36m>[39m
                  [36m<div[39m
                    [33mclass[39m=[32m"flex items-center gap-2"[39m
                  [36m>[39m
                    [36m<svg[39m
                      [33maria-hidden[39m=[32m"true"[39m
                      [33mclass[39m=[32m"lucide lucide-calendar text-gray-400"[39m
                      [33mfill[39m=[32m"none"[39m
                      [33mheight[39m=[32m"16"[39m
                      [33mstroke[39m=[32m"currentColor"[39m
                      [33mstroke-linecap[39m=[32m"round"[39m
                      [33mstroke-linejoin[39m=[32m"round"[39m
                      [33mstroke-width[39m=[32m"2"[39m
                      [33mviewBox[39m=[32m"0 0 24 24"[39m
                      [33mwidth[39m=[32m"16"[39m
                      [33mxmlns[39m=[32m"http://www.w3.org/2000/svg"[39m
                    [36m>[39m
                      [36m<path[39m
                        [33md[39m=[32m"M8 2v4"[39m
                      [36m/>[39m
                      [36m<path[39m
                        [33md[39m=[32m"M16 2v4"[39m
                      [36m/>[39m
                      [36m<rect[39m
                        [33mheight[39m=[32m"18"[39m
                        [33mrx[39m=[32m"2"[39m
                        [33mwidth[39m=[32m"18"[39m
                        [33mx[39m=[32m"3"[39m
                        [33my[39m=[32m"4"[39m
                      [36m/>[39m
                      [36m<path[39m
                        [33md[39m=[32m"M3 10h18"[39m
                      [36m/>[39m
                    [36m</svg>[39m
                    [0mdv., 15 de nov. 2024, 18:00[0m
                  [36m</div>[39m
                [36m</td>[39m
                [36m<td[39m
                  [33mclass[39m=[32m"px-6 py-4 whitespace-nowrap text-sm font-medium text-gray-900 text-right"[39m
                [36m>[39m
                  [0mHome Team[0m
                [36m</td>[39m
                [36m<td[39m
                  [33mclass[39m=[32m"px-6 py-4 whitespace-nowrap text-sm font-bold text-gray-900 text-center"[39m
                [36m>[39m
                  [36m<span[39m
                    [33mclass[39m=[32m"bg-gray-100 px-2 py-1 rounded"[39m
                  [36m>[39m
                    [0m10[0m
                    [0m : [0m
                    [0m5[0m
                  [36m</span>[39m
                [36m</td>[39m
                [36m<td[39m
                  [33mclass[39m=[32m"px-6 py-4 whitespace-nowrap text-sm font-medium text-gray-900 text-left"[39m
                [36m>[39m
                  [0mAway Team[0m
                [36m</td>[39m
                [36m<td[39m
                  [33mclass[39m=[32m"px-6 py-4 whitespace-nowrap text-sm text-gray-500"[39m
                [36m>[39m
                  [36m<span[39m
                    [33mclass[39m=[32m"inline-flex items-center px-2.5 py-0.5 rounded-full text-xs font-medium bg-green-100 text-green-800"[39m
                  [36m>[39m
                    [0mFinished[0m
                  [36m</span>[39m
                [36m</td>[39m
                [36m<td[39m
                  [33mclass[39m=[32m"px-6 py-4 whitespace-nowrap text-right text-sm font-medium"[39m
                [36m>[39m
                  [36m<button[39m
                    [33mclass[39m=[32m"text-green-600 hover:text-green-900 mr-4"[39m
                    [33mtitle[39m=[32m"View Statistics"[39m
                  [36m>[39m
                    [36m<svg[39m
                      [33maria-hidden[39m=[32m"true"[39m
                      [33mclass[39m=[32m"lucide lucide-chart-column"[39m
                      [33mfill[39m=[32m"none"[39m
                      [33mheight[39m=[32m"18"[39m
                      [33mstroke[39m=[32m"currentColor"[39m
                      [33mstroke-linecap[39m=[32m"round"[39m
                      [33mstroke-linejoin[39m=[32m"round"[39m
                      [33mstroke-width[39m=[32m"2"[39m
                      [33mviewBox[39m=[32m"0 0 24 24"[39m
                      [33mwidth[39m=[32m"18"[39m
                      [33mxmlns[39m=[32m"http://www.w3.org/2000/svg"[39m
                    [36m>[39m
                      [36m<path[39m
                        [33md[39m=[32m"M3 3v16a2 2 0 0 0 2 2h16"[39m
                      [36m/>[39m
                      [36m<path[39m
                        [33md[39m=[32m"M18 17V9"[39m
                      [36m/>[39m
                      [36m<path[39m
                        [33md[39m=[32m"M13 17V5"[39m
                      [36m/>[39m
                      [36m<path[39m
                        [33md[39m=[32m"M8 17v-3"[39m
                      [36m/>[39m
                    [36m</svg>[39m
                  [36m</button>[39m
                  [36m<button[39m
                    [33mclass[39m=[32m"text-indigo-600 hover:text-indigo-900 mr-4"[39m
                    [33mtitle[39m=[32m"Edit Match"[39m
                  [36m>[39m
                    [36m<svg[39m
                      [33maria-hidden[39m=[32m"true"[39m
                      [33mclass[39m=[32m"lucide lucide-pen"[39m
                      [33mfill[39m=[32m"none"[39m
                      [33mheight[39m=[32m"18"[39m
                      [33mstroke[39m=[32m"currentColor"[39m
                      [33mstroke-linecap[39m=[32m"round"[39m
                      [33mstroke-linejoin[39m=[32m"round"[39m
                      [33mstroke-width[39m=[32m"2"[39m
                      [33mviewBox[39m=[32m"0 0 24 24"[39m
                      [33mwidth[39m=[32m"18"[39m
                      [33mxmlns[39m=[32m"http://www.w3.org/2000/svg"[39m
                    [36m>[39m
                      [36m<path[39m
                        [33md[39m=[32m"M21.174 6.812a1 1 0 0 0-3.986-3.987L3.842 16.174a2 2 0 0 0-.5.83l-1.321 4.352a.5.5 0 0 0 .623.622l4.353-1.32a2 2 0 0 0 .83-.497z"[39m
                      [36m/>[39m
                    [36m</svg>[39m
                  [36m</button>[39m
                  [36m<button[39m
                    [33mclass[39m=[32m"text-red-600 hover:text-red-900"[39m
                    [33mtitle[39m=[32m"Delete Match"[39m
                  [36m>[39m
                    [36m<svg[39m
                      [33maria-hidden[39m=[32m"true"[39m
                      [33mclass[39m=[32m"lucide lucide-trash2 lucide-trash-2"[39m
                      [33mfill[39m=[32m"none"[39m
                      [33mheight[39m=[32m"18"[39m
                      [33mstroke[39m=[32m"currentColor"[39m
                      [33mstroke-linecap[39m=[32m"round"[39m
                      [33mstroke-linejoin[39m=[32m"round"[39m
                      [33mstroke-width[39m=[32m"2"[39m
                      [33mviewBox[39m=[32m"0 0 24 24"[39m
                      [33mwidth[39m=[32m"18"[39m
                      [33mxmlns[39m=[32m"http://www.w3.org/2000/svg"[39m
                    [36m>[39m
                      [36m<path[39m
                        [33md[39m=[32m"M10 11v6"[39m
                      [36m/>[39m
                      [36m<path[39m
                        [33md[39m=[32m"M14 11v6"[39m
                      [36m/>[39m
                      [36m<path[39m
                        [33md[39m=[32m"M19 6v14a2 2 0 0 1-2 2H7a2 2 0 0 1-2-2V6"[39m
                      [36m/>[39m
                      [36m<path[39m
                        [33md[39m=[32m"M3 6h18"[39m
                      [36m/>[39m
                      [36m<path[39m
                        [33md[39m=[32m"M8 6V4a2 2 0 0 1 2-2h4a2 2 0 0 1 2 2v2"[39m
                      [36m/>[39m
                    [36m</svg>[39m
                  [36m</button>[39m
                [36m</td>[39m
              [36m</tr>[39m
            [36m</tbody>[39m
          [36m</table>[39m
        [36m</div>[39m
      [36m</div>[39m
    [36m</div>[39m
  [36m</body>[39m
[36m</html>[39m
[90m [2m❯[22m waitForWrapper node_modules/@testing-library/dom/dist/wait-for.js:[2m163:27[22m[39m
[36m [2m❯[22m src/test/integration/StatisticsFlow.test.tsx:[2m182:11[22m[39m
    [90m180| [39m
    [90m181| [39m    [90m// Wait for stats to load[39m
    [90m182| [39m    [35mawait[39m [34mwaitFor[39m(() [33m=>[39m {
    [90m   | [39m          [31m^[39m
    [90m183| [39m      [34mexpect[39m(screen[33m.[39m[34mgetByText[39m([36m/Match Statistics/[39m))[33m.[39m[34mtoBeInTheDocument[39m()[33m;[39m
    [90m184| [39m    })[33m;[39m

[31m[2m⎯⎯⎯⎯⎯⎯⎯⎯⎯⎯⎯⎯⎯⎯⎯⎯⎯⎯⎯⎯⎯⎯⎯⎯[2/2]⎯[22m[39m


[2m Test Files [22m [1m[31m1 failed[39m[22m[90m (1)[39m
[2m      Tests [22m [1m[31m2 failed[39m[22m[90m (2)[39m
[2m   Start at [22m 17:15:59
[2m   Duration [22m 3.33s

[1m[41m FAIL [49m[22m [31mTests failed. Watching for file changes...[39m
       [2mpress [22m[1mh[22m[2m to show help[22m[2m, [22m[2mpress [22m[1mq[22m[2m to quit[22m
c[3J[1m[44m RERUN [49m[22m [34m[2msrc/components/admin/MatchesManagement.tsx [22m[34mx23 [34m[39m
       [2m Filename pattern: [22m[34msrc/test/integration/StatisticsFlow.test.tsx[39m

[90mstdout[2m | src/test/integration/StatisticsFlow.test.tsx[2m > [22m[2mStatistics Flow Integration[2m > [22m[2mrenders matches list and opens statistics modal
[22m[39mMock fetch called with: http://localhost:3000/api/matches
Mock fetch called with: http://localhost:3000/api/teams

 [31m❯[39m src/test/integration/StatisticsFlow.test.tsx [2m([22m[2m2 tests[22m[2m | [22m[31m2 failed[39m[2m)[22m[33m 2200[2mms[22m[39m
[31m     [31m×[31m renders matches list and opens statistics modal[39m[33m 1165[2mms[22m[39m
[31m     [31m×[31m calculates zone statistics correctly[39m[33m 1033[2mms[22m[39m

[31m⎯⎯⎯⎯⎯⎯⎯[39m[1m[41m Failed Tests 2 [49m[22m[31m⎯⎯⎯⎯⎯⎯⎯[39m

[41m[1m FAIL [22m[49m src/test/integration/StatisticsFlow.test.tsx[2m > [22mStatistics Flow Integration[2m > [22mrenders matches list and opens statistics modal
[31m[1mTestingLibraryElementError[22m[39m: Unable to find an element with the text: /Match Statistics/. This could be because the text is broken up by multiple elements. In this case, you can provide a function for your text matcher to make your matcher more flexible.

Ignored nodes: comments, script, style
[36m<body>[39m
  [36m<div>[39m
    [36m<div[39m
      [33mclass[39m=[32m"p-6 max-w-6xl mx-auto"[39m
    [36m>[39m
      [36m<div[39m
        [33mclass[39m=[32m"flex justify-between items-center mb-6"[39m
      [36m>[39m
        [36m<h1[39m
          [33mclass[39m=[32m"text-3xl font-bold text-gray-800"[39m
        [36m>[39m
          [0mMatches Management[0m
        [36m</h1>[39m
        [36m<button[39m
          [33mclass[39m=[32m"flex items-center gap-2 bg-indigo-600 text-white px-4 py-2 rounded-lg hover:bg-indigo-700 transition-colors"[39m
        [36m>[39m
          [36m<svg[39m
            [33maria-hidden[39m=[32m"true"[39m
            [33mclass[39m=[32m"lucide lucide-plus"[39m
            [33mfill[39m=[32m"none"[39m
            [33mheight[39m=[32m"20"[39m
            [33mstroke[39m=[32m"currentColor"[39m
            [33mstroke-linecap[39m=[32m"round"[39m
            [33mstroke-linejoin[39m=[32m"round"[39m
            [33mstroke-width[39m=[32m"2"[39m
            [33mviewBox[39m=[32m"0 0 24 24"[39m
            [33mwidth[39m=[32m"20"[39m
            [33mxmlns[39m=[32m"http://www.w3.org/2000/svg"[39m
          [36m>[39m
            [36m<path[39m
              [33md[39m=[32m"M5 12h14"[39m
            [36m/>[39m
            [36m<path[39m
              [33md[39m=[32m"M12 5v14"[39m
            [36m/>[39m
          [36m</svg>[39m
          [0mNew Match[0m
        [36m</button>[39m
      [36m</div>[39m
      [36m<div[39m
        [33mclass[39m=[32m"mb-6"[39m
      [36m>[39m
        [36m<div[39m
          [33mclass[39m=[32m"relative"[39m
        [36m>[39m
          [36m<svg[39m
            [33maria-hidden[39m=[32m"true"[39m
            [33mclass[39m=[32m"lucide lucide-search absolute left-3 top-1/2 transform -translate-y-1/2 text-gray-400"[39m
            [33mfill[39m=[32m"none"[39m
            [33mheight[39m=[32m"20"[39m
            [33mstroke[39m=[32m"currentColor"[39m
            [33mstroke-linecap[39m=[32m"round"[39m
            [33mstroke-linejoin[39m=[32m"round"[39m
            [33mstroke-width[39m=[32m"2"[39m
            [33mviewBox[39m=[32m"0 0 24 24"[39m
            [33mwidth[39m=[32m"20"[39m
            [33mxmlns[39m=[32m"http://www.w3.org/2000/svg"[39m
          [36m>[39m
            [36m<path[39m
              [33md[39m=[32m"m21 21-4.34-4.34"[39m
            [36m/>[39m
            [36m<circle[39m
              [33mcx[39m=[32m"11"[39m
              [33mcy[39m=[32m"11"[39m
              [33mr[39m=[32m"8"[39m
            [36m/>[39m
          [36m</svg>[39m
          [36m<input[39m
            [33mclass[39m=[32m"w-full pl-10 pr-4 py-2 border border-gray-300 rounded-lg focus:ring-2 focus:ring-indigo-500 focus:border-transparent"[39m
            [33mplaceholder[39m=[32m"Search matches by team name or date..."[39m
            [33mtype[39m=[32m"text"[39m
            [33mvalue[39m=[32m""[39m
          [36m/>[39m
        [36m</div>[39m
      [36m</div>[39m
      [36m<div[39m
        [33mclass[39m=[32m"bg-white rounded-xl shadow-lg overflow-hidden"[39m
      [36m>[39m
        [36m<table[39m
          [33mclass[39m=[32m"w-full"[39m
        [36m>[39m
          [36m<thead[39m
            [33mclass[39m=[32m"bg-gray-50 border-b border-gray-200"[39m
          [36m>[39m
            [36m<tr>[39m
              [36m<th[39m
                [33mclass[39m=[32m"px-6 py-3 text-left text-xs font-medium text-gray-500 uppercase tracking-wider"[39m
              [36m>[39m
                [0mDate[0m
              [36m</th>[39m
              [36m<th[39m
                [33mclass[39m=[32m"px-6 py-3 text-right text-xs font-medium text-gray-500 uppercase tracking-wider"[39m
              [36m>[39m
                [0mHome Team[0m
              [36m</th>[39m
              [36m<th[39m
                [33mclass[39m=[32m"px-6 py-3 text-center text-xs font-medium text-gray-500 uppercase tracking-wider"[39m
              [36m>[39m
                [0mResult[0m
              [36m</th>[39m
              [36m<th[39m
                [33mclass[39m=[32m"px-6 py-3 text-left text-xs font-medium text-gray-500 uppercase tracking-wider"[39m
              [36m>[39m
                [0mAway Team[0m
              [36m</th>[39m
              [36m<th[39m
                [33mclass[39m=[32m"px-6 py-3 text-left text-xs font-medium text-gray-500 uppercase tracking-wider"[39m
              [36m>[39m
                [0mStatus[0m
              [36m</th>[39m
              [36m<th[39m
                [33mclass[39m=[32m"px-6 py-3 text-right text-xs font-medium text-gray-500 uppercase tracking-wider"[39m
              [36m>[39m
                [0mActions[0m
              [36m</th>[39m
            [36m</tr>[39m
          [36m</thead>[39m
          [36m<tbody[39m
            [33mclass[39m=[32m"divide-y divide-gray-200"[39m
          [36m>[39m
            [36m<tr[39m
              [33mclass[39m=[32m"hover:bg-gray-50"[39m
            [36m>[39m
              [36m<td[39m
                [33mclass[39m=[32m"px-6 py-4 whitespace-nowrap text-sm text-gray-900"[39m
              [36m>[39m
                [36m<div[39m
                  [33mclass[39m=[32m"flex items-center gap-2"[39m
                [36m>[39m
                  [36m<svg[39m
                    [33maria-hidden[39m=[32m"true"[39m
                    [33mclass[39m=[32m"lucide lucide-calendar text-gray-400"[39m
                    [33mfill[39m=[32m"none"[39m
                    [33mheight[39m=[32m"16"[39m
                    [33mstroke[39m=[32m"currentColor"[39m
                    [33mstroke-linecap[39m=[32m"round"[39m
                    [33mstroke-linejoin[39m=[32m"round"[39m
                    [33mstroke-width[39m=[32m"2"[39m
                    [33mviewBox[39m=[32m"0 0 24 24"[39m
                    [33mwidth[39m=[32m"16"[39m
                    [33mxmlns[39m=[32m"http://www.w3.org/2000/svg"[39m
                  [36m>[39m
                    [36m<path[39m
                      [33md[39m=[32m"M8 2v4"[39m
                    [36m/>[39m
                    [36m<path[39m
                      [33md[39m=[32m"M16 2v4"[39m
                    [36m/>[39m
                    [36m<rect[39m
                      [33mheight[39m=[32m"18"[39m
                      [33mrx[39m=[32m"2"[39m
                      [33mwidth[39m=[32m"18"[39m
                      [33mx[39m=[32m"3"[39m
                      [33my[39m=[32m"4"[39m
                    [36m/>[39m
                    [36m<path[39m
                      [33md[39m=[32m"M3 10h18"[39m
                    [36m/>[39m
                  [36m</svg>[39m
                  [0mdv., 15 de nov. 2024, 18:00[0m
                [36m</div>[39m
              [36m</td>[39m
              [36m<td[39m
                [33mclass[39m=[32m"px-6 py-4 whitespace-nowrap text-sm font-medium text-gray-900 text-right"[39m
              [36m>[39m
                [0mHome Team[0m
              [36m</td>[39m
              [36m<td[39m
                [33mclass[39m=[32m"px-6 py-4 whitespace-nowrap text-sm font-bold text-gray-900 text-center"[39m
              [36m>[39m
                [36m<span[39m
                  [33mclass[39m=[32m"bg-gray-100 px-2 py-1 rounded"[39m
                [36m>[39m
                  [0m10[0m
                  [0m : [0m
                  [0m5[0m
                [36m</span>[39m
              [36m</td>[39m
              [36m<td[39m
                [33mclass[39m=[32m"px-6 py-4 whitespace-nowrap text-sm font-medium text-gray-900 text-left"[39m
              [36m>[39m
                [0mAway Team[0m
              [36m</td>[39m
              [36m<td[39m
                [33mclass[39m=[32m"px-6 py-4 whitespace-nowrap text-sm text-gray-500"[39m
              [36m>[39m
                [36m<span[39m
                  [33mclass[39m=[32m"inline-flex items-center px-2.5 py-0.5 rounded-full text-xs font-medium bg-green-100 text-green-800"[39m
                [36m>[39m
                  [0mFinished[0m
                [36m</span>[39m
              [36m</td>[39m
              [36m<td[39m
                [33mclass[39m=[32m"px-6 py-4 whitespace-nowrap text-right text-sm font-medium"[39m
              [36m>[39m
                [36m<button[39m
                  [33mclass[39m=[32m"text-green-600 hover:text-green-900 mr-4"[39m
                  [33mtitle[39m=[32m"View Statistics"[39m
                [36m>[39m
                  [36m<svg[39m
                    [33maria-hidden[39m=[32m"true"[39m
                    [33mclass[39m=[32m"lucide lucide-chart-column"[39m
                    [33mfill[39m=[32m"none"[39m
                    [33mheight[39m=[32m"18"[39m
                    [33mstroke[39m=[32m"currentColor"[39m
                    [33mstroke-linecap[39m=[32m"round"[39m
                    [33mstroke-linejoin[39m=[32m"round"[39m
                    [33mstroke-width[39m=[32m"2"[39m
                    [33mviewBox[39m=[32m"0 0 24 24"[39m
                    [33mwidth[39m=[32m"18"[39m
                    [33mxmlns[39m=[32m"http://www.w3.org/2000/svg"[39m
                  [36m>[39m
                    [36m<path[39m
                      [33md[39m=[32m"M3 3v16a2 2 0 0 0 2 2h16"[39m
                    [36m/>[39m
                    [36m<path[39m
                      [33md[39m=[32m"M18 17V9"[39m
                    [36m/>[39m
                    [36m<path[39m
                      [33md[39m=[32m"M13 17V5"[39m
                    [36m/>[39m
                    [36m<path[39m
                      [33md[39m=[32m"M8 17v-3"[39m
                    [36m/>[39m
                  [36m</svg>[39m
                [36m</button>[39m
                [36m<button[39m
                  [33mclass[39m=[32m"text-indigo-600 hover:text-indigo-900 mr-4"[39m
                  [33mtitle[39m=[32m"Edit Match"[39m
                [36m>[39m
                  [36m<svg[39m
                    [33maria-hidden[39m=[32m"true"[39m
                    [33mclass[39m=[32m"lucide lucide-pen"[39m
                    [33mfill[39m=[32m"none"[39m
                    [33mheight[39m=[32m"18"[39m
                    [33mstroke[39m=[32m"currentColor"[39m
                    [33mstroke-linecap[39m=[32m"round"[39m
                    [33mstroke-linejoin[39m=[32m"round"[39m
                    [33mstroke-width[39m=[32m"2"[39m
                    [33mviewBox[39m=[32m"0 0 24 24"[39m
                    [33mwidth[39m=[32m"18"[39m
                    [33mxmlns[39m=[32m"http://www.w3.org/2000/svg"[39m
                  [36m>[39m
                    [36m<path[39m
                      [33md[39m=[32m"M21.174 6.812a1 1 0 0 0-3.986-3.987L3.842 16.174a2 2 0 0 0-.5.83l-1.321 4.352a.5.5 0 0 0 .623.622l4.353-1.32a2 2 0 0 0 .83-.497z"[39m
                    [36m/>[39m
                  [36m</svg>[39m
                [36m</button>[39m
                [36m<button[39m
                  [33mclass[39m=[32m"text-red-600 hover:text-red-900"[39m
                  [33mtitle[39m=[32m"Delete Match"[39m
                [36m>[39m
                  [36m<svg[39m
                    [33maria-hidden[39m=[32m"true"[39m
                    [33mclass[39m=[32m"lucide lucide-trash2 lucide-trash-2"[39m
                    [33mfill[39m=[32m"none"[39m
                    [33mheight[39m=[32m"18"[39m
                    [33mstroke[39m=[32m"currentColor"[39m
                    [33mstroke-linecap[39m=[32m"round"[39m
                    [33mstroke-linejoin[39m=[32m"round"[39m
                    [33mstroke-width[39m=[32m"2"[39m
                    [33mviewBox[39m=[32m"0 0 24 24"[39m
                    [33mwidth[39m=[32m"18"[39m
                    [33mxmlns[39m=[32m"http://www.w3.org/2000/svg"[39m
                  [36m>[39m
                    [36m<path[39m
                      [33md[39m=[32m"M10 11v6"[39m
                    [36m/>[39m
                    [36m<path[39m
                      [33md[39m=[32m"M14 11v6"[39m
                    [36m/>[39m
                    [36m<path[39m
                      [33md[39m=[32m"M19 6v14a2 2 0 0 1-2 2H7a2 2 0 0 1-2-2V6"[39m
                    [36m/>[39m
                    [36m<path[39m
                      [33md[39m=[32m"M3 6h18"[39m
                    [36m/>[39m
                    [36m<path[39m
                      [33md[39m=[32m"M8 6V4a2 2 0 0 1 2-2h4a2 2 0 0 1 2 2v2"[39m
                    [36m/>[39m
                  [36m</svg>[39m
                [36m</button>[39m
              [36m</td>[39m
            [36m</tr>[39m
          [36m</tbody>[39m
        [36m</table>[39m
      [36m</div>[39m
    [36m</div>[39m
  [36m</div>[39m
[36m</body>[39m

Ignored nodes: comments, script, style
[36m<html>[39m
  [36m<head />[39m
  [36m<body>[39m
    [36m<div>[39m
      [36m<div[39m
        [33mclass[39m=[32m"p-6 max-w-6xl mx-auto"[39m
      [36m>[39m
        [36m<div[39m
          [33mclass[39m=[32m"flex justify-between items-center mb-6"[39m
        [36m>[39m
          [36m<h1[39m
            [33mclass[39m=[32m"text-3xl font-bold text-gray-800"[39m
          [36m>[39m
            [0mMatches Management[0m
          [36m</h1>[39m
          [36m<button[39m
            [33mclass[39m=[32m"flex items-center gap-2 bg-indigo-600 text-white px-4 py-2 rounded-lg hover:bg-indigo-700 transition-colors"[39m
          [36m>[39m
            [36m<svg[39m
              [33maria-hidden[39m=[32m"true"[39m
              [33mclass[39m=[32m"lucide lucide-plus"[39m
              [33mfill[39m=[32m"none"[39m
              [33mheight[39m=[32m"20"[39m
              [33mstroke[39m=[32m"currentColor"[39m
              [33mstroke-linecap[39m=[32m"round"[39m
              [33mstroke-linejoin[39m=[32m"round"[39m
              [33mstroke-width[39m=[32m"2"[39m
              [33mviewBox[39m=[32m"0 0 24 24"[39m
              [33mwidth[39m=[32m"20"[39m
              [33mxmlns[39m=[32m"http://www.w3.org/2000/svg"[39m
            [36m>[39m
              [36m<path[39m
                [33md[39m=[32m"M5 12h14"[39m
              [36m/>[39m
              [36m<path[39m
                [33md[39m=[32m"M12 5v14"[39m
              [36m/>[39m
            [36m</svg>[39m
            [0mNew Match[0m
          [36m</button>[39m
        [36m</div>[39m
        [36m<div[39m
          [33mclass[39m=[32m"mb-6"[39m
        [36m>[39m
          [36m<div[39m
            [33mclass[39m=[32m"relative"[39m
          [36m>[39m
            [36m<svg[39m
              [33maria-hidden[39m=[32m"true"[39m
              [33mclass[39m=[32m"lucide lucide-search absolute left-3 top-1/2 transform -translate-y-1/2 text-gray-400"[39m
              [33mfill[39m=[32m"none"[39m
              [33mheight[39m=[32m"20"[39m
              [33mstroke[39m=[32m"currentColor"[39m
              [33mstroke-linecap[39m=[32m"round"[39m
              [33mstroke-linejoin[39m=[32m"round"[39m
              [33mstroke-width[39m=[32m"2"[39m
              [33mviewBox[39m=[32m"0 0 24 24"[39m
              [33mwidth[39m=[32m"20"[39m
              [33mxmlns[39m=[32m"http://www.w3.org/2000/svg"[39m
            [36m>[39m
              [36m<path[39m
                [33md[39m=[32m"m21 21-4.34-4.34"[39m
              [36m/>[39m
              [36m<circle[39m
                [33mcx[39m=[32m"11"[39m
                [33mcy[39m=[32m"11"[39m
                [33mr[39m=[32m"8"[39m
              [36m/>[39m
            [36m</svg>[39m
            [36m<input[39m
              [33mclass[39m=[32m"w-full pl-10 pr-4 py-2 border border-gray-300 rounded-lg focus:ring-2 focus:ring-indigo-500 focus:border-transparent"[39m
              [33mplaceholder[39m=[32m"Search matches by team name or date..."[39m
              [33mtype[39m=[32m"text"[39m
              [33mvalue[39m=[32m""[39m
            [36m/>[39m
          [36m</div>[39m
        [36m</div>[39m
        [36m<div[39m
          [33mclass[39m=[32m"bg-white rounded-xl shadow-lg overflow-hidden"[39m
        [36m>[39m
          [36m<table[39m
            [33mclass[39m=[32m"w-full"[39m
          [36m>[39m
            [36m<thead[39m
              [33mclass[39m=[32m"bg-gray-50 border-b border-gray-200"[39m
            [36m>[39m
              [36m<tr>[39m
                [36m<th[39m
                  [33mclass[39m=[32m"px-6 py-3 text-left text-xs font-medium text-gray-500 uppercase tracking-wider"[39m
                [36m>[39m
                  [0mDate[0m
                [36m</th>[39m
                [36m<th[39m
                  [33mclass[39m=[32m"px-6 py-3 text-right text-xs font-medium text-gray-500 uppercase tracking-wider"[39m
                [36m>[39m
                  [0mHome Team[0m
                [36m</th>[39m
                [36m<th[39m
                  [33mclass[39m=[32m"px-6 py-3 text-center text-xs font-medium text-gray-500 uppercase tracking-wider"[39m
                [36m>[39m
                  [0mResult[0m
                [36m</th>[39m
                [36m<th[39m
                  [33mclass[39m=[32m"px-6 py-3 text-left text-xs font-medium text-gray-500 uppercase tracking-wider"[39m
                [36m>[39m
                  [0mAway Team[0m
                [36m</th>[39m
                [36m<th[39m
                  [33mclass[39m=[32m"px-6 py-3 text-left text-xs font-medium text-gray-500 uppercase tracking-wider"[39m
                [36m>[39m
                  [0mStatus[0m
                [36m</th>[39m
                [36m<th[39m
                  [33mclass[39m=[32m"px-6 py-3 text-right text-xs font-medium text-gray-500 uppercase tracking-wider"[39m
                [36m>[39m
                  [0mActions[0m
                [36m</th>[39m
              [36m</tr>[39m
            [36m</thead>[39m
            [36m<tbody[39m
              [33mclass[39m=[32m"divide-y divide-gray-200"[39m
            [36m>[39m
              [36m<tr[39m
                [33mclass[39m=[32m"hover:bg-gray-50"[39m
              [36m>[39m
                [36m<td[39m
                  [33mclass[39m=[32m"px-6 py-4 whitespace-nowrap text-sm text-gray-900"[39m
                [36m>[39m
                  [36m<div[39m
                    [33mclass[39m=[32m"flex items-center gap-2"[39m
                  [36m>[39m
                    [36m<svg[39m
                      [33maria-hidden[39m=[32m"true"[39m
                      [33mclass[39m=[32m"lucide lucide-calendar text-gray-400"[39m
                      [33mfill[39m=[32m"none"[39m
                      [33mheight[39m=[32m"16"[39m
                      [33mstroke[39m=[32m"currentColor"[39m
                      [33mstroke-linecap[39m=[32m"round"[39m
                      [33mstroke-linejoin[39m=[32m"round"[39m
                      [33mstroke-width[39m=[32m"2"[39m
                      [33mviewBox[39m=[32m"0 0 24 24"[39m
                      [33mwidth[39m=[32m"16"[39m
                      [33mxmlns[39m=[32m"http://www.w3.org/2000/svg"[39m
                    [36m>[39m
                      [36m<path[39m
                        [33md[39m=[32m"M8 2v4"[39m
                      [36m/>[39m
                      [36m<path[39m
                        [33md[39m=[32m"M16 2v4"[39m
                      [36m/>[39m
                      [36m<rect[39m
                        [33mheight[39m=[32m"18"[39m
                        [33mrx[39m=[32m"2"[39m
                        [33mwidth[39m=[32m"18"[39m
                        [33mx[39m=[32m"3"[39m
                        [33my[39m=[32m"4"[39m
                      [36m/>[39m
                      [36m<path[39m
                        [33md[39m=[32m"M3 10h18"[39m
                      [36m/>[39m
                    [36m</svg>[39m
                    [0mdv., 15 de nov. 2024, 18:00[0m
                  [36m</div>[39m
                [36m</td>[39m
                [36m<td[39m
                  [33mclass[39m=[32m"px-6 py-4 whitespace-nowrap text-sm font-medium text-gray-900 text-right"[39m
                [36m>[39m
                  [0mHome Team[0m
                [36m</td>[39m
                [36m<td[39m
                  [33mclass[39m=[32m"px-6 py-4 whitespace-nowrap text-sm font-bold text-gray-900 text-center"[39m
                [36m>[39m
                  [36m<span[39m
                    [33mclass[39m=[32m"bg-gray-100 px-2 py-1 rounded"[39m
                  [36m>[39m
                    [0m10[0m
                    [0m : [0m
                    [0m5[0m
                  [36m</span>[39m
                [36m</td>[39m
                [36m<td[39m
                  [33mclass[39m=[32m"px-6 py-4 whitespace-nowrap text-sm font-medium text-gray-900 text-left"[39m
                [36m>[39m
                  [0mAway Team[0m
                [36m</td>[39m
                [36m<td[39m
                  [33mclass[39m=[32m"px-6 py-4 whitespace-nowrap text-sm text-gray-500"[39m
                [36m>[39m
                  [36m<span[39m
                    [33mclass[39m=[32m"inline-flex items-center px-2.5 py-0.5 rounded-full text-xs font-medium bg-green-100 text-green-800"[39m
                  [36m>[39m
                    [0mFinished[0m
                  [36m</span>[39m
                [36m</td>[39m
                [36m<td[39m
                  [33mclass[39m=[32m"px-6 py-4 whitespace-nowrap text-right text-sm font-medium"[39m
                [36m>[39m
                  [36m<button[39m
                    [33mclass[39m=[32m"text-green-600 hover:text-green-900 mr-4"[39m
                    [33mtitle[39m=[32m"View Statistics"[39m
                  [36m>[39m
                    [36m<svg[39m
                      [33maria-hidden[39m=[32m"true"[39m
                      [33mclass[39m=[32m"lucide lucide-chart-column"[39m
                      [33mfill[39m=[32m"none"[39m
                      [33mheight[39m=[32m"18"[39m
                      [33mstroke[39m=[32m"currentColor"[39m
                      [33mstroke-linecap[39m=[32m"round"[39m
                      [33mstroke-linejoin[39m=[32m"round"[39m
                      [33mstroke-width[39m=[32m"2"[39m
                      [33mviewBox[39m=[32m"0 0 24 24"[39m
                      [33mwidth[39m=[32m"18"[39m
                      [33mxmlns[39m=[32m"http://www.w3.org/2000/svg"[39m
                    [36m>[39m
                      [36m<path[39m
                        [33md[39m=[32m"M3 3v16a2 2 0 0 0 2 2h16"[39m
                      [36m/>[39m
                      [36m<path[39m
                        [33md[39m=[32m"M18 17V9"[39m
                      [36m/>[39m
                      [36m<path[39m
                        [33md[39m=[32m"M13 17V5"[39m
                      [36m/>[39m
                      [36m<path[39m
                        [33md[39m=[32m"M8 17v-3"[39m
                      [36m/>[39m
                    [36m</svg>[39m
                  [36m</button>[39m
                  [36m<button[39m
                    [33mclass[39m=[32m"text-indigo-600 hover:text-indigo-900 mr-4"[39m
                    [33mtitle[39m=[32m"Edit Match"[39m
                  [36m>[39m
                    [36m<svg[39m
                      [33maria-hidden[39m=[32m"true"[39m
                      [33mclass[39m=[32m"lucide lucide-pen"[39m
                      [33mfill[39m=[32m"none"[39m
                      [33mheight[39m=[32m"18"[39m
                      [33mstroke[39m=[32m"currentColor"[39m
                      [33mstroke-linecap[39m=[32m"round"[39m
                      [33mstroke-linejoin[39m=[32m"round"[39m
                      [33mstroke-width[39m=[32m"2"[39m
                      [33mviewBox[39m=[32m"0 0 24 24"[39m
                      [33mwidth[39m=[32m"18"[39m
                      [33mxmlns[39m=[32m"http://www.w3.org/2000/svg"[39m
                    [36m>[39m
                      [36m<path[39m
                        [33md[39m=[32m"M21.174 6.812a1 1 0 0 0-3.986-3.987L3.842 16.174a2 2 0 0 0-.5.83l-1.321 4.352a.5.5 0 0 0 .623.622l4.353-1.32a2 2 0 0 0 .83-.497z"[39m
                      [36m/>[39m
                    [36m</svg>[39m
                  [36m</button>[39m
                  [36m<button[39m
                    [33mclass[39m=[32m"text-red-600 hover:text-red-900"[39m
                    [33mtitle[39m=[32m"Delete Match"[39m
                  [36m>[39m
                    [36m<svg[39m
                      [33maria-hidden[39m=[32m"true"[39m
                      [33mclass[39m=[32m"lucide lucide-trash2 lucide-trash-2"[39m
                      [33mfill[39m=[32m"none"[39m
                      [33mheight[39m=[32m"18"[39m
                      [33mstroke[39m=[32m"currentColor"[39m
                      [33mstroke-linecap[39m=[32m"round"[39m
                      [33mstroke-linejoin[39m=[32m"round"[39m
                      [33mstroke-width[39m=[32m"2"[39m
                      [33mviewBox[39m=[32m"0 0 24 24"[39m
                      [33mwidth[39m=[32m"18"[39m
                      [33mxmlns[39m=[32m"http://www.w3.org/2000/svg"[39m
                    [36m>[39m
                      [36m<path[39m
                        [33md[39m=[32m"M10 11v6"[39m
                      [36m/>[39m
                      [36m<path[39m
                        [33md[39m=[32m"M14 11v6"[39m
                      [36m/>[39m
                      [36m<path[39m
                        [33md[39m=[32m"M19 6v14a2 2 0 0 1-2 2H7a2 2 0 0 1-2-2V6"[39m
                      [36m/>[39m
                      [36m<path[39m
                        [33md[39m=[32m"M3 6h18"[39m
                      [36m/>[39m
                      [36m<path[39m
                        [33md[39m=[32m"M8 6V4a2 2 0 0 1 2-2h4a2 2 0 0 1 2 2v2"[39m
                      [36m/>[39m
                    [36m</svg>[39m
                  [36m</button>[39m
                [36m</td>[39m
              [36m</tr>[39m
            [36m</tbody>[39m
          [36m</table>[39m
        [36m</div>[39m
      [36m</div>[39m
    [36m</div>[39m
  [36m</body>[39m
[36m</html>[39m
[90m [2m❯[22m waitForWrapper node_modules/@testing-library/dom/dist/wait-for.js:[2m163:27[22m[39m
[36m [2m❯[22m src/test/integration/StatisticsFlow.test.tsx:[2m112:11[22m[39m
    [90m110| [39m
    [90m111| [39m    [90m// Check if modal opens and displays stats[39m
    [90m112| [39m    [35mawait[39m [34mwaitFor[39m(() [33m=>[39m {
    [90m   | [39m          [31m^[39m
    [90m113| [39m      [34mexpect[39m(screen[33m.[39m[34mgetByText[39m([36m/Match Statistics/[39m))[33m.[39m[34mtoBeInTheDocument[39m()[33m;[39m
    [90m114| [39m      [34mexpect[39m(screen[33m.[39m[34mgetByText[39m([32m'Player 1'[39m))[33m.[39m[34mtoBeInTheDocument[39m()[33m;[39m

[31m[2m⎯⎯⎯⎯⎯⎯⎯⎯⎯⎯⎯⎯⎯⎯⎯⎯⎯⎯⎯⎯⎯⎯⎯⎯[1/2]⎯[22m[39m

[41m[1m FAIL [22m[49m src/test/integration/StatisticsFlow.test.tsx[2m > [22mStatistics Flow Integration[2m > [22mcalculates zone statistics correctly
[31m[1mTestingLibraryElementError[22m[39m: Unable to find an element with the text: /Match Statistics/. This could be because the text is broken up by multiple elements. In this case, you can provide a function for your text matcher to make your matcher more flexible.

Ignored nodes: comments, script, style
[36m<body>[39m
  [36m<div>[39m
    [36m<div[39m
      [33mclass[39m=[32m"p-6 max-w-6xl mx-auto"[39m
    [36m>[39m
      [36m<div[39m
        [33mclass[39m=[32m"flex justify-between items-center mb-6"[39m
      [36m>[39m
        [36m<h1[39m
          [33mclass[39m=[32m"text-3xl font-bold text-gray-800"[39m
        [36m>[39m
          [0mMatches Management[0m
        [36m</h1>[39m
        [36m<button[39m
          [33mclass[39m=[32m"flex items-center gap-2 bg-indigo-600 text-white px-4 py-2 rounded-lg hover:bg-indigo-700 transition-colors"[39m
        [36m>[39m
          [36m<svg[39m
            [33maria-hidden[39m=[32m"true"[39m
            [33mclass[39m=[32m"lucide lucide-plus"[39m
            [33mfill[39m=[32m"none"[39m
            [33mheight[39m=[32m"20"[39m
            [33mstroke[39m=[32m"currentColor"[39m
            [33mstroke-linecap[39m=[32m"round"[39m
            [33mstroke-linejoin[39m=[32m"round"[39m
            [33mstroke-width[39m=[32m"2"[39m
            [33mviewBox[39m=[32m"0 0 24 24"[39m
            [33mwidth[39m=[32m"20"[39m
            [33mxmlns[39m=[32m"http://www.w3.org/2000/svg"[39m
          [36m>[39m
            [36m<path[39m
              [33md[39m=[32m"M5 12h14"[39m
            [36m/>[39m
            [36m<path[39m
              [33md[39m=[32m"M12 5v14"[39m
            [36m/>[39m
          [36m</svg>[39m
          [0mNew Match[0m
        [36m</button>[39m
      [36m</div>[39m
      [36m<div[39m
        [33mclass[39m=[32m"mb-6"[39m
      [36m>[39m
        [36m<div[39m
          [33mclass[39m=[32m"relative"[39m
        [36m>[39m
          [36m<svg[39m
            [33maria-hidden[39m=[32m"true"[39m
            [33mclass[39m=[32m"lucide lucide-search absolute left-3 top-1/2 transform -translate-y-1/2 text-gray-400"[39m
            [33mfill[39m=[32m"none"[39m
            [33mheight[39m=[32m"20"[39m
            [33mstroke[39m=[32m"currentColor"[39m
            [33mstroke-linecap[39m=[32m"round"[39m
            [33mstroke-linejoin[39m=[32m"round"[39m
            [33mstroke-width[39m=[32m"2"[39m
            [33mviewBox[39m=[32m"0 0 24 24"[39m
            [33mwidth[39m=[32m"20"[39m
            [33mxmlns[39m=[32m"http://www.w3.org/2000/svg"[39m
          [36m>[39m
            [36m<path[39m
              [33md[39m=[32m"m21 21-4.34-4.34"[39m
            [36m/>[39m
            [36m<circle[39m
              [33mcx[39m=[32m"11"[39m
              [33mcy[39m=[32m"11"[39m
              [33mr[39m=[32m"8"[39m
            [36m/>[39m
          [36m</svg>[39m
          [36m<input[39m
            [33mclass[39m=[32m"w-full pl-10 pr-4 py-2 border border-gray-300 rounded-lg focus:ring-2 focus:ring-indigo-500 focus:border-transparent"[39m
            [33mplaceholder[39m=[32m"Search matches by team name or date..."[39m
            [33mtype[39m=[32m"text"[39m
            [33mvalue[39m=[32m""[39m
          [36m/>[39m
        [36m</div>[39m
      [36m</div>[39m
      [36m<div[39m
        [33mclass[39m=[32m"bg-white rounded-xl shadow-lg overflow-hidden"[39m
      [36m>[39m
        [36m<table[39m
          [33mclass[39m=[32m"w-full"[39m
        [36m>[39m
          [36m<thead[39m
            [33mclass[39m=[32m"bg-gray-50 border-b border-gray-200"[39m
          [36m>[39m
            [36m<tr>[39m
              [36m<th[39m
                [33mclass[39m=[32m"px-6 py-3 text-left text-xs font-medium text-gray-500 uppercase tracking-wider"[39m
              [36m>[39m
                [0mDate[0m
              [36m</th>[39m
              [36m<th[39m
                [33mclass[39m=[32m"px-6 py-3 text-right text-xs font-medium text-gray-500 uppercase tracking-wider"[39m
              [36m>[39m
                [0mHome Team[0m
              [36m</th>[39m
              [36m<th[39m
                [33mclass[39m=[32m"px-6 py-3 text-center text-xs font-medium text-gray-500 uppercase tracking-wider"[39m
              [36m>[39m
                [0mResult[0m
              [36m</th>[39m
              [36m<th[39m
                [33mclass[39m=[32m"px-6 py-3 text-left text-xs font-medium text-gray-500 uppercase tracking-wider"[39m
              [36m>[39m
                [0mAway Team[0m
              [36m</th>[39m
              [36m<th[39m
                [33mclass[39m=[32m"px-6 py-3 text-left text-xs font-medium text-gray-500 uppercase tracking-wider"[39m
              [36m>[39m
                [0mStatus[0m
              [36m</th>[39m
              [36m<th[39m
                [33mclass[39m=[32m"px-6 py-3 text-right text-xs font-medium text-gray-500 uppercase tracking-wider"[39m
              [36m>[39m
                [0mActions[0m
              [36m</th>[39m
            [36m</tr>[39m
          [36m</thead>[39m
          [36m<tbody[39m
            [33mclass[39m=[32m"divide-y divide-gray-200"[39m
          [36m>[39m
            [36m<tr[39m
              [33mclass[39m=[32m"hover:bg-gray-50"[39m
            [36m>[39m
              [36m<td[39m
                [33mclass[39m=[32m"px-6 py-4 whitespace-nowrap text-sm text-gray-900"[39m
              [36m>[39m
                [36m<div[39m
                  [33mclass[39m=[32m"flex items-center gap-2"[39m
                [36m>[39m
                  [36m<svg[39m
                    [33maria-hidden[39m=[32m"true"[39m
                    [33mclass[39m=[32m"lucide lucide-calendar text-gray-400"[39m
                    [33mfill[39m=[32m"none"[39m
                    [33mheight[39m=[32m"16"[39m
                    [33mstroke[39m=[32m"currentColor"[39m
                    [33mstroke-linecap[39m=[32m"round"[39m
                    [33mstroke-linejoin[39m=[32m"round"[39m
                    [33mstroke-width[39m=[32m"2"[39m
                    [33mviewBox[39m=[32m"0 0 24 24"[39m
                    [33mwidth[39m=[32m"16"[39m
                    [33mxmlns[39m=[32m"http://www.w3.org/2000/svg"[39m
                  [36m>[39m
                    [36m<path[39m
                      [33md[39m=[32m"M8 2v4"[39m
                    [36m/>[39m
                    [36m<path[39m
                      [33md[39m=[32m"M16 2v4"[39m
                    [36m/>[39m
                    [36m<rect[39m
                      [33mheight[39m=[32m"18"[39m
                      [33mrx[39m=[32m"2"[39m
                      [33mwidth[39m=[32m"18"[39m
                      [33mx[39m=[32m"3"[39m
                      [33my[39m=[32m"4"[39m
                    [36m/>[39m
                    [36m<path[39m
                      [33md[39m=[32m"M3 10h18"[39m
                    [36m/>[39m
                  [36m</svg>[39m
                  [0mdv., 15 de nov. 2024, 18:00[0m
                [36m</div>[39m
              [36m</td>[39m
              [36m<td[39m
                [33mclass[39m=[32m"px-6 py-4 whitespace-nowrap text-sm font-medium text-gray-900 text-right"[39m
              [36m>[39m
                [0mHome Team[0m
              [36m</td>[39m
              [36m<td[39m
                [33mclass[39m=[32m"px-6 py-4 whitespace-nowrap text-sm font-bold text-gray-900 text-center"[39m
              [36m>[39m
                [36m<span[39m
                  [33mclass[39m=[32m"bg-gray-100 px-2 py-1 rounded"[39m
                [36m>[39m
                  [0m10[0m
                  [0m : [0m
                  [0m5[0m
                [36m</span>[39m
              [36m</td>[39m
              [36m<td[39m
                [33mclass[39m=[32m"px-6 py-4 whitespace-nowrap text-sm font-medium text-gray-900 text-left"[39m
              [36m>[39m
                [0mAway Team[0m
              [36m</td>[39m
              [36m<td[39m
                [33mclass[39m=[32m"px-6 py-4 whitespace-nowrap text-sm text-gray-500"[39m
              [36m>[39m
                [36m<span[39m
                  [33mclass[39m=[32m"inline-flex items-center px-2.5 py-0.5 rounded-full text-xs font-medium bg-green-100 text-green-800"[39m
                [36m>[39m
                  [0mFinished[0m
                [36m</span>[39m
              [36m</td>[39m
              [36m<td[39m
                [33mclass[39m=[32m"px-6 py-4 whitespace-nowrap text-right text-sm font-medium"[39m
              [36m>[39m
                [36m<button[39m
                  [33mclass[39m=[32m"text-green-600 hover:text-green-900 mr-4"[39m
                  [33mtitle[39m=[32m"View Statistics"[39m
                [36m>[39m
                  [36m<svg[39m
                    [33maria-hidden[39m=[32m"true"[39m
                    [33mclass[39m=[32m"lucide lucide-chart-column"[39m
                    [33mfill[39m=[32m"none"[39m
                    [33mheight[39m=[32m"18"[39m
                    [33mstroke[39m=[32m"currentColor"[39m
                    [33mstroke-linecap[39m=[32m"round"[39m
                    [33mstroke-linejoin[39m=[32m"round"[39m
                    [33mstroke-width[39m=[32m"2"[39m
                    [33mviewBox[39m=[32m"0 0 24 24"[39m
                    [33mwidth[39m=[32m"18"[39m
                    [33mxmlns[39m=[32m"http://www.w3.org/2000/svg"[39m
                  [36m>[39m
                    [36m<path[39m
                      [33md[39m=[32m"M3 3v16a2 2 0 0 0 2 2h16"[39m
                    [36m/>[39m
                    [36m<path[39m
                      [33md[39m=[32m"M18 17V9"[39m
                    [36m/>[39m
                    [36m<path[39m
                      [33md[39m=[32m"M13 17V5"[39m
                    [36m/>[39m
                    [36m<path[39m
                      [33md[39m=[32m"M8 17v-3"[39m
                    [36m/>[39m
                  [36m</svg>[39m
                [36m</button>[39m
                [36m<button[39m
                  [33mclass[39m=[32m"text-indigo-600 hover:text-indigo-900 mr-4"[39m
                  [33mtitle[39m=[32m"Edit Match"[39m
                [36m>[39m
                  [36m<svg[39m
                    [33maria-hidden[39m=[32m"true"[39m
                    [33mclass[39m=[32m"lucide lucide-pen"[39m
                    [33mfill[39m=[32m"none"[39m
                    [33mheight[39m=[32m"18"[39m
                    [33mstroke[39m=[32m"currentColor"[39m
                    [33mstroke-linecap[39m=[32m"round"[39m
                    [33mstroke-linejoin[39m=[32m"round"[39m
                    [33mstroke-width[39m=[32m"2"[39m
                    [33mviewBox[39m=[32m"0 0 24 24"[39m
                    [33mwidth[39m=[32m"18"[39m
                    [33mxmlns[39m=[32m"http://www.w3.org/2000/svg"[39m
                  [36m>[39m
                    [36m<path[39m
                      [33md[39m=[32m"M21.174 6.812a1 1 0 0 0-3.986-3.987L3.842 16.174a2 2 0 0 0-.5.83l-1.321 4.352a.5.5 0 0 0 .623.622l4.353-1.32a2 2 0 0 0 .83-.497z"[39m
                    [36m/>[39m
                  [36m</svg>[39m
                [36m</button>[39m
                [36m<button[39m
                  [33mclass[39m=[32m"text-red-600 hover:text-red-900"[39m
                  [33mtitle[39m=[32m"Delete Match"[39m
                [36m>[39m
                  [36m<svg[39m
                    [33maria-hidden[39m=[32m"true"[39m
                    [33mclass[39m=[32m"lucide lucide-trash2 lucide-trash-2"[39m
                    [33mfill[39m=[32m"none"[39m
                    [33mheight[39m=[32m"18"[39m
                    [33mstroke[39m=[32m"currentColor"[39m
                    [33mstroke-linecap[39m=[32m"round"[39m
                    [33mstroke-linejoin[39m=[32m"round"[39m
                    [33mstroke-width[39m=[32m"2"[39m
                    [33mviewBox[39m=[32m"0 0 24 24"[39m
                    [33mwidth[39m=[32m"18"[39m
                    [33mxmlns[39m=[32m"http://www.w3.org/2000/svg"[39m
                  [36m>[39m
                    [36m<path[39m
                      [33md[39m=[32m"M10 11v6"[39m
                    [36m/>[39m
                    [36m<path[39m
                      [33md[39m=[32m"M14 11v6"[39m
                    [36m/>[39m
                    [36m<path[39m
                      [33md[39m=[32m"M19 6v14a2 2 0 0 1-2 2H7a2 2 0 0 1-2-2V6"[39m
                    [36m/>[39m
                    [36m<path[39m
                      [33md[39m=[32m"M3 6h18"[39m
                    [36m/>[39m
                    [36m<path[39m
                      [33md[39m=[32m"M8 6V4a2 2 0 0 1 2-2h4a2 2 0 0 1 2 2v2"[39m
                    [36m/>[39m
                  [36m</svg>[39m
                [36m</button>[39m
              [36m</td>[39m
            [36m</tr>[39m
          [36m</tbody>[39m
        [36m</table>[39m
      [36m</div>[39m
    [36m</div>[39m
  [36m</div>[39m
[36m</body>[39m

Ignored nodes: comments, script, style
[36m<html>[39m
  [36m<head />[39m
  [36m<body>[39m
    [36m<div>[39m
      [36m<div[39m
        [33mclass[39m=[32m"p-6 max-w-6xl mx-auto"[39m
      [36m>[39m
        [36m<div[39m
          [33mclass[39m=[32m"flex justify-between items-center mb-6"[39m
        [36m>[39m
          [36m<h1[39m
            [33mclass[39m=[32m"text-3xl font-bold text-gray-800"[39m
          [36m>[39m
            [0mMatches Management[0m
          [36m</h1>[39m
          [36m<button[39m
            [33mclass[39m=[32m"flex items-center gap-2 bg-indigo-600 text-white px-4 py-2 rounded-lg hover:bg-indigo-700 transition-colors"[39m
          [36m>[39m
            [36m<svg[39m
              [33maria-hidden[39m=[32m"true"[39m
              [33mclass[39m=[32m"lucide lucide-plus"[39m
              [33mfill[39m=[32m"none"[39m
              [33mheight[39m=[32m"20"[39m
              [33mstroke[39m=[32m"currentColor"[39m
              [33mstroke-linecap[39m=[32m"round"[39m
              [33mstroke-linejoin[39m=[32m"round"[39m
              [33mstroke-width[39m=[32m"2"[39m
              [33mviewBox[39m=[32m"0 0 24 24"[39m
              [33mwidth[39m=[32m"20"[39m
              [33mxmlns[39m=[32m"http://www.w3.org/2000/svg"[39m
            [36m>[39m
              [36m<path[39m
                [33md[39m=[32m"M5 12h14"[39m
              [36m/>[39m
              [36m<path[39m
                [33md[39m=[32m"M12 5v14"[39m
              [36m/>[39m
            [36m</svg>[39m
            [0mNew Match[0m
          [36m</button>[39m
        [36m</div>[39m
        [36m<div[39m
          [33mclass[39m=[32m"mb-6"[39m
        [36m>[39m
          [36m<div[39m
            [33mclass[39m=[32m"relative"[39m
          [36m>[39m
            [36m<svg[39m
              [33maria-hidden[39m=[32m"true"[39m
              [33mclass[39m=[32m"lucide lucide-search absolute left-3 top-1/2 transform -translate-y-1/2 text-gray-400"[39m
              [33mfill[39m=[32m"none"[39m
              [33mheight[39m=[32m"20"[39m
              [33mstroke[39m=[32m"currentColor"[39m
              [33mstroke-linecap[39m=[32m"round"[39m
              [33mstroke-linejoin[39m=[32m"round"[39m
              [33mstroke-width[39m=[32m"2"[39m
              [33mviewBox[39m=[32m"0 0 24 24"[39m
              [33mwidth[39m=[32m"20"[39m
              [33mxmlns[39m=[32m"http://www.w3.org/2000/svg"[39m
            [36m>[39m
              [36m<path[39m
                [33md[39m=[32m"m21 21-4.34-4.34"[39m
              [36m/>[39m
              [36m<circle[39m
                [33mcx[39m=[32m"11"[39m
                [33mcy[39m=[32m"11"[39m
                [33mr[39m=[32m"8"[39m
              [36m/>[39m
            [36m</svg>[39m
            [36m<input[39m
              [33mclass[39m=[32m"w-full pl-10 pr-4 py-2 border border-gray-300 rounded-lg focus:ring-2 focus:ring-indigo-500 focus:border-transparent"[39m
              [33mplaceholder[39m=[32m"Search matches by team name or date..."[39m
              [33mtype[39m=[32m"text"[39m
              [33mvalue[39m=[32m""[39m
            [36m/>[39m
          [36m</div>[39m
        [36m</div>[39m
        [36m<div[39m
          [33mclass[39m=[32m"bg-white rounded-xl shadow-lg overflow-hidden"[39m
        [36m>[39m
          [36m<table[39m
            [33mclass[39m=[32m"w-full"[39m
          [36m>[39m
            [36m<thead[39m
              [33mclass[39m=[32m"bg-gray-50 border-b border-gray-200"[39m
            [36m>[39m
              [36m<tr>[39m
                [36m<th[39m
                  [33mclass[39m=[32m"px-6 py-3 text-left text-xs font-medium text-gray-500 uppercase tracking-wider"[39m
                [36m>[39m
                  [0mDate[0m
                [36m</th>[39m
                [36m<th[39m
                  [33mclass[39m=[32m"px-6 py-3 text-right text-xs font-medium text-gray-500 uppercase tracking-wider"[39m
                [36m>[39m
                  [0mHome Team[0m
                [36m</th>[39m
                [36m<th[39m
                  [33mclass[39m=[32m"px-6 py-3 text-center text-xs font-medium text-gray-500 uppercase tracking-wider"[39m
                [36m>[39m
                  [0mResult[0m
                [36m</th>[39m
                [36m<th[39m
                  [33mclass[39m=[32m"px-6 py-3 text-left text-xs font-medium text-gray-500 uppercase tracking-wider"[39m
                [36m>[39m
                  [0mAway Team[0m
                [36m</th>[39m
                [36m<th[39m
                  [33mclass[39m=[32m"px-6 py-3 text-left text-xs font-medium text-gray-500 uppercase tracking-wider"[39m
                [36m>[39m
                  [0mStatus[0m
                [36m</th>[39m
                [36m<th[39m
                  [33mclass[39m=[32m"px-6 py-3 text-right text-xs font-medium text-gray-500 uppercase tracking-wider"[39m
                [36m>[39m
                  [0mActions[0m
                [36m</th>[39m
              [36m</tr>[39m
            [36m</thead>[39m
            [36m<tbody[39m
              [33mclass[39m=[32m"divide-y divide-gray-200"[39m
            [36m>[39m
              [36m<tr[39m
                [33mclass[39m=[32m"hover:bg-gray-50"[39m
              [36m>[39m
                [36m<td[39m
                  [33mclass[39m=[32m"px-6 py-4 whitespace-nowrap text-sm text-gray-900"[39m
                [36m>[39m
                  [36m<div[39m
                    [33mclass[39m=[32m"flex items-center gap-2"[39m
                  [36m>[39m
                    [36m<svg[39m
                      [33maria-hidden[39m=[32m"true"[39m
                      [33mclass[39m=[32m"lucide lucide-calendar text-gray-400"[39m
                      [33mfill[39m=[32m"none"[39m
                      [33mheight[39m=[32m"16"[39m
                      [33mstroke[39m=[32m"currentColor"[39m
                      [33mstroke-linecap[39m=[32m"round"[39m
                      [33mstroke-linejoin[39m=[32m"round"[39m
                      [33mstroke-width[39m=[32m"2"[39m
                      [33mviewBox[39m=[32m"0 0 24 24"[39m
                      [33mwidth[39m=[32m"16"[39m
                      [33mxmlns[39m=[32m"http://www.w3.org/2000/svg"[39m
                    [36m>[39m
                      [36m<path[39m
                        [33md[39m=[32m"M8 2v4"[39m
                      [36m/>[39m
                      [36m<path[39m
                        [33md[39m=[32m"M16 2v4"[39m
                      [36m/>[39m
                      [36m<rect[39m
                        [33mheight[39m=[32m"18"[39m
                        [33mrx[39m=[32m"2"[39m
                        [33mwidth[39m=[32m"18"[39m
                        [33mx[39m=[32m"3"[39m
                        [33my[39m=[32m"4"[39m
                      [36m/>[39m
                      [36m<path[39m
                        [33md[39m=[32m"M3 10h18"[39m
                      [36m/>[39m
                    [36m</svg>[39m
                    [0mdv., 15 de nov. 2024, 18:00[0m
                  [36m</div>[39m
                [36m</td>[39m
                [36m<td[39m
                  [33mclass[39m=[32m"px-6 py-4 whitespace-nowrap text-sm font-medium text-gray-900 text-right"[39m
                [36m>[39m
                  [0mHome Team[0m
                [36m</td>[39m
                [36m<td[39m
                  [33mclass[39m=[32m"px-6 py-4 whitespace-nowrap text-sm font-bold text-gray-900 text-center"[39m
                [36m>[39m
                  [36m<span[39m
                    [33mclass[39m=[32m"bg-gray-100 px-2 py-1 rounded"[39m
                  [36m>[39m
                    [0m10[0m
                    [0m : [0m
                    [0m5[0m
                  [36m</span>[39m
                [36m</td>[39m
                [36m<td[39m
                  [33mclass[39m=[32m"px-6 py-4 whitespace-nowrap text-sm font-medium text-gray-900 text-left"[39m
                [36m>[39m
                  [0mAway Team[0m
                [36m</td>[39m
                [36m<td[39m
                  [33mclass[39m=[32m"px-6 py-4 whitespace-nowrap text-sm text-gray-500"[39m
                [36m>[39m
                  [36m<span[39m
                    [33mclass[39m=[32m"inline-flex items-center px-2.5 py-0.5 rounded-full text-xs font-medium bg-green-100 text-green-800"[39m
                  [36m>[39m
                    [0mFinished[0m
                  [36m</span>[39m
                [36m</td>[39m
                [36m<td[39m
                  [33mclass[39m=[32m"px-6 py-4 whitespace-nowrap text-right text-sm font-medium"[39m
                [36m>[39m
                  [36m<button[39m
                    [33mclass[39m=[32m"text-green-600 hover:text-green-900 mr-4"[39m
                    [33mtitle[39m=[32m"View Statistics"[39m
                  [36m>[39m
                    [36m<svg[39m
                      [33maria-hidden[39m=[32m"true"[39m
                      [33mclass[39m=[32m"lucide lucide-chart-column"[39m
                      [33mfill[39m=[32m"none"[39m
                      [33mheight[39m=[32m"18"[39m
                      [33mstroke[39m=[32m"currentColor"[39m
                      [33mstroke-linecap[39m=[32m"round"[39m
                      [33mstroke-linejoin[39m=[32m"round"[39m
                      [33mstroke-width[39m=[32m"2"[39m
                      [33mviewBox[39m=[32m"0 0 24 24"[39m
                      [33mwidth[39m=[32m"18"[39m
                      [33mxmlns[39m=[32m"http://www.w3.org/2000/svg"[39m
                    [36m>[39m
                      [36m<path[39m
                        [33md[39m=[32m"M3 3v16a2 2 0 0 0 2 2h16"[39m
                      [36m/>[39m
                      [36m<path[39m
                        [33md[39m=[32m"M18 17V9"[39m
                      [36m/>[39m
                      [36m<path[39m
                        [33md[39m=[32m"M13 17V5"[39m
                      [36m/>[39m
                      [36m<path[39m
                        [33md[39m=[32m"M8 17v-3"[39m
                      [36m/>[39m
                    [36m</svg>[39m
                  [36m</button>[39m
                  [36m<button[39m
                    [33mclass[39m=[32m"text-indigo-600 hover:text-indigo-900 mr-4"[39m
                    [33mtitle[39m=[32m"Edit Match"[39m
                  [36m>[39m
                    [36m<svg[39m
                      [33maria-hidden[39m=[32m"true"[39m
                      [33mclass[39m=[32m"lucide lucide-pen"[39m
                      [33mfill[39m=[32m"none"[39m
                      [33mheight[39m=[32m"18"[39m
                      [33mstroke[39m=[32m"currentColor"[39m
                      [33mstroke-linecap[39m=[32m"round"[39m
                      [33mstroke-linejoin[39m=[32m"round"[39m
                      [33mstroke-width[39m=[32m"2"[39m
                      [33mviewBox[39m=[32m"0 0 24 24"[39m
                      [33mwidth[39m=[32m"18"[39m
                      [33mxmlns[39m=[32m"http://www.w3.org/2000/svg"[39m
                    [36m>[39m
                      [36m<path[39m
                        [33md[39m=[32m"M21.174 6.812a1 1 0 0 0-3.986-3.987L3.842 16.174a2 2 0 0 0-.5.83l-1.321 4.352a.5.5 0 0 0 .623.622l4.353-1.32a2 2 0 0 0 .83-.497z"[39m
                      [36m/>[39m
                    [36m</svg>[39m
                  [36m</button>[39m
                  [36m<button[39m
                    [33mclass[39m=[32m"text-red-600 hover:text-red-900"[39m
                    [33mtitle[39m=[32m"Delete Match"[39m
                  [36m>[39m
                    [36m<svg[39m
                      [33maria-hidden[39m=[32m"true"[39m
                      [33mclass[39m=[32m"lucide lucide-trash2 lucide-trash-2"[39m
                      [33mfill[39m=[32m"none"[39m
                      [33mheight[39m=[32m"18"[39m
                      [33mstroke[39m=[32m"currentColor"[39m
                      [33mstroke-linecap[39m=[32m"round"[39m
                      [33mstroke-linejoin[39m=[32m"round"[39m
                      [33mstroke-width[39m=[32m"2"[39m
                      [33mviewBox[39m=[32m"0 0 24 24"[39m
                      [33mwidth[39m=[32m"18"[39m
                      [33mxmlns[39m=[32m"http://www.w3.org/2000/svg"[39m
                    [36m>[39m
                      [36m<path[39m
                        [33md[39m=[32m"M10 11v6"[39m
                      [36m/>[39m
                      [36m<path[39m
                        [33md[39m=[32m"M14 11v6"[39m
                      [36m/>[39m
                      [36m<path[39m
                        [33md[39m=[32m"M19 6v14a2 2 0 0 1-2 2H7a2 2 0 0 1-2-2V6"[39m
                      [36m/>[39m
                      [36m<path[39m
                        [33md[39m=[32m"M3 6h18"[39m
                      [36m/>[39m
                      [36m<path[39m
                        [33md[39m=[32m"M8 6V4a2 2 0 0 1 2-2h4a2 2 0 0 1 2 2v2"[39m
                      [36m/>[39m
                    [36m</svg>[39m
                  [36m</button>[39m
                [36m</td>[39m
              [36m</tr>[39m
            [36m</tbody>[39m
          [36m</table>[39m
        [36m</div>[39m
      [36m</div>[39m
    [36m</div>[39m
  [36m</body>[39m
[36m</html>[39m
[90m [2m❯[22m waitForWrapper node_modules/@testing-library/dom/dist/wait-for.js:[2m163:27[22m[39m
[36m [2m❯[22m src/test/integration/StatisticsFlow.test.tsx:[2m182:11[22m[39m
    [90m180| [39m
    [90m181| [39m    [90m// Wait for stats to load[39m
    [90m182| [39m    [35mawait[39m [34mwaitFor[39m(() [33m=>[39m {
    [90m   | [39m          [31m^[39m
    [90m183| [39m      [34mexpect[39m(screen[33m.[39m[34mgetByText[39m([36m/Match Statistics/[39m))[33m.[39m[34mtoBeInTheDocument[39m()[33m;[39m
    [90m184| [39m    })[33m;[39m

[31m[2m⎯⎯⎯⎯⎯⎯⎯⎯⎯⎯⎯⎯⎯⎯⎯⎯⎯⎯⎯⎯⎯⎯⎯⎯[2/2]⎯[22m[39m


[2m Test Files [22m [1m[31m1 failed[39m[22m[90m (1)[39m
[2m      Tests [22m [1m[31m2 failed[39m[22m[90m (2)[39m
[2m   Start at [22m 17:18:14
[2m   Duration [22m 3.43s

[1m[41m FAIL [49m[22m [31mTests failed. Watching for file changes...[39m
       [2mpress [22m[1mh[22m[2m to show help[22m[2m, [22m[2mpress [22m[1mq[22m[2m to quit[22m
c[3J[1m[44m RERUN [49m[22m [34m[2msrc/test/integration/StatisticsFlow.test.tsx [22m[34mx24 [34m[39m
       [2m Filename pattern: [22m[34msrc/test/integration/StatisticsFlow.test.tsx[39m

[90mstdout[2m | src/test/integration/StatisticsFlow.test.tsx[2m > [22m[2mStatistics Flow Integration[2m > [22m[2mrenders matches list and opens statistics modal
[22m[39mMock fetch called with: http://localhost:3000/api/matches
Mock fetch called with: http://localhost:3000/api/teams

 [31m❯[39m src/test/integration/StatisticsFlow.test.tsx [2m([22m[2m2 tests[22m[2m | [22m[31m2 failed[39m[2m)[22m[33m 2403[2mms[22m[39m
[31m     [31m×[31m renders matches list and opens statistics modal[39m[33m 1378[2mms[22m[39m
[31m     [31m×[31m calculates zone statistics correctly[39m[33m 1021[2mms[22m[39m

[31m⎯⎯⎯⎯⎯⎯⎯[39m[1m[41m Failed Tests 2 [49m[22m[31m⎯⎯⎯⎯⎯⎯⎯[39m

[41m[1m FAIL [22m[49m src/test/integration/StatisticsFlow.test.tsx[2m > [22mStatistics Flow Integration[2m > [22mrenders matches list and opens statistics modal
[31m[1mTestingLibraryElementError[22m[39m: Unable to find an element with the text: /Match Statistics/. This could be because the text is broken up by multiple elements. In this case, you can provide a function for your text matcher to make your matcher more flexible.

Ignored nodes: comments, script, style
[36m<body>[39m
  [36m<div>[39m
    [36m<div[39m
      [33mclass[39m=[32m"p-6 max-w-6xl mx-auto"[39m
    [36m>[39m
      [36m<div[39m
        [33mclass[39m=[32m"flex justify-between items-center mb-6"[39m
      [36m>[39m
        [36m<h1[39m
          [33mclass[39m=[32m"text-3xl font-bold text-gray-800"[39m
        [36m>[39m
          [0mMatches Management[0m
        [36m</h1>[39m
        [36m<button[39m
          [33mclass[39m=[32m"flex items-center gap-2 bg-indigo-600 text-white px-4 py-2 rounded-lg hover:bg-indigo-700 transition-colors"[39m
        [36m>[39m
          [36m<svg[39m
            [33maria-hidden[39m=[32m"true"[39m
            [33mclass[39m=[32m"lucide lucide-plus"[39m
            [33mfill[39m=[32m"none"[39m
            [33mheight[39m=[32m"20"[39m
            [33mstroke[39m=[32m"currentColor"[39m
            [33mstroke-linecap[39m=[32m"round"[39m
            [33mstroke-linejoin[39m=[32m"round"[39m
            [33mstroke-width[39m=[32m"2"[39m
            [33mviewBox[39m=[32m"0 0 24 24"[39m
            [33mwidth[39m=[32m"20"[39m
            [33mxmlns[39m=[32m"http://www.w3.org/2000/svg"[39m
          [36m>[39m
            [36m<path[39m
              [33md[39m=[32m"M5 12h14"[39m
            [36m/>[39m
            [36m<path[39m
              [33md[39m=[32m"M12 5v14"[39m
            [36m/>[39m
          [36m</svg>[39m
          [0mNew Match[0m
        [36m</button>[39m
      [36m</div>[39m
      [36m<div[39m
        [33mclass[39m=[32m"mb-6"[39m
      [36m>[39m
        [36m<div[39m
          [33mclass[39m=[32m"relative"[39m
        [36m>[39m
          [36m<svg[39m
            [33maria-hidden[39m=[32m"true"[39m
            [33mclass[39m=[32m"lucide lucide-search absolute left-3 top-1/2 transform -translate-y-1/2 text-gray-400"[39m
            [33mfill[39m=[32m"none"[39m
            [33mheight[39m=[32m"20"[39m
            [33mstroke[39m=[32m"currentColor"[39m
            [33mstroke-linecap[39m=[32m"round"[39m
            [33mstroke-linejoin[39m=[32m"round"[39m
            [33mstroke-width[39m=[32m"2"[39m
            [33mviewBox[39m=[32m"0 0 24 24"[39m
            [33mwidth[39m=[32m"20"[39m
            [33mxmlns[39m=[32m"http://www.w3.org/2000/svg"[39m
          [36m>[39m
            [36m<path[39m
              [33md[39m=[32m"m21 21-4.34-4.34"[39m
            [36m/>[39m
            [36m<circle[39m
              [33mcx[39m=[32m"11"[39m
              [33mcy[39m=[32m"11"[39m
              [33mr[39m=[32m"8"[39m
            [36m/>[39m
          [36m</svg>[39m
          [36m<input[39m
            [33mclass[39m=[32m"w-full pl-10 pr-4 py-2 border border-gray-300 rounded-lg focus:ring-2 focus:ring-indigo-500 focus:border-transparent"[39m
            [33mplaceholder[39m=[32m"Search matches by team name or date..."[39m
            [33mtype[39m=[32m"text"[39m
            [33mvalue[39m=[32m""[39m
          [36m/>[39m
        [36m</div>[39m
      [36m</div>[39m
      [36m<div[39m
        [33mclass[39m=[32m"bg-white rounded-xl shadow-lg overflow-hidden"[39m
      [36m>[39m
        [36m<table[39m
          [33mclass[39m=[32m"w-full"[39m
        [36m>[39m
          [36m<thead[39m
            [33mclass[39m=[32m"bg-gray-50 border-b border-gray-200"[39m
          [36m>[39m
            [36m<tr>[39m
              [36m<th[39m
                [33mclass[39m=[32m"px-6 py-3 text-left text-xs font-medium text-gray-500 uppercase tracking-wider"[39m
              [36m>[39m
                [0mDate[0m
              [36m</th>[39m
              [36m<th[39m
                [33mclass[39m=[32m"px-6 py-3 text-right text-xs font-medium text-gray-500 uppercase tracking-wider"[39m
              [36m>[39m
                [0mHome Team[0m
              [36m</th>[39m
              [36m<th[39m
                [33mclass[39m=[32m"px-6 py-3 text-center text-xs font-medium text-gray-500 uppercase tracking-wider"[39m
              [36m>[39m
                [0mResult[0m
              [36m</th>[39m
              [36m<th[39m
                [33mclass[39m=[32m"px-6 py-3 text-left text-xs font-medium text-gray-500 uppercase tracking-wider"[39m
              [36m>[39m
                [0mAway Team[0m
              [36m</th>[39m
              [36m<th[39m
                [33mclass[39m=[32m"px-6 py-3 text-left text-xs font-medium text-gray-500 uppercase tracking-wider"[39m
              [36m>[39m
                [0mStatus[0m
              [36m</th>[39m
              [36m<th[39m
                [33mclass[39m=[32m"px-6 py-3 text-right text-xs font-medium text-gray-500 uppercase tracking-wider"[39m
              [36m>[39m
                [0mActions[0m
              [36m</th>[39m
            [36m</tr>[39m
          [36m</thead>[39m
          [36m<tbody[39m
            [33mclass[39m=[32m"divide-y divide-gray-200"[39m
          [36m>[39m
            [36m<tr[39m
              [33mclass[39m=[32m"hover:bg-gray-50"[39m
            [36m>[39m
              [36m<td[39m
                [33mclass[39m=[32m"px-6 py-4 whitespace-nowrap text-sm text-gray-900"[39m
              [36m>[39m
                [36m<div[39m
                  [33mclass[39m=[32m"flex items-center gap-2"[39m
                [36m>[39m
                  [36m<svg[39m
                    [33maria-hidden[39m=[32m"true"[39m
                    [33mclass[39m=[32m"lucide lucide-calendar text-gray-400"[39m
                    [33mfill[39m=[32m"none"[39m
                    [33mheight[39m=[32m"16"[39m
                    [33mstroke[39m=[32m"currentColor"[39m
                    [33mstroke-linecap[39m=[32m"round"[39m
                    [33mstroke-linejoin[39m=[32m"round"[39m
                    [33mstroke-width[39m=[32m"2"[39m
                    [33mviewBox[39m=[32m"0 0 24 24"[39m
                    [33mwidth[39m=[32m"16"[39m
                    [33mxmlns[39m=[32m"http://www.w3.org/2000/svg"[39m
                  [36m>[39m
                    [36m<path[39m
                      [33md[39m=[32m"M8 2v4"[39m
                    [36m/>[39m
                    [36m<path[39m
                      [33md[39m=[32m"M16 2v4"[39m
                    [36m/>[39m
                    [36m<rect[39m
                      [33mheight[39m=[32m"18"[39m
                      [33mrx[39m=[32m"2"[39m
                      [33mwidth[39m=[32m"18"[39m
                      [33mx[39m=[32m"3"[39m
                      [33my[39m=[32m"4"[39m
                    [36m/>[39m
                    [36m<path[39m
                      [33md[39m=[32m"M3 10h18"[39m
                    [36m/>[39m
                  [36m</svg>[39m
                  [0mdv., 15 de nov. 2024, 18:00[0m
                [36m</div>[39m
              [36m</td>[39m
              [36m<td[39m
                [33mclass[39m=[32m"px-6 py-4 whitespace-nowrap text-sm font-medium text-gray-900 text-right"[39m
              [36m>[39m
                [0mHome Team[0m
              [36m</td>[39m
              [36m<td[39m
                [33mclass[39m=[32m"px-6 py-4 whitespace-nowrap text-sm font-bold text-gray-900 text-center"[39m
              [36m>[39m
                [36m<span[39m
                  [33mclass[39m=[32m"bg-gray-100 px-2 py-1 rounded"[39m
                [36m>[39m
                  [0m10[0m
                  [0m : [0m
                  [0m5[0m
                [36m</span>[39m
              [36m</td>[39m
              [36m<td[39m
                [33mclass[39m=[32m"px-6 py-4 whitespace-nowrap text-sm font-medium text-gray-900 text-left"[39m
              [36m>[39m
                [0mAway Team[0m
              [36m</td>[39m
              [36m<td[39m
                [33mclass[39m=[32m"px-6 py-4 whitespace-nowrap text-sm text-gray-500"[39m
              [36m>[39m
                [36m<span[39m
                  [33mclass[39m=[32m"inline-flex items-center px-2.5 py-0.5 rounded-full text-xs font-medium bg-green-100 text-green-800"[39m
                [36m>[39m
                  [0mFinished[0m
                [36m</span>[39m
              [36m</td>[39m
              [36m<td[39m
                [33mclass[39m=[32m"px-6 py-4 whitespace-nowrap text-right text-sm font-medium"[39m
              [36m>[39m
                [36m<button[39m
                  [33mclass[39m=[32m"text-green-600 hover:text-green-900 mr-4"[39m
                  [33mtitle[39m=[32m"View Statistics"[39m
                [36m>[39m
                  [36m<svg[39m
                    [33maria-hidden[39m=[32m"true"[39m
                    [33mclass[39m=[32m"lucide lucide-chart-column"[39m
                    [33mfill[39m=[32m"none"[39m
                    [33mheight[39m=[32m"18"[39m
                    [33mstroke[39m=[32m"currentColor"[39m
                    [33mstroke-linecap[39m=[32m"round"[39m
                    [33mstroke-linejoin[39m=[32m"round"[39m
                    [33mstroke-width[39m=[32m"2"[39m
                    [33mviewBox[39m=[32m"0 0 24 24"[39m
                    [33mwidth[39m=[32m"18"[39m
                    [33mxmlns[39m=[32m"http://www.w3.org/2000/svg"[39m
                  [36m>[39m
                    [36m<path[39m
                      [33md[39m=[32m"M3 3v16a2 2 0 0 0 2 2h16"[39m
                    [36m/>[39m
                    [36m<path[39m
                      [33md[39m=[32m"M18 17V9"[39m
                    [36m/>[39m
                    [36m<path[39m
                      [33md[39m=[32m"M13 17V5"[39m
                    [36m/>[39m
                    [36m<path[39m
                      [33md[39m=[32m"M8 17v-3"[39m
                    [36m/>[39m
                  [36m</svg>[39m
                [36m</button>[39m
                [36m<button[39m
                  [33mclass[39m=[32m"text-indigo-600 hover:text-indigo-900 mr-4"[39m
                  [33mtitle[39m=[32m"Edit Match"[39m
                [36m>[39m
                  [36m<svg[39m
                    [33maria-hidden[39m=[32m"true"[39m
                    [33mclass[39m=[32m"lucide lucide-pen"[39m
                    [33mfill[39m=[32m"none"[39m
                    [33mheight[39m=[32m"18"[39m
                    [33mstroke[39m=[32m"currentColor"[39m
                    [33mstroke-linecap[39m=[32m"round"[39m
                    [33mstroke-linejoin[39m=[32m"round"[39m
                    [33mstroke-width[39m=[32m"2"[39m
                    [33mviewBox[39m=[32m"0 0 24 24"[39m
                    [33mwidth[39m=[32m"18"[39m
                    [33mxmlns[39m=[32m"http://www.w3.org/2000/svg"[39m
                  [36m>[39m
                    [36m<path[39m
                      [33md[39m=[32m"M21.174 6.812a1 1 0 0 0-3.986-3.987L3.842 16.174a2 2 0 0 0-.5.83l-1.321 4.352a.5.5 0 0 0 .623.622l4.353-1.32a2 2 0 0 0 .83-.497z"[39m
                    [36m/>[39m
                  [36m</svg>[39m
                [36m</button>[39m
                [36m<button[39m
                  [33mclass[39m=[32m"text-red-600 hover:text-red-900"[39m
                  [33mtitle[39m=[32m"Delete Match"[39m
                [36m>[39m
                  [36m<svg[39m
                    [33maria-hidden[39m=[32m"true"[39m
                    [33mclass[39m=[32m"lucide lucide-trash2 lucide-trash-2"[39m
                    [33mfill[39m=[32m"none"[39m
                    [33mheight[39m=[32m"18"[39m
                    [33mstroke[39m=[32m"currentColor"[39m
                    [33mstroke-linecap[39m=[32m"round"[39m
                    [33mstroke-linejoin[39m=[32m"round"[39m
                    [33mstroke-width[39m=[32m"2"[39m
                    [33mviewBox[39m=[32m"0 0 24 24"[39m
                    [33mwidth[39m=[32m"18"[39m
                    [33mxmlns[39m=[32m"http://www.w3.org/2000/svg"[39m
                  [36m>[39m
                    [36m<path[39m
                      [33md[39m=[32m"M10 11v6"[39m
                    [36m/>[39m
                    [36m<path[39m
                      [33md[39m=[32m"M14 11v6"[39m
                    [36m/>[39m
                    [36m<path[39m
                      [33md[39m=[32m"M19 6v14a2 2 0 0 1-2 2H7a2 2 0 0 1-2-2V6"[39m
                    [36m/>[39m
                    [36m<path[39m
                      [33md[39m=[32m"M3 6h18"[39m
                    [36m/>[39m
                    [36m<path[39m
                      [33md[39m=[32m"M8 6V4a2 2 0 0 1 2-2h4a2 2 0 0 1 2 2v2"[39m
                    [36m/>[39m
                  [36m</svg>[39m
                [36m</button>[39m
              [36m</td>[39m
            [36m</tr>[39m
          [36m</tbody>[39m
        [36m</table>[39m
      [36m</div>[39m
    [36m</div>[39m
  [36m</div>[39m
[36m</body>[39m

Ignored nodes: comments, script, style
[36m<html>[39m
  [36m<head />[39m
  [36m<body>[39m
    [36m<div>[39m
      [36m<div[39m
        [33mclass[39m=[32m"p-6 max-w-6xl mx-auto"[39m
      [36m>[39m
        [36m<div[39m
          [33mclass[39m=[32m"flex justify-between items-center mb-6"[39m
        [36m>[39m
          [36m<h1[39m
            [33mclass[39m=[32m"text-3xl font-bold text-gray-800"[39m
          [36m>[39m
            [0mMatches Management[0m
          [36m</h1>[39m
          [36m<button[39m
            [33mclass[39m=[32m"flex items-center gap-2 bg-indigo-600 text-white px-4 py-2 rounded-lg hover:bg-indigo-700 transition-colors"[39m
          [36m>[39m
            [36m<svg[39m
              [33maria-hidden[39m=[32m"true"[39m
              [33mclass[39m=[32m"lucide lucide-plus"[39m
              [33mfill[39m=[32m"none"[39m
              [33mheight[39m=[32m"20"[39m
              [33mstroke[39m=[32m"currentColor"[39m
              [33mstroke-linecap[39m=[32m"round"[39m
              [33mstroke-linejoin[39m=[32m"round"[39m
              [33mstroke-width[39m=[32m"2"[39m
              [33mviewBox[39m=[32m"0 0 24 24"[39m
              [33mwidth[39m=[32m"20"[39m
              [33mxmlns[39m=[32m"http://www.w3.org/2000/svg"[39m
            [36m>[39m
              [36m<path[39m
                [33md[39m=[32m"M5 12h14"[39m
              [36m/>[39m
              [36m<path[39m
                [33md[39m=[32m"M12 5v14"[39m
              [36m/>[39m
            [36m</svg>[39m
            [0mNew Match[0m
          [36m</button>[39m
        [36m</div>[39m
        [36m<div[39m
          [33mclass[39m=[32m"mb-6"[39m
        [36m>[39m
          [36m<div[39m
            [33mclass[39m=[32m"relative"[39m
          [36m>[39m
            [36m<svg[39m
              [33maria-hidden[39m=[32m"true"[39m
              [33mclass[39m=[32m"lucide lucide-search absolute left-3 top-1/2 transform -translate-y-1/2 text-gray-400"[39m
              [33mfill[39m=[32m"none"[39m
              [33mheight[39m=[32m"20"[39m
              [33mstroke[39m=[32m"currentColor"[39m
              [33mstroke-linecap[39m=[32m"round"[39m
              [33mstroke-linejoin[39m=[32m"round"[39m
              [33mstroke-width[39m=[32m"2"[39m
              [33mviewBox[39m=[32m"0 0 24 24"[39m
              [33mwidth[39m=[32m"20"[39m
              [33mxmlns[39m=[32m"http://www.w3.org/2000/svg"[39m
            [36m>[39m
              [36m<path[39m
                [33md[39m=[32m"m21 21-4.34-4.34"[39m
              [36m/>[39m
              [36m<circle[39m
                [33mcx[39m=[32m"11"[39m
                [33mcy[39m=[32m"11"[39m
                [33mr[39m=[32m"8"[39m
              [36m/>[39m
            [36m</svg>[39m
            [36m<input[39m
              [33mclass[39m=[32m"w-full pl-10 pr-4 py-2 border border-gray-300 rounded-lg focus:ring-2 focus:ring-indigo-500 focus:border-transparent"[39m
              [33mplaceholder[39m=[32m"Search matches by team name or date..."[39m
              [33mtype[39m=[32m"text"[39m
              [33mvalue[39m=[32m""[39m
            [36m/>[39m
          [36m</div>[39m
        [36m</div>[39m
        [36m<div[39m
          [33mclass[39m=[32m"bg-white rounded-xl shadow-lg overflow-hidden"[39m
        [36m>[39m
          [36m<table[39m
            [33mclass[39m=[32m"w-full"[39m
          [36m>[39m
            [36m<thead[39m
              [33mclass[39m=[32m"bg-gray-50 border-b border-gray-200"[39m
            [36m>[39m
              [36m<tr>[39m
                [36m<th[39m
                  [33mclass[39m=[32m"px-6 py-3 text-left text-xs font-medium text-gray-500 uppercase tracking-wider"[39m
                [36m>[39m
                  [0mDate[0m
                [36m</th>[39m
                [36m<th[39m
                  [33mclass[39m=[32m"px-6 py-3 text-right text-xs font-medium text-gray-500 uppercase tracking-wider"[39m
                [36m>[39m
                  [0mHome Team[0m
                [36m</th>[39m
                [36m<th[39m
                  [33mclass[39m=[32m"px-6 py-3 text-center text-xs font-medium text-gray-500 uppercase tracking-wider"[39m
                [36m>[39m
                  [0mResult[0m
                [36m</th>[39m
                [36m<th[39m
                  [33mclass[39m=[32m"px-6 py-3 text-left text-xs font-medium text-gray-500 uppercase tracking-wider"[39m
                [36m>[39m
                  [0mAway Team[0m
                [36m</th>[39m
                [36m<th[39m
                  [33mclass[39m=[32m"px-6 py-3 text-left text-xs font-medium text-gray-500 uppercase tracking-wider"[39m
                [36m>[39m
                  [0mStatus[0m
                [36m</th>[39m
                [36m<th[39m
                  [33mclass[39m=[32m"px-6 py-3 text-right text-xs font-medium text-gray-500 uppercase tracking-wider"[39m
                [36m>[39m
                  [0mActions[0m
                [36m</th>[39m
              [36m</tr>[39m
            [36m</thead>[39m
            [36m<tbody[39m
              [33mclass[39m=[32m"divide-y divide-gray-200"[39m
            [36m>[39m
              [36m<tr[39m
                [33mclass[39m=[32m"hover:bg-gray-50"[39m
              [36m>[39m
                [36m<td[39m
                  [33mclass[39m=[32m"px-6 py-4 whitespace-nowrap text-sm text-gray-900"[39m
                [36m>[39m
                  [36m<div[39m
                    [33mclass[39m=[32m"flex items-center gap-2"[39m
                  [36m>[39m
                    [36m<svg[39m
                      [33maria-hidden[39m=[32m"true"[39m
                      [33mclass[39m=[32m"lucide lucide-calendar text-gray-400"[39m
                      [33mfill[39m=[32m"none"[39m
                      [33mheight[39m=[32m"16"[39m
                      [33mstroke[39m=[32m"currentColor"[39m
                      [33mstroke-linecap[39m=[32m"round"[39m
                      [33mstroke-linejoin[39m=[32m"round"[39m
                      [33mstroke-width[39m=[32m"2"[39m
                      [33mviewBox[39m=[32m"0 0 24 24"[39m
                      [33mwidth[39m=[32m"16"[39m
                      [33mxmlns[39m=[32m"http://www.w3.org/2000/svg"[39m
                    [36m>[39m
                      [36m<path[39m
                        [33md[39m=[32m"M8 2v4"[39m
                      [36m/>[39m
                      [36m<path[39m
                        [33md[39m=[32m"M16 2v4"[39m
                      [36m/>[39m
                      [36m<rect[39m
                        [33mheight[39m=[32m"18"[39m
                        [33mrx[39m=[32m"2"[39m
                        [33mwidth[39m=[32m"18"[39m
                        [33mx[39m=[32m"3"[39m
                        [33my[39m=[32m"4"[39m
                      [36m/>[39m
                      [36m<path[39m
                        [33md[39m=[32m"M3 10h18"[39m
                      [36m/>[39m
                    [36m</svg>[39m
                    [0mdv., 15 de nov. 2024, 18:00[0m
                  [36m</div>[39m
                [36m</td>[39m
                [36m<td[39m
                  [33mclass[39m=[32m"px-6 py-4 whitespace-nowrap text-sm font-medium text-gray-900 text-right"[39m
                [36m>[39m
                  [0mHome Team[0m
                [36m</td>[39m
                [36m<td[39m
                  [33mclass[39m=[32m"px-6 py-4 whitespace-nowrap text-sm font-bold text-gray-900 text-center"[39m
                [36m>[39m
                  [36m<span[39m
                    [33mclass[39m=[32m"bg-gray-100 px-2 py-1 rounded"[39m
                  [36m>[39m
                    [0m10[0m
                    [0m : [0m
                    [0m5[0m
                  [36m</span>[39m
                [36m</td>[39m
                [36m<td[39m
                  [33mclass[39m=[32m"px-6 py-4 whitespace-nowrap text-sm font-medium text-gray-900 text-left"[39m
                [36m>[39m
                  [0mAway Team[0m
                [36m</td>[39m
                [36m<td[39m
                  [33mclass[39m=[32m"px-6 py-4 whitespace-nowrap text-sm text-gray-500"[39m
                [36m>[39m
                  [36m<span[39m
                    [33mclass[39m=[32m"inline-flex items-center px-2.5 py-0.5 rounded-full text-xs font-medium bg-green-100 text-green-800"[39m
                  [36m>[39m
                    [0mFinished[0m
                  [36m</span>[39m
                [36m</td>[39m
                [36m<td[39m
                  [33mclass[39m=[32m"px-6 py-4 whitespace-nowrap text-right text-sm font-medium"[39m
                [36m>[39m
                  [36m<button[39m
                    [33mclass[39m=[32m"text-green-600 hover:text-green-900 mr-4"[39m
                    [33mtitle[39m=[32m"View Statistics"[39m
                  [36m>[39m
                    [36m<svg[39m
                      [33maria-hidden[39m=[32m"true"[39m
                      [33mclass[39m=[32m"lucide lucide-chart-column"[39m
                      [33mfill[39m=[32m"none"[39m
                      [33mheight[39m=[32m"18"[39m
                      [33mstroke[39m=[32m"currentColor"[39m
                      [33mstroke-linecap[39m=[32m"round"[39m
                      [33mstroke-linejoin[39m=[32m"round"[39m
                      [33mstroke-width[39m=[32m"2"[39m
                      [33mviewBox[39m=[32m"0 0 24 24"[39m
                      [33mwidth[39m=[32m"18"[39m
                      [33mxmlns[39m=[32m"http://www.w3.org/2000/svg"[39m
                    [36m>[39m
                      [36m<path[39m
                        [33md[39m=[32m"M3 3v16a2 2 0 0 0 2 2h16"[39m
                      [36m/>[39m
                      [36m<path[39m
                        [33md[39m=[32m"M18 17V9"[39m
                      [36m/>[39m
                      [36m<path[39m
                        [33md[39m=[32m"M13 17V5"[39m
                      [36m/>[39m
                      [36m<path[39m
                        [33md[39m=[32m"M8 17v-3"[39m
                      [36m/>[39m
                    [36m</svg>[39m
                  [36m</button>[39m
                  [36m<button[39m
                    [33mclass[39m=[32m"text-indigo-600 hover:text-indigo-900 mr-4"[39m
                    [33mtitle[39m=[32m"Edit Match"[39m
                  [36m>[39m
                    [36m<svg[39m
                      [33maria-hidden[39m=[32m"true"[39m
                      [33mclass[39m=[32m"lucide lucide-pen"[39m
                      [33mfill[39m=[32m"none"[39m
                      [33mheight[39m=[32m"18"[39m
                      [33mstroke[39m=[32m"currentColor"[39m
                      [33mstroke-linecap[39m=[32m"round"[39m
                      [33mstroke-linejoin[39m=[32m"round"[39m
                      [33mstroke-width[39m=[32m"2"[39m
                      [33mviewBox[39m=[32m"0 0 24 24"[39m
                      [33mwidth[39m=[32m"18"[39m
                      [33mxmlns[39m=[32m"http://www.w3.org/2000/svg"[39m
                    [36m>[39m
                      [36m<path[39m
                        [33md[39m=[32m"M21.174 6.812a1 1 0 0 0-3.986-3.987L3.842 16.174a2 2 0 0 0-.5.83l-1.321 4.352a.5.5 0 0 0 .623.622l4.353-1.32a2 2 0 0 0 .83-.497z"[39m
                      [36m/>[39m
                    [36m</svg>[39m
                  [36m</button>[39m
                  [36m<button[39m
                    [33mclass[39m=[32m"text-red-600 hover:text-red-900"[39m
                    [33mtitle[39m=[32m"Delete Match"[39m
                  [36m>[39m
                    [36m<svg[39m
                      [33maria-hidden[39m=[32m"true"[39m
                      [33mclass[39m=[32m"lucide lucide-trash2 lucide-trash-2"[39m
                      [33mfill[39m=[32m"none"[39m
                      [33mheight[39m=[32m"18"[39m
                      [33mstroke[39m=[32m"currentColor"[39m
                      [33mstroke-linecap[39m=[32m"round"[39m
                      [33mstroke-linejoin[39m=[32m"round"[39m
                      [33mstroke-width[39m=[32m"2"[39m
                      [33mviewBox[39m=[32m"0 0 24 24"[39m
                      [33mwidth[39m=[32m"18"[39m
                      [33mxmlns[39m=[32m"http://www.w3.org/2000/svg"[39m
                    [36m>[39m
                      [36m<path[39m
                        [33md[39m=[32m"M10 11v6"[39m
                      [36m/>[39m
                      [36m<path[39m
                        [33md[39m=[32m"M14 11v6"[39m
                      [36m/>[39m
                      [36m<path[39m
                        [33md[39m=[32m"M19 6v14a2 2 0 0 1-2 2H7a2 2 0 0 1-2-2V6"[39m
                      [36m/>[39m
                      [36m<path[39m
                        [33md[39m=[32m"M3 6h18"[39m
                      [36m/>[39m
                      [36m<path[39m
                        [33md[39m=[32m"M8 6V4a2 2 0 0 1 2-2h4a2 2 0 0 1 2 2v2"[39m
                      [36m/>[39m
                    [36m</svg>[39m
                  [36m</button>[39m
                [36m</td>[39m
              [36m</tr>[39m
            [36m</tbody>[39m
          [36m</table>[39m
        [36m</div>[39m
      [36m</div>[39m
    [36m</div>[39m
  [36m</body>[39m
[36m</html>[39m
[90m [2m❯[22m waitForWrapper node_modules/@testing-library/dom/dist/wait-for.js:[2m163:27[22m[39m
[36m [2m❯[22m src/test/integration/StatisticsFlow.test.tsx:[2m112:11[22m[39m
    [90m110| [39m
    [90m111| [39m    [90m// Check if modal opens and displays stats[39m
    [90m112| [39m    [35mawait[39m [34mwaitFor[39m(() [33m=>[39m {
    [90m   | [39m          [31m^[39m
    [90m113| [39m      [34mexpect[39m(screen[33m.[39m[34mgetByText[39m([36m/Match Statistics/[39m))[33m.[39m[34mtoBeInTheDocument[39m()[33m;[39m
    [90m114| [39m      [34mexpect[39m(screen[33m.[39m[34mgetByText[39m([32m'Player 1'[39m))[33m.[39m[34mtoBeInTheDocument[39m()[33m;[39m

[31m[2m⎯⎯⎯⎯⎯⎯⎯⎯⎯⎯⎯⎯⎯⎯⎯⎯⎯⎯⎯⎯⎯⎯⎯⎯[1/2]⎯[22m[39m

[41m[1m FAIL [22m[49m src/test/integration/StatisticsFlow.test.tsx[2m > [22mStatistics Flow Integration[2m > [22mcalculates zone statistics correctly
[31m[1mTestingLibraryElementError[22m[39m: Unable to find an element with the text: /Match Statistics/. This could be because the text is broken up by multiple elements. In this case, you can provide a function for your text matcher to make your matcher more flexible.

Ignored nodes: comments, script, style
[36m<body>[39m
  [36m<div>[39m
    [36m<div[39m
      [33mclass[39m=[32m"p-6 max-w-6xl mx-auto"[39m
    [36m>[39m
      [36m<div[39m
        [33mclass[39m=[32m"flex justify-between items-center mb-6"[39m
      [36m>[39m
        [36m<h1[39m
          [33mclass[39m=[32m"text-3xl font-bold text-gray-800"[39m
        [36m>[39m
          [0mMatches Management[0m
        [36m</h1>[39m
        [36m<button[39m
          [33mclass[39m=[32m"flex items-center gap-2 bg-indigo-600 text-white px-4 py-2 rounded-lg hover:bg-indigo-700 transition-colors"[39m
        [36m>[39m
          [36m<svg[39m
            [33maria-hidden[39m=[32m"true"[39m
            [33mclass[39m=[32m"lucide lucide-plus"[39m
            [33mfill[39m=[32m"none"[39m
            [33mheight[39m=[32m"20"[39m
            [33mstroke[39m=[32m"currentColor"[39m
            [33mstroke-linecap[39m=[32m"round"[39m
            [33mstroke-linejoin[39m=[32m"round"[39m
            [33mstroke-width[39m=[32m"2"[39m
            [33mviewBox[39m=[32m"0 0 24 24"[39m
            [33mwidth[39m=[32m"20"[39m
            [33mxmlns[39m=[32m"http://www.w3.org/2000/svg"[39m
          [36m>[39m
            [36m<path[39m
              [33md[39m=[32m"M5 12h14"[39m
            [36m/>[39m
            [36m<path[39m
              [33md[39m=[32m"M12 5v14"[39m
            [36m/>[39m
          [36m</svg>[39m
          [0mNew Match[0m
        [36m</button>[39m
      [36m</div>[39m
      [36m<div[39m
        [33mclass[39m=[32m"mb-6"[39m
      [36m>[39m
        [36m<div[39m
          [33mclass[39m=[32m"relative"[39m
        [36m>[39m
          [36m<svg[39m
            [33maria-hidden[39m=[32m"true"[39m
            [33mclass[39m=[32m"lucide lucide-search absolute left-3 top-1/2 transform -translate-y-1/2 text-gray-400"[39m
            [33mfill[39m=[32m"none"[39m
            [33mheight[39m=[32m"20"[39m
            [33mstroke[39m=[32m"currentColor"[39m
            [33mstroke-linecap[39m=[32m"round"[39m
            [33mstroke-linejoin[39m=[32m"round"[39m
            [33mstroke-width[39m=[32m"2"[39m
            [33mviewBox[39m=[32m"0 0 24 24"[39m
            [33mwidth[39m=[32m"20"[39m
            [33mxmlns[39m=[32m"http://www.w3.org/2000/svg"[39m
          [36m>[39m
            [36m<path[39m
              [33md[39m=[32m"m21 21-4.34-4.34"[39m
            [36m/>[39m
            [36m<circle[39m
              [33mcx[39m=[32m"11"[39m
              [33mcy[39m=[32m"11"[39m
              [33mr[39m=[32m"8"[39m
            [36m/>[39m
          [36m</svg>[39m
          [36m<input[39m
            [33mclass[39m=[32m"w-full pl-10 pr-4 py-2 border border-gray-300 rounded-lg focus:ring-2 focus:ring-indigo-500 focus:border-transparent"[39m
            [33mplaceholder[39m=[32m"Search matches by team name or date..."[39m
            [33mtype[39m=[32m"text"[39m
            [33mvalue[39m=[32m""[39m
          [36m/>[39m
        [36m</div>[39m
      [36m</div>[39m
      [36m<div[39m
        [33mclass[39m=[32m"bg-white rounded-xl shadow-lg overflow-hidden"[39m
      [36m>[39m
        [36m<table[39m
          [33mclass[39m=[32m"w-full"[39m
        [36m>[39m
          [36m<thead[39m
            [33mclass[39m=[32m"bg-gray-50 border-b border-gray-200"[39m
          [36m>[39m
            [36m<tr>[39m
              [36m<th[39m
                [33mclass[39m=[32m"px-6 py-3 text-left text-xs font-medium text-gray-500 uppercase tracking-wider"[39m
              [36m>[39m
                [0mDate[0m
              [36m</th>[39m
              [36m<th[39m
                [33mclass[39m=[32m"px-6 py-3 text-right text-xs font-medium text-gray-500 uppercase tracking-wider"[39m
              [36m>[39m
                [0mHome Team[0m
              [36m</th>[39m
              [36m<th[39m
                [33mclass[39m=[32m"px-6 py-3 text-center text-xs font-medium text-gray-500 uppercase tracking-wider"[39m
              [36m>[39m
                [0mResult[0m
              [36m</th>[39m
              [36m<th[39m
                [33mclass[39m=[32m"px-6 py-3 text-left text-xs font-medium text-gray-500 uppercase tracking-wider"[39m
              [36m>[39m
                [0mAway Team[0m
              [36m</th>[39m
              [36m<th[39m
                [33mclass[39m=[32m"px-6 py-3 text-left text-xs font-medium text-gray-500 uppercase tracking-wider"[39m
              [36m>[39m
                [0mStatus[0m
              [36m</th>[39m
              [36m<th[39m
                [33mclass[39m=[32m"px-6 py-3 text-right text-xs font-medium text-gray-500 uppercase tracking-wider"[39m
              [36m>[39m
                [0mActions[0m
              [36m</th>[39m
            [36m</tr>[39m
          [36m</thead>[39m
          [36m<tbody[39m
            [33mclass[39m=[32m"divide-y divide-gray-200"[39m
          [36m>[39m
            [36m<tr[39m
              [33mclass[39m=[32m"hover:bg-gray-50"[39m
            [36m>[39m
              [36m<td[39m
                [33mclass[39m=[32m"px-6 py-4 whitespace-nowrap text-sm text-gray-900"[39m
              [36m>[39m
                [36m<div[39m
                  [33mclass[39m=[32m"flex items-center gap-2"[39m
                [36m>[39m
                  [36m<svg[39m
                    [33maria-hidden[39m=[32m"true"[39m
                    [33mclass[39m=[32m"lucide lucide-calendar text-gray-400"[39m
                    [33mfill[39m=[32m"none"[39m
                    [33mheight[39m=[32m"16"[39m
                    [33mstroke[39m=[32m"currentColor"[39m
                    [33mstroke-linecap[39m=[32m"round"[39m
                    [33mstroke-linejoin[39m=[32m"round"[39m
                    [33mstroke-width[39m=[32m"2"[39m
                    [33mviewBox[39m=[32m"0 0 24 24"[39m
                    [33mwidth[39m=[32m"16"[39m
                    [33mxmlns[39m=[32m"http://www.w3.org/2000/svg"[39m
                  [36m>[39m
                    [36m<path[39m
                      [33md[39m=[32m"M8 2v4"[39m
                    [36m/>[39m
                    [36m<path[39m
                      [33md[39m=[32m"M16 2v4"[39m
                    [36m/>[39m
                    [36m<rect[39m
                      [33mheight[39m=[32m"18"[39m
                      [33mrx[39m=[32m"2"[39m
                      [33mwidth[39m=[32m"18"[39m
                      [33mx[39m=[32m"3"[39m
                      [33my[39m=[32m"4"[39m
                    [36m/>[39m
                    [36m<path[39m
                      [33md[39m=[32m"M3 10h18"[39m
                    [36m/>[39m
                  [36m</svg>[39m
                  [0mdv., 15 de nov. 2024, 18:00[0m
                [36m</div>[39m
              [36m</td>[39m
              [36m<td[39m
                [33mclass[39m=[32m"px-6 py-4 whitespace-nowrap text-sm font-medium text-gray-900 text-right"[39m
              [36m>[39m
                [0mHome Team[0m
              [36m</td>[39m
              [36m<td[39m
                [33mclass[39m=[32m"px-6 py-4 whitespace-nowrap text-sm font-bold text-gray-900 text-center"[39m
              [36m>[39m
                [36m<span[39m
                  [33mclass[39m=[32m"bg-gray-100 px-2 py-1 rounded"[39m
                [36m>[39m
                  [0m10[0m
                  [0m : [0m
                  [0m5[0m
                [36m</span>[39m
              [36m</td>[39m
              [36m<td[39m
                [33mclass[39m=[32m"px-6 py-4 whitespace-nowrap text-sm font-medium text-gray-900 text-left"[39m
              [36m>[39m
                [0mAway Team[0m
              [36m</td>[39m
              [36m<td[39m
                [33mclass[39m=[32m"px-6 py-4 whitespace-nowrap text-sm text-gray-500"[39m
              [36m>[39m
                [36m<span[39m
                  [33mclass[39m=[32m"inline-flex items-center px-2.5 py-0.5 rounded-full text-xs font-medium bg-green-100 text-green-800"[39m
                [36m>[39m
                  [0mFinished[0m
                [36m</span>[39m
              [36m</td>[39m
              [36m<td[39m
                [33mclass[39m=[32m"px-6 py-4 whitespace-nowrap text-right text-sm font-medium"[39m
              [36m>[39m
                [36m<button[39m
                  [33mclass[39m=[32m"text-green-600 hover:text-green-900 mr-4"[39m
                  [33mtitle[39m=[32m"View Statistics"[39m
                [36m>[39m
                  [36m<svg[39m
                    [33maria-hidden[39m=[32m"true"[39m
                    [33mclass[39m=[32m"lucide lucide-chart-column"[39m
                    [33mfill[39m=[32m"none"[39m
                    [33mheight[39m=[32m"18"[39m
                    [33mstroke[39m=[32m"currentColor"[39m
                    [33mstroke-linecap[39m=[32m"round"[39m
                    [33mstroke-linejoin[39m=[32m"round"[39m
                    [33mstroke-width[39m=[32m"2"[39m
                    [33mviewBox[39m=[32m"0 0 24 24"[39m
                    [33mwidth[39m=[32m"18"[39m
                    [33mxmlns[39m=[32m"http://www.w3.org/2000/svg"[39m
                  [36m>[39m
                    [36m<path[39m
                      [33md[39m=[32m"M3 3v16a2 2 0 0 0 2 2h16"[39m
                    [36m/>[39m
                    [36m<path[39m
                      [33md[39m=[32m"M18 17V9"[39m
                    [36m/>[39m
                    [36m<path[39m
                      [33md[39m=[32m"M13 17V5"[39m
                    [36m/>[39m
                    [36m<path[39m
                      [33md[39m=[32m"M8 17v-3"[39m
                    [36m/>[39m
                  [36m</svg>[39m
                [36m</button>[39m
                [36m<button[39m
                  [33mclass[39m=[32m"text-indigo-600 hover:text-indigo-900 mr-4"[39m
                  [33mtitle[39m=[32m"Edit Match"[39m
                [36m>[39m
                  [36m<svg[39m
                    [33maria-hidden[39m=[32m"true"[39m
                    [33mclass[39m=[32m"lucide lucide-pen"[39m
                    [33mfill[39m=[32m"none"[39m
                    [33mheight[39m=[32m"18"[39m
                    [33mstroke[39m=[32m"currentColor"[39m
                    [33mstroke-linecap[39m=[32m"round"[39m
                    [33mstroke-linejoin[39m=[32m"round"[39m
                    [33mstroke-width[39m=[32m"2"[39m
                    [33mviewBox[39m=[32m"0 0 24 24"[39m
                    [33mwidth[39m=[32m"18"[39m
                    [33mxmlns[39m=[32m"http://www.w3.org/2000/svg"[39m
                  [36m>[39m
                    [36m<path[39m
                      [33md[39m=[32m"M21.174 6.812a1 1 0 0 0-3.986-3.987L3.842 16.174a2 2 0 0 0-.5.83l-1.321 4.352a.5.5 0 0 0 .623.622l4.353-1.32a2 2 0 0 0 .83-.497z"[39m
                    [36m/>[39m
                  [36m</svg>[39m
                [36m</button>[39m
                [36m<button[39m
                  [33mclass[39m=[32m"text-red-600 hover:text-red-900"[39m
                  [33mtitle[39m=[32m"Delete Match"[39m
                [36m>[39m
                  [36m<svg[39m
                    [33maria-hidden[39m=[32m"true"[39m
                    [33mclass[39m=[32m"lucide lucide-trash2 lucide-trash-2"[39m
                    [33mfill[39m=[32m"none"[39m
                    [33mheight[39m=[32m"18"[39m
                    [33mstroke[39m=[32m"currentColor"[39m
                    [33mstroke-linecap[39m=[32m"round"[39m
                    [33mstroke-linejoin[39m=[32m"round"[39m
                    [33mstroke-width[39m=[32m"2"[39m
                    [33mviewBox[39m=[32m"0 0 24 24"[39m
                    [33mwidth[39m=[32m"18"[39m
                    [33mxmlns[39m=[32m"http://www.w3.org/2000/svg"[39m
                  [36m>[39m
                    [36m<path[39m
                      [33md[39m=[32m"M10 11v6"[39m
                    [36m/>[39m
                    [36m<path[39m
                      [33md[39m=[32m"M14 11v6"[39m
                    [36m/>[39m
                    [36m<path[39m
                      [33md[39m=[32m"M19 6v14a2 2 0 0 1-2 2H7a2 2 0 0 1-2-2V6"[39m
                    [36m/>[39m
                    [36m<path[39m
                      [33md[39m=[32m"M3 6h18"[39m
                    [36m/>[39m
                    [36m<path[39m
                      [33md[39m=[32m"M8 6V4a2 2 0 0 1 2-2h4a2 2 0 0 1 2 2v2"[39m
                    [36m/>[39m
                  [36m</svg>[39m
                [36m</button>[39m
              [36m</td>[39m
            [36m</tr>[39m
          [36m</tbody>[39m
        [36m</table>[39m
      [36m</div>[39m
    [36m</div>[39m
  [36m</div>[39m
[36m</body>[39m

Ignored nodes: comments, script, style
[36m<html>[39m
  [36m<head />[39m
  [36m<body>[39m
    [36m<div>[39m
      [36m<div[39m
        [33mclass[39m=[32m"p-6 max-w-6xl mx-auto"[39m
      [36m>[39m
        [36m<div[39m
          [33mclass[39m=[32m"flex justify-between items-center mb-6"[39m
        [36m>[39m
          [36m<h1[39m
            [33mclass[39m=[32m"text-3xl font-bold text-gray-800"[39m
          [36m>[39m
            [0mMatches Management[0m
          [36m</h1>[39m
          [36m<button[39m
            [33mclass[39m=[32m"flex items-center gap-2 bg-indigo-600 text-white px-4 py-2 rounded-lg hover:bg-indigo-700 transition-colors"[39m
          [36m>[39m
            [36m<svg[39m
              [33maria-hidden[39m=[32m"true"[39m
              [33mclass[39m=[32m"lucide lucide-plus"[39m
              [33mfill[39m=[32m"none"[39m
              [33mheight[39m=[32m"20"[39m
              [33mstroke[39m=[32m"currentColor"[39m
              [33mstroke-linecap[39m=[32m"round"[39m
              [33mstroke-linejoin[39m=[32m"round"[39m
              [33mstroke-width[39m=[32m"2"[39m
              [33mviewBox[39m=[32m"0 0 24 24"[39m
              [33mwidth[39m=[32m"20"[39m
              [33mxmlns[39m=[32m"http://www.w3.org/2000/svg"[39m
            [36m>[39m
              [36m<path[39m
                [33md[39m=[32m"M5 12h14"[39m
              [36m/>[39m
              [36m<path[39m
                [33md[39m=[32m"M12 5v14"[39m
              [36m/>[39m
            [36m</svg>[39m
            [0mNew Match[0m
          [36m</button>[39m
        [36m</div>[39m
        [36m<div[39m
          [33mclass[39m=[32m"mb-6"[39m
        [36m>[39m
          [36m<div[39m
            [33mclass[39m=[32m"relative"[39m
          [36m>[39m
            [36m<svg[39m
              [33maria-hidden[39m=[32m"true"[39m
              [33mclass[39m=[32m"lucide lucide-search absolute left-3 top-1/2 transform -translate-y-1/2 text-gray-400"[39m
              [33mfill[39m=[32m"none"[39m
              [33mheight[39m=[32m"20"[39m
              [33mstroke[39m=[32m"currentColor"[39m
              [33mstroke-linecap[39m=[32m"round"[39m
              [33mstroke-linejoin[39m=[32m"round"[39m
              [33mstroke-width[39m=[32m"2"[39m
              [33mviewBox[39m=[32m"0 0 24 24"[39m
              [33mwidth[39m=[32m"20"[39m
              [33mxmlns[39m=[32m"http://www.w3.org/2000/svg"[39m
            [36m>[39m
              [36m<path[39m
                [33md[39m=[32m"m21 21-4.34-4.34"[39m
              [36m/>[39m
              [36m<circle[39m
                [33mcx[39m=[32m"11"[39m
                [33mcy[39m=[32m"11"[39m
                [33mr[39m=[32m"8"[39m
              [36m/>[39m
            [36m</svg>[39m
            [36m<input[39m
              [33mclass[39m=[32m"w-full pl-10 pr-4 py-2 border border-gray-300 rounded-lg focus:ring-2 focus:ring-indigo-500 focus:border-transparent"[39m
              [33mplaceholder[39m=[32m"Search matches by team name or date..."[39m
              [33mtype[39m=[32m"text"[39m
              [33mvalue[39m=[32m""[39m
            [36m/>[39m
          [36m</div>[39m
        [36m</div>[39m
        [36m<div[39m
          [33mclass[39m=[32m"bg-white rounded-xl shadow-lg overflow-hidden"[39m
        [36m>[39m
          [36m<table[39m
            [33mclass[39m=[32m"w-full"[39m
          [36m>[39m
            [36m<thead[39m
              [33mclass[39m=[32m"bg-gray-50 border-b border-gray-200"[39m
            [36m>[39m
              [36m<tr>[39m
                [36m<th[39m
                  [33mclass[39m=[32m"px-6 py-3 text-left text-xs font-medium text-gray-500 uppercase tracking-wider"[39m
                [36m>[39m
                  [0mDate[0m
                [36m</th>[39m
                [36m<th[39m
                  [33mclass[39m=[32m"px-6 py-3 text-right text-xs font-medium text-gray-500 uppercase tracking-wider"[39m
                [36m>[39m
                  [0mHome Team[0m
                [36m</th>[39m
                [36m<th[39m
                  [33mclass[39m=[32m"px-6 py-3 text-center text-xs font-medium text-gray-500 uppercase tracking-wider"[39m
                [36m>[39m
                  [0mResult[0m
                [36m</th>[39m
                [36m<th[39m
                  [33mclass[39m=[32m"px-6 py-3 text-left text-xs font-medium text-gray-500 uppercase tracking-wider"[39m
                [36m>[39m
                  [0mAway Team[0m
                [36m</th>[39m
                [36m<th[39m
                  [33mclass[39m=[32m"px-6 py-3 text-left text-xs font-medium text-gray-500 uppercase tracking-wider"[39m
                [36m>[39m
                  [0mStatus[0m
                [36m</th>[39m
                [36m<th[39m
                  [33mclass[39m=[32m"px-6 py-3 text-right text-xs font-medium text-gray-500 uppercase tracking-wider"[39m
                [36m>[39m
                  [0mActions[0m
                [36m</th>[39m
              [36m</tr>[39m
            [36m</thead>[39m
            [36m<tbody[39m
              [33mclass[39m=[32m"divide-y divide-gray-200"[39m
            [36m>[39m
              [36m<tr[39m
                [33mclass[39m=[32m"hover:bg-gray-50"[39m
              [36m>[39m
                [36m<td[39m
                  [33mclass[39m=[32m"px-6 py-4 whitespace-nowrap text-sm text-gray-900"[39m
                [36m>[39m
                  [36m<div[39m
                    [33mclass[39m=[32m"flex items-center gap-2"[39m
                  [36m>[39m
                    [36m<svg[39m
                      [33maria-hidden[39m=[32m"true"[39m
                      [33mclass[39m=[32m"lucide lucide-calendar text-gray-400"[39m
                      [33mfill[39m=[32m"none"[39m
                      [33mheight[39m=[32m"16"[39m
                      [33mstroke[39m=[32m"currentColor"[39m
                      [33mstroke-linecap[39m=[32m"round"[39m
                      [33mstroke-linejoin[39m=[32m"round"[39m
                      [33mstroke-width[39m=[32m"2"[39m
                      [33mviewBox[39m=[32m"0 0 24 24"[39m
                      [33mwidth[39m=[32m"16"[39m
                      [33mxmlns[39m=[32m"http://www.w3.org/2000/svg"[39m
                    [36m>[39m
                      [36m<path[39m
                        [33md[39m=[32m"M8 2v4"[39m
                      [36m/>[39m
                      [36m<path[39m
                        [33md[39m=[32m"M16 2v4"[39m
                      [36m/>[39m
                      [36m<rect[39m
                        [33mheight[39m=[32m"18"[39m
                        [33mrx[39m=[32m"2"[39m
                        [33mwidth[39m=[32m"18"[39m
                        [33mx[39m=[32m"3"[39m
                        [33my[39m=[32m"4"[39m
                      [36m/>[39m
                      [36m<path[39m
                        [33md[39m=[32m"M3 10h18"[39m
                      [36m/>[39m
                    [36m</svg>[39m
                    [0mdv., 15 de nov. 2024, 18:00[0m
                  [36m</div>[39m
                [36m</td>[39m
                [36m<td[39m
                  [33mclass[39m=[32m"px-6 py-4 whitespace-nowrap text-sm font-medium text-gray-900 text-right"[39m
                [36m>[39m
                  [0mHome Team[0m
                [36m</td>[39m
                [36m<td[39m
                  [33mclass[39m=[32m"px-6 py-4 whitespace-nowrap text-sm font-bold text-gray-900 text-center"[39m
                [36m>[39m
                  [36m<span[39m
                    [33mclass[39m=[32m"bg-gray-100 px-2 py-1 rounded"[39m
                  [36m>[39m
                    [0m10[0m
                    [0m : [0m
                    [0m5[0m
                  [36m</span>[39m
                [36m</td>[39m
                [36m<td[39m
                  [33mclass[39m=[32m"px-6 py-4 whitespace-nowrap text-sm font-medium text-gray-900 text-left"[39m
                [36m>[39m
                  [0mAway Team[0m
                [36m</td>[39m
                [36m<td[39m
                  [33mclass[39m=[32m"px-6 py-4 whitespace-nowrap text-sm text-gray-500"[39m
                [36m>[39m
                  [36m<span[39m
                    [33mclass[39m=[32m"inline-flex items-center px-2.5 py-0.5 rounded-full text-xs font-medium bg-green-100 text-green-800"[39m
                  [36m>[39m
                    [0mFinished[0m
                  [36m</span>[39m
                [36m</td>[39m
                [36m<td[39m
                  [33mclass[39m=[32m"px-6 py-4 whitespace-nowrap text-right text-sm font-medium"[39m
                [36m>[39m
                  [36m<button[39m
                    [33mclass[39m=[32m"text-green-600 hover:text-green-900 mr-4"[39m
                    [33mtitle[39m=[32m"View Statistics"[39m
                  [36m>[39m
                    [36m<svg[39m
                      [33maria-hidden[39m=[32m"true"[39m
                      [33mclass[39m=[32m"lucide lucide-chart-column"[39m
                      [33mfill[39m=[32m"none"[39m
                      [33mheight[39m=[32m"18"[39m
                      [33mstroke[39m=[32m"currentColor"[39m
                      [33mstroke-linecap[39m=[32m"round"[39m
                      [33mstroke-linejoin[39m=[32m"round"[39m
                      [33mstroke-width[39m=[32m"2"[39m
                      [33mviewBox[39m=[32m"0 0 24 24"[39m
                      [33mwidth[39m=[32m"18"[39m
                      [33mxmlns[39m=[32m"http://www.w3.org/2000/svg"[39m
                    [36m>[39m
                      [36m<path[39m
                        [33md[39m=[32m"M3 3v16a2 2 0 0 0 2 2h16"[39m
                      [36m/>[39m
                      [36m<path[39m
                        [33md[39m=[32m"M18 17V9"[39m
                      [36m/>[39m
                      [36m<path[39m
                        [33md[39m=[32m"M13 17V5"[39m
                      [36m/>[39m
                      [36m<path[39m
                        [33md[39m=[32m"M8 17v-3"[39m
                      [36m/>[39m
                    [36m</svg>[39m
                  [36m</button>[39m
                  [36m<button[39m
                    [33mclass[39m=[32m"text-indigo-600 hover:text-indigo-900 mr-4"[39m
                    [33mtitle[39m=[32m"Edit Match"[39m
                  [36m>[39m
                    [36m<svg[39m
                      [33maria-hidden[39m=[32m"true"[39m
                      [33mclass[39m=[32m"lucide lucide-pen"[39m
                      [33mfill[39m=[32m"none"[39m
                      [33mheight[39m=[32m"18"[39m
                      [33mstroke[39m=[32m"currentColor"[39m
                      [33mstroke-linecap[39m=[32m"round"[39m
                      [33mstroke-linejoin[39m=[32m"round"[39m
                      [33mstroke-width[39m=[32m"2"[39m
                      [33mviewBox[39m=[32m"0 0 24 24"[39m
                      [33mwidth[39m=[32m"18"[39m
                      [33mxmlns[39m=[32m"http://www.w3.org/2000/svg"[39m
                    [36m>[39m
                      [36m<path[39m
                        [33md[39m=[32m"M21.174 6.812a1 1 0 0 0-3.986-3.987L3.842 16.174a2 2 0 0 0-.5.83l-1.321 4.352a.5.5 0 0 0 .623.622l4.353-1.32a2 2 0 0 0 .83-.497z"[39m
                      [36m/>[39m
                    [36m</svg>[39m
                  [36m</button>[39m
                  [36m<button[39m
                    [33mclass[39m=[32m"text-red-600 hover:text-red-900"[39m
                    [33mtitle[39m=[32m"Delete Match"[39m
                  [36m>[39m
                    [36m<svg[39m
                      [33maria-hidden[39m=[32m"true"[39m
                      [33mclass[39m=[32m"lucide lucide-trash2 lucide-trash-2"[39m
                      [33mfill[39m=[32m"none"[39m
                      [33mheight[39m=[32m"18"[39m
                      [33mstroke[39m=[32m"currentColor"[39m
                      [33mstroke-linecap[39m=[32m"round"[39m
                      [33mstroke-linejoin[39m=[32m"round"[39m
                      [33mstroke-width[39m=[32m"2"[39m
                      [33mviewBox[39m=[32m"0 0 24 24"[39m
                      [33mwidth[39m=[32m"18"[39m
                      [33mxmlns[39m=[32m"http://www.w3.org/2000/svg"[39m
                    [36m>[39m
                      [36m<path[39m
                        [33md[39m=[32m"M10 11v6"[39m
                      [36m/>[39m
                      [36m<path[39m
                        [33md[39m=[32m"M14 11v6"[39m
                      [36m/>[39m
                      [36m<path[39m
                        [33md[39m=[32m"M19 6v14a2 2 0 0 1-2 2H7a2 2 0 0 1-2-2V6"[39m
                      [36m/>[39m
                      [36m<path[39m
                        [33md[39m=[32m"M3 6h18"[39m
                      [36m/>[39m
                      [36m<path[39m
                        [33md[39m=[32m"M8 6V4a2 2 0 0 1 2-2h4a2 2 0 0 1 2 2v2"[39m
                      [36m/>[39m
                    [36m</svg>[39m
                  [36m</button>[39m
                [36m</td>[39m
              [36m</tr>[39m
            [36m</tbody>[39m
          [36m</table>[39m
        [36m</div>[39m
      [36m</div>[39m
    [36m</div>[39m
  [36m</body>[39m
[36m</html>[39m
[90m [2m❯[22m waitForWrapper node_modules/@testing-library/dom/dist/wait-for.js:[2m163:27[22m[39m
[36m [2m❯[22m src/test/integration/StatisticsFlow.test.tsx:[2m182:11[22m[39m
    [90m180| [39m
    [90m181| [39m    [90m// Wait for stats to load[39m
    [90m182| [39m    [35mawait[39m [34mwaitFor[39m(() [33m=>[39m {
    [90m   | [39m          [31m^[39m
    [90m183| [39m      [34mexpect[39m(screen[33m.[39m[34mgetByText[39m([36m/Match Statistics/[39m))[33m.[39m[34mtoBeInTheDocument[39m()[33m;[39m
    [90m184| [39m    })[33m;[39m

[31m[2m⎯⎯⎯⎯⎯⎯⎯⎯⎯⎯⎯⎯⎯⎯⎯⎯⎯⎯⎯⎯⎯⎯⎯⎯[2/2]⎯[22m[39m


[2m Test Files [22m [1m[31m1 failed[39m[22m[90m (1)[39m
[2m      Tests [22m [1m[31m2 failed[39m[22m[90m (2)[39m
[2m   Start at [22m 17:21:13
[2m   Duration [22m 3.83s

[1m[41m FAIL [49m[22m [31mTests failed. Watching for file changes...[39m
       [2mpress [22m[1mh[22m[2m to show help[22m[2m, [22m[2mpress [22m[1mq[22m[2m to quit[22m
c[3J[1m[44m RERUN [49m[22m [34m[2msrc/test/integration/StatisticsFlow.test.tsx [22m[34mx25 [34m[39m
       [2m Filename pattern: [22m[34msrc/test/integration/StatisticsFlow.test.tsx[39m

 [31m❯[39m src/test/integration/StatisticsFlow.test.tsx [2m([22m[2m2 tests[22m[2m | [22m[31m2 failed[39m[2m)[22m[32m 21[2mms[22m[39m
[31m     [31m×[31m renders matches list and opens statistics modal[39m[32m 6[2mms[22m[39m
[31m     [31m×[31m calculates zone statistics correctly[39m[32m 4[2mms[22m[39m

[31m⎯⎯⎯⎯⎯⎯⎯[39m[1m[41m Failed Tests 2 [49m[22m[31m⎯⎯⎯⎯⎯⎯⎯[39m

[41m[1m FAIL [22m[49m src/test/integration/StatisticsFlow.test.tsx[2m > [22mStatistics Flow Integration[2m > [22mrenders matches list and opens statistics modal
[31m[1mReferenceError[22m: MatchProvider is not defined[39m
[36m [2m❯[22m src/test/integration/StatisticsFlow.test.tsx:[2m89:8[22m[39m
    [90m 87| [39m  [34mit[39m([32m'renders matches list and opens statistics modal'[39m[33m,[39m [35masync[39m () [33m=>[39m {
    [90m 88| [39m    [34mrender[39m(
    [90m 89| [39m      [33m<[39m[33mMatchProvider[39m[33m>[39m
    [90m   | [39m       [31m^[39m
    [90m 90| [39m        [33m<[39m[33mMemoryRouter[39m [33minitialEntries[39m[33m=[39m[33m{[39m[[32m'/matches'[39m][33m}[39m[33m>[39m
    [90m 91| [39m          [33m<[39m[33mRoutes[39m[33m>[39m

[31m[2m⎯⎯⎯⎯⎯⎯⎯⎯⎯⎯⎯⎯⎯⎯⎯⎯⎯⎯⎯⎯⎯⎯⎯⎯[1/2]⎯[22m[39m

[41m[1m FAIL [22m[49m src/test/integration/StatisticsFlow.test.tsx[2m > [22mStatistics Flow Integration[2m > [22mcalculates zone statistics correctly
[31m[1mReferenceError[22m: MatchProvider is not defined[39m
[36m [2m❯[22m src/test/integration/StatisticsFlow.test.tsx:[2m177:8[22m[39m
    [90m175| [39m
    [90m176| [39m    [34mrender[39m(
    [90m177| [39m      [33m<[39m[33mMatchProvider[39m[33m>[39m
    [90m   | [39m       [31m^[39m
    [90m178| [39m        [33m<[39m[33mMemoryRouter[39m [33minitialEntries[39m[33m=[39m[33m{[39m[[32m'/matches'[39m][33m}[39m[33m>[39m
    [90m179| [39m          [33m<[39m[33mRoutes[39m[33m>[39m

[31m[2m⎯⎯⎯⎯⎯⎯⎯⎯⎯⎯⎯⎯⎯⎯⎯⎯⎯⎯⎯⎯⎯⎯⎯⎯[2/2]⎯[22m[39m


[2m Test Files [22m [1m[31m1 failed[39m[22m[90m (1)[39m
[2m      Tests [22m [1m[31m2 failed[39m[22m[90m (2)[39m
[2m   Start at [22m 17:22:25
[2m   Duration [22m 1.18s

[1m[41m FAIL [49m[22m [31mTests failed. Watching for file changes...[39m
       [2mpress [22m[1mh[22m[2m to show help[22m[2m, [22m[2mpress [22m[1mq[22m[2m to quit[22m
c[3J[1m[44m RERUN [49m[22m [34m[2msrc/test/integration/StatisticsFlow.test.tsx [22m[34mx26 [34m[39m
       [2m Filename pattern: [22m[34msrc/test/integration/StatisticsFlow.test.tsx[39m

[90mstdout[2m | src/test/integration/StatisticsFlow.test.tsx[2m > [22m[2mStatistics Flow Integration[2m > [22m[2mrenders matches list and opens statistics modal
[22m[39mMock fetch called with: http://localhost:3000/api/matches
Mock fetch called with: http://localhost:3000/api/teams

[90mstdout[2m | src/test/integration/StatisticsFlow.test.tsx[2m > [22m[2mStatistics Flow Integration[2m > [22m[2mrenders matches list and opens statistics modal
[22m[39m[StatisticsView] Filtering events: {
  totalEvents: [33m0[39m,
  context: [32m'match'[39m,
  selectedTeamId: [1mnull[22m,
  sampleEvent: [90mundefined[39m
}
[StatisticsView] Filtered result: { filteredCount: [33m0[39m }
[StatisticsPanel] Received data: { eventsCount: [33m0[39m, eventCategories: {}, sampleEvents: [] }
[StatisticsPanel] Stats comparison: {
  unfilteredStats: { totalShots: [33m0[39m, totalGoals: [33m0[39m, efficiency: [33m0[39m },
  filteredStats: { totalShots: [33m0[39m, totalGoals: [33m0[39m, efficiency: [33m0[39m }
}
Mock fetch called with: http://localhost:3000/api/matches/match-1

[90mstdout[2m | src/test/integration/StatisticsFlow.test.tsx[2m > [22m[2mStatistics Flow Integration[2m > [22m[2mrenders matches list and opens statistics modal
[22m[39mMock fetch called with: http://localhost:3000/api/game-events/match/match-1

[90mstdout[2m | src/test/integration/StatisticsFlow.test.tsx[2m > [22m[2mStatistics Flow Integration[2m > [22m[2mrenders matches list and opens statistics modal
[22m[39m[StatisticsView] Filtering events: {
  totalEvents: [33m2[39m,
  context: [32m'match'[39m,
  selectedTeamId: [32m'home-1'[39m,
  sampleEvent: {
    id: [32m'event-1'[39m,
    timestamp: [33m100[39m,
    playerId: [32m'p1'[39m,
    playerName: [90mundefined[39m,
    playerNumber: [90mundefined[39m,
    teamId: [32m'home-1'[39m,
    category: [32m'Shot'[39m,
    action: [32m'Goal'[39m,
    zone: [32m'6m-LW'[39m,
    goalTarget: [33m1[39m,
    context: {
      isCollective: [90mundefined[39m,
      hasOpposition: [90mundefined[39m,
      isCounterAttack: [90mundefined[39m
    },
    defenseFormation: [90mundefined[39m
  }
}
[StatisticsView] Filtered result: { filteredCount: [33m2[39m }
[StatisticsPanel] Received data: {
  eventsCount: [33m2[39m,
  eventCategories: { Shot: [33m1[39m, Sanction: [33m1[39m },
  sampleEvents: [
    {
      id: [32m'event-1'[39m,
      timestamp: [33m100[39m,
      playerId: [32m'p1'[39m,
      playerName: [90mundefined[39m,
      playerNumber: [90mundefined[39m,
      teamId: [32m'home-1'[39m,
      category: [32m'Shot'[39m,
      action: [32m'Goal'[39m,
      zone: [32m'6m-LW'[39m,
      goalTarget: [33m1[39m,
      context: [36m[Object][39m,
      defenseFormation: [90mundefined[39m
    },
    {
      id: [32m'event-2'[39m,
      timestamp: [33m200[39m,
      playerId: [32m'p1'[39m,
      playerName: [90mundefined[39m,
      playerNumber: [90mundefined[39m,
      teamId: [32m'home-1'[39m,
      category: [32m'Sanction'[39m,
      action: [32m'Sanction'[39m,
      zone: [90mundefined[39m,
      goalTarget: [90mundefined[39m,
      context: [36m[Object][39m,
      defenseFormation: [90mundefined[39m
    }
  ]
}
[StatisticsPanel] Stats comparison: {
  unfilteredStats: { totalShots: [33m1[39m, totalGoals: [33m1[39m, efficiency: [33m100[39m },
  filteredStats: { totalShots: [33m1[39m, totalGoals: [33m1[39m, efficiency: [33m100[39m }
}

[90mstdout[2m | src/test/integration/StatisticsFlow.test.tsx[2m > [22m[2mStatistics Flow Integration[2m > [22m[2mcalculates zone statistics correctly
[22m[39m[StatisticsView] Filtering events: {
  totalEvents: [33m0[39m,
  context: [32m'match'[39m,
  selectedTeamId: [1mnull[22m,
  sampleEvent: [90mundefined[39m
}
[StatisticsView] Filtered result: { filteredCount: [33m0[39m }
[StatisticsPanel] Received data: { eventsCount: [33m0[39m, eventCategories: {}, sampleEvents: [] }
[StatisticsPanel] Stats comparison: {
  unfilteredStats: { totalShots: [33m0[39m, totalGoals: [33m0[39m, efficiency: [33m0[39m },
  filteredStats: { totalShots: [33m0[39m, totalGoals: [33m0[39m, efficiency: [33m0[39m }
}

[90mstdout[2m | src/test/integration/StatisticsFlow.test.tsx[2m > [22m[2mStatistics Flow Integration[2m > [22m[2mcalculates zone statistics correctly
[22m[39m[StatisticsView] Filtering events: {
  totalEvents: [33m3[39m,
  context: [32m'match'[39m,
  selectedTeamId: [32m'home-1'[39m,
  sampleEvent: {
    id: [32m'event-1'[39m,
    timestamp: [33m100[39m,
    playerId: [32m'p1'[39m,
    playerName: [90mundefined[39m,
    playerNumber: [90mundefined[39m,
    teamId: [32m'home-1'[39m,
    category: [32m'Shot'[39m,
    action: [32m'Goal'[39m,
    zone: [32m'6m-LW'[39m,
    goalTarget: [33m1[39m,
    context: {
      isCollective: [90mundefined[39m,
      hasOpposition: [90mundefined[39m,
      isCounterAttack: [90mundefined[39m
    },
    defenseFormation: [90mundefined[39m
  }
}
[StatisticsView] Filtered result: { filteredCount: [33m3[39m }
[StatisticsPanel] Received data: {
  eventsCount: [33m3[39m,
  eventCategories: { Shot: [33m2[39m, Sanction: [33m1[39m },
  sampleEvents: [
    {
      id: [32m'event-1'[39m,
      timestamp: [33m100[39m,
      playerId: [32m'p1'[39m,
      playerName: [90mundefined[39m,
      playerNumber: [90mundefined[39m,
      teamId: [32m'home-1'[39m,
      category: [32m'Shot'[39m,
      action: [32m'Goal'[39m,
      zone: [32m'6m-LW'[39m,
      goalTarget: [33m1[39m,
      context: [36m[Object][39m,
      defenseFormation: [90mundefined[39m
    },
    {
      id: [32m'event-2'[39m,
      timestamp: [33m200[39m,
      playerId: [32m'p1'[39m,
      playerName: [90mundefined[39m,
      playerNumber: [90mundefined[39m,
      teamId: [32m'home-1'[39m,
      category: [32m'Sanction'[39m,
      action: [32m'Sanction'[39m,
      zone: [90mundefined[39m,
      goalTarget: [90mundefined[39m,
      context: [36m[Object][39m,
      defenseFormation: [90mundefined[39m
    },
    {
      id: [32m'event-3'[39m,
      timestamp: [33m300[39m,
      playerId: [32m'p1'[39m,
      playerName: [90mundefined[39m,
      playerNumber: [90mundefined[39m,
      teamId: [32m'home-1'[39m,
      category: [32m'Shot'[39m,
      action: [32m'Goal'[39m,
      zone: [32m'9m-CB'[39m,
      goalTarget: [33m3[39m,
      context: [36m[Object][39m,
      defenseFormation: [90mundefined[39m
    }
  ]
}
[StatisticsPanel] Stats comparison: {
  unfilteredStats: { totalShots: [33m2[39m, totalGoals: [33m2[39m, efficiency: [33m100[39m },
  filteredStats: { totalShots: [33m2[39m, totalGoals: [33m2[39m, efficiency: [33m100[39m }
}

 [31m❯[39m src/test/integration/StatisticsFlow.test.tsx [2m([22m[2m2 tests[22m[2m | [22m[31m1 failed[39m[2m)[22m[33m 1440[2mms[22m[39m
     [33m[2m✓[22m[39m renders matches list and opens statistics modal [33m 1318[2mms[22m[39m
[31m     [31m×[31m calculates zone statistics correctly[39m[32m 119[2mms[22m[39m

[31m⎯⎯⎯⎯⎯⎯⎯[39m[1m[41m Failed Tests 1 [49m[22m[31m⎯⎯⎯⎯⎯⎯⎯[39m

[41m[1m FAIL [22m[49m src/test/integration/StatisticsFlow.test.tsx[2m > [22mStatistics Flow Integration[2m > [22mcalculates zone statistics correctly
[31m[1mError[22m: Calling the test function inside another test function is not allowed. Please put it inside "describe" or "suite" so it can be properly collected.[39m
[36m [2m❯[22m src/test/integration/StatisticsFlow.test.tsx:[2m210:5[22m[39m
    [90m208| [39m    [34mexpect[39m(cb9mButton)[33m.[39m[34mtoHaveTextContent[39m([32m'100%'[39m)[33m;[39m
    [90m209| [39m    [34mexpect[39m(cb9mButton)[33m.[39m[34mtoHaveTextContent[39m([32m'(1)'[39m)[33m;[39m
    [90m210| [39m    [34mit[39m([32m'calculates 9m wing statistics correctly'[39m[33m,[39m [35masync[39m () [33m=>[39m {
    [90m   | [39m    [31m^[39m
    [90m211| [39m      [90m// Add a 9m LW shot event[39m
    [90m212| [39m      [35mconst[39m eventsWith9mLW [33m=[39m [

[31m[2m⎯⎯⎯⎯⎯⎯⎯⎯⎯⎯⎯⎯⎯⎯⎯⎯⎯⎯⎯⎯⎯⎯⎯⎯[1/1]⎯[22m[39m


[2m Test Files [22m [1m[31m1 failed[39m[22m[90m (1)[39m
[2m      Tests [22m [1m[31m1 failed[39m[22m[2m | [22m[1m[32m1 passed[39m[22m[90m (2)[39m
[2m   Start at [22m 17:22:48
[2m   Duration [22m 3.22s

[1m[41m FAIL [49m[22m [31mTests failed. Watching for file changes...[39m
       [2mpress [22m[1mh[22m[2m to show help[22m[2m, [22m[2mpress [22m[1mq[22m[2m to quit[22m
c[3J[1m[44m RERUN [49m[22m [34m[2msrc/test/integration/StatisticsFlow.test.tsx [22m[34mx27 [34m[39m
       [2m Filename pattern: [22m[34msrc/test/integration/StatisticsFlow.test.tsx[39m

[90mstdout[2m | src/test/integration/StatisticsFlow.test.tsx[2m > [22m[2mStatistics Flow Integration[2m > [22m[2mrenders matches list and opens statistics modal
[22m[39mMock fetch called with: http://localhost:3000/api/matches
Mock fetch called with: http://localhost:3000/api/teams

[90mstdout[2m | src/test/integration/StatisticsFlow.test.tsx[2m > [22m[2mStatistics Flow Integration[2m > [22m[2mrenders matches list and opens statistics modal
[22m[39m[StatisticsView] Filtering events: {
  totalEvents: [33m0[39m,
  context: [32m'match'[39m,
  selectedTeamId: [1mnull[22m,
  sampleEvent: [90mundefined[39m
}
[StatisticsView] Filtered result: { filteredCount: [33m0[39m }
[StatisticsPanel] Received data: { eventsCount: [33m0[39m, eventCategories: {}, sampleEvents: [] }
[StatisticsPanel] Stats comparison: {
  unfilteredStats: { totalShots: [33m0[39m, totalGoals: [33m0[39m, efficiency: [33m0[39m },
  filteredStats: { totalShots: [33m0[39m, totalGoals: [33m0[39m, efficiency: [33m0[39m }
}
Mock fetch called with: http://localhost:3000/api/matches/match-1

[90mstdout[2m | src/test/integration/StatisticsFlow.test.tsx[2m > [22m[2mStatistics Flow Integration[2m > [22m[2mrenders matches list and opens statistics modal
[22m[39mMock fetch called with: http://localhost:3000/api/game-events/match/match-1

[90mstdout[2m | src/test/integration/StatisticsFlow.test.tsx[2m > [22m[2mStatistics Flow Integration[2m > [22m[2mrenders matches list and opens statistics modal
[22m[39m[StatisticsView] Filtering events: {
  totalEvents: [33m2[39m,
  context: [32m'match'[39m,
  selectedTeamId: [32m'home-1'[39m,
  sampleEvent: {
    id: [32m'event-1'[39m,
    timestamp: [33m100[39m,
    playerId: [32m'p1'[39m,
    playerName: [90mundefined[39m,
    playerNumber: [90mundefined[39m,
    teamId: [32m'home-1'[39m,
    category: [32m'Shot'[39m,
    action: [32m'Goal'[39m,
    zone: [32m'6m-LW'[39m,
    goalTarget: [33m1[39m,
    context: {
      isCollective: [90mundefined[39m,
      hasOpposition: [90mundefined[39m,
      isCounterAttack: [90mundefined[39m
    },
    defenseFormation: [90mundefined[39m
  }
}
[StatisticsView] Filtered result: { filteredCount: [33m2[39m }
[StatisticsPanel] Received data: {
  eventsCount: [33m2[39m,
  eventCategories: { Shot: [33m1[39m, Sanction: [33m1[39m },
  sampleEvents: [
    {
      id: [32m'event-1'[39m,
      timestamp: [33m100[39m,
      playerId: [32m'p1'[39m,
      playerName: [90mundefined[39m,
      playerNumber: [90mundefined[39m,
      teamId: [32m'home-1'[39m,
      category: [32m'Shot'[39m,
      action: [32m'Goal'[39m,
      zone: [32m'6m-LW'[39m,
      goalTarget: [33m1[39m,
      context: [36m[Object][39m,
      defenseFormation: [90mundefined[39m
    },
    {
      id: [32m'event-2'[39m,
      timestamp: [33m200[39m,
      playerId: [32m'p1'[39m,
      playerName: [90mundefined[39m,
      playerNumber: [90mundefined[39m,
      teamId: [32m'home-1'[39m,
      category: [32m'Sanction'[39m,
      action: [32m'Sanction'[39m,
      zone: [90mundefined[39m,
      goalTarget: [90mundefined[39m,
      context: [36m[Object][39m,
      defenseFormation: [90mundefined[39m
    }
  ]
}
[StatisticsPanel] Stats comparison: {
  unfilteredStats: { totalShots: [33m1[39m, totalGoals: [33m1[39m, efficiency: [33m100[39m },
  filteredStats: { totalShots: [33m1[39m, totalGoals: [33m1[39m, efficiency: [33m100[39m }
}

[90mstdout[2m | src/test/integration/StatisticsFlow.test.tsx[2m > [22m[2mStatistics Flow Integration[2m > [22m[2mcalculates zone statistics correctly
[22m[39m[StatisticsView] Filtering events: {
  totalEvents: [33m0[39m,
  context: [32m'match'[39m,
  selectedTeamId: [1mnull[22m,
  sampleEvent: [90mundefined[39m
}
[StatisticsView] Filtered result: { filteredCount: [33m0[39m }
[StatisticsPanel] Received data: { eventsCount: [33m0[39m, eventCategories: {}, sampleEvents: [] }
[StatisticsPanel] Stats comparison: {
  unfilteredStats: { totalShots: [33m0[39m, totalGoals: [33m0[39m, efficiency: [33m0[39m },
  filteredStats: { totalShots: [33m0[39m, totalGoals: [33m0[39m, efficiency: [33m0[39m }
}

[90mstdout[2m | src/test/integration/StatisticsFlow.test.tsx[2m > [22m[2mStatistics Flow Integration[2m > [22m[2mcalculates zone statistics correctly
[22m[39m[StatisticsView] Filtering events: {
  totalEvents: [33m3[39m,
  context: [32m'match'[39m,
  selectedTeamId: [32m'home-1'[39m,
  sampleEvent: {
    id: [32m'event-1'[39m,
    timestamp: [33m100[39m,
    playerId: [32m'p1'[39m,
    playerName: [90mundefined[39m,
    playerNumber: [90mundefined[39m,
    teamId: [32m'home-1'[39m,
    category: [32m'Shot'[39m,
    action: [32m'Goal'[39m,
    zone: [32m'6m-LW'[39m,
    goalTarget: [33m1[39m,
    context: {
      isCollective: [90mundefined[39m,
      hasOpposition: [90mundefined[39m,
      isCounterAttack: [90mundefined[39m
    },
    defenseFormation: [90mundefined[39m
  }
}
[StatisticsView] Filtered result: { filteredCount: [33m3[39m }
[StatisticsPanel] Received data: {
  eventsCount: [33m3[39m,
  eventCategories: { Shot: [33m2[39m, Sanction: [33m1[39m },
  sampleEvents: [
    {
      id: [32m'event-1'[39m,
      timestamp: [33m100[39m,
      playerId: [32m'p1'[39m,
      playerName: [90mundefined[39m,
      playerNumber: [90mundefined[39m,
      teamId: [32m'home-1'[39m,
      category: [32m'Shot'[39m,
      action: [32m'Goal'[39m,
      zone: [32m'6m-LW'[39m,
      goalTarget: [33m1[39m,
      context: [36m[Object][39m,
      defenseFormation: [90mundefined[39m
    },
    {
      id: [32m'event-2'[39m,
      timestamp: [33m200[39m,
      playerId: [32m'p1'[39m,
      playerName: [90mundefined[39m,
      playerNumber: [90mundefined[39m,
      teamId: [32m'home-1'[39m,
      category: [32m'Sanction'[39m,
      action: [32m'Sanction'[39m,
      zone: [90mundefined[39m,
      goalTarget: [90mundefined[39m,
      context: [36m[Object][39m,
      defenseFormation: [90mundefined[39m
    },
    {
      id: [32m'event-3'[39m,
      timestamp: [33m300[39m,
      playerId: [32m'p1'[39m,
      playerName: [90mundefined[39m,
      playerNumber: [90mundefined[39m,
      teamId: [32m'home-1'[39m,
      category: [32m'Shot'[39m,
      action: [32m'Goal'[39m,
      zone: [32m'9m-CB'[39m,
      goalTarget: [33m3[39m,
      context: [36m[Object][39m,
      defenseFormation: [90mundefined[39m
    }
  ]
}
[StatisticsPanel] Stats comparison: {
  unfilteredStats: { totalShots: [33m2[39m, totalGoals: [33m2[39m, efficiency: [33m100[39m },
  filteredStats: { totalShots: [33m2[39m, totalGoals: [33m2[39m, efficiency: [33m100[39m }
}

 [31m❯[39m src/test/integration/StatisticsFlow.test.tsx [2m([22m[2m2 tests[22m[2m | [22m[31m1 failed[39m[2m)[22m[33m 1925[2mms[22m[39m
     [33m[2m✓[22m[39m renders matches list and opens statistics modal [33m 1167[2mms[22m[39m
[31m     [31m×[31m calculates zone statistics correctly[39m[33m 747[2mms[22m[39m

[31m⎯⎯⎯⎯⎯⎯⎯[39m[1m[41m Failed Tests 1 [49m[22m[31m⎯⎯⎯⎯⎯⎯⎯[39m

[41m[1m FAIL [22m[49m src/test/integration/StatisticsFlow.test.tsx[2m > [22mStatistics Flow Integration[2m > [22mcalculates zone statistics correctly
[31m[1mError[22m: Calling the test function inside another test function is not allowed. Please put it inside "describe" or "suite" so it can be properly collected.[39m
[36m [2m❯[22m src/test/integration/StatisticsFlow.test.tsx:[2m210:5[22m[39m
    [90m208| [39m    [34mexpect[39m(cb9mButton)[33m.[39m[34mtoHaveTextContent[39m([32m'100%'[39m)[33m;[39m
    [90m209| [39m    [34mexpect[39m(cb9mButton)[33m.[39m[34mtoHaveTextContent[39m([32m'(1)'[39m)[33m;[39m
    [90m210| [39m    [34mit[39m([32m'calculates 9m wing statistics correctly'[39m[33m,[39m [35masync[39m () [33m=>[39m {
    [90m   | [39m    [31m^[39m
    [90m211| [39m      [90m// Add a 9m LW shot event[39m
    [90m212| [39m      [35mconst[39m eventsWith9mLW [33m=[39m [

[31m[2m⎯⎯⎯⎯⎯⎯⎯⎯⎯⎯⎯⎯⎯⎯⎯⎯⎯⎯⎯⎯⎯⎯⎯⎯[1/1]⎯[22m[39m


[2m Test Files [22m [1m[31m1 failed[39m[22m[90m (1)[39m
[2m      Tests [22m [1m[31m1 failed[39m[22m[2m | [22m[1m[32m1 passed[39m[22m[90m (2)[39m
[2m   Start at [22m 17:23:02
[2m   Duration [22m 3.44s

[1m[41m FAIL [49m[22m [31mTests failed. Watching for file changes...[39m
       [2mpress [22m[1mh[22m[2m to show help[22m[2m, [22m[2mpress [22m[1mq[22m[2m to quit[22m
c[3J[1m[44m RERUN [49m[22m [34m[2msrc/config/zones.ts [22m[34mx28 [34m[39m
       [2m Filename pattern: [22m[34msrc/test/integration/StatisticsFlow.test.tsx[39m

[90mstdout[2m | src/test/integration/StatisticsFlow.test.tsx[2m > [22m[2mStatistics Flow Integration[2m > [22m[2mrenders matches list and opens statistics modal
[22m[39mMock fetch called with: http://localhost:3000/api/matches
Mock fetch called with: http://localhost:3000/api/teams

[90mstdout[2m | src/test/integration/StatisticsFlow.test.tsx[2m > [22m[2mStatistics Flow Integration[2m > [22m[2mrenders matches list and opens statistics modal
[22m[39m[StatisticsView] Filtering events: {
  totalEvents: [33m0[39m,
  context: [32m'match'[39m,
  selectedTeamId: [1mnull[22m,
  sampleEvent: [90mundefined[39m
}
[StatisticsView] Filtered result: { filteredCount: [33m0[39m }
[StatisticsPanel] Received data: { eventsCount: [33m0[39m, eventCategories: {}, sampleEvents: [] }
[StatisticsPanel] Stats comparison: {
  unfilteredStats: { totalShots: [33m0[39m, totalGoals: [33m0[39m, efficiency: [33m0[39m },
  filteredStats: { totalShots: [33m0[39m, totalGoals: [33m0[39m, efficiency: [33m0[39m }
}
Mock fetch called with: http://localhost:3000/api/matches/match-1

[90mstdout[2m | src/test/integration/StatisticsFlow.test.tsx[2m > [22m[2mStatistics Flow Integration[2m > [22m[2mrenders matches list and opens statistics modal
[22m[39mMock fetch called with: http://localhost:3000/api/game-events/match/match-1

[90mstdout[2m | src/test/integration/StatisticsFlow.test.tsx[2m > [22m[2mStatistics Flow Integration[2m > [22m[2mrenders matches list and opens statistics modal
[22m[39m[StatisticsView] Filtering events: {
  totalEvents: [33m2[39m,
  context: [32m'match'[39m,
  selectedTeamId: [32m'home-1'[39m,
  sampleEvent: {
    id: [32m'event-1'[39m,
    timestamp: [33m100[39m,
    playerId: [32m'p1'[39m,
    playerName: [90mundefined[39m,
    playerNumber: [90mundefined[39m,
    teamId: [32m'home-1'[39m,
    category: [32m'Shot'[39m,
    action: [32m'Goal'[39m,
    zone: [32m'6m-LW'[39m,
    goalTarget: [33m1[39m,
    context: {
      isCollective: [90mundefined[39m,
      hasOpposition: [90mundefined[39m,
      isCounterAttack: [90mundefined[39m
    },
    defenseFormation: [90mundefined[39m
  }
}
[StatisticsView] Filtered result: { filteredCount: [33m2[39m }
[StatisticsPanel] Received data: {
  eventsCount: [33m2[39m,
  eventCategories: { Shot: [33m1[39m, Sanction: [33m1[39m },
  sampleEvents: [
    {
      id: [32m'event-1'[39m,
      timestamp: [33m100[39m,
      playerId: [32m'p1'[39m,
      playerName: [90mundefined[39m,
      playerNumber: [90mundefined[39m,
      teamId: [32m'home-1'[39m,
      category: [32m'Shot'[39m,
      action: [32m'Goal'[39m,
      zone: [32m'6m-LW'[39m,
      goalTarget: [33m1[39m,
      context: [36m[Object][39m,
      defenseFormation: [90mundefined[39m
    },
    {
      id: [32m'event-2'[39m,
      timestamp: [33m200[39m,
      playerId: [32m'p1'[39m,
      playerName: [90mundefined[39m,
      playerNumber: [90mundefined[39m,
      teamId: [32m'home-1'[39m,
      category: [32m'Sanction'[39m,
      action: [32m'Sanction'[39m,
      zone: [90mundefined[39m,
      goalTarget: [90mundefined[39m,
      context: [36m[Object][39m,
      defenseFormation: [90mundefined[39m
    }
  ]
}
[StatisticsPanel] Stats comparison: {
  unfilteredStats: { totalShots: [33m1[39m, totalGoals: [33m1[39m, efficiency: [33m100[39m },
  filteredStats: { totalShots: [33m1[39m, totalGoals: [33m1[39m, efficiency: [33m100[39m }
}

[90mstdout[2m | src/test/integration/StatisticsFlow.test.tsx[2m > [22m[2mStatistics Flow Integration[2m > [22m[2mcalculates zone statistics correctly
[22m[39m[StatisticsView] Filtering events: {
  totalEvents: [33m0[39m,
  context: [32m'match'[39m,
  selectedTeamId: [1mnull[22m,
  sampleEvent: [90mundefined[39m
}
[StatisticsView] Filtered result: { filteredCount: [33m0[39m }
[StatisticsPanel] Received data: { eventsCount: [33m0[39m, eventCategories: {}, sampleEvents: [] }
[StatisticsPanel] Stats comparison: {
  unfilteredStats: { totalShots: [33m0[39m, totalGoals: [33m0[39m, efficiency: [33m0[39m },
  filteredStats: { totalShots: [33m0[39m, totalGoals: [33m0[39m, efficiency: [33m0[39m }
}

[90mstdout[2m | src/test/integration/StatisticsFlow.test.tsx[2m > [22m[2mStatistics Flow Integration[2m > [22m[2mcalculates zone statistics correctly
[22m[39m[StatisticsView] Filtering events: {
  totalEvents: [33m3[39m,
  context: [32m'match'[39m,
  selectedTeamId: [32m'home-1'[39m,
  sampleEvent: {
    id: [32m'event-1'[39m,
    timestamp: [33m100[39m,
    playerId: [32m'p1'[39m,
    playerName: [90mundefined[39m,
    playerNumber: [90mundefined[39m,
    teamId: [32m'home-1'[39m,
    category: [32m'Shot'[39m,
    action: [32m'Goal'[39m,
    zone: [32m'6m-LW'[39m,
    goalTarget: [33m1[39m,
    context: {
      isCollective: [90mundefined[39m,
      hasOpposition: [90mundefined[39m,
      isCounterAttack: [90mundefined[39m
    },
    defenseFormation: [90mundefined[39m
  }
}
[StatisticsView] Filtered result: { filteredCount: [33m3[39m }
[StatisticsPanel] Received data: {
  eventsCount: [33m3[39m,
  eventCategories: { Shot: [33m2[39m, Sanction: [33m1[39m },
  sampleEvents: [
    {
      id: [32m'event-1'[39m,
      timestamp: [33m100[39m,
      playerId: [32m'p1'[39m,
      playerName: [90mundefined[39m,
      playerNumber: [90mundefined[39m,
      teamId: [32m'home-1'[39m,
      category: [32m'Shot'[39m,
      action: [32m'Goal'[39m,
      zone: [32m'6m-LW'[39m,
      goalTarget: [33m1[39m,
      context: [36m[Object][39m,
      defenseFormation: [90mundefined[39m
    },
    {
      id: [32m'event-2'[39m,
      timestamp: [33m200[39m,
      playerId: [32m'p1'[39m,
      playerName: [90mundefined[39m,
      playerNumber: [90mundefined[39m,
      teamId: [32m'home-1'[39m,
      category: [32m'Sanction'[39m,
      action: [32m'Sanction'[39m,
      zone: [90mundefined[39m,
      goalTarget: [90mundefined[39m,
      context: [36m[Object][39m,
      defenseFormation: [90mundefined[39m
    },
    {
      id: [32m'event-3'[39m,
      timestamp: [33m300[39m,
      playerId: [32m'p1'[39m,
      playerName: [90mundefined[39m,
      playerNumber: [90mundefined[39m,
      teamId: [32m'home-1'[39m,
      category: [32m'Shot'[39m,
      action: [32m'Goal'[39m,
      zone: [32m'9m-CB'[39m,
      goalTarget: [33m3[39m,
      context: [36m[Object][39m,
      defenseFormation: [90mundefined[39m
    }
  ]
}
[StatisticsPanel] Stats comparison: {
  unfilteredStats: { totalShots: [33m2[39m, totalGoals: [33m2[39m, efficiency: [33m100[39m },
  filteredStats: { totalShots: [33m2[39m, totalGoals: [33m2[39m, efficiency: [33m100[39m }
}

 [31m❯[39m src/test/integration/StatisticsFlow.test.tsx [2m([22m[2m2 tests[22m[2m | [22m[31m1 failed[39m[2m)[22m[33m 1375[2mms[22m[39m
     [33m[2m✓[22m[39m renders matches list and opens statistics modal [33m 1109[2mms[22m[39m
[31m     [31m×[31m calculates zone statistics correctly[39m[32m 264[2mms[22m[39m

[31m⎯⎯⎯⎯⎯⎯⎯[39m[1m[41m Failed Tests 1 [49m[22m[31m⎯⎯⎯⎯⎯⎯⎯[39m

[41m[1m FAIL [22m[49m src/test/integration/StatisticsFlow.test.tsx[2m > [22mStatistics Flow Integration[2m > [22mcalculates zone statistics correctly
[31m[1mError[22m: Calling the test function inside another test function is not allowed. Please put it inside "describe" or "suite" so it can be properly collected.[39m
[36m [2m❯[22m src/test/integration/StatisticsFlow.test.tsx:[2m210:5[22m[39m
    [90m208| [39m    [34mexpect[39m(cb9mButton)[33m.[39m[34mtoHaveTextContent[39m([32m'100%'[39m)[33m;[39m
    [90m209| [39m    [34mexpect[39m(cb9mButton)[33m.[39m[34mtoHaveTextContent[39m([32m'(1)'[39m)[33m;[39m
    [90m210| [39m    [34mit[39m([32m'calculates 9m wing statistics correctly'[39m[33m,[39m [35masync[39m () [33m=>[39m {
    [90m   | [39m    [31m^[39m
    [90m211| [39m      [90m// Add a 9m LW shot event[39m
    [90m212| [39m      [35mconst[39m eventsWith9mLW [33m=[39m [

[31m[2m⎯⎯⎯⎯⎯⎯⎯⎯⎯⎯⎯⎯⎯⎯⎯⎯⎯⎯⎯⎯⎯⎯⎯⎯[1/1]⎯[22m[39m


[2m Test Files [22m [1m[31m1 failed[39m[22m[90m (1)[39m
[2m      Tests [22m [1m[31m1 failed[39m[22m[2m | [22m[1m[32m1 passed[39m[22m[90m (2)[39m
[2m   Start at [22m 17:24:25
[2m   Duration [22m 2.61s

[1m[41m FAIL [49m[22m [31mTests failed. Watching for file changes...[39m
       [2mpress [22m[1mh[22m[2m to show help[22m[2m, [22m[2mpress [22m[1mq[22m[2m to quit[22m
c[3J[1m[44m RERUN [49m[22m [34m[2msrc/test/integration/StatisticsFlow.test.tsx [22m[34mx29 [34m[39m
       [2m Filename pattern: [22m[34msrc/test/integration/StatisticsFlow.test.tsx[39m

[90mstdout[2m | src/test/integration/StatisticsFlow.test.tsx[2m > [22m[2mStatistics Flow Integration[2m > [22m[2mrenders matches list and opens statistics modal
[22m[39mMock fetch called with: http://localhost:3000/api/matches
Mock fetch called with: http://localhost:3000/api/teams

[90mstdout[2m | src/test/integration/StatisticsFlow.test.tsx[2m > [22m[2mStatistics Flow Integration[2m > [22m[2mrenders matches list and opens statistics modal
[22m[39m[StatisticsView] Filtering events: {
  totalEvents: [33m0[39m,
  context: [32m'match'[39m,
  selectedTeamId: [1mnull[22m,
  sampleEvent: [90mundefined[39m
}
[StatisticsView] Filtered result: { filteredCount: [33m0[39m }
[StatisticsPanel] Received data: { eventsCount: [33m0[39m, eventCategories: {}, sampleEvents: [] }
[StatisticsPanel] Stats comparison: {
  unfilteredStats: { totalShots: [33m0[39m, totalGoals: [33m0[39m, efficiency: [33m0[39m },
  filteredStats: { totalShots: [33m0[39m, totalGoals: [33m0[39m, efficiency: [33m0[39m }
}
Mock fetch called with: http://localhost:3000/api/matches/match-1

[90mstdout[2m | src/test/integration/StatisticsFlow.test.tsx[2m > [22m[2mStatistics Flow Integration[2m > [22m[2mrenders matches list and opens statistics modal
[22m[39mMock fetch called with: http://localhost:3000/api/game-events/match/match-1

[90mstdout[2m | src/test/integration/StatisticsFlow.test.tsx[2m > [22m[2mStatistics Flow Integration[2m > [22m[2mrenders matches list and opens statistics modal
[22m[39m[StatisticsView] Filtering events: {
  totalEvents: [33m2[39m,
  context: [32m'match'[39m,
  selectedTeamId: [32m'home-1'[39m,
  sampleEvent: {
    id: [32m'event-1'[39m,
    timestamp: [33m100[39m,
    playerId: [32m'p1'[39m,
    playerName: [90mundefined[39m,
    playerNumber: [90mundefined[39m,
    teamId: [32m'home-1'[39m,
    category: [32m'Shot'[39m,
    action: [32m'Goal'[39m,
    zone: [32m'6m-LW'[39m,
    goalTarget: [33m1[39m,
    context: {
      isCollective: [90mundefined[39m,
      hasOpposition: [90mundefined[39m,
      isCounterAttack: [90mundefined[39m
    },
    defenseFormation: [90mundefined[39m
  }
}
[StatisticsView] Filtered result: { filteredCount: [33m2[39m }
[StatisticsPanel] Received data: {
  eventsCount: [33m2[39m,
  eventCategories: { Shot: [33m1[39m, Sanction: [33m1[39m },
  sampleEvents: [
    {
      id: [32m'event-1'[39m,
      timestamp: [33m100[39m,
      playerId: [32m'p1'[39m,
      playerName: [90mundefined[39m,
      playerNumber: [90mundefined[39m,
      teamId: [32m'home-1'[39m,
      category: [32m'Shot'[39m,
      action: [32m'Goal'[39m,
      zone: [32m'6m-LW'[39m,
      goalTarget: [33m1[39m,
      context: [36m[Object][39m,
      defenseFormation: [90mundefined[39m
    },
    {
      id: [32m'event-2'[39m,
      timestamp: [33m200[39m,
      playerId: [32m'p1'[39m,
      playerName: [90mundefined[39m,
      playerNumber: [90mundefined[39m,
      teamId: [32m'home-1'[39m,
      category: [32m'Sanction'[39m,
      action: [32m'Sanction'[39m,
      zone: [90mundefined[39m,
      goalTarget: [90mundefined[39m,
      context: [36m[Object][39m,
      defenseFormation: [90mundefined[39m
    }
  ]
}
[StatisticsPanel] Stats comparison: {
  unfilteredStats: { totalShots: [33m1[39m, totalGoals: [33m1[39m, efficiency: [33m100[39m },
  filteredStats: { totalShots: [33m1[39m, totalGoals: [33m1[39m, efficiency: [33m100[39m }
}

[90mstdout[2m | src/test/integration/StatisticsFlow.test.tsx[2m > [22m[2mStatistics Flow Integration[2m > [22m[2mcalculates zone statistics correctly
[22m[39m[StatisticsView] Filtering events: {
  totalEvents: [33m0[39m,
  context: [32m'match'[39m,
  selectedTeamId: [1mnull[22m,
  sampleEvent: [90mundefined[39m
}
[StatisticsView] Filtered result: { filteredCount: [33m0[39m }
[StatisticsPanel] Received data: { eventsCount: [33m0[39m, eventCategories: {}, sampleEvents: [] }
[StatisticsPanel] Stats comparison: {
  unfilteredStats: { totalShots: [33m0[39m, totalGoals: [33m0[39m, efficiency: [33m0[39m },
  filteredStats: { totalShots: [33m0[39m, totalGoals: [33m0[39m, efficiency: [33m0[39m }
}

[90mstdout[2m | src/test/integration/StatisticsFlow.test.tsx[2m > [22m[2mStatistics Flow Integration[2m > [22m[2mcalculates zone statistics correctly
[22m[39m[StatisticsView] Filtering events: {
  totalEvents: [33m3[39m,
  context: [32m'match'[39m,
  selectedTeamId: [32m'home-1'[39m,
  sampleEvent: {
    id: [32m'event-1'[39m,
    timestamp: [33m100[39m,
    playerId: [32m'p1'[39m,
    playerName: [90mundefined[39m,
    playerNumber: [90mundefined[39m,
    teamId: [32m'home-1'[39m,
    category: [32m'Shot'[39m,
    action: [32m'Goal'[39m,
    zone: [32m'6m-LW'[39m,
    goalTarget: [33m1[39m,
    context: {
      isCollective: [90mundefined[39m,
      hasOpposition: [90mundefined[39m,
      isCounterAttack: [90mundefined[39m
    },
    defenseFormation: [90mundefined[39m
  }
}
[StatisticsView] Filtered result: { filteredCount: [33m3[39m }
[StatisticsPanel] Received data: {
  eventsCount: [33m3[39m,
  eventCategories: { Shot: [33m2[39m, Sanction: [33m1[39m },
  sampleEvents: [
    {
      id: [32m'event-1'[39m,
      timestamp: [33m100[39m,
      playerId: [32m'p1'[39m,
      playerName: [90mundefined[39m,
      playerNumber: [90mundefined[39m,
      teamId: [32m'home-1'[39m,
      category: [32m'Shot'[39m,
      action: [32m'Goal'[39m,
      zone: [32m'6m-LW'[39m,
      goalTarget: [33m1[39m,
      context: [36m[Object][39m,
      defenseFormation: [90mundefined[39m
    },
    {
      id: [32m'event-2'[39m,
      timestamp: [33m200[39m,
      playerId: [32m'p1'[39m,
      playerName: [90mundefined[39m,
      playerNumber: [90mundefined[39m,
      teamId: [32m'home-1'[39m,
      category: [32m'Sanction'[39m,
      action: [32m'Sanction'[39m,
      zone: [90mundefined[39m,
      goalTarget: [90mundefined[39m,
      context: [36m[Object][39m,
      defenseFormation: [90mundefined[39m
    },
    {
      id: [32m'event-3'[39m,
      timestamp: [33m300[39m,
      playerId: [32m'p1'[39m,
      playerName: [90mundefined[39m,
      playerNumber: [90mundefined[39m,
      teamId: [32m'home-1'[39m,
      category: [32m'Shot'[39m,
      action: [32m'Goal'[39m,
      zone: [32m'9m-CB'[39m,
      goalTarget: [33m3[39m,
      context: [36m[Object][39m,
      defenseFormation: [90mundefined[39m
    }
  ]
}
[StatisticsPanel] Stats comparison: {
  unfilteredStats: { totalShots: [33m2[39m, totalGoals: [33m2[39m, efficiency: [33m100[39m },
  filteredStats: { totalShots: [33m2[39m, totalGoals: [33m2[39m, efficiency: [33m100[39m }
}

 [32m✓[39m src/test/integration/StatisticsFlow.test.tsx [2m([22m[2m2 tests[22m[2m)[22m[33m 2084[2mms[22m[39m
     [33m[2m✓[22m[39m renders matches list and opens statistics modal [33m 1577[2mms[22m[39m
     [33m[2m✓[22m[39m calculates zone statistics correctly [33m 500[2mms[22m[39m

[2m Test Files [22m [1m[32m1 passed[39m[22m[90m (1)[39m
[2m      Tests [22m [1m[32m2 passed[39m[22m[90m (2)[39m
[2m   Start at [22m 17:24:40
[2m   Duration [22m 3.75s

[1m[42m PASS [49m[22m [32mWaiting for file changes...[39m
       [2mpress [22m[1mh[22m[2m to show help[22m[2m, [22m[2mpress [22m[1mq[22m[2m to quit[22m
c[3J[1m[44m RERUN [49m[22m [34m[2msrc/components/stats/ZoneDistribution.tsx [22m[34mx30 [34m[39m
       [2m Filename pattern: [22m[34msrc/test/integration/StatisticsFlow.test.tsx[39m

[90mstdout[2m | src/test/integration/StatisticsFlow.test.tsx[2m > [22m[2mStatistics Flow Integration[2m > [22m[2mrenders matches list and opens statistics modal
[22m[39mMock fetch called with: http://localhost:3000/api/matches
Mock fetch called with: http://localhost:3000/api/teams

[90mstdout[2m | src/test/integration/StatisticsFlow.test.tsx[2m > [22m[2mStatistics Flow Integration[2m > [22m[2mrenders matches list and opens statistics modal
[22m[39m[StatisticsView] Filtering events: {
  totalEvents: [33m0[39m,
  context: [32m'match'[39m,
  selectedTeamId: [1mnull[22m,
  sampleEvent: [90mundefined[39m
}
[StatisticsView] Filtered result: { filteredCount: [33m0[39m }
[StatisticsPanel] Received data: { eventsCount: [33m0[39m, eventCategories: {}, sampleEvents: [] }
[StatisticsPanel] Stats comparison: {
  unfilteredStats: { totalShots: [33m0[39m, totalGoals: [33m0[39m, efficiency: [33m0[39m },
  filteredStats: { totalShots: [33m0[39m, totalGoals: [33m0[39m, efficiency: [33m0[39m }
}
Mock fetch called with: http://localhost:3000/api/matches/match-1

[90mstdout[2m | src/test/integration/StatisticsFlow.test.tsx[2m > [22m[2mStatistics Flow Integration[2m > [22m[2mrenders matches list and opens statistics modal
[22m[39mMock fetch called with: http://localhost:3000/api/game-events/match/match-1

[90mstdout[2m | src/test/integration/StatisticsFlow.test.tsx[2m > [22m[2mStatistics Flow Integration[2m > [22m[2mrenders matches list and opens statistics modal
[22m[39m[StatisticsView] Filtering events: {
  totalEvents: [33m2[39m,
  context: [32m'match'[39m,
  selectedTeamId: [32m'home-1'[39m,
  sampleEvent: {
    id: [32m'event-1'[39m,
    timestamp: [33m100[39m,
    playerId: [32m'p1'[39m,
    playerName: [90mundefined[39m,
    playerNumber: [90mundefined[39m,
    teamId: [32m'home-1'[39m,
    category: [32m'Shot'[39m,
    action: [32m'Goal'[39m,
    zone: [32m'6m-LW'[39m,
    goalTarget: [33m1[39m,
    context: {
      isCollective: [90mundefined[39m,
      hasOpposition: [90mundefined[39m,
      isCounterAttack: [90mundefined[39m
    },
    defenseFormation: [90mundefined[39m
  }
}
[StatisticsView] Filtered result: { filteredCount: [33m2[39m }
[StatisticsPanel] Received data: {
  eventsCount: [33m2[39m,
  eventCategories: { Shot: [33m1[39m, Sanction: [33m1[39m },
  sampleEvents: [
    {
      id: [32m'event-1'[39m,
      timestamp: [33m100[39m,
      playerId: [32m'p1'[39m,
      playerName: [90mundefined[39m,
      playerNumber: [90mundefined[39m,
      teamId: [32m'home-1'[39m,
      category: [32m'Shot'[39m,
      action: [32m'Goal'[39m,
      zone: [32m'6m-LW'[39m,
      goalTarget: [33m1[39m,
      context: [36m[Object][39m,
      defenseFormation: [90mundefined[39m
    },
    {
      id: [32m'event-2'[39m,
      timestamp: [33m200[39m,
      playerId: [32m'p1'[39m,
      playerName: [90mundefined[39m,
      playerNumber: [90mundefined[39m,
      teamId: [32m'home-1'[39m,
      category: [32m'Sanction'[39m,
      action: [32m'Sanction'[39m,
      zone: [90mundefined[39m,
      goalTarget: [90mundefined[39m,
      context: [36m[Object][39m,
      defenseFormation: [90mundefined[39m
    }
  ]
}
[StatisticsPanel] Stats comparison: {
  unfilteredStats: { totalShots: [33m1[39m, totalGoals: [33m1[39m, efficiency: [33m100[39m },
  filteredStats: { totalShots: [33m1[39m, totalGoals: [33m1[39m, efficiency: [33m100[39m }
}

[90mstdout[2m | src/test/integration/StatisticsFlow.test.tsx[2m > [22m[2mStatistics Flow Integration[2m > [22m[2mcalculates zone statistics correctly
[22m[39m[StatisticsView] Filtering events: {
  totalEvents: [33m0[39m,
  context: [32m'match'[39m,
  selectedTeamId: [1mnull[22m,
  sampleEvent: [90mundefined[39m
}
[StatisticsView] Filtered result: { filteredCount: [33m0[39m }
[StatisticsPanel] Received data: { eventsCount: [33m0[39m, eventCategories: {}, sampleEvents: [] }
[StatisticsPanel] Stats comparison: {
  unfilteredStats: { totalShots: [33m0[39m, totalGoals: [33m0[39m, efficiency: [33m0[39m },
  filteredStats: { totalShots: [33m0[39m, totalGoals: [33m0[39m, efficiency: [33m0[39m }
}

[90mstdout[2m | src/test/integration/StatisticsFlow.test.tsx[2m > [22m[2mStatistics Flow Integration[2m > [22m[2mcalculates zone statistics correctly
[22m[39m[StatisticsView] Filtering events: {
  totalEvents: [33m3[39m,
  context: [32m'match'[39m,
  selectedTeamId: [32m'home-1'[39m,
  sampleEvent: {
    id: [32m'event-1'[39m,
    timestamp: [33m100[39m,
    playerId: [32m'p1'[39m,
    playerName: [90mundefined[39m,
    playerNumber: [90mundefined[39m,
    teamId: [32m'home-1'[39m,
    category: [32m'Shot'[39m,
    action: [32m'Goal'[39m,
    zone: [32m'6m-LW'[39m,
    goalTarget: [33m1[39m,
    context: {
      isCollective: [90mundefined[39m,
      hasOpposition: [90mundefined[39m,
      isCounterAttack: [90mundefined[39m
    },
    defenseFormation: [90mundefined[39m
  }
}
[StatisticsView] Filtered result: { filteredCount: [33m3[39m }
[StatisticsPanel] Received data: {
  eventsCount: [33m3[39m,
  eventCategories: { Shot: [33m2[39m, Sanction: [33m1[39m },
  sampleEvents: [
    {
      id: [32m'event-1'[39m,
      timestamp: [33m100[39m,
      playerId: [32m'p1'[39m,
      playerName: [90mundefined[39m,
      playerNumber: [90mundefined[39m,
      teamId: [32m'home-1'[39m,
      category: [32m'Shot'[39m,
      action: [32m'Goal'[39m,
      zone: [32m'6m-LW'[39m,
      goalTarget: [33m1[39m,
      context: [36m[Object][39m,
      defenseFormation: [90mundefined[39m
    },
    {
      id: [32m'event-2'[39m,
      timestamp: [33m200[39m,
      playerId: [32m'p1'[39m,
      playerName: [90mundefined[39m,
      playerNumber: [90mundefined[39m,
      teamId: [32m'home-1'[39m,
      category: [32m'Sanction'[39m,
      action: [32m'Sanction'[39m,
      zone: [90mundefined[39m,
      goalTarget: [90mundefined[39m,
      context: [36m[Object][39m,
      defenseFormation: [90mundefined[39m
    },
    {
      id: [32m'event-3'[39m,
      timestamp: [33m300[39m,
      playerId: [32m'p1'[39m,
      playerName: [90mundefined[39m,
      playerNumber: [90mundefined[39m,
      teamId: [32m'home-1'[39m,
      category: [32m'Shot'[39m,
      action: [32m'Goal'[39m,
      zone: [32m'9m-CB'[39m,
      goalTarget: [33m3[39m,
      context: [36m[Object][39m,
      defenseFormation: [90mundefined[39m
    }
  ]
}
[StatisticsPanel] Stats comparison: {
  unfilteredStats: { totalShots: [33m2[39m, totalGoals: [33m2[39m, efficiency: [33m100[39m },
  filteredStats: { totalShots: [33m2[39m, totalGoals: [33m2[39m, efficiency: [33m100[39m }
}

 [32m✓[39m src/test/integration/StatisticsFlow.test.tsx [2m([22m[2m2 tests[22m[2m)[22m[33m 2587[2mms[22m[39m
     [33m[2m✓[22m[39m renders matches list and opens statistics modal [33m 2218[2mms[22m[39m
     [33m[2m✓[22m[39m calculates zone statistics correctly [33m 365[2mms[22m[39m

[2m Test Files [22m [1m[32m1 passed[39m[22m[90m (1)[39m
[2m      Tests [22m [1m[32m2 passed[39m[22m[90m (2)[39m
[2m   Start at [22m 17:24:51
[2m   Duration [22m 4.37s

[1m[42m PASS [49m[22m [32mWaiting for file changes...[39m
       [2mpress [22m[1mh[22m[2m to show help[22m[2m, [22m[2mpress [22m[1mq[22m[2m to quit[22m
c[3J[1m[44m RERUN [49m[22m [34m[2msrc/utils/eventTransformers.ts [22m[34mx31 [34m[39m
       [2m Filename pattern: [22m[34msrc/test/integration/StatisticsFlow.test.tsx[39m

[90mstdout[2m | src/test/integration/StatisticsFlow.test.tsx[2m > [22m[2mStatistics Flow Integration[2m > [22m[2mrenders matches list and opens statistics modal
[22m[39mMock fetch called with: http://localhost:3000/api/matches
Mock fetch called with: http://localhost:3000/api/teams

[90mstdout[2m | src/test/integration/StatisticsFlow.test.tsx[2m > [22m[2mStatistics Flow Integration[2m > [22m[2mrenders matches list and opens statistics modal
[22m[39m[StatisticsView] Filtering events: {
  totalEvents: [33m0[39m,
  context: [32m'match'[39m,
  selectedTeamId: [1mnull[22m,
  sampleEvent: [90mundefined[39m
}
[StatisticsView] Filtered result: { filteredCount: [33m0[39m }
[StatisticsPanel] Received data: { eventsCount: [33m0[39m, eventCategories: {}, sampleEvents: [] }
[StatisticsPanel] Stats comparison: {
  unfilteredStats: { totalShots: [33m0[39m, totalGoals: [33m0[39m, efficiency: [33m0[39m },
  filteredStats: { totalShots: [33m0[39m, totalGoals: [33m0[39m, efficiency: [33m0[39m }
}
Mock fetch called with: http://localhost:3000/api/matches/match-1

[90mstdout[2m | src/test/integration/StatisticsFlow.test.tsx[2m > [22m[2mStatistics Flow Integration[2m > [22m[2mrenders matches list and opens statistics modal
[22m[39mMock fetch called with: http://localhost:3000/api/game-events/match/match-1

[90mstdout[2m | src/test/integration/StatisticsFlow.test.tsx[2m > [22m[2mStatistics Flow Integration[2m > [22m[2mrenders matches list and opens statistics modal
[22m[39m[StatisticsView] Filtering events: {
  totalEvents: [33m2[39m,
  context: [32m'match'[39m,
  selectedTeamId: [32m'home-1'[39m,
  sampleEvent: {
    id: [32m'event-1'[39m,
    timestamp: [33m100[39m,
    playerId: [32m'p1'[39m,
    playerName: [90mundefined[39m,
    playerNumber: [90mundefined[39m,
    teamId: [32m'home-1'[39m,
    category: [32m'Shot'[39m,
    action: [32m'Goal'[39m,
    zone: [32m'6m-LW'[39m,
    goalTarget: [33m1[39m,
    context: {
      isCollective: [90mundefined[39m,
      hasOpposition: [90mundefined[39m,
      isCounterAttack: [90mundefined[39m
    },
    defenseFormation: [90mundefined[39m
  }
}
[StatisticsView] Filtered result: { filteredCount: [33m2[39m }
[StatisticsPanel] Received data: {
  eventsCount: [33m2[39m,
  eventCategories: { Shot: [33m1[39m, Sanction: [33m1[39m },
  sampleEvents: [
    {
      id: [32m'event-1'[39m,
      timestamp: [33m100[39m,
      playerId: [32m'p1'[39m,
      playerName: [90mundefined[39m,
      playerNumber: [90mundefined[39m,
      teamId: [32m'home-1'[39m,
      category: [32m'Shot'[39m,
      action: [32m'Goal'[39m,
      zone: [32m'6m-LW'[39m,
      goalTarget: [33m1[39m,
      context: [36m[Object][39m,
      defenseFormation: [90mundefined[39m
    },
    {
      id: [32m'event-2'[39m,
      timestamp: [33m200[39m,
      playerId: [32m'p1'[39m,
      playerName: [90mundefined[39m,
      playerNumber: [90mundefined[39m,
      teamId: [32m'home-1'[39m,
      category: [32m'Sanction'[39m,
      action: [32m'Sanction'[39m,
      zone: [90mundefined[39m,
      goalTarget: [90mundefined[39m,
      context: [36m[Object][39m,
      defenseFormation: [90mundefined[39m
    }
  ]
}
[StatisticsPanel] Stats comparison: {
  unfilteredStats: { totalShots: [33m1[39m, totalGoals: [33m1[39m, efficiency: [33m100[39m },
  filteredStats: { totalShots: [33m1[39m, totalGoals: [33m1[39m, efficiency: [33m100[39m }
}

[90mstdout[2m | src/test/integration/StatisticsFlow.test.tsx[2m > [22m[2mStatistics Flow Integration[2m > [22m[2mcalculates zone statistics correctly
[22m[39m[StatisticsView] Filtering events: {
  totalEvents: [33m0[39m,
  context: [32m'match'[39m,
  selectedTeamId: [1mnull[22m,
  sampleEvent: [90mundefined[39m
}
[StatisticsView] Filtered result: { filteredCount: [33m0[39m }
[StatisticsPanel] Received data: { eventsCount: [33m0[39m, eventCategories: {}, sampleEvents: [] }
[StatisticsPanel] Stats comparison: {
  unfilteredStats: { totalShots: [33m0[39m, totalGoals: [33m0[39m, efficiency: [33m0[39m },
  filteredStats: { totalShots: [33m0[39m, totalGoals: [33m0[39m, efficiency: [33m0[39m }
}

[90mstdout[2m | src/test/integration/StatisticsFlow.test.tsx[2m > [22m[2mStatistics Flow Integration[2m > [22m[2mcalculates zone statistics correctly
[22m[39m[StatisticsView] Filtering events: {
  totalEvents: [33m3[39m,
  context: [32m'match'[39m,
  selectedTeamId: [32m'home-1'[39m,
  sampleEvent: {
    id: [32m'event-1'[39m,
    timestamp: [33m100[39m,
    playerId: [32m'p1'[39m,
    playerName: [90mundefined[39m,
    playerNumber: [90mundefined[39m,
    teamId: [32m'home-1'[39m,
    category: [32m'Shot'[39m,
    action: [32m'Goal'[39m,
    zone: [32m'6m-LW'[39m,
    goalTarget: [33m1[39m,
    context: {
      isCollective: [90mundefined[39m,
      hasOpposition: [90mundefined[39m,
      isCounterAttack: [90mundefined[39m
    },
    defenseFormation: [90mundefined[39m
  }
}
[StatisticsView] Filtered result: { filteredCount: [33m3[39m }
[StatisticsPanel] Received data: {
  eventsCount: [33m3[39m,
  eventCategories: { Shot: [33m2[39m, Sanction: [33m1[39m },
  sampleEvents: [
    {
      id: [32m'event-1'[39m,
      timestamp: [33m100[39m,
      playerId: [32m'p1'[39m,
      playerName: [90mundefined[39m,
      playerNumber: [90mundefined[39m,
      teamId: [32m'home-1'[39m,
      category: [32m'Shot'[39m,
      action: [32m'Goal'[39m,
      zone: [32m'6m-LW'[39m,
      goalTarget: [33m1[39m,
      context: [36m[Object][39m,
      defenseFormation: [90mundefined[39m
    },
    {
      id: [32m'event-2'[39m,
      timestamp: [33m200[39m,
      playerId: [32m'p1'[39m,
      playerName: [90mundefined[39m,
      playerNumber: [90mundefined[39m,
      teamId: [32m'home-1'[39m,
      category: [32m'Sanction'[39m,
      action: [32m'Sanction'[39m,
      zone: [90mundefined[39m,
      goalTarget: [90mundefined[39m,
      context: [36m[Object][39m,
      defenseFormation: [90mundefined[39m
    },
    {
      id: [32m'event-3'[39m,
      timestamp: [33m300[39m,
      playerId: [32m'p1'[39m,
      playerName: [90mundefined[39m,
      playerNumber: [90mundefined[39m,
      teamId: [32m'home-1'[39m,
      category: [32m'Shot'[39m,
      action: [32m'Goal'[39m,
      zone: [32m'9m-CB'[39m,
      goalTarget: [33m3[39m,
      context: [36m[Object][39m,
      defenseFormation: [90mundefined[39m
    }
  ]
}
[StatisticsPanel] Stats comparison: {
  unfilteredStats: { totalShots: [33m2[39m, totalGoals: [33m2[39m, efficiency: [33m100[39m },
  filteredStats: { totalShots: [33m2[39m, totalGoals: [33m2[39m, efficiency: [33m100[39m }
}

 [32m✓[39m src/test/integration/StatisticsFlow.test.tsx [2m([22m[2m2 tests[22m[2m)[22m[33m 1436[2mms[22m[39m
     [33m[2m✓[22m[39m renders matches list and opens statistics modal [33m 1185[2mms[22m[39m

[2m Test Files [22m [1m[32m1 passed[39m[22m[90m (1)[39m
[2m      Tests [22m [1m[32m2 passed[39m[22m[90m (2)[39m
[2m   Start at [22m 17:28:11
[2m   Duration [22m 3.47s

[1m[42m PASS [49m[22m [32mWaiting for file changes...[39m
       [2mpress [22m[1mh[22m[2m to show help[22m[2m, [22m[2mpress [22m[1mq[22m[2m to quit[22m
c[3J[1m[44m RERUN [49m[22m [34m[2msrc/utils/eventTransformers.ts [22m[34mx32 [34m[39m
       [2m Filename pattern: [22m[34msrc/test/integration/StatisticsFlow.test.tsx[39m

[90mstdout[2m | src/test/integration/StatisticsFlow.test.tsx[2m > [22m[2mStatistics Flow Integration[2m > [22m[2mrenders matches list and opens statistics modal
[22m[39mMock fetch called with: http://localhost:3000/api/matches
Mock fetch called with: http://localhost:3000/api/teams

[90mstdout[2m | src/test/integration/StatisticsFlow.test.tsx[2m > [22m[2mStatistics Flow Integration[2m > [22m[2mrenders matches list and opens statistics modal
[22m[39m[StatisticsView] Filtering events: {
  totalEvents: [33m0[39m,
  context: [32m'match'[39m,
  selectedTeamId: [1mnull[22m,
  sampleEvent: [90mundefined[39m
}
[StatisticsView] Filtered result: { filteredCount: [33m0[39m }
[StatisticsPanel] Received data: { eventsCount: [33m0[39m, eventCategories: {}, sampleEvents: [] }
[StatisticsPanel] Stats comparison: {
  unfilteredStats: { totalShots: [33m0[39m, totalGoals: [33m0[39m, efficiency: [33m0[39m },
  filteredStats: { totalShots: [33m0[39m, totalGoals: [33m0[39m, efficiency: [33m0[39m }
}
Mock fetch called with: http://localhost:3000/api/matches/match-1

[90mstdout[2m | src/test/integration/StatisticsFlow.test.tsx[2m > [22m[2mStatistics Flow Integration[2m > [22m[2mrenders matches list and opens statistics modal
[22m[39mMock fetch called with: http://localhost:3000/api/game-events/match/match-1

[90mstdout[2m | src/test/integration/StatisticsFlow.test.tsx[2m > [22m[2mStatistics Flow Integration[2m > [22m[2mrenders matches list and opens statistics modal
[22m[39m[StatisticsView] Filtering events: {
  totalEvents: [33m2[39m,
  context: [32m'match'[39m,
  selectedTeamId: [32m'home-1'[39m,
  sampleEvent: {
    id: [32m'event-1'[39m,
    timestamp: [33m100[39m,
    playerId: [32m'p1'[39m,
    playerName: [90mundefined[39m,
    playerNumber: [90mundefined[39m,
    teamId: [32m'home-1'[39m,
    category: [32m'Shot'[39m,
    action: [32m'Goal'[39m,
    zone: [32m'6m-LW'[39m,
    goalTarget: [33m1[39m,
    context: {
      isCollective: [90mundefined[39m,
      hasOpposition: [90mundefined[39m,
      isCounterAttack: [90mundefined[39m
    },
    defenseFormation: [90mundefined[39m
  }
}
[StatisticsView] Filtered result: { filteredCount: [33m2[39m }
[StatisticsPanel] Received data: {
  eventsCount: [33m2[39m,
  eventCategories: { Shot: [33m1[39m, Sanction: [33m1[39m },
  sampleEvents: [
    {
      id: [32m'event-1'[39m,
      timestamp: [33m100[39m,
      playerId: [32m'p1'[39m,
      playerName: [90mundefined[39m,
      playerNumber: [90mundefined[39m,
      teamId: [32m'home-1'[39m,
      category: [32m'Shot'[39m,
      action: [32m'Goal'[39m,
      zone: [32m'6m-LW'[39m,
      goalTarget: [33m1[39m,
      context: [36m[Object][39m,
      defenseFormation: [90mundefined[39m
    },
    {
      id: [32m'event-2'[39m,
      timestamp: [33m200[39m,
      playerId: [32m'p1'[39m,
      playerName: [90mundefined[39m,
      playerNumber: [90mundefined[39m,
      teamId: [32m'home-1'[39m,
      category: [32m'Sanction'[39m,
      action: [32m'Sanction'[39m,
      zone: [90mundefined[39m,
      goalTarget: [90mundefined[39m,
      context: [36m[Object][39m,
      defenseFormation: [90mundefined[39m
    }
  ]
}
[StatisticsPanel] Stats comparison: {
  unfilteredStats: { totalShots: [33m1[39m, totalGoals: [33m1[39m, efficiency: [33m100[39m },
  filteredStats: { totalShots: [33m1[39m, totalGoals: [33m1[39m, efficiency: [33m100[39m }
}

[90mstdout[2m | src/test/integration/StatisticsFlow.test.tsx[2m > [22m[2mStatistics Flow Integration[2m > [22m[2mcalculates zone statistics correctly
[22m[39m[StatisticsView] Filtering events: {
  totalEvents: [33m0[39m,
  context: [32m'match'[39m,
  selectedTeamId: [1mnull[22m,
  sampleEvent: [90mundefined[39m
}
[StatisticsView] Filtered result: { filteredCount: [33m0[39m }
[StatisticsPanel] Received data: { eventsCount: [33m0[39m, eventCategories: {}, sampleEvents: [] }
[StatisticsPanel] Stats comparison: {
  unfilteredStats: { totalShots: [33m0[39m, totalGoals: [33m0[39m, efficiency: [33m0[39m },
  filteredStats: { totalShots: [33m0[39m, totalGoals: [33m0[39m, efficiency: [33m0[39m }
}

[90mstdout[2m | src/test/integration/StatisticsFlow.test.tsx[2m > [22m[2mStatistics Flow Integration[2m > [22m[2mcalculates zone statistics correctly
[22m[39m[StatisticsView] Filtering events: {
  totalEvents: [33m3[39m,
  context: [32m'match'[39m,
  selectedTeamId: [32m'home-1'[39m,
  sampleEvent: {
    id: [32m'event-1'[39m,
    timestamp: [33m100[39m,
    playerId: [32m'p1'[39m,
    playerName: [90mundefined[39m,
    playerNumber: [90mundefined[39m,
    teamId: [32m'home-1'[39m,
    category: [32m'Shot'[39m,
    action: [32m'Goal'[39m,
    zone: [32m'6m-LW'[39m,
    goalTarget: [33m1[39m,
    context: {
      isCollective: [90mundefined[39m,
      hasOpposition: [90mundefined[39m,
      isCounterAttack: [90mundefined[39m
    },
    defenseFormation: [90mundefined[39m
  }
}
[StatisticsView] Filtered result: { filteredCount: [33m3[39m }
[StatisticsPanel] Received data: {
  eventsCount: [33m3[39m,
  eventCategories: { Shot: [33m2[39m, Sanction: [33m1[39m },
  sampleEvents: [
    {
      id: [32m'event-1'[39m,
      timestamp: [33m100[39m,
      playerId: [32m'p1'[39m,
      playerName: [90mundefined[39m,
      playerNumber: [90mundefined[39m,
      teamId: [32m'home-1'[39m,
      category: [32m'Shot'[39m,
      action: [32m'Goal'[39m,
      zone: [32m'6m-LW'[39m,
      goalTarget: [33m1[39m,
      context: [36m[Object][39m,
      defenseFormation: [90mundefined[39m
    },
    {
      id: [32m'event-2'[39m,
      timestamp: [33m200[39m,
      playerId: [32m'p1'[39m,
      playerName: [90mundefined[39m,
      playerNumber: [90mundefined[39m,
      teamId: [32m'home-1'[39m,
      category: [32m'Sanction'[39m,
      action: [32m'Sanction'[39m,
      zone: [90mundefined[39m,
      goalTarget: [90mundefined[39m,
      context: [36m[Object][39m,
      defenseFormation: [90mundefined[39m
    },
    {
      id: [32m'event-3'[39m,
      timestamp: [33m300[39m,
      playerId: [32m'p1'[39m,
      playerName: [90mundefined[39m,
      playerNumber: [90mundefined[39m,
      teamId: [32m'home-1'[39m,
      category: [32m'Shot'[39m,
      action: [32m'Goal'[39m,
      zone: [32m'9m-CB'[39m,
      goalTarget: [33m3[39m,
      context: [36m[Object][39m,
      defenseFormation: [90mundefined[39m
    }
  ]
}
[StatisticsPanel] Stats comparison: {
  unfilteredStats: { totalShots: [33m2[39m, totalGoals: [33m2[39m, efficiency: [33m100[39m },
  filteredStats: { totalShots: [33m2[39m, totalGoals: [33m2[39m, efficiency: [33m100[39m }
}

 [32m✓[39m src/test/integration/StatisticsFlow.test.tsx [2m([22m[2m2 tests[22m[2m)[22m[33m 2000[2mms[22m[39m
     [33m[2m✓[22m[39m renders matches list and opens statistics modal [33m 1226[2mms[22m[39m
     [33m[2m✓[22m[39m calculates zone statistics correctly [33m 769[2mms[22m[39m

[2m Test Files [22m [1m[32m1 passed[39m[22m[90m (1)[39m
[2m      Tests [22m [1m[32m2 passed[39m[22m[90m (2)[39m
[2m   Start at [22m 17:29:59
[2m   Duration [22m 3.07s

[1m[42m PASS [49m[22m [32mWaiting for file changes...[39m
       [2mpress [22m[1mh[22m[2m to show help[22m[2m, [22m[2mpress [22m[1mq[22m[2m to quit[22m
c[3J[1m[44m RERUN [49m[22m [34m[2msrc/test/setup.ts [22m[34mx33 [34m[39m
       [2m Filename pattern: [22m[34msrc/test/integration/StatisticsFlow.test.tsx[39m

[90mstdout[2m | src/test/integration/StatisticsFlow.test.tsx[2m > [22m[2mStatistics Flow Integration[2m > [22m[2mrenders matches list and opens statistics modal
[22m[39mMock fetch called with: http://localhost:3000/api/matches
Mock fetch called with: http://localhost:3000/api/teams

[90mstdout[2m | src/test/integration/StatisticsFlow.test.tsx[2m > [22m[2mStatistics Flow Integration[2m > [22m[2mrenders matches list and opens statistics modal
[22m[39m[StatisticsView] Filtering events: {
  totalEvents: [33m0[39m,
  context: [32m'match'[39m,
  selectedTeamId: [1mnull[22m,
  sampleEvent: [90mundefined[39m
}
[StatisticsView] Filtered result: { filteredCount: [33m0[39m }
[StatisticsPanel] Received data: { eventsCount: [33m0[39m, eventCategories: {}, sampleEvents: [] }
[StatisticsPanel] Stats comparison: {
  unfilteredStats: { totalShots: [33m0[39m, totalGoals: [33m0[39m, efficiency: [33m0[39m },
  filteredStats: { totalShots: [33m0[39m, totalGoals: [33m0[39m, efficiency: [33m0[39m }
}
Mock fetch called with: http://localhost:3000/api/matches/match-1

[90mstdout[2m | src/test/integration/StatisticsFlow.test.tsx[2m > [22m[2mStatistics Flow Integration[2m > [22m[2mrenders matches list and opens statistics modal
[22m[39mMock fetch called with: http://localhost:3000/api/game-events/match/match-1

[90mstdout[2m | src/test/integration/StatisticsFlow.test.tsx[2m > [22m[2mStatistics Flow Integration[2m > [22m[2mrenders matches list and opens statistics modal
[22m[39m[StatisticsView] Filtering events: {
  totalEvents: [33m2[39m,
  context: [32m'match'[39m,
  selectedTeamId: [32m'home-1'[39m,
  sampleEvent: {
    id: [32m'event-1'[39m,
    timestamp: [33m100[39m,
    playerId: [32m'p1'[39m,
    playerName: [90mundefined[39m,
    playerNumber: [90mundefined[39m,
    teamId: [32m'home-1'[39m,
    category: [32m'Shot'[39m,
    action: [32m'Goal'[39m,
    zone: [32m'6m-LW'[39m,
    goalTarget: [33m1[39m,
    context: {
      isCollective: [90mundefined[39m,
      hasOpposition: [90mundefined[39m,
      isCounterAttack: [90mundefined[39m
    },
    defenseFormation: [90mundefined[39m
  }
}
[StatisticsView] Filtered result: { filteredCount: [33m2[39m }
[StatisticsPanel] Received data: {
  eventsCount: [33m2[39m,
  eventCategories: { Shot: [33m1[39m, Sanction: [33m1[39m },
  sampleEvents: [
    {
      id: [32m'event-1'[39m,
      timestamp: [33m100[39m,
      playerId: [32m'p1'[39m,
      playerName: [90mundefined[39m,
      playerNumber: [90mundefined[39m,
      teamId: [32m'home-1'[39m,
      category: [32m'Shot'[39m,
      action: [32m'Goal'[39m,
      zone: [32m'6m-LW'[39m,
      goalTarget: [33m1[39m,
      context: [36m[Object][39m,
      defenseFormation: [90mundefined[39m
    },
    {
      id: [32m'event-2'[39m,
      timestamp: [33m200[39m,
      playerId: [32m'p1'[39m,
      playerName: [90mundefined[39m,
      playerNumber: [90mundefined[39m,
      teamId: [32m'home-1'[39m,
      category: [32m'Sanction'[39m,
      action: [32m'Sanction'[39m,
      zone: [90mundefined[39m,
      goalTarget: [90mundefined[39m,
      context: [36m[Object][39m,
      defenseFormation: [90mundefined[39m
    }
  ]
}
[StatisticsPanel] Stats comparison: {
  unfilteredStats: { totalShots: [33m1[39m, totalGoals: [33m1[39m, efficiency: [33m100[39m },
  filteredStats: { totalShots: [33m1[39m, totalGoals: [33m1[39m, efficiency: [33m100[39m }
}

[90mstdout[2m | src/test/integration/StatisticsFlow.test.tsx[2m > [22m[2mStatistics Flow Integration[2m > [22m[2mcalculates zone statistics correctly
[22m[39m[StatisticsView] Filtering events: {
  totalEvents: [33m0[39m,
  context: [32m'match'[39m,
  selectedTeamId: [1mnull[22m,
  sampleEvent: [90mundefined[39m
}
[StatisticsView] Filtered result: { filteredCount: [33m0[39m }
[StatisticsPanel] Received data: { eventsCount: [33m0[39m, eventCategories: {}, sampleEvents: [] }
[StatisticsPanel] Stats comparison: {
  unfilteredStats: { totalShots: [33m0[39m, totalGoals: [33m0[39m, efficiency: [33m0[39m },
  filteredStats: { totalShots: [33m0[39m, totalGoals: [33m0[39m, efficiency: [33m0[39m }
}

[90mstdout[2m | src/test/integration/StatisticsFlow.test.tsx[2m > [22m[2mStatistics Flow Integration[2m > [22m[2mcalculates zone statistics correctly
[22m[39m[StatisticsView] Filtering events: {
  totalEvents: [33m3[39m,
  context: [32m'match'[39m,
  selectedTeamId: [32m'home-1'[39m,
  sampleEvent: {
    id: [32m'event-1'[39m,
    timestamp: [33m100[39m,
    playerId: [32m'p1'[39m,
    playerName: [90mundefined[39m,
    playerNumber: [90mundefined[39m,
    teamId: [32m'home-1'[39m,
    category: [32m'Shot'[39m,
    action: [32m'Goal'[39m,
    zone: [32m'6m-LW'[39m,
    goalTarget: [33m1[39m,
    context: {
      isCollective: [90mundefined[39m,
      hasOpposition: [90mundefined[39m,
      isCounterAttack: [90mundefined[39m
    },
    defenseFormation: [90mundefined[39m
  }
}
[StatisticsView] Filtered result: { filteredCount: [33m3[39m }
[StatisticsPanel] Received data: {
  eventsCount: [33m3[39m,
  eventCategories: { Shot: [33m2[39m, Sanction: [33m1[39m },
  sampleEvents: [
    {
      id: [32m'event-1'[39m,
      timestamp: [33m100[39m,
      playerId: [32m'p1'[39m,
      playerName: [90mundefined[39m,
      playerNumber: [90mundefined[39m,
      teamId: [32m'home-1'[39m,
      category: [32m'Shot'[39m,
      action: [32m'Goal'[39m,
      zone: [32m'6m-LW'[39m,
      goalTarget: [33m1[39m,
      context: [36m[Object][39m,
      defenseFormation: [90mundefined[39m
    },
    {
      id: [32m'event-2'[39m,
      timestamp: [33m200[39m,
      playerId: [32m'p1'[39m,
      playerName: [90mundefined[39m,
      playerNumber: [90mundefined[39m,
      teamId: [32m'home-1'[39m,
      category: [32m'Sanction'[39m,
      action: [32m'Sanction'[39m,
      zone: [90mundefined[39m,
      goalTarget: [90mundefined[39m,
      context: [36m[Object][39m,
      defenseFormation: [90mundefined[39m
    },
    {
      id: [32m'event-3'[39m,
      timestamp: [33m300[39m,
      playerId: [32m'p1'[39m,
      playerName: [90mundefined[39m,
      playerNumber: [90mundefined[39m,
      teamId: [32m'home-1'[39m,
      category: [32m'Shot'[39m,
      action: [32m'Goal'[39m,
      zone: [32m'9m-CB'[39m,
      goalTarget: [33m3[39m,
      context: [36m[Object][39m,
      defenseFormation: [90mundefined[39m
    }
  ]
}
[StatisticsPanel] Stats comparison: {
  unfilteredStats: { totalShots: [33m2[39m, totalGoals: [33m2[39m, efficiency: [33m100[39m },
  filteredStats: { totalShots: [33m2[39m, totalGoals: [33m2[39m, efficiency: [33m100[39m }
}

 [32m✓[39m src/test/integration/StatisticsFlow.test.tsx [2m([22m[2m2 tests[22m[2m)[22m[33m 2312[2mms[22m[39m
     [33m[2m✓[22m[39m renders matches list and opens statistics modal [33m 2111[2mms[22m[39m

[2m Test Files [22m [1m[32m1 passed[39m[22m[90m (1)[39m
[2m      Tests [22m [1m[32m2 passed[39m[22m[90m (2)[39m
[2m   Start at [22m 17:53:59
[2m   Duration [22m 5.77s

[1m[42m PASS [49m[22m [32mWaiting for file changes...[39m
       [2mpress [22m[1mh[22m[2m to show help[22m[2m, [22m[2mpress [22m[1mq[22m[2m to quit[22m
c[3J[1m[44m RERUN [49m[22m [34m[2msrc/components/stats/StatisticsPanel.tsx [22m[34mx34 [34m[39m
       [2m Filename pattern: [22m[34msrc/test/integration/StatisticsFlow.test.tsx[39m

[90mstdout[2m | src/test/integration/StatisticsFlow.test.tsx[2m > [22m[2mStatistics Flow Integration[2m > [22m[2mrenders matches list and opens statistics modal
[22m[39mMock fetch called with: http://localhost:3000/api/matches
Mock fetch called with: http://localhost:3000/api/teams

[90mstdout[2m | src/test/integration/StatisticsFlow.test.tsx[2m > [22m[2mStatistics Flow Integration[2m > [22m[2mrenders matches list and opens statistics modal
[22m[39m[StatisticsView] Filtering events: {
  totalEvents: [33m0[39m,
  context: [32m'match'[39m,
  selectedTeamId: [1mnull[22m,
  sampleEvent: [90mundefined[39m
}
[StatisticsView] Filtered result: { filteredCount: [33m0[39m }
[StatisticsPanel] Received data: { eventsCount: [33m0[39m, eventCategories: {}, sampleEvents: [] }
[StatisticsPanel] Stats comparison: {
  unfilteredStats: { totalShots: [33m0[39m, totalGoals: [33m0[39m, efficiency: [33m0[39m },
  filteredStats: { totalShots: [33m0[39m, totalGoals: [33m0[39m, efficiency: [33m0[39m }
}
Mock fetch called with: http://localhost:3000/api/matches/match-1

[90mstdout[2m | src/test/integration/StatisticsFlow.test.tsx[2m > [22m[2mStatistics Flow Integration[2m > [22m[2mrenders matches list and opens statistics modal
[22m[39mMock fetch called with: http://localhost:3000/api/game-events/match/match-1

[90mstdout[2m | src/test/integration/StatisticsFlow.test.tsx[2m > [22m[2mStatistics Flow Integration[2m > [22m[2mrenders matches list and opens statistics modal
[22m[39m[StatisticsView] Filtering events: {
  totalEvents: [33m2[39m,
  context: [32m'match'[39m,
  selectedTeamId: [32m'home-1'[39m,
  sampleEvent: {
    id: [32m'event-1'[39m,
    timestamp: [33m100[39m,
    playerId: [32m'p1'[39m,
    playerName: [90mundefined[39m,
    playerNumber: [90mundefined[39m,
    teamId: [32m'home-1'[39m,
    category: [32m'Shot'[39m,
    action: [32m'Goal'[39m,
    zone: [32m'6m-LW'[39m,
    goalTarget: [33m1[39m,
    context: {
      isCollective: [90mundefined[39m,
      hasOpposition: [90mundefined[39m,
      isCounterAttack: [90mundefined[39m
    },
    defenseFormation: [90mundefined[39m
  }
}
[StatisticsView] Filtered result: { filteredCount: [33m2[39m }
[StatisticsPanel] Received data: {
  eventsCount: [33m2[39m,
  eventCategories: { Shot: [33m1[39m, Sanction: [33m1[39m },
  sampleEvents: [
    {
      id: [32m'event-1'[39m,
      timestamp: [33m100[39m,
      playerId: [32m'p1'[39m,
      playerName: [90mundefined[39m,
      playerNumber: [90mundefined[39m,
      teamId: [32m'home-1'[39m,
      category: [32m'Shot'[39m,
      action: [32m'Goal'[39m,
      zone: [32m'6m-LW'[39m,
      goalTarget: [33m1[39m,
      context: [36m[Object][39m,
      defenseFormation: [90mundefined[39m
    },
    {
      id: [32m'event-2'[39m,
      timestamp: [33m200[39m,
      playerId: [32m'p1'[39m,
      playerName: [90mundefined[39m,
      playerNumber: [90mundefined[39m,
      teamId: [32m'home-1'[39m,
      category: [32m'Sanction'[39m,
      action: [32m'Sanction'[39m,
      zone: [90mundefined[39m,
      goalTarget: [90mundefined[39m,
      context: [36m[Object][39m,
      defenseFormation: [90mundefined[39m
    }
  ]
}
[StatisticsPanel] Stats comparison: {
  unfilteredStats: { totalShots: [33m1[39m, totalGoals: [33m1[39m, efficiency: [33m100[39m },
  filteredStats: { totalShots: [33m1[39m, totalGoals: [33m1[39m, efficiency: [33m100[39m }
}

[90mstdout[2m | src/test/integration/StatisticsFlow.test.tsx[2m > [22m[2mStatistics Flow Integration[2m > [22m[2mcalculates zone statistics correctly
[22m[39m[StatisticsView] Filtering events: {
  totalEvents: [33m0[39m,
  context: [32m'match'[39m,
  selectedTeamId: [1mnull[22m,
  sampleEvent: [90mundefined[39m
}
[StatisticsView] Filtered result: { filteredCount: [33m0[39m }
[StatisticsPanel] Received data: { eventsCount: [33m0[39m, eventCategories: {}, sampleEvents: [] }
[StatisticsPanel] Stats comparison: {
  unfilteredStats: { totalShots: [33m0[39m, totalGoals: [33m0[39m, efficiency: [33m0[39m },
  filteredStats: { totalShots: [33m0[39m, totalGoals: [33m0[39m, efficiency: [33m0[39m }
}

[90mstdout[2m | src/test/integration/StatisticsFlow.test.tsx[2m > [22m[2mStatistics Flow Integration[2m > [22m[2mcalculates zone statistics correctly
[22m[39m[StatisticsView] Filtering events: {
  totalEvents: [33m3[39m,
  context: [32m'match'[39m,
  selectedTeamId: [32m'home-1'[39m,
  sampleEvent: {
    id: [32m'event-1'[39m,
    timestamp: [33m100[39m,
    playerId: [32m'p1'[39m,
    playerName: [90mundefined[39m,
    playerNumber: [90mundefined[39m,
    teamId: [32m'home-1'[39m,
    category: [32m'Shot'[39m,
    action: [32m'Goal'[39m,
    zone: [32m'6m-LW'[39m,
    goalTarget: [33m1[39m,
    context: {
      isCollective: [90mundefined[39m,
      hasOpposition: [90mundefined[39m,
      isCounterAttack: [90mundefined[39m
    },
    defenseFormation: [90mundefined[39m
  }
}
[StatisticsView] Filtered result: { filteredCount: [33m3[39m }
[StatisticsPanel] Received data: {
  eventsCount: [33m3[39m,
  eventCategories: { Shot: [33m2[39m, Sanction: [33m1[39m },
  sampleEvents: [
    {
      id: [32m'event-1'[39m,
      timestamp: [33m100[39m,
      playerId: [32m'p1'[39m,
      playerName: [90mundefined[39m,
      playerNumber: [90mundefined[39m,
      teamId: [32m'home-1'[39m,
      category: [32m'Shot'[39m,
      action: [32m'Goal'[39m,
      zone: [32m'6m-LW'[39m,
      goalTarget: [33m1[39m,
      context: [36m[Object][39m,
      defenseFormation: [90mundefined[39m
    },
    {
      id: [32m'event-2'[39m,
      timestamp: [33m200[39m,
      playerId: [32m'p1'[39m,
      playerName: [90mundefined[39m,
      playerNumber: [90mundefined[39m,
      teamId: [32m'home-1'[39m,
      category: [32m'Sanction'[39m,
      action: [32m'Sanction'[39m,
      zone: [90mundefined[39m,
      goalTarget: [90mundefined[39m,
      context: [36m[Object][39m,
      defenseFormation: [90mundefined[39m
    },
    {
      id: [32m'event-3'[39m,
      timestamp: [33m300[39m,
      playerId: [32m'p1'[39m,
      playerName: [90mundefined[39m,
      playerNumber: [90mundefined[39m,
      teamId: [32m'home-1'[39m,
      category: [32m'Shot'[39m,
      action: [32m'Goal'[39m,
      zone: [32m'9m-CB'[39m,
      goalTarget: [33m3[39m,
      context: [36m[Object][39m,
      defenseFormation: [90mundefined[39m
    }
  ]
}
[StatisticsPanel] Stats comparison: {
  unfilteredStats: { totalShots: [33m2[39m, totalGoals: [33m2[39m, efficiency: [33m100[39m },
  filteredStats: { totalShots: [33m2[39m, totalGoals: [33m2[39m, efficiency: [33m100[39m }
}

 [32m✓[39m src/test/integration/StatisticsFlow.test.tsx [2m([22m[2m2 tests[22m[2m)[22m[33m 3082[2mms[22m[39m
     [33m[2m✓[22m[39m renders matches list and opens statistics modal [33m 2194[2mms[22m[39m
     [33m[2m✓[22m[39m calculates zone statistics correctly [33m 882[2mms[22m[39m

[2m Test Files [22m [1m[32m1 passed[39m[22m[90m (1)[39m
[2m      Tests [22m [1m[32m2 passed[39m[22m[90m (2)[39m
[2m   Start at [22m 18:43:09
[2m   Duration [22m 6.00s

[1m[42m PASS [49m[22m [32mWaiting for file changes...[39m
       [2mpress [22m[1mh[22m[2m to show help[22m[2m, [22m[2mpress [22m[1mq[22m[2m to quit[22m
